<!doctype html public "-//w3c//dtd html 4.0 transitional//en">
<html><head>
<title>Static Call Graph - [C:\Users\Jeff\Desktop\skku_internship\tutorial2-dev\branches\hgh\build_rvds\firmware.axf]</title></head>
<body><HR>
<H1>Static Call Graph for image C:\Users\Jeff\Desktop\skku_internship\tutorial2-dev\branches\hgh\build_rvds\firmware.axf</H1><HR>
<BR><P>#&#060CALLGRAPH&#062# ARM Linker, RVCT4.0 [Build 591]: Last Updated: Fri Jan 27 07:22:43 2012
<BR><P>
<H3>Maximum Stack Usage =        880 bytes + Unknown(Functions without stacksize, Cycles, Untraceable Function Pointers)</H3><H3>
Call chain for Maximum Stack Depth:</H3>
ata_flush_cache &rArr; ftl_flush &rArr; flush_merge_buffer &rArr; get_free_page &rArr; garbage_collection &rArr; get_psn &rArr; load_smt_piece &rArr; flush_smt_piece &rArr; nand_block_erase &rArr; uart_printf &rArr; vsnprintf &rArr; _printf_char_common &rArr; __printf
<P>
<H3>
Functions with no stack information
</H3><UL>
 <LI><a href="#[2139694]">disable_interrupt</a>
 <LI><a href="#[2139658]">enable_interrupt</a>
 <LI><a href="#[213970c]">reset_handler</a>
</UL>
</UL>
<P>
<H3>
Mutually Recursive functions
</H3> <LI><a href="#[2138d34]">logging_misc_meta</a>&nbsp;&nbsp;&nbsp;&rArr;&nbsp;&nbsp;&nbsp;<a href="#[2138d34]">logging_misc_meta</a><BR>
</UL>
<P>
<H3>
Function Pointers
</H3><UL>
 <LI><a href="#[21360ac]">ata_not_supported</a>
 <LI><a href="#[212e4ec]">_snputc</a>
 <LI><a href="#[212e5dc]">_sputc</a>
 <LI><a href="#[212e744]">_printf_input_char</a>
 <LI><a href="#[3788f58]">_get_lc_ctype</a>
 <LI><a href="#[378bf28]">__I$use$semihosting</a>
 <LI><a href="#[2136160]">ata_nop</a>
 <LI><a href="#[21360e8]">ata_recalibrate</a>
 <LI><a href="#[213619c]">ata_read_native_max_address</a>
 <LI><a href="#[2136430]">ata_read_verify_sectors</a>
 <LI><a href="#[2136430]">ata_read_verify_sectors</a>
 <LI><a href="#[21363b8]">ata_seek</a>
 <LI><a href="#[2136034]">ata_execute_drive_diagnostics</a>
 <LI><a href="#[2136124]">ata_initialize_device_parameters</a>
 <LI><a href="#[213628c]">ata_standby_immediate</a>
 <LI><a href="#[2136214]">ata_idle_immediate</a>
 <LI><a href="#[21362c8]">ata_standby</a>
 <LI><a href="#[2136250]">ata_idle</a>
 <LI><a href="#[21364e4]">ata_check_power_mode</a>
 <LI><a href="#[21361d8]">ata_sleep</a>
 <LI><a href="#[213637c]">ata_set_multiple_mode</a>
 <LI><a href="#[213628c]">ata_standby_immediate</a>
 <LI><a href="#[2136214]">ata_idle_immediate</a>
 <LI><a href="#[21362c8]">ata_standby</a>
 <LI><a href="#[2136250]">ata_idle</a>
 <LI><a href="#[2136340]">ata_read_buffer</a>
 <LI><a href="#[21364e4]">ata_check_power_mode</a>
 <LI><a href="#[21361d8]">ata_sleep</a>
 <LI><a href="#[213646c]">ata_flush_cache</a>
 <LI><a href="#[2136304]">ata_write_buffer</a>
 <LI><a href="#[213646c]">ata_flush_cache</a>
 <LI><a href="#[213691c]">ata_identify_device</a>
 <LI><a href="#[21363f4]">ata_set_features</a>
 <LI><a href="#[213619c]">ata_read_native_max_address</a>
 <LI><a href="#[2136070]">ata_srst</a>
</UL>
<P>
<H3>
Global Symbols
</H3>
<P><STRONG><a name="[2139694]"></a>disable_interrupt</STRONG> (ARM, 0 bytes, Stack size unknown bytes, init.o(init), UNUSED, KEPT)
<BR><BR>[Called By]<UL><LI><a href="#[21354b8]">&gt;&gt;</a>&nbsp;&nbsp;&nbsp;sata_reset
</UL>

<P><STRONG><a name="[2139658]"></a>enable_interrupt</STRONG> (ARM, 0 bytes, Stack size unknown bytes, init.o(init), UNUSED, KEPT)
<BR><BR>[Called By]<UL><LI><a href="#[21354b8]">&gt;&gt;</a>&nbsp;&nbsp;&nbsp;sata_reset
</UL>

<P><STRONG><a name="[212cae8]"></a>_printf_n</STRONG> (ARM, 0 bytes, Stack size unknown bytes, _printf_n.o(.ARM.Collect$$_printf_percent$$00000001))
<BR><BR>[Calls]<UL><LI><a href="#[212e834]">&gt;&gt;</a>&nbsp;&nbsp;&nbsp;_printf_charcount (via Veneer)
</UL>

<P><STRONG><a name="[21306ac]"></a>_printf_percent</STRONG> (ARM, 0 bytes, Stack size unknown bytes, _printf_percent.o(.ARM.Collect$$_printf_percent$$00000000))
<BR><BR>[Called By]<UL><LI><a href="#[2130814]">&gt;&gt;</a>&nbsp;&nbsp;&nbsp;__printf (via Veneer)
</UL>

<P><STRONG><a name="[212c944]"></a>_printf_p</STRONG> (ARM, 0 bytes, Stack size unknown bytes, _printf_p.o(.ARM.Collect$$_printf_percent$$00000002))
<BR><BR>[Stack]<UL><LI>Max Depth = 112 + Unknown Stack Size
<LI>Call Chain = _printf_p &rArr; _printf_hex_ptr &rArr; _printf_longlong_hex &rArr; _printf_int_common &rArr; _printf_post_padding
</UL>
<BR>[Calls]<UL><LI><a href="#[212cd7c]">&gt;&gt;</a>&nbsp;&nbsp;&nbsp;_printf_hex_ptr (via Veneer)
</UL>

<P><STRONG><a name="[212c5fc]"></a>_printf_f</STRONG> (ARM, 0 bytes, Stack size unknown bytes, _printf_f.o(.ARM.Collect$$_printf_percent$$00000003))
<BR><BR>[Calls]<UL><LI><a href="#[378ff9c]">&gt;&gt;</a>&nbsp;&nbsp;&nbsp;_printf_fp_dec
</UL>

<P><STRONG><a name="[212c548]"></a>_printf_e</STRONG> (ARM, 0 bytes, Stack size unknown bytes, _printf_e.o(.ARM.Collect$$_printf_percent$$00000004))
<BR><BR>[Calls]<UL><LI><a href="#[378ff9c]">&gt;&gt;</a>&nbsp;&nbsp;&nbsp;_printf_fp_dec
</UL>

<P><STRONG><a name="[212c494]"></a>_printf_g</STRONG> (ARM, 0 bytes, Stack size unknown bytes, _printf_g.o(.ARM.Collect$$_printf_percent$$00000005))
<BR><BR>[Calls]<UL><LI><a href="#[378ff9c]">&gt;&gt;</a>&nbsp;&nbsp;&nbsp;_printf_fp_dec
</UL>

<P><STRONG><a name="[212c3e0]"></a>_printf_a</STRONG> (ARM, 0 bytes, Stack size unknown bytes, _printf_a.o(.ARM.Collect$$_printf_percent$$00000006))
<BR><BR>[Calls]<UL><LI><a href="#[378feac]">&gt;&gt;</a>&nbsp;&nbsp;&nbsp;_printf_fp_hex
</UL>

<P><STRONG><a name="[212c05c]"></a>_printf_ll</STRONG> (ARM, 0 bytes, Stack size unknown bytes, _printf_ll.o(.ARM.Collect$$_printf_percent$$00000007))

<P><STRONG><a name="[212c764]"></a>_printf_i</STRONG> (ARM, 0 bytes, Stack size unknown bytes, _printf_i.o(.ARM.Collect$$_printf_percent$$00000008))
<BR><BR>[Stack]<UL><LI>Max Depth = 88 + Unknown Stack Size
<LI>Call Chain = _printf_i &rArr; _printf_int_dec &rArr; _printf_int_common &rArr; _printf_post_padding
</UL>
<BR>[Calls]<UL><LI><a href="#[21310fc]">&gt;&gt;</a>&nbsp;&nbsp;&nbsp;_printf_int_dec (via Veneer)
</UL>

<P><STRONG><a name="[212c6b0]"></a>_printf_d</STRONG> (ARM, 0 bytes, Stack size unknown bytes, _printf_d.o(.ARM.Collect$$_printf_percent$$00000009))
<BR><BR>[Stack]<UL><LI>Max Depth = 88 + Unknown Stack Size
<LI>Call Chain = _printf_d &rArr; _printf_int_dec &rArr; _printf_int_common &rArr; _printf_post_padding
</UL>
<BR>[Calls]<UL><LI><a href="#[21310fc]">&gt;&gt;</a>&nbsp;&nbsp;&nbsp;_printf_int_dec (via Veneer)
</UL>

<P><STRONG><a name="[2130760]"></a>_printf_u</STRONG> (ARM, 0 bytes, Stack size unknown bytes, _printf_u.o(.ARM.Collect$$_printf_percent$$0000000A))
<BR><BR>[Stack]<UL><LI>Max Depth = 88 + Unknown Stack Size
<LI>Call Chain = _printf_u &rArr; _printf_int_dec &rArr; _printf_int_common &rArr; _printf_post_padding
</UL>
<BR>[Calls]<UL><LI><a href="#[21310fc]">&gt;&gt;</a>&nbsp;&nbsp;&nbsp;_printf_int_dec (via Veneer)
</UL>

<P><STRONG><a name="[212c854]"></a>_printf_o</STRONG> (ARM, 0 bytes, Stack size unknown bytes, _printf_o.o(.ARM.Collect$$_printf_percent$$0000000B))
<BR><BR>[Stack]<UL><LI>Max Depth = 88 + Unknown Stack Size
<LI>Call Chain = _printf_o &rArr; _printf_int_oct &rArr; _printf_longlong_oct &rArr; _printf_int_common &rArr; _printf_post_padding
</UL>
<BR>[Calls]<UL><LI><a href="#[212dd30]">&gt;&gt;</a>&nbsp;&nbsp;&nbsp;_printf_int_oct (via Veneer)
</UL>

<P><STRONG><a name="[212ca34]"></a>_printf_x</STRONG> (ARM, 0 bytes, Stack size unknown bytes, _printf_x.o(.ARM.Collect$$_printf_percent$$0000000C))
<BR><BR>[Stack]<UL><LI>Max Depth = 120 + Unknown Stack Size
<LI>Call Chain = _printf_x &rArr; _printf_int_hex &rArr; _printf_longlong_hex &rArr; _printf_int_common &rArr; _printf_post_padding
</UL>
<BR>[Calls]<UL><LI><a href="#[212cdf4]">&gt;&gt;</a>&nbsp;&nbsp;&nbsp;_printf_int_hex (via Veneer)
</UL>

<P><STRONG><a name="[212c278]"></a>_printf_lli</STRONG> (ARM, 0 bytes, Stack size unknown bytes, _printf_lli.o(.ARM.Collect$$_printf_percent$$0000000D))
<BR><BR>[Stack]<UL><LI>Max Depth = 96 + Unknown Stack Size
<LI>Call Chain = _printf_lli &rArr; _printf_longlong_dec &rArr; _printf_int_common &rArr; _printf_post_padding
</UL>
<BR>[Calls]<UL><LI><a href="#[212e168]">&gt;&gt;</a>&nbsp;&nbsp;&nbsp;_printf_longlong_dec (via Veneer)
</UL>

<P><STRONG><a name="[212c1c4]"></a>_printf_lld</STRONG> (ARM, 0 bytes, Stack size unknown bytes, _printf_lld.o(.ARM.Collect$$_printf_percent$$0000000E))
<BR><BR>[Stack]<UL><LI>Max Depth = 96 + Unknown Stack Size
<LI>Call Chain = _printf_lld &rArr; _printf_longlong_dec &rArr; _printf_int_common &rArr; _printf_post_padding
</UL>
<BR>[Calls]<UL><LI><a href="#[212e168]">&gt;&gt;</a>&nbsp;&nbsp;&nbsp;_printf_longlong_dec (via Veneer)
</UL>

<P><STRONG><a name="[212c110]"></a>_printf_llu</STRONG> (ARM, 0 bytes, Stack size unknown bytes, _printf_llu.o(.ARM.Collect$$_printf_percent$$0000000F))
<BR><BR>[Stack]<UL><LI>Max Depth = 96 + Unknown Stack Size
<LI>Call Chain = _printf_llu &rArr; _printf_longlong_dec &rArr; _printf_int_common &rArr; _printf_post_padding
</UL>
<BR>[Calls]<UL><LI><a href="#[212e168]">&gt;&gt;</a>&nbsp;&nbsp;&nbsp;_printf_longlong_dec (via Veneer)
</UL>

<P><STRONG><a name="[212bd14]"></a>_printf_llo</STRONG> (ARM, 0 bytes, Stack size unknown bytes, _printf_llo.o(.ARM.Collect$$_printf_percent$$00000010))
<BR><BR>[Stack]<UL><LI>Max Depth = 80 + Unknown Stack Size
<LI>Call Chain = _printf_llo &rArr; _printf_ll_oct &rArr; _printf_longlong_oct &rArr; _printf_int_common &rArr; _printf_post_padding
</UL>
<BR>[Calls]<UL><LI><a href="#[212dcf4]">&gt;&gt;</a>&nbsp;&nbsp;&nbsp;_printf_ll_oct (via Veneer)
</UL>

<P><STRONG><a name="[212bc24]"></a>_printf_llx</STRONG> (ARM, 0 bytes, Stack size unknown bytes, _printf_llx.o(.ARM.Collect$$_printf_percent$$00000011))
<BR><BR>[Stack]<UL><LI>Max Depth = 104 + Unknown Stack Size
<LI>Call Chain = _printf_llx &rArr; _printf_ll_hex &rArr; _printf_longlong_hex &rArr; _printf_int_common &rArr; _printf_post_padding
</UL>
<BR>[Calls]<UL><LI><a href="#[212cdb8]">&gt;&gt;</a>&nbsp;&nbsp;&nbsp;_printf_ll_hex (via Veneer)
</UL>

<P><STRONG><a name="[212bfa8]"></a>_printf_l</STRONG> (ARM, 0 bytes, Stack size unknown bytes, _printf_l.o(.ARM.Collect$$_printf_percent$$00000012))

<P><STRONG><a name="[212ccc8]"></a>_printf_c</STRONG> (ARM, 0 bytes, Stack size unknown bytes, _printf_c.o(.ARM.Collect$$_printf_percent$$00000013))
<BR><BR>[Stack]<UL><LI>Max Depth = 40 + Unknown Stack Size
<LI>Call Chain = _printf_c &rArr; _printf_char &rArr; _printf_cs_common &rArr; _printf_str &rArr; _printf_post_padding
</UL>
<BR>[Calls]<UL><LI><a href="#[378db0c]">&gt;&gt;</a>&nbsp;&nbsp;&nbsp;_printf_char (via Veneer)
</UL>

<P><STRONG><a name="[212cbd8]"></a>_printf_s</STRONG> (ARM, 0 bytes, Stack size unknown bytes, _printf_s.o(.ARM.Collect$$_printf_percent$$00000014))
<BR><BR>[Stack]<UL><LI>Max Depth = 40 + Unknown Stack Size
<LI>Call Chain = _printf_s &rArr; _printf_string &rArr; _printf_cs_common &rArr; _printf_str &rArr; _printf_post_padding
</UL>
<BR>[Calls]<UL><LI><a href="#[378dad0]">&gt;&gt;</a>&nbsp;&nbsp;&nbsp;_printf_string (via Veneer)
</UL>

<P><STRONG><a name="[212bef4]"></a>_printf_lc</STRONG> (ARM, 0 bytes, Stack size unknown bytes, _printf_lc.o(.ARM.Collect$$_printf_percent$$00000015))
<BR><BR>[Stack]<UL><LI>Max Depth = 88 + Unknown Stack Size
<LI>Call Chain = _printf_lc &rArr; _printf_wchar &rArr; _printf_lcs_common &rArr; _printf_wctomb &rArr; _wcrtomb &rArr; __rt_ctype_table
</UL>
<BR>[Calls]<UL><LI><a href="#[378d968]">&gt;&gt;</a>&nbsp;&nbsp;&nbsp;_printf_wchar (via Veneer)
</UL>

<P><STRONG><a name="[212be04]"></a>_printf_ls</STRONG> (ARM, 0 bytes, Stack size unknown bytes, _printf_ls.o(.ARM.Collect$$_printf_percent$$00000016))
<BR><BR>[Stack]<UL><LI>Max Depth = 88 + Unknown Stack Size
<LI>Call Chain = _printf_ls &rArr; _printf_wstring &rArr; _printf_lcs_common &rArr; _printf_wctomb &rArr; _wcrtomb &rArr; __rt_ctype_table
</UL>
<BR>[Calls]<UL><LI><a href="#[378d92c]">&gt;&gt;</a>&nbsp;&nbsp;&nbsp;_printf_wstring (via Veneer)
</UL>

<P><STRONG><a name="[212c32c]"></a>_printf_percent_end</STRONG> (ARM, 0 bytes, Stack size unknown bytes, _printf_percent_end.o(.ARM.Collect$$_printf_percent$$00000017))

<P><STRONG><a name="[3790f50]"></a>__rt_lib_init_heap_2</STRONG> (Thumb, 0 bytes, Stack size 16 bytes, libinit2.o(.ARM.Collect$$libinit$$00000006))
<BR><BR>[Stack]<UL><LI>Max Depth = 16<LI>Call Chain = __rt_lib_init_heap_2
</UL>

<P><STRONG><a name="[3790d34]"></a>__rt_lib_init_lc_ctype_2</STRONG> (Thumb, 0 bytes, Stack size 16 bytes, libinit2.o(.ARM.Collect$$libinit$$0000000F))
<BR><BR>[Stack]<UL><LI>Max Depth = 16<LI>Call Chain = __rt_lib_init_lc_ctype_2
</UL>

<P><STRONG><a name="[3790e60]"></a>__rt_lib_init_rand_2</STRONG> (Thumb, 0 bytes, Stack size 16 bytes, libinit2.o(.ARM.Collect$$libinit$$0000000A))
<BR><BR>[Stack]<UL><LI>Max Depth = 16<LI>Call Chain = __rt_lib_init_rand_2
</UL>

<P><STRONG><a name="[37908fc]"></a>__rt_lib_init_stdio_2</STRONG> (Thumb, 0 bytes, Stack size 16 bytes, libinit2.o(.ARM.Collect$$libinit$$00000021))
<BR><BR>[Stack]<UL><LI>Max Depth = 16<LI>Call Chain = __rt_lib_init_stdio_2
</UL>

<P><STRONG><a name="[378c414]"></a>__rt_lib_shutdown_stdio_2</STRONG> (Thumb, 0 bytes, Stack size 16 bytes, libshutdown2.o(.ARM.Collect$$libshutdown$$00000003))
<BR><BR>[Stack]<UL><LI>Max Depth = 16<LI>Call Chain = __rt_lib_shutdown_stdio_2
</UL>

<P><STRONG><a name="[37896d8]"></a>_maybe_terminate_alloc</STRONG> (Thumb, 0 bytes, Stack size 16 bytes, maybetermalloc1.o(.emb_text), UNUSED)

<P><STRONG><a name="[213745c]"></a>flush_merge_buffer</STRONG> (ARM, 216 bytes, Stack size 24 bytes, ftl.o(.text))
<BR><BR>[Stack]<UL><LI>Max Depth = 856 + Unknown Stack Size
<LI>Call Chain = flush_merge_buffer &rArr; get_free_page &rArr; garbage_collection &rArr; get_psn &rArr; load_smt_piece &rArr; flush_smt_piece &rArr; nand_block_erase &rArr; uart_printf &rArr; vsnprintf &rArr; _printf_char_common &rArr; __printf
</UL>
<BR>[Calls]<UL><LI><a href="#[2136f70]">&gt;&gt;</a>&nbsp;&nbsp;&nbsp;flash_issue_cmd
<LI><a href="#[2138a64]">&gt;&gt;</a>&nbsp;&nbsp;&nbsp;get_free_page
<LI><a href="#[2138b90]">&gt;&gt;</a>&nbsp;&nbsp;&nbsp;set_psn
</UL>
<BR>[Called By]<UL><LI><a href="#[2137420]">&gt;&gt;</a>&nbsp;&nbsp;&nbsp;ftl_flush
</UL>

<P><STRONG><a name="[2137420]"></a>ftl_flush</STRONG> (ARM, 24 bytes, Stack size 8 bytes, ftl.o(.text))
<BR><BR>[Stack]<UL><LI>Max Depth = 864 + Unknown Stack Size
<LI>Call Chain = ftl_flush &rArr; flush_merge_buffer &rArr; get_free_page &rArr; garbage_collection &rArr; get_psn &rArr; load_smt_piece &rArr; flush_smt_piece &rArr; nand_block_erase &rArr; uart_printf &rArr; vsnprintf &rArr; _printf_char_common &rArr; __printf
</UL>
<BR>[Calls]<UL><LI><a href="#[213745c]">&gt;&gt;</a>&nbsp;&nbsp;&nbsp;flush_merge_buffer
<LI><a href="#[2138c44]">&gt;&gt;</a>&nbsp;&nbsp;&nbsp;logging_map_table
<LI><a href="#[2138d34]">&gt;&gt;</a>&nbsp;&nbsp;&nbsp;logging_misc_meta
</UL>
<BR>[Called By]<UL><LI><a href="#[2136214]">&gt;&gt;</a>&nbsp;&nbsp;&nbsp;ata_idle_immediate
<LI><a href="#[2136250]">&gt;&gt;</a>&nbsp;&nbsp;&nbsp;ata_idle
<LI><a href="#[213628c]">&gt;&gt;</a>&nbsp;&nbsp;&nbsp;ata_standby_immediate
<LI><a href="#[21362c8]">&gt;&gt;</a>&nbsp;&nbsp;&nbsp;ata_standby
<LI><a href="#[213646c]">&gt;&gt;</a>&nbsp;&nbsp;&nbsp;ata_flush_cache
<LI><a href="#[2138a28]">&gt;&gt;</a>&nbsp;&nbsp;&nbsp;format
</UL>

<P><STRONG><a name="[21373e4]"></a>ftl_open</STRONG> (ARM, 732 bytes, Stack size 48 bytes, ftl.o(.text), UNUSED, KEPT)
<BR><BR>[Stack]<UL><LI>Max Depth = 928 + Unknown Stack Size
<LI>Call Chain = ftl_open &rArr; format &rArr; ftl_flush &rArr; flush_merge_buffer &rArr; get_free_page &rArr; garbage_collection &rArr; get_psn &rArr; load_smt_piece &rArr; flush_smt_piece &rArr; nand_block_erase &rArr; uart_printf &rArr; vsnprintf &rArr; _printf_char_common &rArr; __printf
</UL>
<BR>[Calls]<UL><LI><a href="#[2136f70]">&gt;&gt;</a>&nbsp;&nbsp;&nbsp;flash_issue_cmd
<LI><a href="#[2136fe8]">&gt;&gt;</a>&nbsp;&nbsp;&nbsp;flash_clear_irq
<LI><a href="#[213709c]">&gt;&gt;</a>&nbsp;&nbsp;&nbsp;_write_dram_16
<LI><a href="#[2137114]">&gt;&gt;</a>&nbsp;&nbsp;&nbsp;_read_dram_16
<LI><a href="#[2137150]">&gt;&gt;</a>&nbsp;&nbsp;&nbsp;_mem_set_dram
<LI><a href="#[21389ec]">&gt;&gt;</a>&nbsp;&nbsp;&nbsp;sanity_check
<LI><a href="#[2138a28]">&gt;&gt;</a>&nbsp;&nbsp;&nbsp;format
<LI><a href="#[2138b54]">&gt;&gt;</a>&nbsp;&nbsp;&nbsp;is_bad_block
<LI><a href="#[2138c08]">&gt;&gt;</a>&nbsp;&nbsp;&nbsp;init_meta_data
</UL>
<BR>[Called By]<UL><LI><a href="#[21391e4]">&gt;&gt;</a>&nbsp;&nbsp;&nbsp;init_jasmine
</UL>

<P><STRONG><a name="[21373a8]"></a>ftl_read_sector</STRONG> (ARM, 352 bytes, Stack size 48 bytes, ftl.o(.text), UNUSED, KEPT)
<BR><BR>[Stack]<UL><LI>Max Depth = 560 + Unknown Stack Size
<LI>Call Chain = ftl_read_sector &rArr; get_psn &rArr; load_smt_piece &rArr; flush_smt_piece &rArr; nand_block_erase &rArr; uart_printf &rArr; vsnprintf &rArr; _printf_char_common &rArr; __printf
</UL>
<BR>[Calls]<UL><LI><a href="#[2136f70]">&gt;&gt;</a>&nbsp;&nbsp;&nbsp;flash_issue_cmd
<LI><a href="#[2137150]">&gt;&gt;</a>&nbsp;&nbsp;&nbsp;_mem_set_dram
<LI><a href="#[21371c8]">&gt;&gt;</a>&nbsp;&nbsp;&nbsp;_mem_copy
<LI><a href="#[2138b18]">&gt;&gt;</a>&nbsp;&nbsp;&nbsp;get_psn
</UL>
<BR>[Called By]<UL><LI><a href="#[213736c]">&gt;&gt;</a>&nbsp;&nbsp;&nbsp;ftl_read
</UL>

<P><STRONG><a name="[213736c]"></a>ftl_read</STRONG> (ARM, 312 bytes, Stack size 24 bytes, ftl.o(.text), UNUSED, KEPT)
<BR><BR>[Stack]<UL><LI>Max Depth = 584 + Unknown Stack Size
<LI>Call Chain = ftl_read &rArr; ftl_read_sector &rArr; get_psn &rArr; load_smt_piece &rArr; flush_smt_piece &rArr; nand_block_erase &rArr; uart_printf &rArr; vsnprintf &rArr; _printf_char_common &rArr; __printf
</UL>
<BR>[Calls]<UL><LI><a href="#[212f950]">&gt;&gt;</a>&nbsp;&nbsp;&nbsp;__aeabi_uidivmod
<LI><a href="#[21373a8]">&gt;&gt;</a>&nbsp;&nbsp;&nbsp;ftl_read_sector
</UL>
<BR>[Called By]<UL><LI><a href="#[213925c]">&gt;&gt;</a>&nbsp;&nbsp;&nbsp;Main
</UL>

<P><STRONG><a name="[2137330]"></a>ftl_write_sector</STRONG> (ARM, 508 bytes, Stack size 56 bytes, ftl.o(.text), UNUSED, KEPT)
<BR><BR>[Stack]<UL><LI>Max Depth = 888 + Unknown Stack Size
<LI>Call Chain = ftl_write_sector &rArr; get_free_page &rArr; garbage_collection &rArr; get_psn &rArr; load_smt_piece &rArr; flush_smt_piece &rArr; nand_block_erase &rArr; uart_printf &rArr; vsnprintf &rArr; _printf_char_common &rArr; __printf
</UL>
<BR>[Calls]<UL><LI><a href="#[2136f70]">&gt;&gt;</a>&nbsp;&nbsp;&nbsp;flash_issue_cmd
<LI><a href="#[21371c8]">&gt;&gt;</a>&nbsp;&nbsp;&nbsp;_mem_copy
<LI><a href="#[2138a64]">&gt;&gt;</a>&nbsp;&nbsp;&nbsp;get_free_page
<LI><a href="#[2138b18]">&gt;&gt;</a>&nbsp;&nbsp;&nbsp;get_psn
<LI><a href="#[2138b90]">&gt;&gt;</a>&nbsp;&nbsp;&nbsp;set_psn
</UL>
<BR>[Called By]<UL><LI><a href="#[21372f4]">&gt;&gt;</a>&nbsp;&nbsp;&nbsp;ftl_write
</UL>

<P><STRONG><a name="[21372f4]"></a>ftl_write</STRONG> (ARM, 192 bytes, Stack size 32 bytes, ftl.o(.text), UNUSED, KEPT)
<BR><BR>[Stack]<UL><LI>Max Depth = 920 + Unknown Stack Size
<LI>Call Chain = ftl_write &rArr; ftl_write_sector &rArr; get_free_page &rArr; garbage_collection &rArr; get_psn &rArr; load_smt_piece &rArr; flush_smt_piece &rArr; nand_block_erase &rArr; uart_printf &rArr; vsnprintf &rArr; _printf_char_common &rArr; __printf
</UL>
<BR>[Calls]<UL><LI><a href="#[212f950]">&gt;&gt;</a>&nbsp;&nbsp;&nbsp;__aeabi_uidivmod
<LI><a href="#[2137330]">&gt;&gt;</a>&nbsp;&nbsp;&nbsp;ftl_write_sector
</UL>
<BR>[Called By]<UL><LI><a href="#[213925c]">&gt;&gt;</a>&nbsp;&nbsp;&nbsp;Main
</UL>

<P><STRONG><a name="[21372b8]"></a>ftl_isr</STRONG> (ARM, 312 bytes, Stack size 16 bytes, ftl.o(.text), UNUSED)
<BR><BR>[Calls]<UL><LI><a href="#[2136e08]">&gt;&gt;</a>&nbsp;&nbsp;&nbsp;uart_printf
<LI><a href="#[2136ef8]">&gt;&gt;</a>&nbsp;&nbsp;&nbsp;led_blink
</UL>
<BR>[Called By]<UL><LI><a href="#[21391a8]">&gt;&gt;</a>&nbsp;&nbsp;&nbsp;irq_handler
</UL>

<P><STRONG><a name="[213691c]"></a>ata_identify_device</STRONG> (ARM, 300 bytes, Stack size 24 bytes, sata_identify.o(.text))
<BR><BR>[Stack]<UL><LI>Max Depth = 472 + Unknown Stack Size
<LI>Call Chain = ata_identify_device &rArr; _mem_copy &rArr; uart_printf &rArr; vsnprintf &rArr; _printf_char_common &rArr; __printf
</UL>
<BR>[Calls]<UL><LI><a href="#[2136868]">&gt;&gt;</a>&nbsp;&nbsp;&nbsp;pio_sector_transfer
<LI><a href="#[2136a84]">&gt;&gt;</a>&nbsp;&nbsp;&nbsp;set_string_data
<LI><a href="#[2136ac0]">&gt;&gt;</a>&nbsp;&nbsp;&nbsp;get_integrity_word
<LI><a href="#[21371c8]">&gt;&gt;</a>&nbsp;&nbsp;&nbsp;_mem_copy
</UL>
<BR>[Address Reference Count : 1]<UL><LI> sata_table.o(.constdata)
</UL>
<P><STRONG><a name="[21364e4]"></a>ata_check_power_mode</STRONG> (ARM, 144 bytes, Stack size 8 bytes, sata_cmd.o(.text))
<BR><BR>[Stack]<UL><LI>Max Depth = 8<LI>Call Chain = ata_check_power_mode
</UL>
<BR>[Address Reference Count : 1]<UL><LI> sata_table.o(.constdata)
</UL>
<P><STRONG><a name="[21364a8]"></a>send_status_to_host</STRONG> (ARM, 172 bytes, Stack size 4 bytes, sata_cmd.o(.text))
<BR><BR>[Stack]<UL><LI>Max Depth = 4<LI>Call Chain = send_status_to_host
</UL>
<BR>[Called By]<UL><LI><a href="#[21360ac]">&gt;&gt;</a>&nbsp;&nbsp;&nbsp;ata_not_supported
<LI><a href="#[21360e8]">&gt;&gt;</a>&nbsp;&nbsp;&nbsp;ata_recalibrate
<LI><a href="#[2136124]">&gt;&gt;</a>&nbsp;&nbsp;&nbsp;ata_initialize_device_parameters
<LI><a href="#[2136160]">&gt;&gt;</a>&nbsp;&nbsp;&nbsp;ata_nop
<LI><a href="#[21361d8]">&gt;&gt;</a>&nbsp;&nbsp;&nbsp;ata_sleep
<LI><a href="#[2136214]">&gt;&gt;</a>&nbsp;&nbsp;&nbsp;ata_idle_immediate
<LI><a href="#[2136250]">&gt;&gt;</a>&nbsp;&nbsp;&nbsp;ata_idle
<LI><a href="#[213628c]">&gt;&gt;</a>&nbsp;&nbsp;&nbsp;ata_standby_immediate
<LI><a href="#[21362c8]">&gt;&gt;</a>&nbsp;&nbsp;&nbsp;ata_standby
<LI><a href="#[213637c]">&gt;&gt;</a>&nbsp;&nbsp;&nbsp;ata_set_multiple_mode
<LI><a href="#[21363b8]">&gt;&gt;</a>&nbsp;&nbsp;&nbsp;ata_seek
<LI><a href="#[21363f4]">&gt;&gt;</a>&nbsp;&nbsp;&nbsp;ata_set_features
<LI><a href="#[2136430]">&gt;&gt;</a>&nbsp;&nbsp;&nbsp;ata_read_verify_sectors
<LI><a href="#[213646c]">&gt;&gt;</a>&nbsp;&nbsp;&nbsp;ata_flush_cache
<LI><a href="#[2136868]">&gt;&gt;</a>&nbsp;&nbsp;&nbsp;pio_sector_transfer
<LI><a href="#[2139220]">&gt;&gt;</a>&nbsp;&nbsp;&nbsp;fiq_handler
</UL>

<P><STRONG><a name="[213646c]"></a>ata_flush_cache</STRONG> (ARM, 32 bytes, Stack size 16 bytes, sata_cmd.o(.text))
<BR><BR>[Stack]<UL><LI>Max Depth = 880 + Unknown Stack Size
<LI>Call Chain = ata_flush_cache &rArr; ftl_flush &rArr; flush_merge_buffer &rArr; get_free_page &rArr; garbage_collection &rArr; get_psn &rArr; load_smt_piece &rArr; flush_smt_piece &rArr; nand_block_erase &rArr; uart_printf &rArr; vsnprintf &rArr; _printf_char_common &rArr; __printf
</UL>
<BR>[Calls]<UL><LI><a href="#[21364a8]">&gt;&gt;</a>&nbsp;&nbsp;&nbsp;send_status_to_host
<LI><a href="#[2137420]">&gt;&gt;</a>&nbsp;&nbsp;&nbsp;ftl_flush
</UL>
<BR>[Address Reference Count : 1]<UL><LI> sata_table.o(.constdata)
</UL>
<P><STRONG><a name="[2136430]"></a>ata_read_verify_sectors</STRONG> (ARM, 28 bytes, Stack size 12 bytes, sata_cmd.o(.text))
<BR><BR>[Stack]<UL><LI>Max Depth = 16<LI>Call Chain = ata_read_verify_sectors &rArr; send_status_to_host
</UL>
<BR>[Calls]<UL><LI><a href="#[21364a8]">&gt;&gt;</a>&nbsp;&nbsp;&nbsp;send_status_to_host
</UL>
<BR>[Address Reference Count : 1]<UL><LI> sata_table.o(.constdata)
</UL>
<P><STRONG><a name="[21363f4]"></a>ata_set_features</STRONG> (ARM, 300 bytes, Stack size 16 bytes, sata_cmd.o(.text))
<BR><BR>[Stack]<UL><LI>Max Depth = 20<LI>Call Chain = ata_set_features &rArr; send_status_to_host
</UL>
<BR>[Calls]<UL><LI><a href="#[21364a8]">&gt;&gt;</a>&nbsp;&nbsp;&nbsp;send_status_to_host
</UL>
<BR>[Address Reference Count : 1]<UL><LI> sata_table.o(.constdata)
</UL>
<P><STRONG><a name="[21363b8]"></a>ata_seek</STRONG> (ARM, 52 bytes, Stack size 12 bytes, sata_cmd.o(.text))
<BR><BR>[Stack]<UL><LI>Max Depth = 16<LI>Call Chain = ata_seek &rArr; send_status_to_host
</UL>
<BR>[Calls]<UL><LI><a href="#[21364a8]">&gt;&gt;</a>&nbsp;&nbsp;&nbsp;send_status_to_host
</UL>
<BR>[Address Reference Count : 1]<UL><LI> sata_table.o(.constdata)
</UL>
<P><STRONG><a name="[213637c]"></a>ata_set_multiple_mode</STRONG> (ARM, 28 bytes, Stack size 12 bytes, sata_cmd.o(.text))
<BR><BR>[Stack]<UL><LI>Max Depth = 16<LI>Call Chain = ata_set_multiple_mode &rArr; send_status_to_host
</UL>
<BR>[Calls]<UL><LI><a href="#[21364a8]">&gt;&gt;</a>&nbsp;&nbsp;&nbsp;send_status_to_host
</UL>
<BR>[Address Reference Count : 1]<UL><LI> sata_table.o(.constdata)
</UL>
<P><STRONG><a name="[2136868]"></a>pio_sector_transfer</STRONG> (ARM, 316 bytes, Stack size 28 bytes, sata_cmd.o(.text))
<BR><BR>[Stack]<UL><LI>Max Depth = 32<LI>Call Chain = pio_sector_transfer &rArr; send_status_to_host
</UL>
<BR>[Calls]<UL><LI><a href="#[21364a8]">&gt;&gt;</a>&nbsp;&nbsp;&nbsp;send_status_to_host
</UL>
<BR>[Called By]<UL><LI><a href="#[2136304]">&gt;&gt;</a>&nbsp;&nbsp;&nbsp;ata_write_buffer
<LI><a href="#[2136340]">&gt;&gt;</a>&nbsp;&nbsp;&nbsp;ata_read_buffer
<LI><a href="#[213691c]">&gt;&gt;</a>&nbsp;&nbsp;&nbsp;ata_identify_device
</UL>

<P><STRONG><a name="[2136340]"></a>ata_read_buffer</STRONG> (ARM, 32 bytes, Stack size 12 bytes, sata_cmd.o(.text))
<BR><BR>[Stack]<UL><LI>Max Depth = 44<LI>Call Chain = ata_read_buffer &rArr; pio_sector_transfer &rArr; send_status_to_host
</UL>
<BR>[Calls]<UL><LI><a href="#[2136868]">&gt;&gt;</a>&nbsp;&nbsp;&nbsp;pio_sector_transfer
</UL>
<BR>[Address Reference Count : 1]<UL><LI> sata_table.o(.constdata)
</UL>
<P><STRONG><a name="[2136304]"></a>ata_write_buffer</STRONG> (ARM, 32 bytes, Stack size 12 bytes, sata_cmd.o(.text))
<BR><BR>[Stack]<UL><LI>Max Depth = 44<LI>Call Chain = ata_write_buffer &rArr; pio_sector_transfer &rArr; send_status_to_host
</UL>
<BR>[Calls]<UL><LI><a href="#[2136868]">&gt;&gt;</a>&nbsp;&nbsp;&nbsp;pio_sector_transfer
</UL>
<BR>[Address Reference Count : 1]<UL><LI> sata_table.o(.constdata)
</UL>
<P><STRONG><a name="[21362c8]"></a>ata_standby</STRONG> (ARM, 32 bytes, Stack size 16 bytes, sata_cmd.o(.text))
<BR><BR>[Stack]<UL><LI>Max Depth = 880 + Unknown Stack Size
<LI>Call Chain = ata_standby &rArr; ftl_flush &rArr; flush_merge_buffer &rArr; get_free_page &rArr; garbage_collection &rArr; get_psn &rArr; load_smt_piece &rArr; flush_smt_piece &rArr; nand_block_erase &rArr; uart_printf &rArr; vsnprintf &rArr; _printf_char_common &rArr; __printf
</UL>
<BR>[Calls]<UL><LI><a href="#[21364a8]">&gt;&gt;</a>&nbsp;&nbsp;&nbsp;send_status_to_host
<LI><a href="#[2137420]">&gt;&gt;</a>&nbsp;&nbsp;&nbsp;ftl_flush
</UL>
<BR>[Address Reference Count : 1]<UL><LI> sata_table.o(.constdata)
</UL>
<P><STRONG><a name="[213628c]"></a>ata_standby_immediate</STRONG> (ARM, 32 bytes, Stack size 16 bytes, sata_cmd.o(.text))
<BR><BR>[Stack]<UL><LI>Max Depth = 880 + Unknown Stack Size
<LI>Call Chain = ata_standby_immediate &rArr; ftl_flush &rArr; flush_merge_buffer &rArr; get_free_page &rArr; garbage_collection &rArr; get_psn &rArr; load_smt_piece &rArr; flush_smt_piece &rArr; nand_block_erase &rArr; uart_printf &rArr; vsnprintf &rArr; _printf_char_common &rArr; __printf
</UL>
<BR>[Calls]<UL><LI><a href="#[21364a8]">&gt;&gt;</a>&nbsp;&nbsp;&nbsp;send_status_to_host
<LI><a href="#[2137420]">&gt;&gt;</a>&nbsp;&nbsp;&nbsp;ftl_flush
</UL>
<BR>[Address Reference Count : 1]<UL><LI> sata_table.o(.constdata)
</UL>
<P><STRONG><a name="[2136250]"></a>ata_idle</STRONG> (ARM, 32 bytes, Stack size 16 bytes, sata_cmd.o(.text))
<BR><BR>[Stack]<UL><LI>Max Depth = 880 + Unknown Stack Size
<LI>Call Chain = ata_idle &rArr; ftl_flush &rArr; flush_merge_buffer &rArr; get_free_page &rArr; garbage_collection &rArr; get_psn &rArr; load_smt_piece &rArr; flush_smt_piece &rArr; nand_block_erase &rArr; uart_printf &rArr; vsnprintf &rArr; _printf_char_common &rArr; __printf
</UL>
<BR>[Calls]<UL><LI><a href="#[21364a8]">&gt;&gt;</a>&nbsp;&nbsp;&nbsp;send_status_to_host
<LI><a href="#[2137420]">&gt;&gt;</a>&nbsp;&nbsp;&nbsp;ftl_flush
</UL>
<BR>[Address Reference Count : 1]<UL><LI> sata_table.o(.constdata)
</UL>
<P><STRONG><a name="[2136214]"></a>ata_idle_immediate</STRONG> (ARM, 32 bytes, Stack size 16 bytes, sata_cmd.o(.text))
<BR><BR>[Stack]<UL><LI>Max Depth = 880 + Unknown Stack Size
<LI>Call Chain = ata_idle_immediate &rArr; ftl_flush &rArr; flush_merge_buffer &rArr; get_free_page &rArr; garbage_collection &rArr; get_psn &rArr; load_smt_piece &rArr; flush_smt_piece &rArr; nand_block_erase &rArr; uart_printf &rArr; vsnprintf &rArr; _printf_char_common &rArr; __printf
</UL>
<BR>[Calls]<UL><LI><a href="#[21364a8]">&gt;&gt;</a>&nbsp;&nbsp;&nbsp;send_status_to_host
<LI><a href="#[2137420]">&gt;&gt;</a>&nbsp;&nbsp;&nbsp;ftl_flush
</UL>
<BR>[Address Reference Count : 1]<UL><LI> sata_table.o(.constdata)
</UL>
<P><STRONG><a name="[21361d8]"></a>ata_sleep</STRONG> (ARM, 28 bytes, Stack size 12 bytes, sata_cmd.o(.text))
<BR><BR>[Stack]<UL><LI>Max Depth = 16<LI>Call Chain = ata_sleep &rArr; send_status_to_host
</UL>
<BR>[Calls]<UL><LI><a href="#[21364a8]">&gt;&gt;</a>&nbsp;&nbsp;&nbsp;send_status_to_host
</UL>
<BR>[Address Reference Count : 1]<UL><LI> sata_table.o(.constdata)
</UL>
<P><STRONG><a name="[213619c]"></a>ata_read_native_max_address</STRONG> (ARM, 248 bytes, Stack size 12 bytes, sata_cmd.o(.text))
<BR><BR>[Stack]<UL><LI>Max Depth = 12<LI>Call Chain = ata_read_native_max_address
</UL>
<BR>[Address Reference Count : 1]<UL><LI> sata_table.o(.constdata)
</UL>
<P><STRONG><a name="[2136160]"></a>ata_nop</STRONG> (ARM, 28 bytes, Stack size 12 bytes, sata_cmd.o(.text))
<BR><BR>[Stack]<UL><LI>Max Depth = 16<LI>Call Chain = ata_nop &rArr; send_status_to_host
</UL>
<BR>[Calls]<UL><LI><a href="#[21364a8]">&gt;&gt;</a>&nbsp;&nbsp;&nbsp;send_status_to_host
</UL>
<BR>[Address Reference Count : 1]<UL><LI> sata_table.o(.constdata)
</UL>
<P><STRONG><a name="[2136124]"></a>ata_initialize_device_parameters</STRONG> (ARM, 160 bytes, Stack size 16 bytes, sata_cmd.o(.text))
<BR><BR>[Stack]<UL><LI>Max Depth = 24<LI>Call Chain = ata_initialize_device_parameters &rArr; __aeabi_idivmod
</UL>
<BR>[Calls]<UL><LI><a href="#[212f9c8]">&gt;&gt;</a>&nbsp;&nbsp;&nbsp;__aeabi_idivmod
<LI><a href="#[21364a8]">&gt;&gt;</a>&nbsp;&nbsp;&nbsp;send_status_to_host
</UL>
<BR>[Address Reference Count : 1]<UL><LI> sata_table.o(.constdata)
</UL>
<P><STRONG><a name="[21360e8]"></a>ata_recalibrate</STRONG> (ARM, 28 bytes, Stack size 12 bytes, sata_cmd.o(.text))
<BR><BR>[Stack]<UL><LI>Max Depth = 16<LI>Call Chain = ata_recalibrate &rArr; send_status_to_host
</UL>
<BR>[Calls]<UL><LI><a href="#[21364a8]">&gt;&gt;</a>&nbsp;&nbsp;&nbsp;send_status_to_host
</UL>
<BR>[Address Reference Count : 1]<UL><LI> sata_table.o(.constdata)
</UL>
<P><STRONG><a name="[21360ac]"></a>ata_not_supported</STRONG> (ARM, 28 bytes, Stack size 12 bytes, sata_cmd.o(.text))
<BR><BR>[Stack]<UL><LI>Max Depth = 16<LI>Call Chain = ata_not_supported &rArr; send_status_to_host
</UL>
<BR>[Calls]<UL><LI><a href="#[21364a8]">&gt;&gt;</a>&nbsp;&nbsp;&nbsp;send_status_to_host
</UL>
<BR>[Address Reference Count : 1]<UL><LI> sata_main.o(.text)
</UL>
<P><STRONG><a name="[2136070]"></a>ata_srst</STRONG> (ARM, 156 bytes, Stack size 16 bytes, sata_cmd.o(.text))
<BR><BR>[Stack]<UL><LI>Max Depth = 16<LI>Call Chain = ata_srst
</UL>
<BR>[Calls]<UL><LI><a href="#[2135fbc]">&gt;&gt;</a>&nbsp;&nbsp;&nbsp;delay
</UL>
<BR>[Called By]<UL><LI><a href="#[2136034]">&gt;&gt;</a>&nbsp;&nbsp;&nbsp;ata_execute_drive_diagnostics
</UL>
<BR>[Address Reference Count : 1]<UL><LI> sata_table.o(.constdata)
</UL>
<P><STRONG><a name="[2136034]"></a>ata_execute_drive_diagnostics</STRONG> (ARM, 32 bytes, Stack size 16 bytes, sata_cmd.o(.text))
<BR><BR>[Stack]<UL><LI>Max Depth = 32<LI>Call Chain = ata_execute_drive_diagnostics &rArr; ata_srst
</UL>
<BR>[Calls]<UL><LI><a href="#[2136070]">&gt;&gt;</a>&nbsp;&nbsp;&nbsp;ata_srst
</UL>
<BR>[Address Reference Count : 1]<UL><LI> sata_table.o(.constdata)
</UL>
<P><STRONG><a name="[2139220]"></a>fiq_handler</STRONG> (ARM, 1792 bytes, Stack size 64 bytes, sata_isr.o(.text), UNUSED)
<BR><BR>[Calls]<UL><LI><a href="#[21364a8]">&gt;&gt;</a>&nbsp;&nbsp;&nbsp;send_status_to_host
<LI><a href="#[2136ef8]">&gt;&gt;</a>&nbsp;&nbsp;&nbsp;led_blink
</UL>

<P><STRONG><a name="[213925c]"></a>Main</STRONG> (ARM, 208 bytes, Stack size 40 bytes, sata_main.o(.text), UNUSED, KEPT)
<BR><BR>[Stack]<UL><LI>Max Depth = 960 + Unknown Stack Size
<LI>Call Chain = Main &rArr; ftl_write &rArr; ftl_write_sector &rArr; get_free_page &rArr; garbage_collection &rArr; get_psn &rArr; load_smt_piece &rArr; flush_smt_piece &rArr; nand_block_erase &rArr; uart_printf &rArr; vsnprintf &rArr; _printf_char_common &rArr; __printf
</UL>
<BR>[Calls]<UL><LI><a href="#[2135800]">&gt;&gt;</a>&nbsp;&nbsp;&nbsp;eventq_get
<LI><a href="#[213583c]">&gt;&gt;</a>&nbsp;&nbsp;&nbsp;eventq_get_count
<LI><a href="#[213718c]">&gt;&gt;</a>&nbsp;&nbsp;&nbsp;_mem_search_equ
<LI><a href="#[21372f4]">&gt;&gt;</a>&nbsp;&nbsp;&nbsp;ftl_write
<LI><a href="#[213736c]">&gt;&gt;</a>&nbsp;&nbsp;&nbsp;ftl_read
</UL>
<BR>[Called By]<UL><LI><a href="#[213970c]">&gt;&gt;</a>&nbsp;&nbsp;&nbsp;reset_handler
</UL>

<P><STRONG><a name="[2135fbc]"></a>delay</STRONG> (ARM, 32 bytes, Stack size 0 bytes, sata_main.o(.text))
<BR><BR>[Called By]<UL><LI><a href="#[2132fb0]">&gt;&gt;</a>&nbsp;&nbsp;&nbsp;swi_handler
<LI><a href="#[21354b8]">&gt;&gt;</a>&nbsp;&nbsp;&nbsp;sata_reset
<LI><a href="#[2136070]">&gt;&gt;</a>&nbsp;&nbsp;&nbsp;ata_srst
<LI><a href="#[2136ef8]">&gt;&gt;</a>&nbsp;&nbsp;&nbsp;led_blink
<LI><a href="#[21391e4]">&gt;&gt;</a>&nbsp;&nbsp;&nbsp;init_jasmine
</UL>

<P><STRONG><a name="[21354b8]"></a>sata_reset</STRONG> (ARM, 336 bytes, Stack size 8 bytes, sata_main.o(.text), UNUSED, KEPT)
<BR><BR>[Stack]<UL><LI>Max Depth = 448 + Unknown Stack Size
<LI>Call Chain = sata_reset &rArr; _mem_set_sram &rArr; uart_printf &rArr; vsnprintf &rArr; _printf_char_common &rArr; __printf
</UL>
<BR>[Calls]<UL><LI><a href="#[213547c]">&gt;&gt;</a>&nbsp;&nbsp;&nbsp;_mem_set_sram
<LI><a href="#[2135fbc]">&gt;&gt;</a>&nbsp;&nbsp;&nbsp;delay
<LI><a href="#[2139658]">&gt;&gt;</a>&nbsp;&nbsp;&nbsp;enable_interrupt
<LI><a href="#[2139694]">&gt;&gt;</a>&nbsp;&nbsp;&nbsp;disable_interrupt
</UL>
<BR>[Called By]<UL><LI><a href="#[21391e4]">&gt;&gt;</a>&nbsp;&nbsp;&nbsp;init_jasmine
</UL>

<P><STRONG><a name="[21371c8]"></a>_mem_copy</STRONG> (ARM, 324 bytes, Stack size 32 bytes, mem_util.o(.text))
<BR><BR>[Stack]<UL><LI>Max Depth = 448 + Unknown Stack Size
<LI>Call Chain = _mem_copy &rArr; uart_printf &rArr; vsnprintf &rArr; _printf_char_common &rArr; __printf
</UL>
<BR>[Calls]<UL><LI><a href="#[2136e08]">&gt;&gt;</a>&nbsp;&nbsp;&nbsp;uart_printf
<LI><a href="#[2136ef8]">&gt;&gt;</a>&nbsp;&nbsp;&nbsp;led_blink
</UL>
<BR>[Called By]<UL><LI><a href="#[21349f0]">&gt;&gt;</a>&nbsp;&nbsp;&nbsp;_clr_bit_dram
<LI><a href="#[2134a2c]">&gt;&gt;</a>&nbsp;&nbsp;&nbsp;_set_bit_dram
<LI><a href="#[2134a68]">&gt;&gt;</a>&nbsp;&nbsp;&nbsp;_write_dram_8
<LI><a href="#[213691c]">&gt;&gt;</a>&nbsp;&nbsp;&nbsp;ata_identify_device
<LI><a href="#[2137060]">&gt;&gt;</a>&nbsp;&nbsp;&nbsp;_write_dram_32
<LI><a href="#[213709c]">&gt;&gt;</a>&nbsp;&nbsp;&nbsp;_write_dram_16
<LI><a href="#[2137330]">&gt;&gt;</a>&nbsp;&nbsp;&nbsp;ftl_write_sector
<LI><a href="#[21373a8]">&gt;&gt;</a>&nbsp;&nbsp;&nbsp;ftl_read_sector
<LI><a href="#[2138aa0]">&gt;&gt;</a>&nbsp;&nbsp;&nbsp;garbage_collection
<LI><a href="#[2138cf8]">&gt;&gt;</a>&nbsp;&nbsp;&nbsp;loading_misc_meta
<LI><a href="#[2138d34]">&gt;&gt;</a>&nbsp;&nbsp;&nbsp;logging_misc_meta
</UL>

<P><STRONG><a name="[2134b1c]"></a>_mem_bmp_find_sram</STRONG> (ARM, 352 bytes, Stack size 24 bytes, mem_util.o(.text), UNUSED)
<BR><BR>[Calls]<UL><LI><a href="#[2136e08]">&gt;&gt;</a>&nbsp;&nbsp;&nbsp;uart_printf
<LI><a href="#[2136ef8]">&gt;&gt;</a>&nbsp;&nbsp;&nbsp;led_blink
</UL>

<P><STRONG><a name="[2134ae0]"></a>_mem_bmp_find_dram</STRONG> (ARM, 292 bytes, Stack size 24 bytes, mem_util.o(.text), UNUSED)
<BR><BR>[Calls]<UL><LI><a href="#[2136e08]">&gt;&gt;</a>&nbsp;&nbsp;&nbsp;uart_printf
<LI><a href="#[2136ef8]">&gt;&gt;</a>&nbsp;&nbsp;&nbsp;led_blink
</UL>

<P><STRONG><a name="[213547c]"></a>_mem_set_sram</STRONG> (ARM, 240 bytes, Stack size 24 bytes, mem_util.o(.text), UNUSED, KEPT)
<BR><BR>[Stack]<UL><LI>Max Depth = 440 + Unknown Stack Size
<LI>Call Chain = _mem_set_sram &rArr; uart_printf &rArr; vsnprintf &rArr; _printf_char_common &rArr; __printf
</UL>
<BR>[Calls]<UL><LI><a href="#[2136e08]">&gt;&gt;</a>&nbsp;&nbsp;&nbsp;uart_printf
<LI><a href="#[2136ef8]">&gt;&gt;</a>&nbsp;&nbsp;&nbsp;led_blink
</UL>
<BR>[Called By]<UL><LI><a href="#[2132f74]">&gt;&gt;</a>&nbsp;&nbsp;&nbsp;test_nand_blocks
<LI><a href="#[21354b8]">&gt;&gt;</a>&nbsp;&nbsp;&nbsp;sata_reset
<LI><a href="#[21391e4]">&gt;&gt;</a>&nbsp;&nbsp;&nbsp;init_jasmine
</UL>

<P><STRONG><a name="[2137150]"></a>_mem_set_dram</STRONG> (ARM, 236 bytes, Stack size 24 bytes, mem_util.o(.text))
<BR><BR>[Stack]<UL><LI>Max Depth = 440 + Unknown Stack Size
<LI>Call Chain = _mem_set_dram &rArr; uart_printf &rArr; vsnprintf &rArr; _printf_char_common &rArr; __printf
</UL>
<BR>[Calls]<UL><LI><a href="#[2136e08]">&gt;&gt;</a>&nbsp;&nbsp;&nbsp;uart_printf
<LI><a href="#[2136ef8]">&gt;&gt;</a>&nbsp;&nbsp;&nbsp;led_blink
</UL>
<BR>[Called By]<UL><LI><a href="#[2132f74]">&gt;&gt;</a>&nbsp;&nbsp;&nbsp;test_nand_blocks
<LI><a href="#[21373a8]">&gt;&gt;</a>&nbsp;&nbsp;&nbsp;ftl_read_sector
<LI><a href="#[21373e4]">&gt;&gt;</a>&nbsp;&nbsp;&nbsp;ftl_open
<LI><a href="#[2138bcc]">&gt;&gt;</a>&nbsp;&nbsp;&nbsp;write_format_mark
<LI><a href="#[2138c80]">&gt;&gt;</a>&nbsp;&nbsp;&nbsp;load_smt_piece
<LI><a href="#[2138d34]">&gt;&gt;</a>&nbsp;&nbsp;&nbsp;logging_misc_meta
<LI><a href="#[21391e4]">&gt;&gt;</a>&nbsp;&nbsp;&nbsp;init_jasmine
</UL>

<P><STRONG><a name="[2134aa4]"></a>_mem_search_min_max</STRONG> (ARM, 232 bytes, Stack size 24 bytes, mem_util.o(.text), UNUSED)
<BR><BR>[Calls]<UL><LI><a href="#[2136e08]">&gt;&gt;</a>&nbsp;&nbsp;&nbsp;uart_printf
<LI><a href="#[2136ef8]">&gt;&gt;</a>&nbsp;&nbsp;&nbsp;led_blink
</UL>

<P><STRONG><a name="[213718c]"></a>_mem_search_equ</STRONG> (ARM, 248 bytes, Stack size 32 bytes, mem_util.o(.text))
<BR><BR>[Stack]<UL><LI>Max Depth = 448 + Unknown Stack Size
<LI>Call Chain = _mem_search_equ &rArr; uart_printf &rArr; vsnprintf &rArr; _printf_char_common &rArr; __printf
</UL>
<BR>[Calls]<UL><LI><a href="#[2136e08]">&gt;&gt;</a>&nbsp;&nbsp;&nbsp;uart_printf
<LI><a href="#[2136ef8]">&gt;&gt;</a>&nbsp;&nbsp;&nbsp;led_blink
</UL>
<BR>[Called By]<UL><LI><a href="#[2138b54]">&gt;&gt;</a>&nbsp;&nbsp;&nbsp;is_bad_block
<LI><a href="#[2138d34]">&gt;&gt;</a>&nbsp;&nbsp;&nbsp;logging_misc_meta
<LI><a href="#[213925c]">&gt;&gt;</a>&nbsp;&nbsp;&nbsp;Main
</UL>

<P><STRONG><a name="[2137060]"></a>_write_dram_32</STRONG> (ARM, 96 bytes, Stack size 16 bytes, mem_util.o(.text))
<BR><BR>[Stack]<UL><LI>Max Depth = 464 + Unknown Stack Size
<LI>Call Chain = _write_dram_32 &rArr; _mem_copy &rArr; uart_printf &rArr; vsnprintf &rArr; _printf_char_common &rArr; __printf
</UL>
<BR>[Calls]<UL><LI><a href="#[2136e08]">&gt;&gt;</a>&nbsp;&nbsp;&nbsp;uart_printf
<LI><a href="#[2136ef8]">&gt;&gt;</a>&nbsp;&nbsp;&nbsp;led_blink
<LI><a href="#[21371c8]">&gt;&gt;</a>&nbsp;&nbsp;&nbsp;_mem_copy
</UL>
<BR>[Called By]<UL><LI><a href="#[2138b90]">&gt;&gt;</a>&nbsp;&nbsp;&nbsp;set_psn
<LI><a href="#[2138d34]">&gt;&gt;</a>&nbsp;&nbsp;&nbsp;logging_misc_meta
</UL>

<P><STRONG><a name="[213709c]"></a>_write_dram_16</STRONG> (ARM, 160 bytes, Stack size 32 bytes, mem_util.o(.text))
<BR><BR>[Stack]<UL><LI>Max Depth = 480 + Unknown Stack Size
<LI>Call Chain = _write_dram_16 &rArr; _mem_copy &rArr; uart_printf &rArr; vsnprintf &rArr; _printf_char_common &rArr; __printf
</UL>
<BR>[Calls]<UL><LI><a href="#[2136e08]">&gt;&gt;</a>&nbsp;&nbsp;&nbsp;uart_printf
<LI><a href="#[2136ef8]">&gt;&gt;</a>&nbsp;&nbsp;&nbsp;led_blink
<LI><a href="#[21371c8]">&gt;&gt;</a>&nbsp;&nbsp;&nbsp;_mem_copy
</UL>
<BR>[Called By]<UL><LI><a href="#[21373e4]">&gt;&gt;</a>&nbsp;&nbsp;&nbsp;ftl_open
<LI><a href="#[2138d34]">&gt;&gt;</a>&nbsp;&nbsp;&nbsp;logging_misc_meta
</UL>

<P><STRONG><a name="[2134a68]"></a>_write_dram_8</STRONG> (ARM, 160 bytes, Stack size 32 bytes, mem_util.o(.text), UNUSED)
<BR><BR>[Calls]<UL><LI><a href="#[2136e08]">&gt;&gt;</a>&nbsp;&nbsp;&nbsp;uart_printf
<LI><a href="#[2136ef8]">&gt;&gt;</a>&nbsp;&nbsp;&nbsp;led_blink
<LI><a href="#[21371c8]">&gt;&gt;</a>&nbsp;&nbsp;&nbsp;_mem_copy
</UL>

<P><STRONG><a name="[2134a2c]"></a>_set_bit_dram</STRONG> (ARM, 164 bytes, Stack size 32 bytes, mem_util.o(.text), UNUSED)
<BR><BR>[Calls]<UL><LI><a href="#[2136e08]">&gt;&gt;</a>&nbsp;&nbsp;&nbsp;uart_printf
<LI><a href="#[2136ef8]">&gt;&gt;</a>&nbsp;&nbsp;&nbsp;led_blink
<LI><a href="#[21371c8]">&gt;&gt;</a>&nbsp;&nbsp;&nbsp;_mem_copy
</UL>

<P><STRONG><a name="[21349f0]"></a>_clr_bit_dram</STRONG> (ARM, 164 bytes, Stack size 32 bytes, mem_util.o(.text), UNUSED)
<BR><BR>[Calls]<UL><LI><a href="#[2136e08]">&gt;&gt;</a>&nbsp;&nbsp;&nbsp;uart_printf
<LI><a href="#[2136ef8]">&gt;&gt;</a>&nbsp;&nbsp;&nbsp;led_blink
<LI><a href="#[21371c8]">&gt;&gt;</a>&nbsp;&nbsp;&nbsp;_mem_copy
</UL>

<P><STRONG><a name="[21349b4]"></a>_tst_bit_dram</STRONG> (ARM, 136 bytes, Stack size 32 bytes, mem_util.o(.text), UNUSED)
<BR><BR>[Calls]<UL><LI><a href="#[2136e08]">&gt;&gt;</a>&nbsp;&nbsp;&nbsp;uart_printf
<LI><a href="#[2136ef8]">&gt;&gt;</a>&nbsp;&nbsp;&nbsp;led_blink
</UL>

<P><STRONG><a name="[2134978]"></a>_read_dram_8</STRONG> (ARM, 128 bytes, Stack size 24 bytes, mem_util.o(.text), UNUSED)
<BR><BR>[Calls]<UL><LI><a href="#[2136e08]">&gt;&gt;</a>&nbsp;&nbsp;&nbsp;uart_printf
<LI><a href="#[2136ef8]">&gt;&gt;</a>&nbsp;&nbsp;&nbsp;led_blink
</UL>
<BR>[Called By]<UL><LI><a href="#[2134900]">&gt;&gt;</a>&nbsp;&nbsp;&nbsp;_mem_cmp_dram
</UL>

<P><STRONG><a name="[2137114]"></a>_read_dram_16</STRONG> (ARM, 132 bytes, Stack size 24 bytes, mem_util.o(.text))
<BR><BR>[Stack]<UL><LI>Max Depth = 440 + Unknown Stack Size
<LI>Call Chain = _read_dram_16 &rArr; uart_printf &rArr; vsnprintf &rArr; _printf_char_common &rArr; __printf
</UL>
<BR>[Calls]<UL><LI><a href="#[2136e08]">&gt;&gt;</a>&nbsp;&nbsp;&nbsp;uart_printf
<LI><a href="#[2136ef8]">&gt;&gt;</a>&nbsp;&nbsp;&nbsp;led_blink
</UL>
<BR>[Called By]<UL><LI><a href="#[21373e4]">&gt;&gt;</a>&nbsp;&nbsp;&nbsp;ftl_open
<LI><a href="#[2138d34]">&gt;&gt;</a>&nbsp;&nbsp;&nbsp;logging_misc_meta
</UL>

<P><STRONG><a name="[21370d8]"></a>_read_dram_32</STRONG> (ARM, 140 bytes, Stack size 16 bytes, mem_util.o(.text))
<BR><BR>[Stack]<UL><LI>Max Depth = 432 + Unknown Stack Size
<LI>Call Chain = _read_dram_32 &rArr; uart_printf &rArr; vsnprintf &rArr; _printf_char_common &rArr; __printf
</UL>
<BR>[Calls]<UL><LI><a href="#[2136e08]">&gt;&gt;</a>&nbsp;&nbsp;&nbsp;uart_printf
<LI><a href="#[2136ef8]">&gt;&gt;</a>&nbsp;&nbsp;&nbsp;led_blink
</UL>
<BR>[Called By]<UL><LI><a href="#[2138b18]">&gt;&gt;</a>&nbsp;&nbsp;&nbsp;get_psn
<LI><a href="#[2138d34]">&gt;&gt;</a>&nbsp;&nbsp;&nbsp;logging_misc_meta
</UL>

<P><STRONG><a name="[213493c]"></a>_mem_cmp_sram</STRONG> (ARM, 212 bytes, Stack size 40 bytes, mem_util.o(.text), UNUSED)
<BR><BR>[Calls]<UL><LI><a href="#[2136e08]">&gt;&gt;</a>&nbsp;&nbsp;&nbsp;uart_printf
<LI><a href="#[2136ef8]">&gt;&gt;</a>&nbsp;&nbsp;&nbsp;led_blink
</UL>

<P><STRONG><a name="[2134900]"></a>_mem_cmp_dram</STRONG> (ARM, 260 bytes, Stack size 40 bytes, mem_util.o(.text), UNUSED)
<BR><BR>[Calls]<UL><LI><a href="#[2134978]">&gt;&gt;</a>&nbsp;&nbsp;&nbsp;_read_dram_8
<LI><a href="#[2136e08]">&gt;&gt;</a>&nbsp;&nbsp;&nbsp;uart_printf
<LI><a href="#[2136ef8]">&gt;&gt;</a>&nbsp;&nbsp;&nbsp;led_blink
</UL>

<P><STRONG><a name="[2136f70]"></a>flash_issue_cmd</STRONG> (ARM, 116 bytes, Stack size 0 bytes, flash.o(.text))
<BR><BR>[Called By]<UL><LI><a href="#[2133c1c]">&gt;&gt;</a>&nbsp;&nbsp;&nbsp;nand_block_erase_sync
<LI><a href="#[2133c58]">&gt;&gt;</a>&nbsp;&nbsp;&nbsp;nand_page_modified_copyback
<LI><a href="#[2133c94]">&gt;&gt;</a>&nbsp;&nbsp;&nbsp;nand_page_copyback
<LI><a href="#[2133cd0]">&gt;&gt;</a>&nbsp;&nbsp;&nbsp;nand_page_ptprogram_from_host
<LI><a href="#[2133d0c]">&gt;&gt;</a>&nbsp;&nbsp;&nbsp;nand_page_program_from_host
<LI><a href="#[2133d48]">&gt;&gt;</a>&nbsp;&nbsp;&nbsp;nand_page_program
<LI><a href="#[2133d84]">&gt;&gt;</a>&nbsp;&nbsp;&nbsp;nand_page_ptread_to_host
<LI><a href="#[2133dc0]">&gt;&gt;</a>&nbsp;&nbsp;&nbsp;nand_page_read_to_host
<LI><a href="#[2133dfc]">&gt;&gt;</a>&nbsp;&nbsp;&nbsp;nand_page_read
<LI><a href="#[21341bc]">&gt;&gt;</a>&nbsp;&nbsp;&nbsp;flash_reset
<LI><a href="#[2136e44]">&gt;&gt;</a>&nbsp;&nbsp;&nbsp;nand_page_ptread
<LI><a href="#[2136e80]">&gt;&gt;</a>&nbsp;&nbsp;&nbsp;nand_page_ptprogram
<LI><a href="#[2136ebc]">&gt;&gt;</a>&nbsp;&nbsp;&nbsp;nand_block_erase
<LI><a href="#[2137330]">&gt;&gt;</a>&nbsp;&nbsp;&nbsp;ftl_write_sector
<LI><a href="#[21373a8]">&gt;&gt;</a>&nbsp;&nbsp;&nbsp;ftl_read_sector
<LI><a href="#[21373e4]">&gt;&gt;</a>&nbsp;&nbsp;&nbsp;ftl_open
<LI><a href="#[213745c]">&gt;&gt;</a>&nbsp;&nbsp;&nbsp;flush_merge_buffer
<LI><a href="#[2138c80]">&gt;&gt;</a>&nbsp;&nbsp;&nbsp;load_smt_piece
<LI><a href="#[2138cbc]">&gt;&gt;</a>&nbsp;&nbsp;&nbsp;flush_smt_piece
<LI><a href="#[2138d34]">&gt;&gt;</a>&nbsp;&nbsp;&nbsp;logging_misc_meta
<LI><a href="#[21391e4]">&gt;&gt;</a>&nbsp;&nbsp;&nbsp;init_jasmine
</UL>

<P><STRONG><a name="[2134270]"></a>flash_copy</STRONG> (ARM, 128 bytes, Stack size 0 bytes, flash.o(.text), UNUSED)

<P><STRONG><a name="[2134234]"></a>flash_modify_copy</STRONG> (ARM, 156 bytes, Stack size 12 bytes, flash.o(.text), UNUSED)

<P><STRONG><a name="[21341f8]"></a>flash_erase</STRONG> (ARM, 172 bytes, Stack size 16 bytes, flash.o(.text), UNUSED)
<BR><BR>[Calls]<UL><LI><a href="#[2136e08]">&gt;&gt;</a>&nbsp;&nbsp;&nbsp;uart_printf
<LI><a href="#[2136ef8]">&gt;&gt;</a>&nbsp;&nbsp;&nbsp;led_blink
</UL>

<P><STRONG><a name="[2136fac]"></a>flash_finish</STRONG> (ARM, 24 bytes, Stack size 0 bytes, flash.o(.text))
<BR><BR>[Called By]<UL><LI><a href="#[21341bc]">&gt;&gt;</a>&nbsp;&nbsp;&nbsp;flash_reset
<LI><a href="#[2138c44]">&gt;&gt;</a>&nbsp;&nbsp;&nbsp;logging_map_table
<LI><a href="#[2138cf8]">&gt;&gt;</a>&nbsp;&nbsp;&nbsp;loading_misc_meta
<LI><a href="#[2138d34]">&gt;&gt;</a>&nbsp;&nbsp;&nbsp;logging_misc_meta
</UL>

<P><STRONG><a name="[2136fe8]"></a>flash_clear_irq</STRONG> (ARM, 48 bytes, Stack size 0 bytes, flash.o(.text))
<BR><BR>[Called By]<UL><LI><a href="#[2132f74]">&gt;&gt;</a>&nbsp;&nbsp;&nbsp;test_nand_blocks
<LI><a href="#[21341bc]">&gt;&gt;</a>&nbsp;&nbsp;&nbsp;flash_reset
<LI><a href="#[21373e4]">&gt;&gt;</a>&nbsp;&nbsp;&nbsp;ftl_open
<LI><a href="#[21389b0]">&gt;&gt;</a>&nbsp;&nbsp;&nbsp;check_format_mark
<LI><a href="#[2138cf8]">&gt;&gt;</a>&nbsp;&nbsp;&nbsp;loading_misc_meta
<LI><a href="#[2138d34]">&gt;&gt;</a>&nbsp;&nbsp;&nbsp;logging_misc_meta
<LI><a href="#[21391e4]">&gt;&gt;</a>&nbsp;&nbsp;&nbsp;init_jasmine
</UL>

<P><STRONG><a name="[21341bc]"></a>flash_reset</STRONG> (ARM, 444 bytes, Stack size 28 bytes, flash.o(.text), UNUSED, KEPT)
<BR><BR>[Stack]<UL><LI>Max Depth = 28<LI>Call Chain = flash_reset
</UL>
<BR>[Calls]<UL><LI><a href="#[2136f70]">&gt;&gt;</a>&nbsp;&nbsp;&nbsp;flash_issue_cmd
<LI><a href="#[2136fac]">&gt;&gt;</a>&nbsp;&nbsp;&nbsp;flash_finish
<LI><a href="#[2136fe8]">&gt;&gt;</a>&nbsp;&nbsp;&nbsp;flash_clear_irq
</UL>
<BR>[Called By]<UL><LI><a href="#[21391e4]">&gt;&gt;</a>&nbsp;&nbsp;&nbsp;init_jasmine
</UL>

<P><STRONG><a name="[2133dfc]"></a>nand_page_read</STRONG> (ARM, 236 bytes, Stack size 24 bytes, flash_wrapper.o(.text), UNUSED)
<BR><BR>[Calls]<UL><LI><a href="#[2136e08]">&gt;&gt;</a>&nbsp;&nbsp;&nbsp;uart_printf
<LI><a href="#[2136ef8]">&gt;&gt;</a>&nbsp;&nbsp;&nbsp;led_blink
<LI><a href="#[2136f70]">&gt;&gt;</a>&nbsp;&nbsp;&nbsp;flash_issue_cmd
</UL>

<P><STRONG><a name="[2136e44]"></a>nand_page_ptread</STRONG> (ARM, 316 bytes, Stack size 40 bytes, flash_wrapper.o(.text))
<BR><BR>[Stack]<UL><LI>Max Depth = 456 + Unknown Stack Size
<LI>Call Chain = nand_page_ptread &rArr; uart_printf &rArr; vsnprintf &rArr; _printf_char_common &rArr; __printf
</UL>
<BR>[Calls]<UL><LI><a href="#[2136e08]">&gt;&gt;</a>&nbsp;&nbsp;&nbsp;uart_printf
<LI><a href="#[2136ef8]">&gt;&gt;</a>&nbsp;&nbsp;&nbsp;led_blink
<LI><a href="#[2136f70]">&gt;&gt;</a>&nbsp;&nbsp;&nbsp;flash_issue_cmd
</UL>
<BR>[Called By]<UL><LI><a href="#[2138aa0]">&gt;&gt;</a>&nbsp;&nbsp;&nbsp;garbage_collection
<LI><a href="#[2138cf8]">&gt;&gt;</a>&nbsp;&nbsp;&nbsp;loading_misc_meta
<LI><a href="#[2138d34]">&gt;&gt;</a>&nbsp;&nbsp;&nbsp;logging_misc_meta
</UL>

<P><STRONG><a name="[2133dc0]"></a>nand_page_read_to_host</STRONG> (ARM, 320 bytes, Stack size 24 bytes, flash_wrapper.o(.text), UNUSED)
<BR><BR>[Calls]<UL><LI><a href="#[212f950]">&gt;&gt;</a>&nbsp;&nbsp;&nbsp;__aeabi_uidivmod
<LI><a href="#[2136e08]">&gt;&gt;</a>&nbsp;&nbsp;&nbsp;uart_printf
<LI><a href="#[2136ef8]">&gt;&gt;</a>&nbsp;&nbsp;&nbsp;led_blink
<LI><a href="#[2136f70]">&gt;&gt;</a>&nbsp;&nbsp;&nbsp;flash_issue_cmd
</UL>

<P><STRONG><a name="[2133d84]"></a>nand_page_ptread_to_host</STRONG> (ARM, 328 bytes, Stack size 32 bytes, flash_wrapper.o(.text), UNUSED)
<BR><BR>[Calls]<UL><LI><a href="#[212f950]">&gt;&gt;</a>&nbsp;&nbsp;&nbsp;__aeabi_uidivmod
<LI><a href="#[2136e08]">&gt;&gt;</a>&nbsp;&nbsp;&nbsp;uart_printf
<LI><a href="#[2136ef8]">&gt;&gt;</a>&nbsp;&nbsp;&nbsp;led_blink
<LI><a href="#[2136f70]">&gt;&gt;</a>&nbsp;&nbsp;&nbsp;flash_issue_cmd
</UL>

<P><STRONG><a name="[2133d48]"></a>nand_page_program</STRONG> (ARM, 236 bytes, Stack size 24 bytes, flash_wrapper.o(.text), UNUSED)
<BR><BR>[Calls]<UL><LI><a href="#[2136e08]">&gt;&gt;</a>&nbsp;&nbsp;&nbsp;uart_printf
<LI><a href="#[2136ef8]">&gt;&gt;</a>&nbsp;&nbsp;&nbsp;led_blink
<LI><a href="#[2136f70]">&gt;&gt;</a>&nbsp;&nbsp;&nbsp;flash_issue_cmd
</UL>

<P><STRONG><a name="[2136e80]"></a>nand_page_ptprogram</STRONG> (ARM, 244 bytes, Stack size 32 bytes, flash_wrapper.o(.text))
<BR><BR>[Stack]<UL><LI>Max Depth = 448 + Unknown Stack Size
<LI>Call Chain = nand_page_ptprogram &rArr; uart_printf &rArr; vsnprintf &rArr; _printf_char_common &rArr; __printf
</UL>
<BR>[Calls]<UL><LI><a href="#[2136e08]">&gt;&gt;</a>&nbsp;&nbsp;&nbsp;uart_printf
<LI><a href="#[2136ef8]">&gt;&gt;</a>&nbsp;&nbsp;&nbsp;led_blink
<LI><a href="#[2136f70]">&gt;&gt;</a>&nbsp;&nbsp;&nbsp;flash_issue_cmd
</UL>
<BR>[Called By]<UL><LI><a href="#[2138aa0]">&gt;&gt;</a>&nbsp;&nbsp;&nbsp;garbage_collection
<LI><a href="#[2138d34]">&gt;&gt;</a>&nbsp;&nbsp;&nbsp;logging_misc_meta
</UL>

<P><STRONG><a name="[2133d0c]"></a>nand_page_program_from_host</STRONG> (ARM, 276 bytes, Stack size 24 bytes, flash_wrapper.o(.text), UNUSED)
<BR><BR>[Calls]<UL><LI><a href="#[212f950]">&gt;&gt;</a>&nbsp;&nbsp;&nbsp;__aeabi_uidivmod
<LI><a href="#[2136e08]">&gt;&gt;</a>&nbsp;&nbsp;&nbsp;uart_printf
<LI><a href="#[2136ef8]">&gt;&gt;</a>&nbsp;&nbsp;&nbsp;led_blink
<LI><a href="#[2136f70]">&gt;&gt;</a>&nbsp;&nbsp;&nbsp;flash_issue_cmd
</UL>

<P><STRONG><a name="[2133cd0]"></a>nand_page_ptprogram_from_host</STRONG> (ARM, 284 bytes, Stack size 32 bytes, flash_wrapper.o(.text), UNUSED)
<BR><BR>[Calls]<UL><LI><a href="#[212f950]">&gt;&gt;</a>&nbsp;&nbsp;&nbsp;__aeabi_uidivmod
<LI><a href="#[2136e08]">&gt;&gt;</a>&nbsp;&nbsp;&nbsp;uart_printf
<LI><a href="#[2136ef8]">&gt;&gt;</a>&nbsp;&nbsp;&nbsp;led_blink
<LI><a href="#[2136f70]">&gt;&gt;</a>&nbsp;&nbsp;&nbsp;flash_issue_cmd
</UL>

<P><STRONG><a name="[2133c94]"></a>nand_page_copyback</STRONG> (ARM, 564 bytes, Stack size 40 bytes, flash_wrapper.o(.text), UNUSED)
<BR><BR>[Calls]<UL><LI><a href="#[2136e08]">&gt;&gt;</a>&nbsp;&nbsp;&nbsp;uart_printf
<LI><a href="#[2136ef8]">&gt;&gt;</a>&nbsp;&nbsp;&nbsp;led_blink
<LI><a href="#[2136f70]">&gt;&gt;</a>&nbsp;&nbsp;&nbsp;flash_issue_cmd
</UL>

<P><STRONG><a name="[2133c58]"></a>nand_page_modified_copyback</STRONG> (ARM, 760 bytes, Stack size 48 bytes, flash_wrapper.o(.text), UNUSED)
<BR><BR>[Calls]<UL><LI><a href="#[2136e08]">&gt;&gt;</a>&nbsp;&nbsp;&nbsp;uart_printf
<LI><a href="#[2136ef8]">&gt;&gt;</a>&nbsp;&nbsp;&nbsp;led_blink
<LI><a href="#[2136f70]">&gt;&gt;</a>&nbsp;&nbsp;&nbsp;flash_issue_cmd
</UL>

<P><STRONG><a name="[2136ebc]"></a>nand_block_erase</STRONG> (ARM, 180 bytes, Stack size 16 bytes, flash_wrapper.o(.text))
<BR><BR>[Stack]<UL><LI>Max Depth = 432 + Unknown Stack Size
<LI>Call Chain = nand_block_erase &rArr; uart_printf &rArr; vsnprintf &rArr; _printf_char_common &rArr; __printf
</UL>
<BR>[Calls]<UL><LI><a href="#[2136e08]">&gt;&gt;</a>&nbsp;&nbsp;&nbsp;uart_printf
<LI><a href="#[2136ef8]">&gt;&gt;</a>&nbsp;&nbsp;&nbsp;led_blink
<LI><a href="#[2136f70]">&gt;&gt;</a>&nbsp;&nbsp;&nbsp;flash_issue_cmd
</UL>
<BR>[Called By]<UL><LI><a href="#[2138aa0]">&gt;&gt;</a>&nbsp;&nbsp;&nbsp;garbage_collection
<LI><a href="#[2138cbc]">&gt;&gt;</a>&nbsp;&nbsp;&nbsp;flush_smt_piece
<LI><a href="#[2138d34]">&gt;&gt;</a>&nbsp;&nbsp;&nbsp;logging_misc_meta
</UL>

<P><STRONG><a name="[2133c1c]"></a>nand_block_erase_sync</STRONG> (ARM, 180 bytes, Stack size 16 bytes, flash_wrapper.o(.text), UNUSED)
<BR><BR>[Calls]<UL><LI><a href="#[2136e08]">&gt;&gt;</a>&nbsp;&nbsp;&nbsp;uart_printf
<LI><a href="#[2136ef8]">&gt;&gt;</a>&nbsp;&nbsp;&nbsp;led_blink
<LI><a href="#[2136f70]">&gt;&gt;</a>&nbsp;&nbsp;&nbsp;flash_issue_cmd
</UL>

<P><STRONG><a name="[21391e4]"></a>init_jasmine</STRONG> (ARM, 544 bytes, Stack size 16 bytes, initialize.o(.text), UNUSED, KEPT)
<BR><BR>[Stack]<UL><LI>Max Depth = 944 + Unknown Stack Size
<LI>Call Chain = init_jasmine &rArr; ftl_open &rArr; format &rArr; ftl_flush &rArr; flush_merge_buffer &rArr; get_free_page &rArr; garbage_collection &rArr; get_psn &rArr; load_smt_piece &rArr; flush_smt_piece &rArr; nand_block_erase &rArr; uart_printf &rArr; vsnprintf &rArr; _printf_char_common &rArr; __printf
</UL>
<BR>[Calls]<UL><LI><a href="#[2133820]">&gt;&gt;</a>&nbsp;&nbsp;&nbsp;uart_print
<LI><a href="#[213385c]">&gt;&gt;</a>&nbsp;&nbsp;&nbsp;uart_init
<LI><a href="#[21341bc]">&gt;&gt;</a>&nbsp;&nbsp;&nbsp;flash_reset
<LI><a href="#[213547c]">&gt;&gt;</a>&nbsp;&nbsp;&nbsp;_mem_set_sram
<LI><a href="#[21354b8]">&gt;&gt;</a>&nbsp;&nbsp;&nbsp;sata_reset
<LI><a href="#[2135fbc]">&gt;&gt;</a>&nbsp;&nbsp;&nbsp;delay
<LI><a href="#[2136f70]">&gt;&gt;</a>&nbsp;&nbsp;&nbsp;flash_issue_cmd
<LI><a href="#[2136fe8]">&gt;&gt;</a>&nbsp;&nbsp;&nbsp;flash_clear_irq
<LI><a href="#[2137150]">&gt;&gt;</a>&nbsp;&nbsp;&nbsp;_mem_set_dram
<LI><a href="#[21373e4]">&gt;&gt;</a>&nbsp;&nbsp;&nbsp;ftl_open
</UL>
<BR>[Called By]<UL><LI><a href="#[213970c]">&gt;&gt;</a>&nbsp;&nbsp;&nbsp;reset_handler
</UL>

<P><STRONG><a name="[2136f34]"></a>led</STRONG> (ARM, 40 bytes, Stack size 0 bytes, misc.o(.text))
<BR><BR>[Called By]<UL><LI><a href="#[2132fb0]">&gt;&gt;</a>&nbsp;&nbsp;&nbsp;swi_handler
<LI><a href="#[2136ef8]">&gt;&gt;</a>&nbsp;&nbsp;&nbsp;led_blink
<LI><a href="#[2138a28]">&gt;&gt;</a>&nbsp;&nbsp;&nbsp;format
<LI><a href="#[2138a64]">&gt;&gt;</a>&nbsp;&nbsp;&nbsp;get_free_page
<LI><a href="#[2138d34]">&gt;&gt;</a>&nbsp;&nbsp;&nbsp;logging_misc_meta
</UL>

<P><STRONG><a name="[2136ef8]"></a>led_blink</STRONG> (ARM, 44 bytes, Stack size 8 bytes, misc.o(.text))
<BR><BR>[Stack]<UL><LI>Max Depth = 8<LI>Call Chain = led_blink
</UL>
<BR>[Calls]<UL><LI><a href="#[2135fbc]">&gt;&gt;</a>&nbsp;&nbsp;&nbsp;delay
<LI><a href="#[2136f34]">&gt;&gt;</a>&nbsp;&nbsp;&nbsp;led
</UL>
<BR>[Called By]<UL><LI><a href="#[2132efc]">&gt;&gt;</a>&nbsp;&nbsp;&nbsp;start_timer
<LI><a href="#[2132f38]">&gt;&gt;</a>&nbsp;&nbsp;&nbsp;start_interval_measurement
<LI><a href="#[213385c]">&gt;&gt;</a>&nbsp;&nbsp;&nbsp;uart_init
<LI><a href="#[2133c1c]">&gt;&gt;</a>&nbsp;&nbsp;&nbsp;nand_block_erase_sync
<LI><a href="#[2133c58]">&gt;&gt;</a>&nbsp;&nbsp;&nbsp;nand_page_modified_copyback
<LI><a href="#[2133c94]">&gt;&gt;</a>&nbsp;&nbsp;&nbsp;nand_page_copyback
<LI><a href="#[2133cd0]">&gt;&gt;</a>&nbsp;&nbsp;&nbsp;nand_page_ptprogram_from_host
<LI><a href="#[2133d0c]">&gt;&gt;</a>&nbsp;&nbsp;&nbsp;nand_page_program_from_host
<LI><a href="#[2133d48]">&gt;&gt;</a>&nbsp;&nbsp;&nbsp;nand_page_program
<LI><a href="#[2133d84]">&gt;&gt;</a>&nbsp;&nbsp;&nbsp;nand_page_ptread_to_host
<LI><a href="#[2133dc0]">&gt;&gt;</a>&nbsp;&nbsp;&nbsp;nand_page_read_to_host
<LI><a href="#[2133dfc]">&gt;&gt;</a>&nbsp;&nbsp;&nbsp;nand_page_read
<LI><a href="#[21341f8]">&gt;&gt;</a>&nbsp;&nbsp;&nbsp;flash_erase
<LI><a href="#[2134900]">&gt;&gt;</a>&nbsp;&nbsp;&nbsp;_mem_cmp_dram
<LI><a href="#[213493c]">&gt;&gt;</a>&nbsp;&nbsp;&nbsp;_mem_cmp_sram
<LI><a href="#[2134978]">&gt;&gt;</a>&nbsp;&nbsp;&nbsp;_read_dram_8
<LI><a href="#[21349b4]">&gt;&gt;</a>&nbsp;&nbsp;&nbsp;_tst_bit_dram
<LI><a href="#[21349f0]">&gt;&gt;</a>&nbsp;&nbsp;&nbsp;_clr_bit_dram
<LI><a href="#[2134a2c]">&gt;&gt;</a>&nbsp;&nbsp;&nbsp;_set_bit_dram
<LI><a href="#[2134a68]">&gt;&gt;</a>&nbsp;&nbsp;&nbsp;_write_dram_8
<LI><a href="#[2134aa4]">&gt;&gt;</a>&nbsp;&nbsp;&nbsp;_mem_search_min_max
<LI><a href="#[2134ae0]">&gt;&gt;</a>&nbsp;&nbsp;&nbsp;_mem_bmp_find_dram
<LI><a href="#[2134b1c]">&gt;&gt;</a>&nbsp;&nbsp;&nbsp;_mem_bmp_find_sram
<LI><a href="#[213547c]">&gt;&gt;</a>&nbsp;&nbsp;&nbsp;_mem_set_sram
<LI><a href="#[2136e44]">&gt;&gt;</a>&nbsp;&nbsp;&nbsp;nand_page_ptread
<LI><a href="#[2136e80]">&gt;&gt;</a>&nbsp;&nbsp;&nbsp;nand_page_ptprogram
<LI><a href="#[2136ebc]">&gt;&gt;</a>&nbsp;&nbsp;&nbsp;nand_block_erase
<LI><a href="#[2137060]">&gt;&gt;</a>&nbsp;&nbsp;&nbsp;_write_dram_32
<LI><a href="#[213709c]">&gt;&gt;</a>&nbsp;&nbsp;&nbsp;_write_dram_16
<LI><a href="#[21370d8]">&gt;&gt;</a>&nbsp;&nbsp;&nbsp;_read_dram_32
<LI><a href="#[2137114]">&gt;&gt;</a>&nbsp;&nbsp;&nbsp;_read_dram_16
<LI><a href="#[2137150]">&gt;&gt;</a>&nbsp;&nbsp;&nbsp;_mem_set_dram
<LI><a href="#[213718c]">&gt;&gt;</a>&nbsp;&nbsp;&nbsp;_mem_search_equ
<LI><a href="#[21371c8]">&gt;&gt;</a>&nbsp;&nbsp;&nbsp;_mem_copy
<LI><a href="#[21372b8]">&gt;&gt;</a>&nbsp;&nbsp;&nbsp;ftl_isr
<LI><a href="#[2138cf8]">&gt;&gt;</a>&nbsp;&nbsp;&nbsp;loading_misc_meta
<LI><a href="#[2138d34]">&gt;&gt;</a>&nbsp;&nbsp;&nbsp;logging_misc_meta
<LI><a href="#[21391a8]">&gt;&gt;</a>&nbsp;&nbsp;&nbsp;irq_handler
<LI><a href="#[2139220]">&gt;&gt;</a>&nbsp;&nbsp;&nbsp;fiq_handler
</UL>

<P><STRONG><a name="[2132fb0]"></a>swi_handler</STRONG> (ARM, 84 bytes, Stack size 24 bytes, misc.o(.text), UNUSED)
<BR><BR>[Calls]<UL><LI><a href="#[2135fbc]">&gt;&gt;</a>&nbsp;&nbsp;&nbsp;delay
<LI><a href="#[2136f34]">&gt;&gt;</a>&nbsp;&nbsp;&nbsp;led
</UL>

<P><STRONG><a name="[21391a8]"></a>irq_handler</STRONG> (ARM, 228 bytes, Stack size 32 bytes, misc.o(.text), UNUSED)
<BR><BR>[Calls]<UL><LI><a href="#[2136e08]">&gt;&gt;</a>&nbsp;&nbsp;&nbsp;uart_printf
<LI><a href="#[2136ef8]">&gt;&gt;</a>&nbsp;&nbsp;&nbsp;led_blink
<LI><a href="#[21372b8]">&gt;&gt;</a>&nbsp;&nbsp;&nbsp;ftl_isr
</UL>

<P><STRONG><a name="[2132f74]"></a>test_nand_blocks</STRONG> (ARM, 1116 bytes, Stack size 32 bytes, misc.o(.text), UNUSED)
<BR><BR>[Calls]<UL><LI><a href="#[212fc5c]">&gt;&gt;</a>&nbsp;&nbsp;&nbsp;rand (via Veneer)
<LI><a href="#[212fcd4]">&gt;&gt;</a>&nbsp;&nbsp;&nbsp;srand (via Veneer)
<LI><a href="#[213547c]">&gt;&gt;</a>&nbsp;&nbsp;&nbsp;_mem_set_sram
<LI><a href="#[2136fe8]">&gt;&gt;</a>&nbsp;&nbsp;&nbsp;flash_clear_irq
<LI><a href="#[2137150]">&gt;&gt;</a>&nbsp;&nbsp;&nbsp;_mem_set_dram
</UL>

<P><STRONG><a name="[2132f38]"></a>start_interval_measurement</STRONG> (ARM, 204 bytes, Stack size 16 bytes, misc.o(.text), UNUSED)
<BR><BR>[Calls]<UL><LI><a href="#[2136e08]">&gt;&gt;</a>&nbsp;&nbsp;&nbsp;uart_printf
<LI><a href="#[2136ef8]">&gt;&gt;</a>&nbsp;&nbsp;&nbsp;led_blink
</UL>
<BR>[Called By]<UL><LI><a href="#[2132ec0]">&gt;&gt;</a>&nbsp;&nbsp;&nbsp;ptimer_start
</UL>

<P><STRONG><a name="[2132efc]"></a>start_timer</STRONG> (ARM, 204 bytes, Stack size 16 bytes, misc.o(.text), UNUSED)
<BR><BR>[Calls]<UL><LI><a href="#[2136e08]">&gt;&gt;</a>&nbsp;&nbsp;&nbsp;uart_printf
<LI><a href="#[2136ef8]">&gt;&gt;</a>&nbsp;&nbsp;&nbsp;led_blink
</UL>

<P><STRONG><a name="[2132ec0]"></a>ptimer_start</STRONG> (ARM, 24 bytes, Stack size 8 bytes, misc.o(.text), UNUSED)
<BR><BR>[Calls]<UL><LI><a href="#[2132f38]">&gt;&gt;</a>&nbsp;&nbsp;&nbsp;start_interval_measurement
</UL>

<P><STRONG><a name="[2132e84]"></a>ptimer_stop_and_uart_print</STRONG> (ARM, 268 bytes, Stack size 64 bytes, misc.o(.text), UNUSED)
<BR><BR>[Calls]<UL><LI><a href="#[2131534]">&gt;&gt;</a>&nbsp;&nbsp;&nbsp;__2sprintf (via Veneer)
<LI><a href="#[2132128]">&gt;&gt;</a>&nbsp;&nbsp;&nbsp;__aeabi_uldivmod
<LI><a href="#[2133820]">&gt;&gt;</a>&nbsp;&nbsp;&nbsp;uart_print
</UL>

<P><STRONG><a name="[2132e48]"></a>_sbrk</STRONG> (ARM, 60 bytes, Stack size 0 bytes, misc.o(.text), UNUSED)

<P><STRONG><a name="[2133820]"></a>uart_print</STRONG> (ARM, 72 bytes, Stack size 8 bytes, uart.o(.text))
<BR><BR>[Stack]<UL><LI>Max Depth = 8<LI>Call Chain = uart_print
</UL>
<BR>[Calls]<UL><LI><a href="#[2132a10]">&gt;&gt;</a>&nbsp;&nbsp;&nbsp;uart_txbyte
</UL>
<BR>[Called By]<UL><LI><a href="#[213268c]">&gt;&gt;</a>&nbsp;&nbsp;&nbsp;uart_print_32
<LI><a href="#[2132e84]">&gt;&gt;</a>&nbsp;&nbsp;&nbsp;ptimer_stop_and_uart_print
<LI><a href="#[2136e08]">&gt;&gt;</a>&nbsp;&nbsp;&nbsp;uart_printf
<LI><a href="#[21391e4]">&gt;&gt;</a>&nbsp;&nbsp;&nbsp;init_jasmine
</UL>

<P><STRONG><a name="[2136e08]"></a>uart_printf</STRONG> (ARM, 88 bytes, Stack size 288 bytes, uart.o(.text))
<BR><BR>[Stack]<UL><LI>Max Depth = 416 + Unknown Stack Size
<LI>Call Chain = uart_printf &rArr; vsnprintf &rArr; _printf_char_common &rArr; __printf
</UL>
<BR>[Calls]<UL><LI><a href="#[2130544]">&gt;&gt;</a>&nbsp;&nbsp;&nbsp;fflush (via Veneer)
<LI><a href="#[2131f84]">&gt;&gt;</a>&nbsp;&nbsp;&nbsp;vsnprintf (via Veneer)
<LI><a href="#[2133820]">&gt;&gt;</a>&nbsp;&nbsp;&nbsp;uart_print
</UL>
<BR>[Called By]<UL><LI><a href="#[2132efc]">&gt;&gt;</a>&nbsp;&nbsp;&nbsp;start_timer
<LI><a href="#[2132f38]">&gt;&gt;</a>&nbsp;&nbsp;&nbsp;start_interval_measurement
<LI><a href="#[213385c]">&gt;&gt;</a>&nbsp;&nbsp;&nbsp;uart_init
<LI><a href="#[2133c1c]">&gt;&gt;</a>&nbsp;&nbsp;&nbsp;nand_block_erase_sync
<LI><a href="#[2133c58]">&gt;&gt;</a>&nbsp;&nbsp;&nbsp;nand_page_modified_copyback
<LI><a href="#[2133c94]">&gt;&gt;</a>&nbsp;&nbsp;&nbsp;nand_page_copyback
<LI><a href="#[2133cd0]">&gt;&gt;</a>&nbsp;&nbsp;&nbsp;nand_page_ptprogram_from_host
<LI><a href="#[2133d0c]">&gt;&gt;</a>&nbsp;&nbsp;&nbsp;nand_page_program_from_host
<LI><a href="#[2133d48]">&gt;&gt;</a>&nbsp;&nbsp;&nbsp;nand_page_program
<LI><a href="#[2133d84]">&gt;&gt;</a>&nbsp;&nbsp;&nbsp;nand_page_ptread_to_host
<LI><a href="#[2133dc0]">&gt;&gt;</a>&nbsp;&nbsp;&nbsp;nand_page_read_to_host
<LI><a href="#[2133dfc]">&gt;&gt;</a>&nbsp;&nbsp;&nbsp;nand_page_read
<LI><a href="#[21341f8]">&gt;&gt;</a>&nbsp;&nbsp;&nbsp;flash_erase
<LI><a href="#[2134900]">&gt;&gt;</a>&nbsp;&nbsp;&nbsp;_mem_cmp_dram
<LI><a href="#[213493c]">&gt;&gt;</a>&nbsp;&nbsp;&nbsp;_mem_cmp_sram
<LI><a href="#[2134978]">&gt;&gt;</a>&nbsp;&nbsp;&nbsp;_read_dram_8
<LI><a href="#[21349b4]">&gt;&gt;</a>&nbsp;&nbsp;&nbsp;_tst_bit_dram
<LI><a href="#[21349f0]">&gt;&gt;</a>&nbsp;&nbsp;&nbsp;_clr_bit_dram
<LI><a href="#[2134a2c]">&gt;&gt;</a>&nbsp;&nbsp;&nbsp;_set_bit_dram
<LI><a href="#[2134a68]">&gt;&gt;</a>&nbsp;&nbsp;&nbsp;_write_dram_8
<LI><a href="#[2134aa4]">&gt;&gt;</a>&nbsp;&nbsp;&nbsp;_mem_search_min_max
<LI><a href="#[2134ae0]">&gt;&gt;</a>&nbsp;&nbsp;&nbsp;_mem_bmp_find_dram
<LI><a href="#[2134b1c]">&gt;&gt;</a>&nbsp;&nbsp;&nbsp;_mem_bmp_find_sram
<LI><a href="#[213547c]">&gt;&gt;</a>&nbsp;&nbsp;&nbsp;_mem_set_sram
<LI><a href="#[2136e44]">&gt;&gt;</a>&nbsp;&nbsp;&nbsp;nand_page_ptread
<LI><a href="#[2136e80]">&gt;&gt;</a>&nbsp;&nbsp;&nbsp;nand_page_ptprogram
<LI><a href="#[2136ebc]">&gt;&gt;</a>&nbsp;&nbsp;&nbsp;nand_block_erase
<LI><a href="#[2137060]">&gt;&gt;</a>&nbsp;&nbsp;&nbsp;_write_dram_32
<LI><a href="#[213709c]">&gt;&gt;</a>&nbsp;&nbsp;&nbsp;_write_dram_16
<LI><a href="#[21370d8]">&gt;&gt;</a>&nbsp;&nbsp;&nbsp;_read_dram_32
<LI><a href="#[2137114]">&gt;&gt;</a>&nbsp;&nbsp;&nbsp;_read_dram_16
<LI><a href="#[2137150]">&gt;&gt;</a>&nbsp;&nbsp;&nbsp;_mem_set_dram
<LI><a href="#[213718c]">&gt;&gt;</a>&nbsp;&nbsp;&nbsp;_mem_search_equ
<LI><a href="#[21371c8]">&gt;&gt;</a>&nbsp;&nbsp;&nbsp;_mem_copy
<LI><a href="#[21372b8]">&gt;&gt;</a>&nbsp;&nbsp;&nbsp;ftl_isr
<LI><a href="#[2138cf8]">&gt;&gt;</a>&nbsp;&nbsp;&nbsp;loading_misc_meta
<LI><a href="#[2138d34]">&gt;&gt;</a>&nbsp;&nbsp;&nbsp;logging_misc_meta
<LI><a href="#[21391a8]">&gt;&gt;</a>&nbsp;&nbsp;&nbsp;irq_handler
</UL>

<P><STRONG><a name="[213385c]"></a>uart_init</STRONG> (ARM, 132 bytes, Stack size 16 bytes, uart.o(.text), UNUSED, KEPT)
<BR><BR>[Stack]<UL><LI>Max Depth = 432 + Unknown Stack Size
<LI>Call Chain = uart_init &rArr; uart_printf &rArr; vsnprintf &rArr; _printf_char_common &rArr; __printf
</UL>
<BR>[Calls]<UL><LI><a href="#[2136e08]">&gt;&gt;</a>&nbsp;&nbsp;&nbsp;uart_printf
<LI><a href="#[2136ef8]">&gt;&gt;</a>&nbsp;&nbsp;&nbsp;led_blink
</UL>
<BR>[Called By]<UL><LI><a href="#[21391e4]">&gt;&gt;</a>&nbsp;&nbsp;&nbsp;init_jasmine
</UL>

<P><STRONG><a name="[213268c]"></a>uart_print_32</STRONG> (ARM, 48 bytes, Stack size 32 bytes, uart.o(.text), UNUSED)
<BR><BR>[Calls]<UL><LI><a href="#[2131534]">&gt;&gt;</a>&nbsp;&nbsp;&nbsp;__2sprintf (via Veneer)
<LI><a href="#[2133820]">&gt;&gt;</a>&nbsp;&nbsp;&nbsp;uart_print
</UL>

<P><STRONG><a name="[2132650]"></a>uart_print_hex</STRONG> (ARM, 168 bytes, Stack size 24 bytes, uart.o(.text), UNUSED)
<BR><BR>[Calls]<UL><LI><a href="#[2132a10]">&gt;&gt;</a>&nbsp;&nbsp;&nbsp;uart_txbyte
</UL>

<P><STRONG><a name="[2132128]"></a>__aeabi_uldivmod</STRONG> (ARM, 0 bytes, Stack size 24 bytes, lludiv.o(.text), UNUSED)
<BR><BR>[Called By]<UL><LI><a href="#[2132e84]">&gt;&gt;</a>&nbsp;&nbsp;&nbsp;ptimer_stop_and_uart_print
</UL>

<P><STRONG><a name="[21320ec]"></a>_ll_udiv</STRONG> (ARM, 720 bytes, Stack size 24 bytes, lludiv.o(.text), UNUSED)

<P><STRONG><a name="[21320b0]"></a>_ll_udiv_donemoving</STRONG> (ARM, 0 bytes, Stack size unknown bytes, lludiv.o(.text), UNUSED)

<P><STRONG><a name="[2131f84]"></a>vsnprintf</STRONG> (Thumb, 52 bytes, Stack size 24 bytes, vsnprintf.o(.text))
<BR><BR>[Stack]<UL><LI>Max Depth = 128 + Unknown Stack Size
<LI>Call Chain = vsnprintf &rArr; _printf_char_common &rArr; __printf
</UL>
<BR>[Calls]<UL><LI><a href="#[212e5dc]">&gt;&gt;</a>&nbsp;&nbsp;&nbsp;_sputc
<LI><a href="#[212e708]">&gt;&gt;</a>&nbsp;&nbsp;&nbsp;_printf_char_common
</UL>
<BR>[Called By]<UL><LI><a href="#[2136e08]">&gt;&gt;</a>&nbsp;&nbsp;&nbsp;uart_printf (via Veneer)
</UL>

<P><STRONG><a name="[2131534]"></a>__2sprintf</STRONG> (Thumb, 40 bytes, Stack size 32 bytes, __2sprintf.o(.text), UNUSED)
<BR><BR>[Calls]<UL><LI><a href="#[212e5dc]">&gt;&gt;</a>&nbsp;&nbsp;&nbsp;_sputc
<LI><a href="#[212e708]">&gt;&gt;</a>&nbsp;&nbsp;&nbsp;_printf_char_common
</UL>
<BR>[Called By]<UL><LI><a href="#[213268c]">&gt;&gt;</a>&nbsp;&nbsp;&nbsp;uart_print_32 (via Veneer)
<LI><a href="#[2132e84]">&gt;&gt;</a>&nbsp;&nbsp;&nbsp;ptimer_stop_and_uart_print (via Veneer)
</UL>

<P><STRONG><a name="[21310fc]"></a>_printf_int_dec</STRONG> (Thumb, 94 bytes, Stack size 32 bytes, _printf_dec.o(.text))
<BR><BR>[Stack]<UL><LI>Max Depth = 88<LI>Call Chain = _printf_int_dec &rArr; _printf_int_common &rArr; _printf_post_padding
</UL>
<BR>[Calls]<UL><LI><a href="#[212e924]">&gt;&gt;</a>&nbsp;&nbsp;&nbsp;_printf_int_common
<LI><a href="#[212eb40]">&gt;&gt;</a>&nbsp;&nbsp;&nbsp;_printf_truncate_unsigned
<LI><a href="#[212eb7c]">&gt;&gt;</a>&nbsp;&nbsp;&nbsp;_printf_truncate_signed
<LI><a href="#[3791a18]">&gt;&gt;</a>&nbsp;&nbsp;&nbsp;__rt_udiv10 (via Veneer)
</UL>
<BR>[Called By]<UL><LI><a href="#[212c6b0]">&gt;&gt;</a>&nbsp;&nbsp;&nbsp;_printf_d (via Veneer)
<LI><a href="#[212c764]">&gt;&gt;</a>&nbsp;&nbsp;&nbsp;_printf_i (via Veneer)
<LI><a href="#[2130760]">&gt;&gt;</a>&nbsp;&nbsp;&nbsp;_printf_u (via Veneer)
</UL>

<P><STRONG><a name="[2130814]"></a>__printf</STRONG> (Thumb, 422 bytes, Stack size 32 bytes, __printf_flags_ss_wp.o(.text))
<BR><BR>[Stack]<UL><LI>Max Depth = 32 + Unknown Stack Size
<LI>Call Chain = __printf
</UL>
<BR>[Calls]<UL><LI><a href="#[212e2d0]">&gt;&gt;</a>&nbsp;&nbsp;&nbsp;__ARM_common_call_via_r2
<LI><a href="#[21306ac]">&gt;&gt;</a>&nbsp;&nbsp;&nbsp;_printf_percent (via Veneer)
<LI><a href="#[2131228]">&gt;&gt;</a>&nbsp;&nbsp;&nbsp;__ARM_common_call_via_r1
</UL>
<BR>[Called By]<UL><LI><a href="#[212e708]">&gt;&gt;</a>&nbsp;&nbsp;&nbsp;_printf_char_common
</UL>

<P><STRONG><a name="[2130580]"></a>_do_fflush</STRONG> (Thumb, 58 bytes, Stack size 16 bytes, fflush.o(.text))
<BR><BR>[Stack]<UL><LI>Max Depth = 88<LI>Call Chain = _do_fflush &rArr; _fflush &rArr; _writebuf &rArr; _sys_write
</UL>
<BR>[Calls]<UL><LI><a href="#[212b864]">&gt;&gt;</a>&nbsp;&nbsp;&nbsp;_fflush
<LI><a href="#[212baf8]">&gt;&gt;</a>&nbsp;&nbsp;&nbsp;_fseek
</UL>
<BR>[Called By]<UL><LI><a href="#[2130544]">&gt;&gt;</a>&nbsp;&nbsp;&nbsp;fflush
</UL>

<P><STRONG><a name="[2130544]"></a>fflush</STRONG> (Thumb, 46 bytes, Stack size 16 bytes, fflush.o(.text))
<BR><BR>[Stack]<UL><LI>Max Depth = 104<LI>Call Chain = fflush &rArr; _do_fflush &rArr; _fflush &rArr; _writebuf &rArr; _sys_write
</UL>
<BR>[Calls]<UL><LI><a href="#[2130580]">&gt;&gt;</a>&nbsp;&nbsp;&nbsp;_do_fflush
</UL>
<BR>[Called By]<UL><LI><a href="#[2136e08]">&gt;&gt;</a>&nbsp;&nbsp;&nbsp;uart_printf (via Veneer)
</UL>

<P><STRONG><a name="[212fcd4]"></a>srand</STRONG> (Thumb, 42 bytes, Stack size 8 bytes, rand.o(.text), UNUSED)
<BR><BR>[Called By]<UL><LI><a href="#[212fc98]">&gt;&gt;</a>&nbsp;&nbsp;&nbsp;_rand_init
<LI><a href="#[2132f74]">&gt;&gt;</a>&nbsp;&nbsp;&nbsp;test_nand_blocks (via Veneer)
</UL>

<P><STRONG><a name="[212fc98]"></a>_rand_init</STRONG> (Thumb, 4 bytes, Stack size 0 bytes, rand.o(.text), UNUSED)
<BR><BR>[Calls]<UL><LI><a href="#[212fcd4]">&gt;&gt;</a>&nbsp;&nbsp;&nbsp;srand
</UL>

<P><STRONG><a name="[212fc5c]"></a>rand</STRONG> (Thumb, 56 bytes, Stack size 12 bytes, rand.o(.text), UNUSED)
<BR><BR>[Called By]<UL><LI><a href="#[2132f74]">&gt;&gt;</a>&nbsp;&nbsp;&nbsp;test_nand_blocks (via Veneer)
</UL>

<P><STRONG><a name="[212fa04]"></a>__aeabi_idiv</STRONG> (ARM, 0 bytes, Stack size 8 bytes, aeabi_sdiv.o(.text), UNUSED)

<P><STRONG><a name="[212f9c8]"></a>__aeabi_idivmod</STRONG> (ARM, 384 bytes, Stack size 8 bytes, aeabi_sdiv.o(.text))
<BR><BR>[Stack]<UL><LI>Max Depth = 8<LI>Call Chain = __aeabi_idivmod
</UL>
<BR>[Called By]<UL><LI><a href="#[2136124]">&gt;&gt;</a>&nbsp;&nbsp;&nbsp;ata_initialize_device_parameters
</UL>

<P><STRONG><a name="[212eca8]"></a>_printf_pre_padding</STRONG> (Thumb, 48 bytes, Stack size 16 bytes, _printf_pad.o(.text))
<BR><BR>[Stack]<UL><LI>Max Depth = 16<LI>Call Chain = _printf_pre_padding
</UL>
<BR>[Calls]<UL><LI><a href="#[212e2d0]">&gt;&gt;</a>&nbsp;&nbsp;&nbsp;__ARM_common_call_via_r2
</UL>
<BR>[Called By]<UL><LI><a href="#[212e30c]">&gt;&gt;</a>&nbsp;&nbsp;&nbsp;_printf_wctomb
<LI><a href="#[212e924]">&gt;&gt;</a>&nbsp;&nbsp;&nbsp;_printf_int_common
<LI><a href="#[212ea50]">&gt;&gt;</a>&nbsp;&nbsp;&nbsp;_printf_str
</UL>

<P><STRONG><a name="[212ec6c]"></a>_printf_post_padding</STRONG> (Thumb, 36 bytes, Stack size 16 bytes, _printf_pad.o(.text))
<BR><BR>[Stack]<UL><LI>Max Depth = 16<LI>Call Chain = _printf_post_padding
</UL>
<BR>[Calls]<UL><LI><a href="#[212e2d0]">&gt;&gt;</a>&nbsp;&nbsp;&nbsp;__ARM_common_call_via_r2
</UL>
<BR>[Called By]<UL><LI><a href="#[212e30c]">&gt;&gt;</a>&nbsp;&nbsp;&nbsp;_printf_wctomb
<LI><a href="#[212e924]">&gt;&gt;</a>&nbsp;&nbsp;&nbsp;_printf_int_common
<LI><a href="#[212ea50]">&gt;&gt;</a>&nbsp;&nbsp;&nbsp;_printf_str
</UL>

<P><STRONG><a name="[212eb7c]"></a>_printf_truncate_signed</STRONG> (Thumb, 22 bytes, Stack size 0 bytes, _printf_truncate.o(.text))
<BR><BR>[Called By]<UL><LI><a href="#[21310fc]">&gt;&gt;</a>&nbsp;&nbsp;&nbsp;_printf_int_dec
</UL>

<P><STRONG><a name="[212eb40]"></a>_printf_truncate_unsigned</STRONG> (Thumb, 22 bytes, Stack size 0 bytes, _printf_truncate.o(.text))
<BR><BR>[Called By]<UL><LI><a href="#[212cdf4]">&gt;&gt;</a>&nbsp;&nbsp;&nbsp;_printf_int_hex
<LI><a href="#[212dd30]">&gt;&gt;</a>&nbsp;&nbsp;&nbsp;_printf_int_oct
<LI><a href="#[21310fc]">&gt;&gt;</a>&nbsp;&nbsp;&nbsp;_printf_int_dec
</UL>

<P><STRONG><a name="[212ea50]"></a>_printf_str</STRONG> (Thumb, 88 bytes, Stack size 16 bytes, _printf_str.o(.text))
<BR><BR>[Stack]<UL><LI>Max Depth = 32<LI>Call Chain = _printf_str &rArr; _printf_post_padding
</UL>
<BR>[Calls]<UL><LI><a href="#[212e2d0]">&gt;&gt;</a>&nbsp;&nbsp;&nbsp;__ARM_common_call_via_r2
<LI><a href="#[212ec6c]">&gt;&gt;</a>&nbsp;&nbsp;&nbsp;_printf_post_padding
<LI><a href="#[212eca8]">&gt;&gt;</a>&nbsp;&nbsp;&nbsp;_printf_pre_padding
</UL>
<BR>[Called By]<UL><LI><a href="#[378db48]">&gt;&gt;</a>&nbsp;&nbsp;&nbsp;_printf_cs_common
</UL>

<P><STRONG><a name="[212e924]"></a>_printf_int_common</STRONG> (Thumb, 182 bytes, Stack size 40 bytes, _printf_intcommon.o(.text))
<BR><BR>[Stack]<UL><LI>Max Depth = 56<LI>Call Chain = _printf_int_common &rArr; _printf_post_padding
</UL>
<BR>[Calls]<UL><LI><a href="#[212e2d0]">&gt;&gt;</a>&nbsp;&nbsp;&nbsp;__ARM_common_call_via_r2
<LI><a href="#[212ec6c]">&gt;&gt;</a>&nbsp;&nbsp;&nbsp;_printf_post_padding
<LI><a href="#[212eca8]">&gt;&gt;</a>&nbsp;&nbsp;&nbsp;_printf_pre_padding
</UL>
<BR>[Called By]<UL><LI><a href="#[212ce30]">&gt;&gt;</a>&nbsp;&nbsp;&nbsp;_printf_longlong_hex
<LI><a href="#[212dd6c]">&gt;&gt;</a>&nbsp;&nbsp;&nbsp;_printf_longlong_oct
<LI><a href="#[212e168]">&gt;&gt;</a>&nbsp;&nbsp;&nbsp;_printf_longlong_dec
<LI><a href="#[21310fc]">&gt;&gt;</a>&nbsp;&nbsp;&nbsp;_printf_int_dec
</UL>

<P><STRONG><a name="[212e834]"></a>_printf_charcount</STRONG> (Thumb, 40 bytes, Stack size 0 bytes, _printf_charcount.o(.text))
<BR><BR>[Called By]<UL><LI><a href="#[212cae8]">&gt;&gt;</a>&nbsp;&nbsp;&nbsp;_printf_n (via Veneer)
</UL>

<P><STRONG><a name="[212e708]"></a>_printf_char_common</STRONG> (Thumb, 38 bytes, Stack size 72 bytes, _printf_char_common.o(.text))
<BR><BR>[Stack]<UL><LI>Max Depth = 104 + Unknown Stack Size
<LI>Call Chain = _printf_char_common &rArr; __printf
</UL>
<BR>[Calls]<UL><LI><a href="#[2130814]">&gt;&gt;</a>&nbsp;&nbsp;&nbsp;__printf
</UL>
<BR>[Called By]<UL><LI><a href="#[2131534]">&gt;&gt;</a>&nbsp;&nbsp;&nbsp;__2sprintf
<LI><a href="#[2131f84]">&gt;&gt;</a>&nbsp;&nbsp;&nbsp;vsnprintf
</UL>

<P><STRONG><a name="[212e5dc]"></a>_sputc</STRONG> (Thumb, 10 bytes, Stack size 0 bytes, _sputc.o(.text))
<BR><BR>[Called By]<UL><LI><a href="#[2131534]">&gt;&gt;</a>&nbsp;&nbsp;&nbsp;__2sprintf
<LI><a href="#[2131f84]">&gt;&gt;</a>&nbsp;&nbsp;&nbsp;vsnprintf
</UL>
<BR>[Address Reference Count : 1]<UL><LI> __2sprintf.o(.text)
</UL>
<P><STRONG><a name="[212e4ec]"></a>_snputc</STRONG> (Thumb, 16 bytes, Stack size 0 bytes, _snputc.o(.text))
<BR>[Address Reference Count : 1]<UL><LI> vsnprintf.o(.text)
</UL>
<P><STRONG><a name="[212e30c]"></a>_printf_wctomb</STRONG> (Thumb, 188 bytes, Stack size 56 bytes, _printf_wctomb.o(.text))
<BR><BR>[Stack]<UL><LI>Max Depth = 80<LI>Call Chain = _printf_wctomb &rArr; _wcrtomb &rArr; __rt_ctype_table
</UL>
<BR>[Calls]<UL><LI><a href="#[212e2d0]">&gt;&gt;</a>&nbsp;&nbsp;&nbsp;__ARM_common_call_via_r2
<LI><a href="#[212ec6c]">&gt;&gt;</a>&nbsp;&nbsp;&nbsp;_printf_post_padding
<LI><a href="#[212eca8]">&gt;&gt;</a>&nbsp;&nbsp;&nbsp;_printf_pre_padding
<LI><a href="#[378cea0]">&gt;&gt;</a>&nbsp;&nbsp;&nbsp;_wcrtomb
</UL>
<BR>[Called By]<UL><LI><a href="#[378d9a4]">&gt;&gt;</a>&nbsp;&nbsp;&nbsp;_printf_lcs_common
</UL>

<P><STRONG><a name="[212e168]"></a>_printf_longlong_dec</STRONG> (Thumb, 128 bytes, Stack size 40 bytes, _printf_longlong_dec.o(.text))
<BR><BR>[Stack]<UL><LI>Max Depth = 96<LI>Call Chain = _printf_longlong_dec &rArr; _printf_int_common &rArr; _printf_post_padding
</UL>
<BR>[Calls]<UL><LI><a href="#[212e924]">&gt;&gt;</a>&nbsp;&nbsp;&nbsp;_printf_int_common
<LI><a href="#[378dd28]">&gt;&gt;</a>&nbsp;&nbsp;&nbsp;_ll_udiv10 (via Veneer)
</UL>
<BR>[Called By]<UL><LI><a href="#[212c110]">&gt;&gt;</a>&nbsp;&nbsp;&nbsp;_printf_llu (via Veneer)
<LI><a href="#[212c1c4]">&gt;&gt;</a>&nbsp;&nbsp;&nbsp;_printf_lld (via Veneer)
<LI><a href="#[212c278]">&gt;&gt;</a>&nbsp;&nbsp;&nbsp;_printf_lli (via Veneer)
</UL>

<P><STRONG><a name="[212dd6c]"></a>_printf_longlong_oct</STRONG> (Thumb, 90 bytes, Stack size 24 bytes, _printf_oct_int_ll.o(.text))
<BR><BR>[Stack]<UL><LI>Max Depth = 80<LI>Call Chain = _printf_longlong_oct &rArr; _printf_int_common &rArr; _printf_post_padding
</UL>
<BR>[Calls]<UL><LI><a href="#[212e924]">&gt;&gt;</a>&nbsp;&nbsp;&nbsp;_printf_int_common
</UL>
<BR>[Called By]<UL><LI><a href="#[212dcf4]">&gt;&gt;</a>&nbsp;&nbsp;&nbsp;_printf_ll_oct
<LI><a href="#[212dd30]">&gt;&gt;</a>&nbsp;&nbsp;&nbsp;_printf_int_oct
</UL>

<P><STRONG><a name="[212dd30]"></a>_printf_int_oct</STRONG> (Thumb, 28 bytes, Stack size 8 bytes, _printf_oct_int_ll.o(.text))
<BR><BR>[Stack]<UL><LI>Max Depth = 88<LI>Call Chain = _printf_int_oct &rArr; _printf_longlong_oct &rArr; _printf_int_common &rArr; _printf_post_padding
</UL>
<BR>[Calls]<UL><LI><a href="#[212dd6c]">&gt;&gt;</a>&nbsp;&nbsp;&nbsp;_printf_longlong_oct
<LI><a href="#[212eb40]">&gt;&gt;</a>&nbsp;&nbsp;&nbsp;_printf_truncate_unsigned
</UL>
<BR>[Called By]<UL><LI><a href="#[212c854]">&gt;&gt;</a>&nbsp;&nbsp;&nbsp;_printf_o (via Veneer)
</UL>

<P><STRONG><a name="[212dcf4]"></a>_printf_ll_oct</STRONG> (Thumb, 10 bytes, Stack size 0 bytes, _printf_oct_int_ll.o(.text))
<BR><BR>[Stack]<UL><LI>Max Depth = 80<LI>Call Chain = _printf_ll_oct &rArr; _printf_longlong_oct &rArr; _printf_int_common &rArr; _printf_post_padding
</UL>
<BR>[Calls]<UL><LI><a href="#[212dd6c]">&gt;&gt;</a>&nbsp;&nbsp;&nbsp;_printf_longlong_oct
</UL>
<BR>[Called By]<UL><LI><a href="#[212bd14]">&gt;&gt;</a>&nbsp;&nbsp;&nbsp;_printf_llo (via Veneer)
</UL>

<P><STRONG><a name="[212ce30]"></a>_printf_longlong_hex</STRONG> (Thumb, 120 bytes, Stack size 48 bytes, _printf_hex_int_ll_ptr.o(.text))
<BR><BR>[Stack]<UL><LI>Max Depth = 104<LI>Call Chain = _printf_longlong_hex &rArr; _printf_int_common &rArr; _printf_post_padding
</UL>
<BR>[Calls]<UL><LI><a href="#[212e924]">&gt;&gt;</a>&nbsp;&nbsp;&nbsp;_printf_int_common
</UL>
<BR>[Called By]<UL><LI><a href="#[212cd7c]">&gt;&gt;</a>&nbsp;&nbsp;&nbsp;_printf_hex_ptr
<LI><a href="#[212cdb8]">&gt;&gt;</a>&nbsp;&nbsp;&nbsp;_printf_ll_hex
<LI><a href="#[212cdf4]">&gt;&gt;</a>&nbsp;&nbsp;&nbsp;_printf_int_hex
</UL>

<P><STRONG><a name="[212cdf4]"></a>_printf_int_hex</STRONG> (Thumb, 32 bytes, Stack size 16 bytes, _printf_hex_int_ll_ptr.o(.text))
<BR><BR>[Stack]<UL><LI>Max Depth = 120<LI>Call Chain = _printf_int_hex &rArr; _printf_longlong_hex &rArr; _printf_int_common &rArr; _printf_post_padding
</UL>
<BR>[Calls]<UL><LI><a href="#[212ce30]">&gt;&gt;</a>&nbsp;&nbsp;&nbsp;_printf_longlong_hex
[...]
<LI><a href="#[378b424]">&gt;&gt;</a>&nbsp;&nbsp;&nbsp;__Heap_Full
</UL>

<P><STRONG><a name="[3788c4c]"></a>__default_signal_display</STRONG> (Thumb, 56 bytes, Stack size 16 bytes, defsig_general.o(.text), UNUSED)
<BR><BR>[Calls]<UL><LI><a href="#[3788418]">&gt;&gt;</a>&nbsp;&nbsp;&nbsp;_ttywrch
</UL>
<BR>[Called By]<UL><LI><a href="#[37881c0]">&gt;&gt;</a>&nbsp;&nbsp;&nbsp;__rt_SIGRTMEM_inner
<LI><a href="#[378a524]">&gt;&gt;</a>&nbsp;&nbsp;&nbsp;__rt_SIGRTRED_inner
</UL>

<P><STRONG><a name="[3788a30]"></a>__rt_SIGRTMEM</STRONG> (Thumb, 16 bytes, Stack size 8 bytes, defsig_rtmem_outer.o(.text), UNUSED)
<BR><BR>[Calls]<UL><LI><a href="#[37881c0]">&gt;&gt;</a>&nbsp;&nbsp;&nbsp;__rt_SIGRTMEM_inner
<LI><a href="#[378a830]">&gt;&gt;</a>&nbsp;&nbsp;&nbsp;__sig_exit
</UL>
<BR>[Called By]<UL><LI><a href="#[378b3ac]">&gt;&gt;</a>&nbsp;&nbsp;&nbsp;_init_alloc
<LI><a href="#[378b3e8]">&gt;&gt;</a>&nbsp;&nbsp;&nbsp;__Heap_Broken
</UL>

<P><STRONG><a name="[378879c]"></a>__rt_heap_escrow</STRONG> (Thumb, 22 bytes, Stack size 0 bytes, heapauxa.o(.text), UNUSED)
<BR><BR>[Called By]<UL><LI><a href="#[378b3ac]">&gt;&gt;</a>&nbsp;&nbsp;&nbsp;_init_alloc
</UL>

<P><STRONG><a name="[3788760]"></a>__rt_heap_expand</STRONG> (Thumb, 50 bytes, Stack size 12 bytes, heapauxa.o(.text), UNUSED)
<BR><BR>[Called By]<UL><LI><a href="#[378b3ac]">&gt;&gt;</a>&nbsp;&nbsp;&nbsp;_init_alloc
<LI><a href="#[378b424]">&gt;&gt;</a>&nbsp;&nbsp;&nbsp;__Heap_Full
</UL>

<P><STRONG><a name="[3788418]"></a>_ttywrch</STRONG> (Thumb, 16 bytes, Stack size 8 bytes, sys_wrch.o(.text), UNUSED)
<BR><BR>[Called By]<UL><LI><a href="#[3788c4c]">&gt;&gt;</a>&nbsp;&nbsp;&nbsp;__default_signal_display
</UL>

<P><STRONG><a name="[37881c0]"></a>__rt_SIGRTMEM_inner</STRONG> (Thumb, 24 bytes, Stack size 8 bytes, defsig_rtmem_inner.o(.text), UNUSED)
<BR><BR>[Calls]<UL><LI><a href="#[3788c4c]">&gt;&gt;</a>&nbsp;&nbsp;&nbsp;__default_signal_display
</UL>
<BR>[Called By]<UL><LI><a href="#[3788a30]">&gt;&gt;</a>&nbsp;&nbsp;&nbsp;__rt_SIGRTMEM
</UL>

<P><STRONG><a name="[3787a04]"></a>strcmp</STRONG> (ARM, 156 bytes, Stack size 4 bytes, strcmp.o(.text))
<BR><BR>[Stack]<UL><LI>Max Depth = 4<LI>Call Chain = strcmp
</UL>
<BR>[Called By]<UL><LI><a href="#[3788f58]">&gt;&gt;</a>&nbsp;&nbsp;&nbsp;_get_lc_ctype
</UL>

<P><STRONG><a name="[212f98c]"></a>__aeabi_uidiv</STRONG> (ARM, 0 bytes, Stack size 0 bytes, aeabi_sdiv.o(.text_udiv), UNUSED)

<P><STRONG><a name="[212f950]"></a>__aeabi_uidivmod</STRONG> (ARM, 28 bytes, Stack size 0 bytes, aeabi_sdiv.o(.text_udiv))
<BR><BR>[Calls]<UL><LI><a href="#[212fa40]">&gt;&gt;</a>&nbsp;&nbsp;&nbsp;__arm_div_large
<LI><a href="#[212fa7c]">&gt;&gt;</a>&nbsp;&nbsp;&nbsp;__arm_div4
<LI><a href="#[212fab8]">&gt;&gt;</a>&nbsp;&nbsp;&nbsp;__arm_div8
</UL>
<BR>[Called By]<UL><LI><a href="#[2133cd0]">&gt;&gt;</a>&nbsp;&nbsp;&nbsp;nand_page_ptprogram_from_host
<LI><a href="#[2133d0c]">&gt;&gt;</a>&nbsp;&nbsp;&nbsp;nand_page_program_from_host
<LI><a href="#[2133d84]">&gt;&gt;</a>&nbsp;&nbsp;&nbsp;nand_page_ptread_to_host
<LI><a href="#[2133dc0]">&gt;&gt;</a>&nbsp;&nbsp;&nbsp;nand_page_read_to_host
<LI><a href="#[21372f4]">&gt;&gt;</a>&nbsp;&nbsp;&nbsp;ftl_write
<LI><a href="#[213736c]">&gt;&gt;</a>&nbsp;&nbsp;&nbsp;ftl_read
<LI><a href="#[2138b18]">&gt;&gt;</a>&nbsp;&nbsp;&nbsp;get_psn
<LI><a href="#[2138b90]">&gt;&gt;</a>&nbsp;&nbsp;&nbsp;set_psn
<LI><a href="#[2138d34]">&gt;&gt;</a>&nbsp;&nbsp;&nbsp;logging_misc_meta
</UL>

<P><STRONG><a name="[2131228]"></a>__ARM_common_call_via_r1</STRONG> (Thumb, 2 bytes, Stack size 0 bytes, __printf.o(i.__ARM_common_call_via_r1))
<BR><BR>[Called By]<UL><LI><a href="#[2130814]">&gt;&gt;</a>&nbsp;&nbsp;&nbsp;__printf
</UL>

<P><STRONG><a name="[212e2d0]"></a>__ARM_common_call_via_r2</STRONG> (Thumb, 2 bytes, Stack size 0 bytes, _printf_wctomb.o(i.__ARM_common_call_via_r2))
<BR><BR>[Called By]<UL><LI><a href="#[212e30c]">&gt;&gt;</a>&nbsp;&nbsp;&nbsp;_printf_wctomb
<LI><a href="#[212e924]">&gt;&gt;</a>&nbsp;&nbsp;&nbsp;_printf_int_common
<LI><a href="#[212ea50]">&gt;&gt;</a>&nbsp;&nbsp;&nbsp;_printf_str
<LI><a href="#[212ec6c]">&gt;&gt;</a>&nbsp;&nbsp;&nbsp;_printf_post_padding
<LI><a href="#[212eca8]">&gt;&gt;</a>&nbsp;&nbsp;&nbsp;_printf_pre_padding
<LI><a href="#[2130814]">&gt;&gt;</a>&nbsp;&nbsp;&nbsp;__printf
</UL>

<P><STRONG><a name="[378ce64]"></a>__ARM_common_call_via_r3</STRONG> (Thumb, 2 bytes, Stack size 0 bytes, _wcrtomb.o(i.__ARM_common_call_via_r3))
<BR><BR>[Called By]<UL><LI><a href="#[378cea0]">&gt;&gt;</a>&nbsp;&nbsp;&nbsp;_wcrtomb
</UL>

<P><STRONG><a name="[3788f58]"></a>_get_lc_ctype</STRONG> (ARM, 80 bytes, Stack size 8 bytes, lc_ctype_c.o(locale$$code))
<BR><BR>[Stack]<UL><LI>Max Depth = 12<LI>Call Chain = _get_lc_ctype &rArr; strcmp
</UL>
<BR>[Calls]<UL><LI><a href="#[3787a04]">&gt;&gt;</a>&nbsp;&nbsp;&nbsp;strcmp
</UL>
<BR>[Address Reference Count : 1]<UL><LI> rt_ctype_table.o(.text)
</UL>
<P><STRONG><a name="[378ff9c]"></a>_printf_fp_dec</STRONG> (ARM, 4 bytes, Stack size 0 bytes, printf1.o(x$fpl$printf1))
<BR><BR>[Called By]<UL><LI><a href="#[212c494]">&gt;&gt;</a>&nbsp;&nbsp;&nbsp;_printf_g
<LI><a href="#[212c548]">&gt;&gt;</a>&nbsp;&nbsp;&nbsp;_printf_e
<LI><a href="#[212c5fc]">&gt;&gt;</a>&nbsp;&nbsp;&nbsp;_printf_f
</UL>

<P><STRONG><a name="[378feac]"></a>_printf_fp_hex</STRONG> (ARM, 4 bytes, Stack size 0 bytes, printf2.o(x$fpl$printf2))
<BR><BR>[Called By]<UL><LI><a href="#[212c3e0]">&gt;&gt;</a>&nbsp;&nbsp;&nbsp;_printf_a
</UL>
<P>
<H3>
Local Symbols
</H3>
<P><STRONG><a name="[213970c]"></a>reset_handler</STRONG> (ARM, 0 bytes, Stack size unknown bytes, init.o(init), UNUSED, KEPT)
<BR><BR>[Stack]<UL><LI>Max Depth = 960 + Unknown Stack Size
<LI>Call Chain = reset_handler &rArr; Main &rArr; ftl_write &rArr; ftl_write_sector &rArr; get_free_page &rArr; garbage_collection &rArr; get_psn &rArr; load_smt_piece &rArr; flush_smt_piece &rArr; nand_block_erase &rArr; uart_printf &rArr; vsnprintf &rArr; _printf_char_common &rArr; __printf
</UL>
<BR>[Calls]<UL><LI><a href="#[21391e4]">&gt;&gt;</a>&nbsp;&nbsp;&nbsp;init_jasmine
<LI><a href="#[213925c]">&gt;&gt;</a>&nbsp;&nbsp;&nbsp;Main
</UL>

<P><STRONG><a name="[2138d34]"></a>logging_misc_meta</STRONG> (ARM, 208 bytes, Stack size 16 bytes, ftl.o(.text))
<BR><BR>[Stack]<UL><LI>Max Depth = 496 + Unknown Stack Size
 + In Cycle
<LI>Call Chain = logging_misc_meta &rArr;  logging_misc_meta (Cycle)
</UL>
<BR>[Calls]<UL><LI><a href="#[212f950]">&gt;&gt;</a>&nbsp;&nbsp;&nbsp;__aeabi_uidivmod
<LI><a href="#[2136e08]">&gt;&gt;</a>&nbsp;&nbsp;&nbsp;uart_printf
<LI><a href="#[2136e44]">&gt;&gt;</a>&nbsp;&nbsp;&nbsp;nand_page_ptread
<LI><a href="#[2136e80]">&gt;&gt;</a>&nbsp;&nbsp;&nbsp;nand_page_ptprogram
<LI><a href="#[2136ebc]">&gt;&gt;</a>&nbsp;&nbsp;&nbsp;nand_block_erase
<LI><a href="#[2136ef8]">&gt;&gt;</a>&nbsp;&nbsp;&nbsp;led_blink
<LI><a href="#[2136f34]">&gt;&gt;</a>&nbsp;&nbsp;&nbsp;led
<LI><a href="#[2136f70]">&gt;&gt;</a>&nbsp;&nbsp;&nbsp;flash_issue_cmd
<LI><a href="#[2136fac]">&gt;&gt;</a>&nbsp;&nbsp;&nbsp;flash_finish
<LI><a href="#[2136fe8]">&gt;&gt;</a>&nbsp;&nbsp;&nbsp;flash_clear_irq
<LI><a href="#[2137060]">&gt;&gt;</a>&nbsp;&nbsp;&nbsp;_write_dram_32
<LI><a href="#[213709c]">&gt;&gt;</a>&nbsp;&nbsp;&nbsp;_write_dram_16
<LI><a href="#[21370d8]">&gt;&gt;</a>&nbsp;&nbsp;&nbsp;_read_dram_32
<LI><a href="#[2137114]">&gt;&gt;</a>&nbsp;&nbsp;&nbsp;_read_dram_16
<LI><a href="#[2137150]">&gt;&gt;</a>&nbsp;&nbsp;&nbsp;_mem_set_dram
<LI><a href="#[213718c]">&gt;&gt;</a>&nbsp;&nbsp;&nbsp;_mem_search_equ
<LI><a href="#[21371c8]">&gt;&gt;</a>&nbsp;&nbsp;&nbsp;_mem_copy
<LI><a href="#[2138d34]">&gt;&gt;</a>&nbsp;&nbsp;&nbsp;logging_misc_meta
</UL>
<BR>[Called By]<UL><LI><a href="#[2137420]">&gt;&gt;</a>&nbsp;&nbsp;&nbsp;ftl_flush
<LI><a href="#[2138d34]">&gt;&gt;</a>&nbsp;&nbsp;&nbsp;logging_misc_meta
</UL>

<P><STRONG><a name="[2138cf8]"></a>loading_misc_meta</STRONG> (ARM, 332 bytes, Stack size 32 bytes, ftl.o(.text), UNUSED)
<BR><BR>[Calls]<UL><LI><a href="#[2136e08]">&gt;&gt;</a>&nbsp;&nbsp;&nbsp;uart_printf
<LI><a href="#[2136e44]">&gt;&gt;</a>&nbsp;&nbsp;&nbsp;nand_page_ptread
<LI><a href="#[2136ef8]">&gt;&gt;</a>&nbsp;&nbsp;&nbsp;led_blink
<LI><a href="#[2136fac]">&gt;&gt;</a>&nbsp;&nbsp;&nbsp;flash_finish
<LI><a href="#[2136fe8]">&gt;&gt;</a>&nbsp;&nbsp;&nbsp;flash_clear_irq
<LI><a href="#[21371c8]">&gt;&gt;</a>&nbsp;&nbsp;&nbsp;_mem_copy
</UL>

<P><STRONG><a name="[2138cbc]"></a>flush_smt_piece</STRONG> (ARM, 344 bytes, Stack size 24 bytes, ftl.o(.text))
<BR><BR>[Stack]<UL><LI>Max Depth = 456 + Unknown Stack Size
<LI>Call Chain = flush_smt_piece &rArr; nand_block_erase &rArr; uart_printf &rArr; vsnprintf &rArr; _printf_char_common &rArr; __printf
</UL>
<BR>[Calls]<UL><LI><a href="#[2136ebc]">&gt;&gt;</a>&nbsp;&nbsp;&nbsp;nand_block_erase
<LI><a href="#[2136f70]">&gt;&gt;</a>&nbsp;&nbsp;&nbsp;flash_issue_cmd
</UL>
<BR>[Called By]<UL><LI><a href="#[2138c44]">&gt;&gt;</a>&nbsp;&nbsp;&nbsp;logging_map_table
<LI><a href="#[2138c80]">&gt;&gt;</a>&nbsp;&nbsp;&nbsp;load_smt_piece
</UL>

<P><STRONG><a name="[2138c80]"></a>load_smt_piece</STRONG> (ARM, 556 bytes, Stack size 24 bytes, ftl.o(.text))
<BR><BR>[Stack]<UL><LI>Max Depth = 480 + Unknown Stack Size
<LI>Call Chain = load_smt_piece &rArr; flush_smt_piece &rArr; nand_block_erase &rArr; uart_printf &rArr; vsnprintf &rArr; _printf_char_common &rArr; __printf
</UL>
<BR>[Calls]<UL><LI><a href="#[2136f70]">&gt;&gt;</a>&nbsp;&nbsp;&nbsp;flash_issue_cmd
<LI><a href="#[2137150]">&gt;&gt;</a>&nbsp;&nbsp;&nbsp;_mem_set_dram
<LI><a href="#[2138cbc]">&gt;&gt;</a>&nbsp;&nbsp;&nbsp;flush_smt_piece
</UL>
<BR>[Called By]<UL><LI><a href="#[2138b18]">&gt;&gt;</a>&nbsp;&nbsp;&nbsp;get_psn
<LI><a href="#[2138b90]">&gt;&gt;</a>&nbsp;&nbsp;&nbsp;set_psn
</UL>

<P><STRONG><a name="[2138c44]"></a>logging_map_table</STRONG> (ARM, 72 bytes, Stack size 8 bytes, ftl.o(.text))
<BR><BR>[Stack]<UL><LI>Max Depth = 464 + Unknown Stack Size
<LI>Call Chain = logging_map_table &rArr; flush_smt_piece &rArr; nand_block_erase &rArr; uart_printf &rArr; vsnprintf &rArr; _printf_char_common &rArr; __printf
</UL>
<BR>[Calls]<UL><LI><a href="#[2136fac]">&gt;&gt;</a>&nbsp;&nbsp;&nbsp;flash_finish
<LI><a href="#[2138cbc]">&gt;&gt;</a>&nbsp;&nbsp;&nbsp;flush_smt_piece
</UL>
<BR>[Called By]<UL><LI><a href="#[2137420]">&gt;&gt;</a>&nbsp;&nbsp;&nbsp;ftl_flush
</UL>

<P><STRONG><a name="[2138c08]"></a>init_meta_data</STRONG> (ARM, 232 bytes, Stack size 0 bytes, ftl.o(.text), UNUSED, KEPT)
<BR><BR>[Called By]<UL><LI><a href="#[21373e4]">&gt;&gt;</a>&nbsp;&nbsp;&nbsp;ftl_open
<LI><a href="#[2138a28]">&gt;&gt;</a>&nbsp;&nbsp;&nbsp;format
</UL>

<P><STRONG><a name="[2138bcc]"></a>write_format_mark</STRONG> (ARM, 200 bytes, Stack size 16 bytes, ftl.o(.text), UNUSED, KEPT)
<BR><BR>[Stack]<UL><LI>Max Depth = 456 + Unknown Stack Size
<LI>Call Chain = write_format_mark &rArr; _mem_set_dram &rArr; uart_printf &rArr; vsnprintf &rArr; _printf_char_common &rArr; __printf
</UL>
<BR>[Calls]<UL><LI><a href="#[2137150]">&gt;&gt;</a>&nbsp;&nbsp;&nbsp;_mem_set_dram
</UL>
<BR>[Called By]<UL><LI><a href="#[2138a28]">&gt;&gt;</a>&nbsp;&nbsp;&nbsp;format
</UL>

<P><STRONG><a name="[2138b90]"></a>set_psn</STRONG> (ARM, 168 bytes, Stack size 32 bytes, ftl.o(.text))
<BR><BR>[Stack]<UL><LI>Max Depth = 512 + Unknown Stack Size
<LI>Call Chain = set_psn &rArr; load_smt_piece &rArr; flush_smt_piece &rArr; nand_block_erase &rArr; uart_printf &rArr; vsnprintf &rArr; _printf_char_common &rArr; __printf
</UL>
<BR>[Calls]<UL><LI><a href="#[212f950]">&gt;&gt;</a>&nbsp;&nbsp;&nbsp;__aeabi_uidivmod
<LI><a href="#[2137060]">&gt;&gt;</a>&nbsp;&nbsp;&nbsp;_write_dram_32
<LI><a href="#[2138c80]">&gt;&gt;</a>&nbsp;&nbsp;&nbsp;load_smt_piece
</UL>
<BR>[Called By]<UL><LI><a href="#[2137330]">&gt;&gt;</a>&nbsp;&nbsp;&nbsp;ftl_write_sector
<LI><a href="#[213745c]">&gt;&gt;</a>&nbsp;&nbsp;&nbsp;flush_merge_buffer
<LI><a href="#[2138aa0]">&gt;&gt;</a>&nbsp;&nbsp;&nbsp;garbage_collection
</UL>

<P><STRONG><a name="[2138b54]"></a>is_bad_block</STRONG> (ARM, 200 bytes, Stack size 24 bytes, ftl.o(.text))
<BR><BR>[Stack]<UL><LI>Max Depth = 472 + Unknown Stack Size
<LI>Call Chain = is_bad_block &rArr; _mem_search_equ &rArr; uart_printf &rArr; vsnprintf &rArr; _printf_char_common &rArr; __printf
</UL>
<BR>[Calls]<UL><LI><a href="#[213718c]">&gt;&gt;</a>&nbsp;&nbsp;&nbsp;_mem_search_equ
</UL>
<BR>[Called By]<UL><LI><a href="#[21373e4]">&gt;&gt;</a>&nbsp;&nbsp;&nbsp;ftl_open
<LI><a href="#[2138a28]">&gt;&gt;</a>&nbsp;&nbsp;&nbsp;format
<LI><a href="#[2138a64]">&gt;&gt;</a>&nbsp;&nbsp;&nbsp;get_free_page
<LI><a href="#[2138adc]">&gt;&gt;</a>&nbsp;&nbsp;&nbsp;get_victim_blk
</UL>

<P><STRONG><a name="[2138b18]"></a>get_psn</STRONG> (ARM, 136 bytes, Stack size 32 bytes, ftl.o(.text))
<BR><BR>[Stack]<UL><LI>Max Depth = 512 + Unknown Stack Size
<LI>Call Chain = get_psn &rArr; load_smt_piece &rArr; flush_smt_piece &rArr; nand_block_erase &rArr; uart_printf &rArr; vsnprintf &rArr; _printf_char_common &rArr; __printf
</UL>
<BR>[Calls]<UL><LI><a href="#[212f950]">&gt;&gt;</a>&nbsp;&nbsp;&nbsp;__aeabi_uidivmod
<LI><a href="#[21370d8]">&gt;&gt;</a>&nbsp;&nbsp;&nbsp;_read_dram_32
<LI><a href="#[2138c80]">&gt;&gt;</a>&nbsp;&nbsp;&nbsp;load_smt_piece
</UL>
<BR>[Called By]<UL><LI><a href="#[2137330]">&gt;&gt;</a>&nbsp;&nbsp;&nbsp;ftl_write_sector
<LI><a href="#[21373a8]">&gt;&gt;</a>&nbsp;&nbsp;&nbsp;ftl_read_sector
<LI><a href="#[2138aa0]">&gt;&gt;</a>&nbsp;&nbsp;&nbsp;garbage_collection
</UL>

<P><STRONG><a name="[2138adc]"></a>get_victim_blk</STRONG> (ARM, 264 bytes, Stack size 16 bytes, ftl.o(.text))
<BR><BR>[Stack]<UL><LI>Max Depth = 488 + Unknown Stack Size
<LI>Call Chain = get_victim_blk &rArr; is_bad_block &rArr; _mem_search_equ &rArr; uart_printf &rArr; vsnprintf &rArr; _printf_char_common &rArr; __printf
</UL>
<BR>[Calls]<UL><LI><a href="#[2138b54]">&gt;&gt;</a>&nbsp;&nbsp;&nbsp;is_bad_block
</UL>
<BR>[Called By]<UL><LI><a href="#[2138aa0]">&gt;&gt;</a>&nbsp;&nbsp;&nbsp;garbage_collection
</UL>

<P><STRONG><a name="[2138aa0]"></a>garbage_collection</STRONG> (ARM, 728 bytes, Stack size 296 bytes, ftl.o(.text))
<BR><BR>[Stack]<UL><LI>Max Depth = 808 + Unknown Stack Size
<LI>Call Chain = garbage_collection &rArr; get_psn &rArr; load_smt_piece &rArr; flush_smt_piece &rArr; nand_block_erase &rArr; uart_printf &rArr; vsnprintf &rArr; _printf_char_common &rArr; __printf
</UL>
<BR>[Calls]<UL><LI><a href="#[2136e44]">&gt;&gt;</a>&nbsp;&nbsp;&nbsp;nand_page_ptread
<LI><a href="#[2136e80]">&gt;&gt;</a>&nbsp;&nbsp;&nbsp;nand_page_ptprogram
<LI><a href="#[2136ebc]">&gt;&gt;</a>&nbsp;&nbsp;&nbsp;nand_block_erase
<LI><a href="#[21371c8]">&gt;&gt;</a>&nbsp;&nbsp;&nbsp;_mem_copy
<LI><a href="#[2138adc]">&gt;&gt;</a>&nbsp;&nbsp;&nbsp;get_victim_blk
<LI><a href="#[2138b18]">&gt;&gt;</a>&nbsp;&nbsp;&nbsp;get_psn
<LI><a href="#[2138b90]">&gt;&gt;</a>&nbsp;&nbsp;&nbsp;set_psn
</UL>
<BR>[Called By]<UL><LI><a href="#[2138a64]">&gt;&gt;</a>&nbsp;&nbsp;&nbsp;get_free_page
</UL>

<P><STRONG><a name="[2138a64]"></a>get_free_page</STRONG> (ARM, 288 bytes, Stack size 24 bytes, ftl.o(.text))
<BR><BR>[Stack]<UL><LI>Max Depth = 832 + Unknown Stack Size
<LI>Call Chain = get_free_page &rArr; garbage_collection &rArr; get_psn &rArr; load_smt_piece &rArr; flush_smt_piece &rArr; nand_block_erase &rArr; uart_printf &rArr; vsnprintf &rArr; _printf_char_common &rArr; __printf
</UL>
<BR>[Calls]<UL><LI><a href="#[2136f34]">&gt;&gt;</a>&nbsp;&nbsp;&nbsp;led
<LI><a href="#[2138aa0]">&gt;&gt;</a>&nbsp;&nbsp;&nbsp;garbage_collection
<LI><a href="#[2138b54]">&gt;&gt;</a>&nbsp;&nbsp;&nbsp;is_bad_block
</UL>
<BR>[Called By]<UL><LI><a href="#[2137330]">&gt;&gt;</a>&nbsp;&nbsp;&nbsp;ftl_write_sector
<LI><a href="#[213745c]">&gt;&gt;</a>&nbsp;&nbsp;&nbsp;flush_merge_buffer
</UL>

<P><STRONG><a name="[2138a28]"></a>format</STRONG> (ARM, 480 bytes, Stack size 16 bytes, ftl.o(.text), UNUSED, KEPT)
<BR><BR>[Stack]<UL><LI>Max Depth = 880 + Unknown Stack Size
<LI>Call Chain = format &rArr; ftl_flush &rArr; flush_merge_buffer &rArr; get_free_page &rArr; garbage_collection &rArr; get_psn &rArr; load_smt_piece &rArr; flush_smt_piece &rArr; nand_block_erase &rArr; uart_printf &rArr; vsnprintf &rArr; _printf_char_common &rArr; __printf
</UL>
<BR>[Calls]<UL><LI><a href="#[2136f34]">&gt;&gt;</a>&nbsp;&nbsp;&nbsp;led
<LI><a href="#[2137420]">&gt;&gt;</a>&nbsp;&nbsp;&nbsp;ftl_flush
<LI><a href="#[2138b54]">&gt;&gt;</a>&nbsp;&nbsp;&nbsp;is_bad_block
<LI><a href="#[2138bcc]">&gt;&gt;</a>&nbsp;&nbsp;&nbsp;write_format_mark
<LI><a href="#[2138c08]">&gt;&gt;</a>&nbsp;&nbsp;&nbsp;init_meta_data
</UL>
<BR>[Called By]<UL><LI><a href="#[21373e4]">&gt;&gt;</a>&nbsp;&nbsp;&nbsp;ftl_open
</UL>

<P><STRONG><a name="[21389ec]"></a>sanity_check</STRONG> (ARM, 28 bytes, Stack size 0 bytes, ftl.o(.text), UNUSED, KEPT)
<BR><BR>[Called By]<UL><LI><a href="#[21373e4]">&gt;&gt;</a>&nbsp;&nbsp;&nbsp;ftl_open
</UL>

<P><STRONG><a name="[21389b0]"></a>check_format_mark</STRONG> (ARM, 284 bytes, Stack size 24 bytes, ftl.o(.text), UNUSED)
<BR><BR>[Calls]<UL><LI><a href="#[2136fe8]">&gt;&gt;</a>&nbsp;&nbsp;&nbsp;flash_clear_irq
</UL>

<P><STRONG><a name="[2136ac0]"></a>get_integrity_word</STRONG> (ARM, 80 bytes, Stack size 0 bytes, sata_identify.o(.text))
<BR><BR>[Called By]<UL><LI><a href="#[213691c]">&gt;&gt;</a>&nbsp;&nbsp;&nbsp;ata_identify_device
</UL>

<P><STRONG><a name="[2136a84]"></a>set_string_data</STRONG> (ARM, 172 bytes, Stack size 8 bytes, sata_identify.o(.text))
<BR><BR>[Stack]<UL><LI>Max Depth = 8<LI>Call Chain = set_string_data
</UL>
<BR>[Called By]<UL><LI><a href="#[213691c]">&gt;&gt;</a>&nbsp;&nbsp;&nbsp;ata_identify_device
</UL>

<P><STRONG><a name="[213583c]"></a>eventq_get_count</STRONG> (ARM, 20 bytes, Stack size 0 bytes, sata_main.o(.text), UNUSED, KEPT)
<BR><BR>[Called By]<UL><LI><a href="#[213925c]">&gt;&gt;</a>&nbsp;&nbsp;&nbsp;Main
</UL>

<P><STRONG><a name="[2135800]"></a>eventq_get</STRONG> (ARM, 188 bytes, Stack size 0 bytes, sata_main.o(.text), UNUSED, KEPT)
<BR><BR>[Called By]<UL><LI><a href="#[213925c]">&gt;&gt;</a>&nbsp;&nbsp;&nbsp;Main
</UL>

<P><STRONG><a name="[2132a10]"></a>uart_txbyte</STRONG> (ARM, 36 bytes, Stack size 0 bytes, uart.o(.text))
<BR><BR>[Called By]<UL><LI><a href="#[2132650]">&gt;&gt;</a>&nbsp;&nbsp;&nbsp;uart_print_hex
<LI><a href="#[2133820]">&gt;&gt;</a>&nbsp;&nbsp;&nbsp;uart_print
</UL>

<P><STRONG><a name="[212fab8]"></a>__arm_div8</STRONG> (ARM, 0 bytes, Stack size unknown bytes, aeabi_sdiv.o(.text))
<BR><BR>[Called By]<UL><LI><a href="#[212f950]">&gt;&gt;</a>&nbsp;&nbsp;&nbsp;__aeabi_uidivmod
</UL>

<P><STRONG><a name="[212fa7c]"></a>__arm_div4</STRONG> (ARM, 0 bytes, Stack size unknown bytes, aeabi_sdiv.o(.text))
<BR><BR>[Called By]<UL><LI><a href="#[212f950]">&gt;&gt;</a>&nbsp;&nbsp;&nbsp;__aeabi_uidivmod
</UL>

<P><STRONG><a name="[212fa40]"></a>__arm_div_large</STRONG> (ARM, 0 bytes, Stack size unknown bytes, aeabi_sdiv.o(.text))
<BR><BR>[Called By]<UL><LI><a href="#[212f950]">&gt;&gt;</a>&nbsp;&nbsp;&nbsp;__aeabi_uidivmod
</UL>

<P><STRONG><a name="[212e744]"></a>_printf_input_char</STRONG> (Thumb, 10 bytes, Stack size 0 bytes, _printf_char_common.o(.text))
<BR>[Address Reference Count : 1]<UL><LI> _printf_char_common.o(.text)
</UL><P>
<H3>
Undefined Global Symbols
</H3>
<P><STRONG><a name="[378da94]"></a>_printf_mbtowc</STRONG> (ARM, 0 bytes, Stack size 0 bytes, UNDEFINED)
<BR><BR>[Called By]<UL><LI><a href="#[378db48]">&gt;&gt;</a>&nbsp;&nbsp;&nbsp;_printf_cs_common
</UL>

<P><STRONG><a name="[378d8f0]"></a>_printf_wc</STRONG> (ARM, 0 bytes, Stack size 0 bytes, UNDEFINED)
<BR><BR>[Called By]<UL><LI><a href="#[378d9a4]">&gt;&gt;</a>&nbsp;&nbsp;&nbsp;_printf_lcs_common
</UL>
<HR></body></html>
