<!doctype html public "-//w3c//dtd html 4.0 transitional//en">
<html><head>
<title>Static Call Graph - [C:\Users\Jeff\Desktop\skku_internship\tutorial2-dev\branches\hgh\build_rvds\firmware.axf]</title></head>
<body><HR>
<H1>Static Call Graph for image C:\Users\Jeff\Desktop\skku_internship\tutorial2-dev\branches\hgh\build_rvds\firmware.axf</H1><HR>
<BR><P>#&#060CALLGRAPH&#062# ARM Linker, RVCT4.0 [Build 400]: Last Updated: Tue Jan 24 03:06:59 2012
<BR><P>
<H3>Maximum Stack Usage =        888 bytes + Unknown(Functions without stacksize, Cycles, Untraceable Function Pointers)</H3><H3>
Call chain for Maximum Stack Depth:</H3>
ata_flush_cache &rArr; ftl_flush &rArr; flush_merge_buffer &rArr; get_free_page &rArr; garbage_collection &rArr; get_psn &rArr; load_smt_piece &rArr; flush_smt_piece &rArr; nand_block_erase &rArr; uart_printf &rArr; vsnprintf &rArr; _printf_char_common &rArr; __printf
<P>
<H3>
Functions with no stack information
</H3><UL>
 <LI><a href="#[2159694]">disable_interrupt</a>
 <LI><a href="#[2159658]">enable_interrupt</a>
 <LI><a href="#[215970c]">reset_handler</a>
</UL>
</UL>
<P>
<H3>
Mutually Recursive functions
</H3> <LI><a href="#[2158d34]">logging_misc_meta</a>&nbsp;&nbsp;&nbsp;&rArr;&nbsp;&nbsp;&nbsp;<a href="#[2158d34]">logging_misc_meta</a><BR>
</UL>
<P>
<H3>
Function Pointers
</H3><UL>
 <LI><a href="#[2156034]">ata_not_supported</a>
 <LI><a href="#[214e1a4]">_snputc</a>
 <LI><a href="#[214e294]">_sputc</a>
 <LI><a href="#[214e3fc]">_printf_input_char</a>
 <LI><a href="#[378ad00]">_get_lc_ctype</a>
 <LI><a href="#[378dc58]">__I$use$semihosting</a>
 <LI><a href="#[21560e8]">ata_nop</a>
 <LI><a href="#[2156070]">ata_recalibrate</a>
 <LI><a href="#[2156124]">ata_read_native_max_address</a>
 <LI><a href="#[21563b8]">ata_read_verify_sectors</a>
 <LI><a href="#[21563b8]">ata_read_verify_sectors</a>
 <LI><a href="#[2156340]">ata_seek</a>
 <LI><a href="#[2155fbc]">ata_execute_drive_diagnostics</a>
 <LI><a href="#[21560ac]">ata_initialize_device_parameters</a>
 <LI><a href="#[2156214]">ata_standby_immediate</a>
 <LI><a href="#[215619c]">ata_idle_immediate</a>
 <LI><a href="#[2156250]">ata_standby</a>
 <LI><a href="#[21561d8]">ata_idle</a>
 <LI><a href="#[215646c]">ata_check_power_mode</a>
 <LI><a href="#[2156160]">ata_sleep</a>
 <LI><a href="#[2156304]">ata_set_multiple_mode</a>
 <LI><a href="#[2156214]">ata_standby_immediate</a>
 <LI><a href="#[215619c]">ata_idle_immediate</a>
 <LI><a href="#[2156250]">ata_standby</a>
 <LI><a href="#[21561d8]">ata_idle</a>
 <LI><a href="#[21562c8]">ata_read_buffer</a>
 <LI><a href="#[215646c]">ata_check_power_mode</a>
 <LI><a href="#[2156160]">ata_sleep</a>
 <LI><a href="#[21563f4]">ata_flush_cache</a>
 <LI><a href="#[215628c]">ata_write_buffer</a>
 <LI><a href="#[21563f4]">ata_flush_cache</a>
 <LI><a href="#[21568a4]">ata_identify_device</a>
 <LI><a href="#[215637c]">ata_set_features</a>
 <LI><a href="#[2156124]">ata_read_native_max_address</a>
 <LI><a href="#[2155ff8]">ata_srst</a>
</UL>
<P>
<H3>
Global Symbols
</H3>
<P><STRONG><a name="[2159694]"></a>disable_interrupt</STRONG> (ARM, 0 bytes, Stack size unknown bytes, init.o(init), UNUSED, KEPT)
<BR><BR>[Called By]<UL><LI><a href="#[2155440]">&gt;&gt;</a>&nbsp;&nbsp;&nbsp;sata_reset
</UL>

<P><STRONG><a name="[2159658]"></a>enable_interrupt</STRONG> (ARM, 0 bytes, Stack size unknown bytes, init.o(init), UNUSED, KEPT)
<BR><BR>[Called By]<UL><LI><a href="#[2155440]">&gt;&gt;</a>&nbsp;&nbsp;&nbsp;sata_reset
</UL>

<P><STRONG><a name="[214c7a0]"></a>_printf_n</STRONG> (ARM, 0 bytes, Stack size unknown bytes, _printf_n.o(.ARM.Collect$$_printf_percent$$00000001), UNUSED)
<BR><BR>[Calls]<UL><LI><a href="#[214e4ec]">&gt;&gt;</a>&nbsp;&nbsp;&nbsp;_printf_charcount (via Veneer)
</UL>

<P><STRONG><a name="[2150364]"></a>_printf_percent</STRONG> (ARM, 0 bytes, Stack size unknown bytes, _printf_percent.o(.ARM.Collect$$_printf_percent$$00000000))
<BR><BR>[Called By]<UL><LI><a href="#[21504cc]">&gt;&gt;</a>&nbsp;&nbsp;&nbsp;__printf (via Veneer)
</UL>

<P><STRONG><a name="[214c5fc]"></a>_printf_p</STRONG> (ARM, 0 bytes, Stack size unknown bytes, _printf_p.o(.ARM.Collect$$_printf_percent$$00000002), UNUSED)
<BR><BR>[Calls]<UL><LI><a href="#[214ca34]">&gt;&gt;</a>&nbsp;&nbsp;&nbsp;_printf_hex_ptr (via Veneer)
</UL>

<P><STRONG><a name="[214c2b4]"></a>_printf_f</STRONG> (ARM, 0 bytes, Stack size unknown bytes, _printf_f.o(.ARM.Collect$$_printf_percent$$00000003), UNUSED)
<BR><BR>[Calls]<UL><LI><a href="#[3791c54]">&gt;&gt;</a>&nbsp;&nbsp;&nbsp;_printf_fp_dec
</UL>

<P><STRONG><a name="[214c200]"></a>_printf_e</STRONG> (ARM, 0 bytes, Stack size unknown bytes, _printf_e.o(.ARM.Collect$$_printf_percent$$00000004), UNUSED)
<BR><BR>[Calls]<UL><LI><a href="#[3791c54]">&gt;&gt;</a>&nbsp;&nbsp;&nbsp;_printf_fp_dec
</UL>

<P><STRONG><a name="[214c14c]"></a>_printf_g</STRONG> (ARM, 0 bytes, Stack size unknown bytes, _printf_g.o(.ARM.Collect$$_printf_percent$$00000005), UNUSED)
<BR><BR>[Calls]<UL><LI><a href="#[3791c54]">&gt;&gt;</a>&nbsp;&nbsp;&nbsp;_printf_fp_dec
</UL>

<P><STRONG><a name="[214c098]"></a>_printf_a</STRONG> (ARM, 0 bytes, Stack size unknown bytes, _printf_a.o(.ARM.Collect$$_printf_percent$$00000006), UNUSED)
<BR><BR>[Calls]<UL><LI><a href="#[3791b64]">&gt;&gt;</a>&nbsp;&nbsp;&nbsp;_printf_fp_hex
</UL>

<P><STRONG><a name="[214bd14]"></a>_printf_ll</STRONG> (ARM, 0 bytes, Stack size unknown bytes, _printf_ll.o(.ARM.Collect$$_printf_percent$$00000007), UNUSED)

<P><STRONG><a name="[214c41c]"></a>_printf_i</STRONG> (ARM, 0 bytes, Stack size unknown bytes, _printf_i.o(.ARM.Collect$$_printf_percent$$00000008), UNUSED)
<BR><BR>[Calls]<UL><LI><a href="#[2150db4]">&gt;&gt;</a>&nbsp;&nbsp;&nbsp;_printf_int_dec (via Veneer)
</UL>

<P><STRONG><a name="[214c368]"></a>_printf_d</STRONG> (ARM, 0 bytes, Stack size unknown bytes, _printf_d.o(.ARM.Collect$$_printf_percent$$00000009), UNUSED)
<BR><BR>[Calls]<UL><LI><a href="#[2150db4]">&gt;&gt;</a>&nbsp;&nbsp;&nbsp;_printf_int_dec (via Veneer)
</UL>

<P><STRONG><a name="[2150418]"></a>_printf_u</STRONG> (ARM, 0 bytes, Stack size unknown bytes, _printf_u.o(.ARM.Collect$$_printf_percent$$0000000A), UNUSED)
<BR><BR>[Calls]<UL><LI><a href="#[2150db4]">&gt;&gt;</a>&nbsp;&nbsp;&nbsp;_printf_int_dec (via Veneer)
</UL>

<P><STRONG><a name="[214c50c]"></a>_printf_o</STRONG> (ARM, 0 bytes, Stack size unknown bytes, _printf_o.o(.ARM.Collect$$_printf_percent$$0000000B), UNUSED)
<BR><BR>[Calls]<UL><LI><a href="#[214d9e8]">&gt;&gt;</a>&nbsp;&nbsp;&nbsp;_printf_int_oct (via Veneer)
</UL>

<P><STRONG><a name="[214c6ec]"></a>_printf_x</STRONG> (ARM, 0 bytes, Stack size unknown bytes, _printf_x.o(.ARM.Collect$$_printf_percent$$0000000C), UNUSED)
<BR><BR>[Calls]<UL><LI><a href="#[214caac]">&gt;&gt;</a>&nbsp;&nbsp;&nbsp;_printf_int_hex (via Veneer)
</UL>

<P><STRONG><a name="[214bf30]"></a>_printf_lli</STRONG> (ARM, 0 bytes, Stack size unknown bytes, _printf_lli.o(.ARM.Collect$$_printf_percent$$0000000D), UNUSED)
<BR><BR>[Calls]<UL><LI><a href="#[214de20]">&gt;&gt;</a>&nbsp;&nbsp;&nbsp;_printf_longlong_dec (via Veneer)
</UL>

<P><STRONG><a name="[214be7c]"></a>_printf_lld</STRONG> (ARM, 0 bytes, Stack size unknown bytes, _printf_lld.o(.ARM.Collect$$_printf_percent$$0000000E), UNUSED)
<BR><BR>[Calls]<UL><LI><a href="#[214de20]">&gt;&gt;</a>&nbsp;&nbsp;&nbsp;_printf_longlong_dec (via Veneer)
</UL>

<P><STRONG><a name="[214bdc8]"></a>_printf_llu</STRONG> (ARM, 0 bytes, Stack size unknown bytes, _printf_llu.o(.ARM.Collect$$_printf_percent$$0000000F), UNUSED)
<BR><BR>[Calls]<UL><LI><a href="#[214de20]">&gt;&gt;</a>&nbsp;&nbsp;&nbsp;_printf_longlong_dec (via Veneer)
</UL>

<P><STRONG><a name="[214b9cc]"></a>_printf_llo</STRONG> (ARM, 0 bytes, Stack size unknown bytes, _printf_llo.o(.ARM.Collect$$_printf_percent$$00000010), UNUSED)
<BR><BR>[Calls]<UL><LI><a href="#[214d9ac]">&gt;&gt;</a>&nbsp;&nbsp;&nbsp;_printf_ll_oct (via Veneer)
</UL>

<P><STRONG><a name="[214b8dc]"></a>_printf_llx</STRONG> (ARM, 0 bytes, Stack size unknown bytes, _printf_llx.o(.ARM.Collect$$_printf_percent$$00000011), UNUSED)
<BR><BR>[Calls]<UL><LI><a href="#[214ca70]">&gt;&gt;</a>&nbsp;&nbsp;&nbsp;_printf_ll_hex (via Veneer)
</UL>

<P><STRONG><a name="[214bc60]"></a>_printf_l</STRONG> (ARM, 0 bytes, Stack size unknown bytes, _printf_l.o(.ARM.Collect$$_printf_percent$$00000012), UNUSED)

<P><STRONG><a name="[214c980]"></a>_printf_c</STRONG> (ARM, 0 bytes, Stack size unknown bytes, _printf_c.o(.ARM.Collect$$_printf_percent$$00000013), UNUSED)
<BR><BR>[Calls]<UL><LI><a href="#[378f7c4]">&gt;&gt;</a>&nbsp;&nbsp;&nbsp;_printf_char (via Veneer)
</UL>

<P><STRONG><a name="[214c890]"></a>_printf_s</STRONG> (ARM, 0 bytes, Stack size unknown bytes, _printf_s.o(.ARM.Collect$$_printf_percent$$00000014), UNUSED)
<BR><BR>[Calls]<UL><LI><a href="#[378f788]">&gt;&gt;</a>&nbsp;&nbsp;&nbsp;_printf_string (via Veneer)
</UL>

<P><STRONG><a name="[214bbac]"></a>_printf_lc</STRONG> (ARM, 0 bytes, Stack size unknown bytes, _printf_lc.o(.ARM.Collect$$_printf_percent$$00000015), UNUSED)
<BR><BR>[Calls]<UL><LI><a href="#[378f620]">&gt;&gt;</a>&nbsp;&nbsp;&nbsp;_printf_wchar (via Veneer)
</UL>

<P><STRONG><a name="[214babc]"></a>_printf_ls</STRONG> (ARM, 0 bytes, Stack size unknown bytes, _printf_ls.o(.ARM.Collect$$_printf_percent$$00000016), UNUSED)
<BR><BR>[Calls]<UL><LI><a href="#[378f5e4]">&gt;&gt;</a>&nbsp;&nbsp;&nbsp;_printf_wstring (via Veneer)
</UL>

<P><STRONG><a name="[214bfe4]"></a>_printf_percent_end</STRONG> (ARM, 0 bytes, Stack size unknown bytes, _printf_percent_end.o(.ARM.Collect$$_printf_percent$$00000017), UNUSED)

<P><STRONG><a name="[3792c08]"></a>__rt_lib_init_heap_2</STRONG> (Thumb, 0 bytes, Stack size 16 bytes, libinit2.o(.ARM.Collect$$libinit$$00000006), UNUSED)

<P><STRONG><a name="[37929ec]"></a>__rt_lib_init_lc_ctype_2</STRONG> (Thumb, 0 bytes, Stack size 16 bytes, libinit2.o(.ARM.Collect$$libinit$$0000000F), UNUSED)

<P><STRONG><a name="[3792b18]"></a>__rt_lib_init_rand_2</STRONG> (Thumb, 0 bytes, Stack size 16 bytes, libinit2.o(.ARM.Collect$$libinit$$0000000A), UNUSED)

<P><STRONG><a name="[37925b4]"></a>__rt_lib_init_stdio_2</STRONG> (Thumb, 0 bytes, Stack size 16 bytes, libinit2.o(.ARM.Collect$$libinit$$00000021), UNUSED)

<P><STRONG><a name="[378e144]"></a>__rt_lib_shutdown_stdio_2</STRONG> (Thumb, 0 bytes, Stack size 16 bytes, libshutdown2.o(.ARM.Collect$$libshutdown$$00000003), UNUSED)

<P><STRONG><a name="[378b480]"></a>_maybe_terminate_alloc</STRONG> (Thumb, 0 bytes, Stack size 16 bytes, maybetermalloc1.o(.emb_text), UNUSED)

<P><STRONG><a name="[215745c]"></a>flush_merge_buffer</STRONG> (ARM, 216 bytes, Stack size 24 bytes, ftl.o(.text))
<BR><BR>[Stack]<UL><LI>Max Depth = 864 + Unknown Stack Size
<LI>Call Chain = flush_merge_buffer &rArr; get_free_page &rArr; garbage_collection &rArr; get_psn &rArr; load_smt_piece &rArr; flush_smt_piece &rArr; nand_block_erase &rArr; uart_printf &rArr; vsnprintf &rArr; _printf_char_common &rArr; __printf
</UL>
<BR>[Calls]<UL><LI><a href="#[2156ef8]">&gt;&gt;</a>&nbsp;&nbsp;&nbsp;flash_issue_cmd
<LI><a href="#[2158a64]">&gt;&gt;</a>&nbsp;&nbsp;&nbsp;get_free_page
<LI><a href="#[2158b90]">&gt;&gt;</a>&nbsp;&nbsp;&nbsp;set_psn
</UL>
<BR>[Called By]<UL><LI><a href="#[2157420]">&gt;&gt;</a>&nbsp;&nbsp;&nbsp;ftl_flush
</UL>

<P><STRONG><a name="[2157420]"></a>ftl_flush</STRONG> (ARM, 24 bytes, Stack size 8 bytes, ftl.o(.text))
<BR><BR>[Stack]<UL><LI>Max Depth = 872 + Unknown Stack Size
<LI>Call Chain = ftl_flush &rArr; flush_merge_buffer &rArr; get_free_page &rArr; garbage_collection &rArr; get_psn &rArr; load_smt_piece &rArr; flush_smt_piece &rArr; nand_block_erase &rArr; uart_printf &rArr; vsnprintf &rArr; _printf_char_common &rArr; __printf
</UL>
<BR>[Calls]<UL><LI><a href="#[215745c]">&gt;&gt;</a>&nbsp;&nbsp;&nbsp;flush_merge_buffer
<LI><a href="#[2158c44]">&gt;&gt;</a>&nbsp;&nbsp;&nbsp;logging_map_table
<LI><a href="#[2158d34]">&gt;&gt;</a>&nbsp;&nbsp;&nbsp;logging_misc_meta
</UL>
<BR>[Called By]<UL><LI><a href="#[2152254]">&gt;&gt;</a>&nbsp;&nbsp;&nbsp;tc_write_seq
<LI><a href="#[2152290]">&gt;&gt;</a>&nbsp;&nbsp;&nbsp;tc_write_rand
<LI><a href="#[215619c]">&gt;&gt;</a>&nbsp;&nbsp;&nbsp;ata_idle_immediate
<LI><a href="#[21561d8]">&gt;&gt;</a>&nbsp;&nbsp;&nbsp;ata_idle
<LI><a href="#[2156214]">&gt;&gt;</a>&nbsp;&nbsp;&nbsp;ata_standby_immediate
<LI><a href="#[2156250]">&gt;&gt;</a>&nbsp;&nbsp;&nbsp;ata_standby
<LI><a href="#[21563f4]">&gt;&gt;</a>&nbsp;&nbsp;&nbsp;ata_flush_cache
<LI><a href="#[2158a28]">&gt;&gt;</a>&nbsp;&nbsp;&nbsp;format
</UL>

<P><STRONG><a name="[21573e4]"></a>ftl_open</STRONG> (ARM, 716 bytes, Stack size 48 bytes, ftl.o(.text), UNUSED, KEPT)
<BR><BR>[Stack]<UL><LI>Max Depth = 936 + Unknown Stack Size
<LI>Call Chain = ftl_open &rArr; format &rArr; ftl_flush &rArr; flush_merge_buffer &rArr; get_free_page &rArr; garbage_collection &rArr; get_psn &rArr; load_smt_piece &rArr; flush_smt_piece &rArr; nand_block_erase &rArr; uart_printf &rArr; vsnprintf &rArr; _printf_char_common &rArr; __printf
</UL>
<BR>[Calls]<UL><LI><a href="#[2156ef8]">&gt;&gt;</a>&nbsp;&nbsp;&nbsp;flash_issue_cmd
<LI><a href="#[2156f70]">&gt;&gt;</a>&nbsp;&nbsp;&nbsp;flash_clear_irq
<LI><a href="#[2157024]">&gt;&gt;</a>&nbsp;&nbsp;&nbsp;_write_dram_16
<LI><a href="#[215709c]">&gt;&gt;</a>&nbsp;&nbsp;&nbsp;_read_dram_16
<LI><a href="#[21570d8]">&gt;&gt;</a>&nbsp;&nbsp;&nbsp;_mem_set_dram
<LI><a href="#[21589ec]">&gt;&gt;</a>&nbsp;&nbsp;&nbsp;sanity_check
<LI><a href="#[2158a28]">&gt;&gt;</a>&nbsp;&nbsp;&nbsp;format
<LI><a href="#[2158b54]">&gt;&gt;</a>&nbsp;&nbsp;&nbsp;is_bad_block
<LI><a href="#[2158c08]">&gt;&gt;</a>&nbsp;&nbsp;&nbsp;init_meta_data
</UL>
<BR>[Called By]<UL><LI><a href="#[21591e4]">&gt;&gt;</a>&nbsp;&nbsp;&nbsp;init_jasmine
</UL>

<P><STRONG><a name="[21573a8]"></a>ftl_read_sector</STRONG> (ARM, 356 bytes, Stack size 48 bytes, ftl.o(.text), UNUSED, KEPT)
<BR><BR>[Stack]<UL><LI>Max Depth = 560 + Unknown Stack Size
<LI>Call Chain = ftl_read_sector &rArr; get_psn &rArr; load_smt_piece &rArr; flush_smt_piece &rArr; nand_block_erase &rArr; uart_printf &rArr; vsnprintf &rArr; _printf_char_common &rArr; __printf
</UL>
<BR>[Calls]<UL><LI><a href="#[2156ef8]">&gt;&gt;</a>&nbsp;&nbsp;&nbsp;flash_issue_cmd
<LI><a href="#[21570d8]">&gt;&gt;</a>&nbsp;&nbsp;&nbsp;_mem_set_dram
<LI><a href="#[215718c]">&gt;&gt;</a>&nbsp;&nbsp;&nbsp;_mem_copy
<LI><a href="#[2158b18]">&gt;&gt;</a>&nbsp;&nbsp;&nbsp;get_psn
</UL>
<BR>[Called By]<UL><LI><a href="#[215736c]">&gt;&gt;</a>&nbsp;&nbsp;&nbsp;ftl_read
</UL>

<P><STRONG><a name="[215736c]"></a>ftl_read</STRONG> (ARM, 272 bytes, Stack size 24 bytes, ftl.o(.text), UNUSED, KEPT)
<BR><BR>[Stack]<UL><LI>Max Depth = 584 + Unknown Stack Size
<LI>Call Chain = ftl_read &rArr; ftl_read_sector &rArr; get_psn &rArr; load_smt_piece &rArr; flush_smt_piece &rArr; nand_block_erase &rArr; uart_printf &rArr; vsnprintf &rArr; _printf_char_common &rArr; __printf
</UL>
<BR>[Calls]<UL><LI><a href="#[214f608]">&gt;&gt;</a>&nbsp;&nbsp;&nbsp;__aeabi_uidivmod
<LI><a href="#[21573a8]">&gt;&gt;</a>&nbsp;&nbsp;&nbsp;ftl_read_sector
</UL>
<BR>[Called By]<UL><LI><a href="#[21521a0]">&gt;&gt;</a>&nbsp;&nbsp;&nbsp;tc_read
<LI><a href="#[2152254]">&gt;&gt;</a>&nbsp;&nbsp;&nbsp;tc_write_seq
<LI><a href="#[2152290]">&gt;&gt;</a>&nbsp;&nbsp;&nbsp;tc_write_rand
<LI><a href="#[215925c]">&gt;&gt;</a>&nbsp;&nbsp;&nbsp;Main
</UL>

<P><STRONG><a name="[2157330]"></a>ftl_write_sector</STRONG> (ARM, 644 bytes, Stack size 56 bytes, ftl.o(.text), UNUSED, KEPT)
<BR><BR>[Stack]<UL><LI>Max Depth = 896 + Unknown Stack Size
<LI>Call Chain = ftl_write_sector &rArr; get_free_page &rArr; garbage_collection &rArr; get_psn &rArr; load_smt_piece &rArr; flush_smt_piece &rArr; nand_block_erase &rArr; uart_printf &rArr; vsnprintf &rArr; _printf_char_common &rArr; __printf
</UL>
<BR>[Calls]<UL><LI><a href="#[2156ef8]">&gt;&gt;</a>&nbsp;&nbsp;&nbsp;flash_issue_cmd
<LI><a href="#[2156fe8]">&gt;&gt;</a>&nbsp;&nbsp;&nbsp;_write_dram_32
<LI><a href="#[2157060]">&gt;&gt;</a>&nbsp;&nbsp;&nbsp;_read_dram_32
<LI><a href="#[215718c]">&gt;&gt;</a>&nbsp;&nbsp;&nbsp;_mem_copy
<LI><a href="#[2158a64]">&gt;&gt;</a>&nbsp;&nbsp;&nbsp;get_free_page
<LI><a href="#[2158b18]">&gt;&gt;</a>&nbsp;&nbsp;&nbsp;get_psn
<LI><a href="#[2158b90]">&gt;&gt;</a>&nbsp;&nbsp;&nbsp;set_psn
</UL>
<BR>[Called By]<UL><LI><a href="#[21572f4]">&gt;&gt;</a>&nbsp;&nbsp;&nbsp;ftl_write
</UL>

<P><STRONG><a name="[21572f4]"></a>ftl_write</STRONG> (ARM, 164 bytes, Stack size 32 bytes, ftl.o(.text), UNUSED, KEPT)
<BR><BR>[Stack]<UL><LI>Max Depth = 928 + Unknown Stack Size
<LI>Call Chain = ftl_write &rArr; ftl_write_sector &rArr; get_free_page &rArr; garbage_collection &rArr; get_psn &rArr; load_smt_piece &rArr; flush_smt_piece &rArr; nand_block_erase &rArr; uart_printf &rArr; vsnprintf &rArr; _printf_char_common &rArr; __printf
</UL>
<BR>[Calls]<UL><LI><a href="#[214f608]">&gt;&gt;</a>&nbsp;&nbsp;&nbsp;__aeabi_uidivmod
<LI><a href="#[2157330]">&gt;&gt;</a>&nbsp;&nbsp;&nbsp;ftl_write_sector
</UL>
<BR>[Called By]<UL><LI><a href="#[21521dc]">&gt;&gt;</a>&nbsp;&nbsp;&nbsp;fillup_dataspace
<LI><a href="#[2152218]">&gt;&gt;</a>&nbsp;&nbsp;&nbsp;aging_with_rw
<LI><a href="#[2152254]">&gt;&gt;</a>&nbsp;&nbsp;&nbsp;tc_write_seq
<LI><a href="#[2152290]">&gt;&gt;</a>&nbsp;&nbsp;&nbsp;tc_write_rand
<LI><a href="#[215925c]">&gt;&gt;</a>&nbsp;&nbsp;&nbsp;Main
</UL>

<P><STRONG><a name="[21572b8]"></a>ftl_isr</STRONG> (ARM, 312 bytes, Stack size 16 bytes, ftl.o(.text), UNUSED)
<BR><BR>[Calls]<UL><LI><a href="#[2156d90]">&gt;&gt;</a>&nbsp;&nbsp;&nbsp;uart_printf
<LI><a href="#[2156e80]">&gt;&gt;</a>&nbsp;&nbsp;&nbsp;led_blink
</UL>
<BR>[Called By]<UL><LI><a href="#[21591a8]">&gt;&gt;</a>&nbsp;&nbsp;&nbsp;irq_handler
</UL>

<P><STRONG><a name="[215727c]"></a>ftl_por_test</STRONG> (ARM, 20 bytes, Stack size 8 bytes, ftl.o(.text), UNUSED)
<BR><BR>[Calls]<UL><LI><a href="#[2158c08]">&gt;&gt;</a>&nbsp;&nbsp;&nbsp;init_meta_data
<LI><a href="#[2158cf8]">&gt;&gt;</a>&nbsp;&nbsp;&nbsp;loading_misc_meta
</UL>

<P><STRONG><a name="[21568a4]"></a>ata_identify_device</STRONG> (ARM, 300 bytes, Stack size 24 bytes, sata_identify.o(.text))
<BR><BR>[Stack]<UL><LI>Max Depth = 472 + Unknown Stack Size
<LI>Call Chain = ata_identify_device &rArr; _mem_copy &rArr; uart_printf &rArr; vsnprintf &rArr; _printf_char_common &rArr; __printf
</UL>
<BR>[Calls]<UL><LI><a href="#[21567f0]">&gt;&gt;</a>&nbsp;&nbsp;&nbsp;pio_sector_transfer
<LI><a href="#[2156a0c]">&gt;&gt;</a>&nbsp;&nbsp;&nbsp;set_string_data
<LI><a href="#[2156a48]">&gt;&gt;</a>&nbsp;&nbsp;&nbsp;get_integrity_word
<LI><a href="#[215718c]">&gt;&gt;</a>&nbsp;&nbsp;&nbsp;_mem_copy
</UL>
<BR>[Address Reference Count : 1]<UL><LI> sata_table.o(.constdata)
</UL>
<P><STRONG><a name="[215646c]"></a>ata_check_power_mode</STRONG> (ARM, 144 bytes, Stack size 8 bytes, sata_cmd.o(.text))
<BR><BR>[Stack]<UL><LI>Max Depth = 8<LI>Call Chain = ata_check_power_mode
</UL>
<BR>[Address Reference Count : 1]<UL><LI> sata_table.o(.constdata)
</UL>
<P><STRONG><a name="[2156430]"></a>send_status_to_host</STRONG> (ARM, 172 bytes, Stack size 4 bytes, sata_cmd.o(.text))
<BR><BR>[Stack]<UL><LI>Max Depth = 4<LI>Call Chain = send_status_to_host
</UL>
<BR>[Called By]<UL><LI><a href="#[2156034]">&gt;&gt;</a>&nbsp;&nbsp;&nbsp;ata_not_supported
<LI><a href="#[2156070]">&gt;&gt;</a>&nbsp;&nbsp;&nbsp;ata_recalibrate
<LI><a href="#[21560ac]">&gt;&gt;</a>&nbsp;&nbsp;&nbsp;ata_initialize_device_parameters
<LI><a href="#[21560e8]">&gt;&gt;</a>&nbsp;&nbsp;&nbsp;ata_nop
<LI><a href="#[2156160]">&gt;&gt;</a>&nbsp;&nbsp;&nbsp;ata_sleep
<LI><a href="#[215619c]">&gt;&gt;</a>&nbsp;&nbsp;&nbsp;ata_idle_immediate
<LI><a href="#[21561d8]">&gt;&gt;</a>&nbsp;&nbsp;&nbsp;ata_idle
<LI><a href="#[2156214]">&gt;&gt;</a>&nbsp;&nbsp;&nbsp;ata_standby_immediate
<LI><a href="#[2156250]">&gt;&gt;</a>&nbsp;&nbsp;&nbsp;ata_standby
<LI><a href="#[2156304]">&gt;&gt;</a>&nbsp;&nbsp;&nbsp;ata_set_multiple_mode
<LI><a href="#[2156340]">&gt;&gt;</a>&nbsp;&nbsp;&nbsp;ata_seek
<LI><a href="#[215637c]">&gt;&gt;</a>&nbsp;&nbsp;&nbsp;ata_set_features
<LI><a href="#[21563b8]">&gt;&gt;</a>&nbsp;&nbsp;&nbsp;ata_read_verify_sectors
<LI><a href="#[21563f4]">&gt;&gt;</a>&nbsp;&nbsp;&nbsp;ata_flush_cache
<LI><a href="#[21567f0]">&gt;&gt;</a>&nbsp;&nbsp;&nbsp;pio_sector_transfer
<LI><a href="#[2159220]">&gt;&gt;</a>&nbsp;&nbsp;&nbsp;fiq_handler
</UL>

<P><STRONG><a name="[21563f4]"></a>ata_flush_cache</STRONG> (ARM, 32 bytes, Stack size 16 bytes, sata_cmd.o(.text))
<BR><BR>[Stack]<UL><LI>Max Depth = 888 + Unknown Stack Size
<LI>Call Chain = ata_flush_cache &rArr; ftl_flush &rArr; flush_merge_buffer &rArr; get_free_page &rArr; garbage_collection &rArr; get_psn &rArr; load_smt_piece &rArr; flush_smt_piece &rArr; nand_block_erase &rArr; uart_printf &rArr; vsnprintf &rArr; _printf_char_common &rArr; __printf
</UL>
<BR>[Calls]<UL><LI><a href="#[2156430]">&gt;&gt;</a>&nbsp;&nbsp;&nbsp;send_status_to_host
<LI><a href="#[2157420]">&gt;&gt;</a>&nbsp;&nbsp;&nbsp;ftl_flush
</UL>
<BR>[Address Reference Count : 1]<UL><LI> sata_table.o(.constdata)
</UL>
<P><STRONG><a name="[21563b8]"></a>ata_read_verify_sectors</STRONG> (ARM, 28 bytes, Stack size 12 bytes, sata_cmd.o(.text))
<BR><BR>[Stack]<UL><LI>Max Depth = 16<LI>Call Chain = ata_read_verify_sectors &rArr; send_status_to_host
</UL>
<BR>[Calls]<UL><LI><a href="#[2156430]">&gt;&gt;</a>&nbsp;&nbsp;&nbsp;send_status_to_host
</UL>
<BR>[Address Reference Count : 1]<UL><LI> sata_table.o(.constdata)
</UL>
<P><STRONG><a name="[215637c]"></a>ata_set_features</STRONG> (ARM, 300 bytes, Stack size 16 bytes, sata_cmd.o(.text))
<BR><BR>[Stack]<UL><LI>Max Depth = 20<LI>Call Chain = ata_set_features &rArr; send_status_to_host
</UL>
<BR>[Calls]<UL><LI><a href="#[2156430]">&gt;&gt;</a>&nbsp;&nbsp;&nbsp;send_status_to_host
</UL>
<BR>[Address Reference Count : 1]<UL><LI> sata_table.o(.constdata)
</UL>
<P><STRONG><a name="[2156340]"></a>ata_seek</STRONG> (ARM, 52 bytes, Stack size 12 bytes, sata_cmd.o(.text))
<BR><BR>[Stack]<UL><LI>Max Depth = 16<LI>Call Chain = ata_seek &rArr; send_status_to_host
</UL>
<BR>[Calls]<UL><LI><a href="#[2156430]">&gt;&gt;</a>&nbsp;&nbsp;&nbsp;send_status_to_host
</UL>
<BR>[Address Reference Count : 1]<UL><LI> sata_table.o(.constdata)
</UL>
<P><STRONG><a name="[2156304]"></a>ata_set_multiple_mode</STRONG> (ARM, 28 bytes, Stack size 12 bytes, sata_cmd.o(.text))
<BR><BR>[Stack]<UL><LI>Max Depth = 16<LI>Call Chain = ata_set_multiple_mode &rArr; send_status_to_host
</UL>
<BR>[Calls]<UL><LI><a href="#[2156430]">&gt;&gt;</a>&nbsp;&nbsp;&nbsp;send_status_to_host
</UL>
<BR>[Address Reference Count : 1]<UL><LI> sata_table.o(.constdata)
</UL>
<P><STRONG><a name="[21567f0]"></a>pio_sector_transfer</STRONG> (ARM, 316 bytes, Stack size 28 bytes, sata_cmd.o(.text))
<BR><BR>[Stack]<UL><LI>Max Depth = 32<LI>Call Chain = pio_sector_transfer &rArr; send_status_to_host
</UL>
<BR>[Calls]<UL><LI><a href="#[2156430]">&gt;&gt;</a>&nbsp;&nbsp;&nbsp;send_status_to_host
</UL>
<BR>[Called By]<UL><LI><a href="#[215628c]">&gt;&gt;</a>&nbsp;&nbsp;&nbsp;ata_write_buffer
<LI><a href="#[21562c8]">&gt;&gt;</a>&nbsp;&nbsp;&nbsp;ata_read_buffer
<LI><a href="#[21568a4]">&gt;&gt;</a>&nbsp;&nbsp;&nbsp;ata_identify_device
</UL>

<P><STRONG><a name="[21562c8]"></a>ata_read_buffer</STRONG> (ARM, 32 bytes, Stack size 12 bytes, sata_cmd.o(.text))
<BR><BR>[Stack]<UL><LI>Max Depth = 44<LI>Call Chain = ata_read_buffer &rArr; pio_sector_transfer &rArr; send_status_to_host
</UL>
<BR>[Calls]<UL><LI><a href="#[21567f0]">&gt;&gt;</a>&nbsp;&nbsp;&nbsp;pio_sector_transfer
</UL>
<BR>[Address Reference Count : 1]<UL><LI> sata_table.o(.constdata)
</UL>
<P><STRONG><a name="[215628c]"></a>ata_write_buffer</STRONG> (ARM, 32 bytes, Stack size 12 bytes, sata_cmd.o(.text))
<BR><BR>[Stack]<UL><LI>Max Depth = 44<LI>Call Chain = ata_write_buffer &rArr; pio_sector_transfer &rArr; send_status_to_host
</UL>
<BR>[Calls]<UL><LI><a href="#[21567f0]">&gt;&gt;</a>&nbsp;&nbsp;&nbsp;pio_sector_transfer
</UL>
<BR>[Address Reference Count : 1]<UL><LI> sata_table.o(.constdata)
</UL>
<P><STRONG><a name="[2156250]"></a>ata_standby</STRONG> (ARM, 32 bytes, Stack size 16 bytes, sata_cmd.o(.text))
<BR><BR>[Stack]<UL><LI>Max Depth = 888 + Unknown Stack Size
<LI>Call Chain = ata_standby &rArr; ftl_flush &rArr; flush_merge_buffer &rArr; get_free_page &rArr; garbage_collection &rArr; get_psn &rArr; load_smt_piece &rArr; flush_smt_piece &rArr; nand_block_erase &rArr; uart_printf &rArr; vsnprintf &rArr; _printf_char_common &rArr; __printf
</UL>
<BR>[Calls]<UL><LI><a href="#[2156430]">&gt;&gt;</a>&nbsp;&nbsp;&nbsp;send_status_to_host
<LI><a href="#[2157420]">&gt;&gt;</a>&nbsp;&nbsp;&nbsp;ftl_flush
</UL>
<BR>[Address Reference Count : 1]<UL><LI> sata_table.o(.constdata)
</UL>
<P><STRONG><a name="[2156214]"></a>ata_standby_immediate</STRONG> (ARM, 32 bytes, Stack size 16 bytes, sata_cmd.o(.text))
<BR><BR>[Stack]<UL><LI>Max Depth = 888 + Unknown Stack Size
<LI>Call Chain = ata_standby_immediate &rArr; ftl_flush &rArr; flush_merge_buffer &rArr; get_free_page &rArr; garbage_collection &rArr; get_psn &rArr; load_smt_piece &rArr; flush_smt_piece &rArr; nand_block_erase &rArr; uart_printf &rArr; vsnprintf &rArr; _printf_char_common &rArr; __printf
</UL>
<BR>[Calls]<UL><LI><a href="#[2156430]">&gt;&gt;</a>&nbsp;&nbsp;&nbsp;send_status_to_host
<LI><a href="#[2157420]">&gt;&gt;</a>&nbsp;&nbsp;&nbsp;ftl_flush
</UL>
<BR>[Address Reference Count : 1]<UL><LI> sata_table.o(.constdata)
</UL>
<P><STRONG><a name="[21561d8]"></a>ata_idle</STRONG> (ARM, 32 bytes, Stack size 16 bytes, sata_cmd.o(.text))
<BR><BR>[Stack]<UL><LI>Max Depth = 888 + Unknown Stack Size
<LI>Call Chain = ata_idle &rArr; ftl_flush &rArr; flush_merge_buffer &rArr; get_free_page &rArr; garbage_collection &rArr; get_psn &rArr; load_smt_piece &rArr; flush_smt_piece &rArr; nand_block_erase &rArr; uart_printf &rArr; vsnprintf &rArr; _printf_char_common &rArr; __printf
</UL>
<BR>[Calls]<UL><LI><a href="#[2156430]">&gt;&gt;</a>&nbsp;&nbsp;&nbsp;send_status_to_host
<LI><a href="#[2157420]">&gt;&gt;</a>&nbsp;&nbsp;&nbsp;ftl_flush
</UL>
<BR>[Address Reference Count : 1]<UL><LI> sata_table.o(.constdata)
</UL>
<P><STRONG><a name="[215619c]"></a>ata_idle_immediate</STRONG> (ARM, 32 bytes, Stack size 16 bytes, sata_cmd.o(.text))
<BR><BR>[Stack]<UL><LI>Max Depth = 888 + Unknown Stack Size
<LI>Call Chain = ata_idle_immediate &rArr; ftl_flush &rArr; flush_merge_buffer &rArr; get_free_page &rArr; garbage_collection &rArr; get_psn &rArr; load_smt_piece &rArr; flush_smt_piece &rArr; nand_block_erase &rArr; uart_printf &rArr; vsnprintf &rArr; _printf_char_common &rArr; __printf
</UL>
<BR>[Calls]<UL><LI><a href="#[2156430]">&gt;&gt;</a>&nbsp;&nbsp;&nbsp;send_status_to_host
<LI><a href="#[2157420]">&gt;&gt;</a>&nbsp;&nbsp;&nbsp;ftl_flush
</UL>
<BR>[Address Reference Count : 1]<UL><LI> sata_table.o(.constdata)
</UL>
<P><STRONG><a name="[2156160]"></a>ata_sleep</STRONG> (ARM, 28 bytes, Stack size 12 bytes, sata_cmd.o(.text))
<BR><BR>[Stack]<UL><LI>Max Depth = 16<LI>Call Chain = ata_sleep &rArr; send_status_to_host
</UL>
<BR>[Calls]<UL><LI><a href="#[2156430]">&gt;&gt;</a>&nbsp;&nbsp;&nbsp;send_status_to_host
</UL>
<BR>[Address Reference Count : 1]<UL><LI> sata_table.o(.constdata)
</UL>
<P><STRONG><a name="[2156124]"></a>ata_read_native_max_address</STRONG> (ARM, 248 bytes, Stack size 12 bytes, sata_cmd.o(.text))
<BR><BR>[Stack]<UL><LI>Max Depth = 12<LI>Call Chain = ata_read_native_max_address
</UL>
<BR>[Address Reference Count : 1]<UL><LI> sata_table.o(.constdata)
</UL>
<P><STRONG><a name="[21560e8]"></a>ata_nop</STRONG> (ARM, 28 bytes, Stack size 12 bytes, sata_cmd.o(.text))
<BR><BR>[Stack]<UL><LI>Max Depth = 16<LI>Call Chain = ata_nop &rArr; send_status_to_host
</UL>
<BR>[Calls]<UL><LI><a href="#[2156430]">&gt;&gt;</a>&nbsp;&nbsp;&nbsp;send_status_to_host
</UL>
<BR>[Address Reference Count : 1]<UL><LI> sata_table.o(.constdata)
</UL>
<P><STRONG><a name="[21560ac]"></a>ata_initialize_device_parameters</STRONG> (ARM, 160 bytes, Stack size 16 bytes, sata_cmd.o(.text))
<BR><BR>[Stack]<UL><LI>Max Depth = 24<LI>Call Chain = ata_initialize_device_parameters &rArr; __aeabi_idivmod
</UL>
<BR>[Calls]<UL><LI><a href="#[214f680]">&gt;&gt;</a>&nbsp;&nbsp;&nbsp;__aeabi_idivmod
<LI><a href="#[2156430]">&gt;&gt;</a>&nbsp;&nbsp;&nbsp;send_status_to_host
</UL>
<BR>[Address Reference Count : 1]<UL><LI> sata_table.o(.constdata)
</UL>
<P><STRONG><a name="[2156070]"></a>ata_recalibrate</STRONG> (ARM, 28 bytes, Stack size 12 bytes, sata_cmd.o(.text))
<BR><BR>[Stack]<UL><LI>Max Depth = 16<LI>Call Chain = ata_recalibrate &rArr; send_status_to_host
</UL>
<BR>[Calls]<UL><LI><a href="#[2156430]">&gt;&gt;</a>&nbsp;&nbsp;&nbsp;send_status_to_host
</UL>
<BR>[Address Reference Count : 1]<UL><LI> sata_table.o(.constdata)
</UL>
<P><STRONG><a name="[2156034]"></a>ata_not_supported</STRONG> (ARM, 28 bytes, Stack size 12 bytes, sata_cmd.o(.text))
<BR><BR>[Stack]<UL><LI>Max Depth = 16<LI>Call Chain = ata_not_supported &rArr; send_status_to_host
</UL>
<BR>[Calls]<UL><LI><a href="#[2156430]">&gt;&gt;</a>&nbsp;&nbsp;&nbsp;send_status_to_host
</UL>
<BR>[Address Reference Count : 1]<UL><LI> sata_main.o(.text)
</UL>
<P><STRONG><a name="[2155ff8]"></a>ata_srst</STRONG> (ARM, 156 bytes, Stack size 16 bytes, sata_cmd.o(.text))
<BR><BR>[Stack]<UL><LI>Max Depth = 16<LI>Call Chain = ata_srst
</UL>
<BR>[Calls]<UL><LI><a href="#[2155f44]">&gt;&gt;</a>&nbsp;&nbsp;&nbsp;delay
</UL>
<BR>[Called By]<UL><LI><a href="#[2155fbc]">&gt;&gt;</a>&nbsp;&nbsp;&nbsp;ata_execute_drive_diagnostics
</UL>
<BR>[Address Reference Count : 1]<UL><LI> sata_table.o(.constdata)
</UL>
<P><STRONG><a name="[2155fbc]"></a>ata_execute_drive_diagnostics</STRONG> (ARM, 32 bytes, Stack size 16 bytes, sata_cmd.o(.text))
<BR><BR>[Stack]<UL><LI>Max Depth = 32<LI>Call Chain = ata_execute_drive_diagnostics &rArr; ata_srst
</UL>
<BR>[Calls]<UL><LI><a href="#[2155ff8]">&gt;&gt;</a>&nbsp;&nbsp;&nbsp;ata_srst
</UL>
<BR>[Address Reference Count : 1]<UL><LI> sata_table.o(.constdata)
</UL>
<P><STRONG><a name="[2159220]"></a>fiq_handler</STRONG> (ARM, 1792 bytes, Stack size 64 bytes, sata_isr.o(.text), UNUSED)
<BR><BR>[Calls]<UL><LI><a href="#[2156430]">&gt;&gt;</a>&nbsp;&nbsp;&nbsp;send_status_to_host
<LI><a href="#[2156e80]">&gt;&gt;</a>&nbsp;&nbsp;&nbsp;led_blink
</UL>

<P><STRONG><a name="[215925c]"></a>Main</STRONG> (ARM, 208 bytes, Stack size 40 bytes, sata_main.o(.text), UNUSED, KEPT)
<BR><BR>[Stack]<UL><LI>Max Depth = 968 + Unknown Stack Size
<LI>Call Chain = Main &rArr; ftl_write &rArr; ftl_write_sector &rArr; get_free_page &rArr; garbage_collection &rArr; get_psn &rArr; load_smt_piece &rArr; flush_smt_piece &rArr; nand_block_erase &rArr; uart_printf &rArr; vsnprintf &rArr; _printf_char_common &rArr; __printf
</UL>
<BR>[Calls]<UL><LI><a href="#[2155788]">&gt;&gt;</a>&nbsp;&nbsp;&nbsp;eventq_get
<LI><a href="#[21557c4]">&gt;&gt;</a>&nbsp;&nbsp;&nbsp;eventq_get_count
<LI><a href="#[2157150]">&gt;&gt;</a>&nbsp;&nbsp;&nbsp;_mem_search_equ
<LI><a href="#[21572f4]">&gt;&gt;</a>&nbsp;&nbsp;&nbsp;ftl_write
<LI><a href="#[215736c]">&gt;&gt;</a>&nbsp;&nbsp;&nbsp;ftl_read
</UL>
<BR>[Called By]<UL><LI><a href="#[215970c]">&gt;&gt;</a>&nbsp;&nbsp;&nbsp;reset_handler
</UL>

<P><STRONG><a name="[2155f44]"></a>delay</STRONG> (ARM, 32 bytes, Stack size 0 bytes, sata_main.o(.text))
<BR><BR>[Called By]<UL><LI><a href="#[2152f38]">&gt;&gt;</a>&nbsp;&nbsp;&nbsp;swi_handler
<LI><a href="#[2155440]">&gt;&gt;</a>&nbsp;&nbsp;&nbsp;sata_reset
<LI><a href="#[2155ff8]">&gt;&gt;</a>&nbsp;&nbsp;&nbsp;ata_srst
<LI><a href="#[2156e80]">&gt;&gt;</a>&nbsp;&nbsp;&nbsp;led_blink
<LI><a href="#[21591e4]">&gt;&gt;</a>&nbsp;&nbsp;&nbsp;init_jasmine
</UL>

<P><STRONG><a name="[2155440]"></a>sata_reset</STRONG> (ARM, 336 bytes, Stack size 8 bytes, sata_main.o(.text), UNUSED)
<BR><BR>[Calls]<UL><LI><a href="#[2155404]">&gt;&gt;</a>&nbsp;&nbsp;&nbsp;_mem_set_sram
<LI><a href="#[2155f44]">&gt;&gt;</a>&nbsp;&nbsp;&nbsp;delay
<LI><a href="#[2159658]">&gt;&gt;</a>&nbsp;&nbsp;&nbsp;enable_interrupt
<LI><a href="#[2159694]">&gt;&gt;</a>&nbsp;&nbsp;&nbsp;disable_interrupt
</UL>

<P><STRONG><a name="[215718c]"></a>_mem_copy</STRONG> (ARM, 324 bytes, Stack size 32 bytes, mem_util.o(.text))
<BR><BR>[Stack]<UL><LI>Max Depth = 448 + Unknown Stack Size
<LI>Call Chain = _mem_copy &rArr; uart_printf &rArr; vsnprintf &rArr; _printf_char_common &rArr; __printf
</UL>
<BR>[Calls]<UL><LI><a href="#[2156d90]">&gt;&gt;</a>&nbsp;&nbsp;&nbsp;uart_printf
<LI><a href="#[2156e80]">&gt;&gt;</a>&nbsp;&nbsp;&nbsp;led_blink
</UL>
<BR>[Called By]<UL><LI><a href="#[21549b4]">&gt;&gt;</a>&nbsp;&nbsp;&nbsp;_clr_bit_dram
<LI><a href="#[21549f0]">&gt;&gt;</a>&nbsp;&nbsp;&nbsp;_set_bit_dram
<LI><a href="#[2154a2c]">&gt;&gt;</a>&nbsp;&nbsp;&nbsp;_write_dram_8
<LI><a href="#[21568a4]">&gt;&gt;</a>&nbsp;&nbsp;&nbsp;ata_identify_device
<LI><a href="#[2156fe8]">&gt;&gt;</a>&nbsp;&nbsp;&nbsp;_write_dram_32
<LI><a href="#[2157024]">&gt;&gt;</a>&nbsp;&nbsp;&nbsp;_write_dram_16
<LI><a href="#[2157330]">&gt;&gt;</a>&nbsp;&nbsp;&nbsp;ftl_write_sector
<LI><a href="#[21573a8]">&gt;&gt;</a>&nbsp;&nbsp;&nbsp;ftl_read_sector
<LI><a href="#[2158aa0]">&gt;&gt;</a>&nbsp;&nbsp;&nbsp;garbage_collection
<LI><a href="#[2158cf8]">&gt;&gt;</a>&nbsp;&nbsp;&nbsp;loading_misc_meta
<LI><a href="#[2158d34]">&gt;&gt;</a>&nbsp;&nbsp;&nbsp;logging_misc_meta
</UL>

<P><STRONG><a name="[2154aa4]"></a>_mem_bmp_find_sram</STRONG> (ARM, 352 bytes, Stack size 24 bytes, mem_util.o(.text), UNUSED)
<BR><BR>[Calls]<UL><LI><a href="#[2156d90]">&gt;&gt;</a>&nbsp;&nbsp;&nbsp;uart_printf
<LI><a href="#[2156e80]">&gt;&gt;</a>&nbsp;&nbsp;&nbsp;led_blink
</UL>

<P><STRONG><a name="[2154a68]"></a>_mem_bmp_find_dram</STRONG> (ARM, 292 bytes, Stack size 24 bytes, mem_util.o(.text), UNUSED)
<BR><BR>[Calls]<UL><LI><a href="#[2156d90]">&gt;&gt;</a>&nbsp;&nbsp;&nbsp;uart_printf
<LI><a href="#[2156e80]">&gt;&gt;</a>&nbsp;&nbsp;&nbsp;led_blink
</UL>

<P><STRONG><a name="[2155404]"></a>_mem_set_sram</STRONG> (ARM, 240 bytes, Stack size 24 bytes, mem_util.o(.text), UNUSED, KEPT)
<BR><BR>[Stack]<UL><LI>Max Depth = 440 + Unknown Stack Size
<LI>Call Chain = _mem_set_sram &rArr; uart_printf &rArr; vsnprintf &rArr; _printf_char_common &rArr; __printf
</UL>
<BR>[Calls]<UL><LI><a href="#[2156d90]">&gt;&gt;</a>&nbsp;&nbsp;&nbsp;uart_printf
<LI><a href="#[2156e80]">&gt;&gt;</a>&nbsp;&nbsp;&nbsp;led_blink
</UL>
<BR>[Called By]<UL><LI><a href="#[2152efc]">&gt;&gt;</a>&nbsp;&nbsp;&nbsp;test_nand_blocks
<LI><a href="#[2155440]">&gt;&gt;</a>&nbsp;&nbsp;&nbsp;sata_reset
<LI><a href="#[21591e4]">&gt;&gt;</a>&nbsp;&nbsp;&nbsp;init_jasmine
</UL>

<P><STRONG><a name="[21570d8]"></a>_mem_set_dram</STRONG> (ARM, 236 bytes, Stack size 24 bytes, mem_util.o(.text))
<BR><BR>[Stack]<UL><LI>Max Depth = 440 + Unknown Stack Size
<LI>Call Chain = _mem_set_dram &rArr; uart_printf &rArr; vsnprintf &rArr; _printf_char_common &rArr; __printf
</UL>
<BR>[Calls]<UL><LI><a href="#[2156d90]">&gt;&gt;</a>&nbsp;&nbsp;&nbsp;uart_printf
<LI><a href="#[2156e80]">&gt;&gt;</a>&nbsp;&nbsp;&nbsp;led_blink
</UL>
<BR>[Called By]<UL><LI><a href="#[2152254]">&gt;&gt;</a>&nbsp;&nbsp;&nbsp;tc_write_seq
<LI><a href="#[2152290]">&gt;&gt;</a>&nbsp;&nbsp;&nbsp;tc_write_rand
<LI><a href="#[2152efc]">&gt;&gt;</a>&nbsp;&nbsp;&nbsp;test_nand_blocks
<LI><a href="#[21573a8]">&gt;&gt;</a>&nbsp;&nbsp;&nbsp;ftl_read_sector
<LI><a href="#[21573e4]">&gt;&gt;</a>&nbsp;&nbsp;&nbsp;ftl_open
<LI><a href="#[2158bcc]">&gt;&gt;</a>&nbsp;&nbsp;&nbsp;write_format_mark
<LI><a href="#[2158c80]">&gt;&gt;</a>&nbsp;&nbsp;&nbsp;load_smt_piece
<LI><a href="#[2158d34]">&gt;&gt;</a>&nbsp;&nbsp;&nbsp;logging_misc_meta
<LI><a href="#[21591e4]">&gt;&gt;</a>&nbsp;&nbsp;&nbsp;init_jasmine
</UL>

<P><STRONG><a name="[2157114]"></a>_mem_search_min_max</STRONG> (ARM, 232 bytes, Stack size 24 bytes, mem_util.o(.text))
<BR><BR>[Stack]<UL><LI>Max Depth = 440 + Unknown Stack Size
<LI>Call Chain = _mem_search_min_max &rArr; uart_printf &rArr; vsnprintf &rArr; _printf_char_common &rArr; __printf
</UL>
<BR>[Calls]<UL><LI><a href="#[2156d90]">&gt;&gt;</a>&nbsp;&nbsp;&nbsp;uart_printf
<LI><a href="#[2156e80]">&gt;&gt;</a>&nbsp;&nbsp;&nbsp;led_blink
</UL>
<BR>[Called By]<UL><LI><a href="#[2158adc]">&gt;&gt;</a>&nbsp;&nbsp;&nbsp;get_victim_blk
<LI><a href="#[2158d34]">&gt;&gt;</a>&nbsp;&nbsp;&nbsp;logging_misc_meta
</UL>

<P><STRONG><a name="[2157150]"></a>_mem_search_equ</STRONG> (ARM, 248 bytes, Stack size 32 bytes, mem_util.o(.text))
<BR><BR>[Stack]<UL><LI>Max Depth = 448 + Unknown Stack Size
<LI>Call Chain = _mem_search_equ &rArr; uart_printf &rArr; vsnprintf &rArr; _printf_char_common &rArr; __printf
</UL>
<BR>[Calls]<UL><LI><a href="#[2156d90]">&gt;&gt;</a>&nbsp;&nbsp;&nbsp;uart_printf
<LI><a href="#[2156e80]">&gt;&gt;</a>&nbsp;&nbsp;&nbsp;led_blink
</UL>
<BR>[Called By]<UL><LI><a href="#[2158b54]">&gt;&gt;</a>&nbsp;&nbsp;&nbsp;is_bad_block
<LI><a href="#[2158d34]">&gt;&gt;</a>&nbsp;&nbsp;&nbsp;logging_misc_meta
<LI><a href="#[215925c]">&gt;&gt;</a>&nbsp;&nbsp;&nbsp;Main
</UL>

<P><STRONG><a name="[2156fe8]"></a>_write_dram_32</STRONG> (ARM, 96 bytes, Stack size 16 bytes, mem_util.o(.text))
<BR><BR>[Stack]<UL><LI>Max Depth = 464 + Unknown Stack Size
<LI>Call Chain = _write_dram_32 &rArr; _mem_copy &rArr; uart_printf &rArr; vsnprintf &rArr; _printf_char_common &rArr; __printf
</UL>
<BR>[Calls]<UL><LI><a href="#[2156d90]">&gt;&gt;</a>&nbsp;&nbsp;&nbsp;uart_printf
<LI><a href="#[2156e80]">&gt;&gt;</a>&nbsp;&nbsp;&nbsp;led_blink
<LI><a href="#[215718c]">&gt;&gt;</a>&nbsp;&nbsp;&nbsp;_mem_copy
</UL>
<BR>[Called By]<UL><LI><a href="#[2157330]">&gt;&gt;</a>&nbsp;&nbsp;&nbsp;ftl_write_sector
<LI><a href="#[2158a28]">&gt;&gt;</a>&nbsp;&nbsp;&nbsp;format
<LI><a href="#[2158b90]">&gt;&gt;</a>&nbsp;&nbsp;&nbsp;set_psn
<LI><a href="#[2158d34]">&gt;&gt;</a>&nbsp;&nbsp;&nbsp;logging_misc_meta
</UL>

<P><STRONG><a name="[2157024]"></a>_write_dram_16</STRONG> (ARM, 160 bytes, Stack size 32 bytes, mem_util.o(.text))
<BR><BR>[Stack]<UL><LI>Max Depth = 480 + Unknown Stack Size
<LI>Call Chain = _write_dram_16 &rArr; _mem_copy &rArr; uart_printf &rArr; vsnprintf &rArr; _printf_char_common &rArr; __printf
</UL>
<BR>[Calls]<UL><LI><a href="#[2156d90]">&gt;&gt;</a>&nbsp;&nbsp;&nbsp;uart_printf
<LI><a href="#[2156e80]">&gt;&gt;</a>&nbsp;&nbsp;&nbsp;led_blink
<LI><a href="#[215718c]">&gt;&gt;</a>&nbsp;&nbsp;&nbsp;_mem_copy
</UL>
<BR>[Called By]<UL><LI><a href="#[21573e4]">&gt;&gt;</a>&nbsp;&nbsp;&nbsp;ftl_open
<LI><a href="#[2158d34]">&gt;&gt;</a>&nbsp;&nbsp;&nbsp;logging_misc_meta
</UL>

<P><STRONG><a name="[2154a2c]"></a>_write_dram_8</STRONG> (ARM, 160 bytes, Stack size 32 bytes, mem_util.o(.text), UNUSED)
<BR><BR>[Calls]<UL><LI><a href="#[2156d90]">&gt;&gt;</a>&nbsp;&nbsp;&nbsp;uart_printf
<LI><a href="#[2156e80]">&gt;&gt;</a>&nbsp;&nbsp;&nbsp;led_blink
<LI><a href="#[215718c]">&gt;&gt;</a>&nbsp;&nbsp;&nbsp;_mem_copy
</UL>

<P><STRONG><a name="[21549f0]"></a>_set_bit_dram</STRONG> (ARM, 164 bytes, Stack size 32 bytes, mem_util.o(.text), UNUSED)
<BR><BR>[Calls]<UL><LI><a href="#[2156d90]">&gt;&gt;</a>&nbsp;&nbsp;&nbsp;uart_printf
<LI><a href="#[2156e80]">&gt;&gt;</a>&nbsp;&nbsp;&nbsp;led_blink
<LI><a href="#[215718c]">&gt;&gt;</a>&nbsp;&nbsp;&nbsp;_mem_copy
</UL>

<P><STRONG><a name="[21549b4]"></a>_clr_bit_dram</STRONG> (ARM, 164 bytes, Stack size 32 bytes, mem_util.o(.text), UNUSED)
<BR><BR>[Calls]<UL><LI><a href="#[2156d90]">&gt;&gt;</a>&nbsp;&nbsp;&nbsp;uart_printf
<LI><a href="#[2156e80]">&gt;&gt;</a>&nbsp;&nbsp;&nbsp;led_blink
<LI><a href="#[215718c]">&gt;&gt;</a>&nbsp;&nbsp;&nbsp;_mem_copy
</UL>

<P><STRONG><a name="[2154978]"></a>_tst_bit_dram</STRONG> (ARM, 136 bytes, Stack size 32 bytes, mem_util.o(.text), UNUSED)
<BR><BR>[Calls]<UL><LI><a href="#[2156d90]">&gt;&gt;</a>&nbsp;&nbsp;&nbsp;uart_printf
<LI><a href="#[2156e80]">&gt;&gt;</a>&nbsp;&nbsp;&nbsp;led_blink
</UL>

<P><STRONG><a name="[215493c]"></a>_read_dram_8</STRONG> (ARM, 128 bytes, Stack size 24 bytes, mem_util.o(.text), UNUSED)
<BR><BR>[Calls]<UL><LI><a href="#[2156d90]">&gt;&gt;</a>&nbsp;&nbsp;&nbsp;uart_printf
<LI><a href="#[2156e80]">&gt;&gt;</a>&nbsp;&nbsp;&nbsp;led_blink
</UL>
<BR>[Called By]<UL><LI><a href="#[21548c4]">&gt;&gt;</a>&nbsp;&nbsp;&nbsp;_mem_cmp_dram
</UL>

<P><STRONG><a name="[215709c]"></a>_read_dram_16</STRONG> (ARM, 132 bytes, Stack size 24 bytes, mem_util.o(.text))
<BR><BR>[Stack]<UL><LI>Max Depth = 440 + Unknown Stack Size
<LI>Call Chain = _read_dram_16 &rArr; uart_printf &rArr; vsnprintf &rArr; _printf_char_common &rArr; __printf
</UL>
<BR>[Calls]<UL><LI><a href="#[2156d90]">&gt;&gt;</a>&nbsp;&nbsp;&nbsp;uart_printf
<LI><a href="#[2156e80]">&gt;&gt;</a>&nbsp;&nbsp;&nbsp;led_blink
</UL>
<BR>[Called By]<UL><LI><a href="#[21573e4]">&gt;&gt;</a>&nbsp;&nbsp;&nbsp;ftl_open
<LI><a href="#[2158d34]">&gt;&gt;</a>&nbsp;&nbsp;&nbsp;logging_misc_meta
</UL>

<P><STRONG><a name="[2157060]"></a>_read_dram_32</STRONG> (ARM, 140 bytes, Stack size 16 bytes, mem_util.o(.text))
<BR><BR>[Stack]<UL><LI>Max Depth = 432 + Unknown Stack Size
<LI>Call Chain = _read_dram_32 &rArr; uart_printf &rArr; vsnprintf &rArr; _printf_char_common &rArr; __printf
</UL>
<BR>[Calls]<UL><LI><a href="#[2156d90]">&gt;&gt;</a>&nbsp;&nbsp;&nbsp;uart_printf
<LI><a href="#[2156e80]">&gt;&gt;</a>&nbsp;&nbsp;&nbsp;led_blink
</UL>
<BR>[Called By]<UL><LI><a href="#[2152254]">&gt;&gt;</a>&nbsp;&nbsp;&nbsp;tc_write_seq
<LI><a href="#[2152290]">&gt;&gt;</a>&nbsp;&nbsp;&nbsp;tc_write_rand
<LI><a href="#[2157330]">&gt;&gt;</a>&nbsp;&nbsp;&nbsp;ftl_write_sector
<LI><a href="#[2158aa0]">&gt;&gt;</a>&nbsp;&nbsp;&nbsp;garbage_collection
<LI><a href="#[2158b18]">&gt;&gt;</a>&nbsp;&nbsp;&nbsp;get_psn
<LI><a href="#[2158d34]">&gt;&gt;</a>&nbsp;&nbsp;&nbsp;logging_misc_meta
</UL>

<P><STRONG><a name="[2154900]"></a>_mem_cmp_sram</STRONG> (ARM, 212 bytes, Stack size 40 bytes, mem_util.o(.text), UNUSED)
<BR><BR>[Calls]<UL><LI><a href="#[2156d90]">&gt;&gt;</a>&nbsp;&nbsp;&nbsp;uart_printf
<LI><a href="#[2156e80]">&gt;&gt;</a>&nbsp;&nbsp;&nbsp;led_blink
</UL>

<P><STRONG><a name="[21548c4]"></a>_mem_cmp_dram</STRONG> (ARM, 260 bytes, Stack size 40 bytes, mem_util.o(.text), UNUSED)
<BR><BR>[Calls]<UL><LI><a href="#[215493c]">&gt;&gt;</a>&nbsp;&nbsp;&nbsp;_read_dram_8
<LI><a href="#[2156d90]">&gt;&gt;</a>&nbsp;&nbsp;&nbsp;uart_printf
<LI><a href="#[2156e80]">&gt;&gt;</a>&nbsp;&nbsp;&nbsp;led_blink
</UL>

<P><STRONG><a name="[2156ef8]"></a>flash_issue_cmd</STRONG> (ARM, 116 bytes, Stack size 0 bytes, flash.o(.text))
<BR><BR>[Called By]<UL><LI><a href="#[2153be0]">&gt;&gt;</a>&nbsp;&nbsp;&nbsp;nand_block_erase_sync
<LI><a href="#[2153c1c]">&gt;&gt;</a>&nbsp;&nbsp;&nbsp;nand_page_modified_copyback
<LI><a href="#[2153c58]">&gt;&gt;</a>&nbsp;&nbsp;&nbsp;nand_page_copyback
<LI><a href="#[2153c94]">&gt;&gt;</a>&nbsp;&nbsp;&nbsp;nand_page_ptprogram_from_host
<LI><a href="#[2153cd0]">&gt;&gt;</a>&nbsp;&nbsp;&nbsp;nand_page_program_from_host
<LI><a href="#[2153d0c]">&gt;&gt;</a>&nbsp;&nbsp;&nbsp;nand_page_program
<LI><a href="#[2153d48]">&gt;&gt;</a>&nbsp;&nbsp;&nbsp;nand_page_ptread_to_host
<LI><a href="#[2153d84]">&gt;&gt;</a>&nbsp;&nbsp;&nbsp;nand_page_read_to_host
<LI><a href="#[2153dc0]">&gt;&gt;</a>&nbsp;&nbsp;&nbsp;nand_page_read
<LI><a href="#[2154180]">&gt;&gt;</a>&nbsp;&nbsp;&nbsp;flash_reset
<LI><a href="#[2156dcc]">&gt;&gt;</a>&nbsp;&nbsp;&nbsp;nand_page_ptread
<LI><a href="#[2156e08]">&gt;&gt;</a>&nbsp;&nbsp;&nbsp;nand_page_ptprogram
<LI><a href="#[2156e44]">&gt;&gt;</a>&nbsp;&nbsp;&nbsp;nand_block_erase
<LI><a href="#[2157330]">&gt;&gt;</a>&nbsp;&nbsp;&nbsp;ftl_write_sector
<LI><a href="#[21573a8]">&gt;&gt;</a>&nbsp;&nbsp;&nbsp;ftl_read_sector
<LI><a href="#[21573e4]">&gt;&gt;</a>&nbsp;&nbsp;&nbsp;ftl_open
<LI><a href="#[215745c]">&gt;&gt;</a>&nbsp;&nbsp;&nbsp;flush_merge_buffer
<LI><a href="#[2158c80]">&gt;&gt;</a>&nbsp;&nbsp;&nbsp;load_smt_piece
<LI><a href="#[2158cbc]">&gt;&gt;</a>&nbsp;&nbsp;&nbsp;flush_smt_piece
<LI><a href="#[2158d34]">&gt;&gt;</a>&nbsp;&nbsp;&nbsp;logging_misc_meta
<LI><a href="#[21591e4]">&gt;&gt;</a>&nbsp;&nbsp;&nbsp;init_jasmine
</UL>

<P><STRONG><a name="[2154234]"></a>flash_copy</STRONG> (ARM, 128 bytes, Stack size 0 bytes, flash.o(.text), UNUSED)

<P><STRONG><a name="[21541f8]"></a>flash_modify_copy</STRONG> (ARM, 156 bytes, Stack size 12 bytes, flash.o(.text), UNUSED)

<P><STRONG><a name="[21541bc]"></a>flash_erase</STRONG> (ARM, 172 bytes, Stack size 16 bytes, flash.o(.text), UNUSED)
<BR><BR>[Calls]<UL><LI><a href="#[2156d90]">&gt;&gt;</a>&nbsp;&nbsp;&nbsp;uart_printf
<LI><a href="#[2156e80]">&gt;&gt;</a>&nbsp;&nbsp;&nbsp;led_blink
</UL>

<P><STRONG><a name="[2156f34]"></a>flash_finish</STRONG> (ARM, 24 bytes, Stack size 0 bytes, flash.o(.text))
<BR><BR>[Called By]<UL><LI><a href="#[2152254]">&gt;&gt;</a>&nbsp;&nbsp;&nbsp;tc_write_seq
<LI><a href="#[2152290]">&gt;&gt;</a>&nbsp;&nbsp;&nbsp;tc_write_rand
<LI><a href="#[2154180]">&gt;&gt;</a>&nbsp;&nbsp;&nbsp;flash_reset
<LI><a href="#[2158c44]">&gt;&gt;</a>&nbsp;&nbsp;&nbsp;logging_map_table
<LI><a href="#[2158cf8]">&gt;&gt;</a>&nbsp;&nbsp;&nbsp;loading_misc_meta
<LI><a href="#[2158d34]">&gt;&gt;</a>&nbsp;&nbsp;&nbsp;logging_misc_meta
</UL>

<P><STRONG><a name="[2156f70]"></a>flash_clear_irq</STRONG> (ARM, 48 bytes, Stack size 0 bytes, flash.o(.text))
<BR><BR>[Called By]<UL><LI><a href="#[2152efc]">&gt;&gt;</a>&nbsp;&nbsp;&nbsp;test_nand_blocks
<LI><a href="#[2154180]">&gt;&gt;</a>&nbsp;&nbsp;&nbsp;flash_reset
<LI><a href="#[21573e4]">&gt;&gt;</a>&nbsp;&nbsp;&nbsp;ftl_open
<LI><a href="#[21589b0]">&gt;&gt;</a>&nbsp;&nbsp;&nbsp;check_format_mark
<LI><a href="#[2158cf8]">&gt;&gt;</a>&nbsp;&nbsp;&nbsp;loading_misc_meta
<LI><a href="#[2158d34]">&gt;&gt;</a>&nbsp;&nbsp;&nbsp;logging_misc_meta
<LI><a href="#[21591e4]">&gt;&gt;</a>&nbsp;&nbsp;&nbsp;init_jasmine
</UL>

<P><STRONG><a name="[2154180]"></a>flash_reset</STRONG> (ARM, 444 bytes, Stack size 28 bytes, flash.o(.text), UNUSED, KEPT)
<BR><BR>[Stack]<UL><LI>Max Depth = 28<LI>Call Chain = flash_reset
</UL>
<BR>[Calls]<UL><LI><a href="#[2156ef8]">&gt;&gt;</a>&nbsp;&nbsp;&nbsp;flash_issue_cmd
<LI><a href="#[2156f34]">&gt;&gt;</a>&nbsp;&nbsp;&nbsp;flash_finish
<LI><a href="#[2156f70]">&gt;&gt;</a>&nbsp;&nbsp;&nbsp;flash_clear_irq
</UL>
<BR>[Called By]<UL><LI><a href="#[21591e4]">&gt;&gt;</a>&nbsp;&nbsp;&nbsp;init_jasmine
</UL>

<P><STRONG><a name="[2153dc0]"></a>nand_page_read</STRONG> (ARM, 236 bytes, Stack size 24 bytes, flash_wrapper.o(.text), UNUSED)
<BR><BR>[Calls]<UL><LI><a href="#[2156d90]">&gt;&gt;</a>&nbsp;&nbsp;&nbsp;uart_printf
<LI><a href="#[2156e80]">&gt;&gt;</a>&nbsp;&nbsp;&nbsp;led_blink
<LI><a href="#[2156ef8]">&gt;&gt;</a>&nbsp;&nbsp;&nbsp;flash_issue_cmd
</UL>

<P><STRONG><a name="[2156dcc]"></a>nand_page_ptread</STRONG> (ARM, 316 bytes, Stack size 40 bytes, flash_wrapper.o(.text))
<BR><BR>[Stack]<UL><LI>Max Depth = 456 + Unknown Stack Size
<LI>Call Chain = nand_page_ptread &rArr; uart_printf &rArr; vsnprintf &rArr; _printf_char_common &rArr; __printf
</UL>
<BR>[Calls]<UL><LI><a href="#[2156d90]">&gt;&gt;</a>&nbsp;&nbsp;&nbsp;uart_printf
<LI><a href="#[2156e80]">&gt;&gt;</a>&nbsp;&nbsp;&nbsp;led_blink
<LI><a href="#[2156ef8]">&gt;&gt;</a>&nbsp;&nbsp;&nbsp;flash_issue_cmd
</UL>
<BR>[Called By]<UL><LI><a href="#[2158aa0]">&gt;&gt;</a>&nbsp;&nbsp;&nbsp;garbage_collection
<LI><a href="#[2158cf8]">&gt;&gt;</a>&nbsp;&nbsp;&nbsp;loading_misc_meta
<LI><a href="#[2158d34]">&gt;&gt;</a>&nbsp;&nbsp;&nbsp;logging_misc_meta
</UL>

<P><STRONG><a name="[2153d84]"></a>nand_page_read_to_host</STRONG> (ARM, 276 bytes, Stack size 24 bytes, flash_wrapper.o(.text), UNUSED)
<BR><BR>[Calls]<UL><LI><a href="#[214f608]">&gt;&gt;</a>&nbsp;&nbsp;&nbsp;__aeabi_uidivmod
<LI><a href="#[2156d90]">&gt;&gt;</a>&nbsp;&nbsp;&nbsp;uart_printf
<LI><a href="#[2156e80]">&gt;&gt;</a>&nbsp;&nbsp;&nbsp;led_blink
<LI><a href="#[2156ef8]">&gt;&gt;</a>&nbsp;&nbsp;&nbsp;flash_issue_cmd
</UL>

<P><STRONG><a name="[2153d48]"></a>nand_page_ptread_to_host</STRONG> (ARM, 284 bytes, Stack size 32 bytes, flash_wrapper.o(.text), UNUSED)
<BR><BR>[Calls]<UL><LI><a href="#[214f608]">&gt;&gt;</a>&nbsp;&nbsp;&nbsp;__aeabi_uidivmod
<LI><a href="#[2156d90]">&gt;&gt;</a>&nbsp;&nbsp;&nbsp;uart_printf
<LI><a href="#[2156e80]">&gt;&gt;</a>&nbsp;&nbsp;&nbsp;led_blink
<LI><a href="#[2156ef8]">&gt;&gt;</a>&nbsp;&nbsp;&nbsp;flash_issue_cmd
</UL>

<P><STRONG><a name="[2153d0c]"></a>nand_page_program</STRONG> (ARM, 236 bytes, Stack size 24 bytes, flash_wrapper.o(.text), UNUSED)
<BR><BR>[Calls]<UL><LI><a href="#[2156d90]">&gt;&gt;</a>&nbsp;&nbsp;&nbsp;uart_printf
<LI><a href="#[2156e80]">&gt;&gt;</a>&nbsp;&nbsp;&nbsp;led_blink
<LI><a href="#[2156ef8]">&gt;&gt;</a>&nbsp;&nbsp;&nbsp;flash_issue_cmd
</UL>

<P><STRONG><a name="[2156e08]"></a>nand_page_ptprogram</STRONG> (ARM, 244 bytes, Stack size 32 bytes, flash_wrapper.o(.text))
<BR><BR>[Stack]<UL><LI>Max Depth = 448 + Unknown Stack Size
<LI>Call Chain = nand_page_ptprogram &rArr; uart_printf &rArr; vsnprintf &rArr; _printf_char_common &rArr; __printf
</UL>
<BR>[Calls]<UL><LI><a href="#[2156d90]">&gt;&gt;</a>&nbsp;&nbsp;&nbsp;uart_printf
<LI><a href="#[2156e80]">&gt;&gt;</a>&nbsp;&nbsp;&nbsp;led_blink
<LI><a href="#[2156ef8]">&gt;&gt;</a>&nbsp;&nbsp;&nbsp;flash_issue_cmd
</UL>
<BR>[Called By]<UL><LI><a href="#[2158aa0]">&gt;&gt;</a>&nbsp;&nbsp;&nbsp;garbage_collection
<LI><a href="#[2158d34]">&gt;&gt;</a>&nbsp;&nbsp;&nbsp;logging_misc_meta
</UL>

<P><STRONG><a name="[2153cd0]"></a>nand_page_program_from_host</STRONG> (ARM, 276 bytes, Stack size 24 bytes, flash_wrapper.o(.text), UNUSED)
<BR><BR>[Calls]<UL><LI><a href="#[214f608]">&gt;&gt;</a>&nbsp;&nbsp;&nbsp;__aeabi_uidivmod
<LI><a href="#[2156d90]">&gt;&gt;</a>&nbsp;&nbsp;&nbsp;uart_printf
<LI><a href="#[2156e80]">&gt;&gt;</a>&nbsp;&nbsp;&nbsp;led_blink
<LI><a href="#[2156ef8]">&gt;&gt;</a>&nbsp;&nbsp;&nbsp;flash_issue_cmd
</UL>

<P><STRONG><a name="[2153c94]"></a>nand_page_ptprogram_from_host</STRONG> (ARM, 284 bytes, Stack size 32 bytes, flash_wrapper.o(.text), UNUSED)
<BR><BR>[Calls]<UL><LI><a href="#[214f608]">&gt;&gt;</a>&nbsp;&nbsp;&nbsp;__aeabi_uidivmod
<LI><a href="#[2156d90]">&gt;&gt;</a>&nbsp;&nbsp;&nbsp;uart_printf
<LI><a href="#[2156e80]">&gt;&gt;</a>&nbsp;&nbsp;&nbsp;led_blink
<LI><a href="#[2156ef8]">&gt;&gt;</a>&nbsp;&nbsp;&nbsp;flash_issue_cmd
</UL>

<P><STRONG><a name="[2153c58]"></a>nand_page_copyback</STRONG> (ARM, 564 bytes, Stack size 40 bytes, flash_wrapper.o(.text), UNUSED)
<BR><BR>[Calls]<UL><LI><a href="#[2156d90]">&gt;&gt;</a>&nbsp;&nbsp;&nbsp;uart_printf
<LI><a href="#[2156e80]">&gt;&gt;</a>&nbsp;&nbsp;&nbsp;led_blink
<LI><a href="#[2156ef8]">&gt;&gt;</a>&nbsp;&nbsp;&nbsp;flash_issue_cmd
</UL>

<P><STRONG><a name="[2153c1c]"></a>nand_page_modified_copyback</STRONG> (ARM, 760 bytes, Stack size 48 bytes, flash_wrapper.o(.text), UNUSED)
<BR><BR>[Calls]<UL><LI><a href="#[2156d90]">&gt;&gt;</a>&nbsp;&nbsp;&nbsp;uart_printf
<LI><a href="#[2156e80]">&gt;&gt;</a>&nbsp;&nbsp;&nbsp;led_blink
<LI><a href="#[2156ef8]">&gt;&gt;</a>&nbsp;&nbsp;&nbsp;flash_issue_cmd
</UL>

<P><STRONG><a name="[2156e44]"></a>nand_block_erase</STRONG> (ARM, 180 bytes, Stack size 16 bytes, flash_wrapper.o(.text))
<BR><BR>[Stack]<UL><LI>Max Depth = 432 + Unknown Stack Size
<LI>Call Chain = nand_block_erase &rArr; uart_printf &rArr; vsnprintf &rArr; _printf_char_common &rArr; __printf
</UL>
<BR>[Calls]<UL><LI><a href="#[2156d90]">&gt;&gt;</a>&nbsp;&nbsp;&nbsp;uart_printf
<LI><a href="#[2156e80]">&gt;&gt;</a>&nbsp;&nbsp;&nbsp;led_blink
<LI><a href="#[2156ef8]">&gt;&gt;</a>&nbsp;&nbsp;&nbsp;flash_issue_cmd
</UL>
<BR>[Called By]<UL><LI><a href="#[2158aa0]">&gt;&gt;</a>&nbsp;&nbsp;&nbsp;garbage_collection
<LI><a href="#[2158cbc]">&gt;&gt;</a>&nbsp;&nbsp;&nbsp;flush_smt_piece
<LI><a href="#[2158d34]">&gt;&gt;</a>&nbsp;&nbsp;&nbsp;logging_misc_meta
</UL>

<P><STRONG><a name="[2153be0]"></a>nand_block_erase_sync</STRONG> (ARM, 180 bytes, Stack size 16 bytes, flash_wrapper.o(.text), UNUSED)
<BR><BR>[Calls]<UL><LI><a href="#[2156d90]">&gt;&gt;</a>&nbsp;&nbsp;&nbsp;uart_printf
<LI><a href="#[2156e80]">&gt;&gt;</a>&nbsp;&nbsp;&nbsp;led_blink
<LI><a href="#[2156ef8]">&gt;&gt;</a>&nbsp;&nbsp;&nbsp;flash_issue_cmd
</UL>

<P><STRONG><a name="[21591e4]"></a>init_jasmine</STRONG> (ARM, 552 bytes, Stack size 16 bytes, initialize.o(.text), UNUSED, KEPT)
<BR><BR>[Stack]<UL><LI>Max Depth = 1024 + Unknown Stack Size
<LI>Call Chain = init_jasmine &rArr; ftl_test &rArr; tc_write_seq &rArr; ftl_write &rArr; ftl_write_sector &rArr; get_free_page &rArr; garbage_collection &rArr; get_psn &rArr; load_smt_piece &rArr; flush_smt_piece &rArr; nand_block_erase &rArr; uart_printf &rArr; vsnprintf &rArr; _printf_char_common &rArr; __printf
</UL>
<BR>[Calls]<UL><LI><a href="#[21537a8]">&gt;&gt;</a>&nbsp;&nbsp;&nbsp;uart_print
<LI><a href="#[21537e4]">&gt;&gt;</a>&nbsp;&nbsp;&nbsp;uart_init
<LI><a href="#[2153820]">&gt;&gt;</a>&nbsp;&nbsp;&nbsp;ftl_test
<LI><a href="#[2154180]">&gt;&gt;</a>&nbsp;&nbsp;&nbsp;flash_reset
<LI><a href="#[2155404]">&gt;&gt;</a>&nbsp;&nbsp;&nbsp;_mem_set_sram
<LI><a href="#[2155f44]">&gt;&gt;</a>&nbsp;&nbsp;&nbsp;delay
<LI><a href="#[2156ebc]">&gt;&gt;</a>&nbsp;&nbsp;&nbsp;led
<LI><a href="#[2156ef8]">&gt;&gt;</a>&nbsp;&nbsp;&nbsp;flash_issue_cmd
<LI><a href="#[2156f70]">&gt;&gt;</a>&nbsp;&nbsp;&nbsp;flash_clear_irq
<LI><a href="#[21570d8]">&gt;&gt;</a>&nbsp;&nbsp;&nbsp;_mem_set_dram
<LI><a href="#[21573e4]">&gt;&gt;</a>&nbsp;&nbsp;&nbsp;ftl_open
</UL>
<BR>[Called By]<UL><LI><a href="#[215970c]">&gt;&gt;</a>&nbsp;&nbsp;&nbsp;reset_handler
</UL>

<P><STRONG><a name="[2156ebc]"></a>led</STRONG> (ARM, 40 bytes, Stack size 0 bytes, misc.o(.text))
<BR><BR>[Called By]<UL><LI><a href="#[2152254]">&gt;&gt;</a>&nbsp;&nbsp;&nbsp;tc_write_seq
<LI><a href="#[2152290]">&gt;&gt;</a>&nbsp;&nbsp;&nbsp;tc_write_rand
<LI><a href="#[2152f38]">&gt;&gt;</a>&nbsp;&nbsp;&nbsp;swi_handler
<LI><a href="#[2156e80]">&gt;&gt;</a>&nbsp;&nbsp;&nbsp;led_blink
<LI><a href="#[2158a28]">&gt;&gt;</a>&nbsp;&nbsp;&nbsp;format
<LI><a href="#[2158a64]">&gt;&gt;</a>&nbsp;&nbsp;&nbsp;get_free_page
<LI><a href="#[2158d34]">&gt;&gt;</a>&nbsp;&nbsp;&nbsp;logging_misc_meta
<LI><a href="#[21591e4]">&gt;&gt;</a>&nbsp;&nbsp;&nbsp;init_jasmine
</UL>

<P><STRONG><a name="[2156e80]"></a>led_blink</STRONG> (ARM, 44 bytes, Stack size 8 bytes, misc.o(.text))
<BR><BR>[Stack]<UL><LI>Max Depth = 8<LI>Call Chain = led_blink
</UL>
<BR>[Calls]<UL><LI><a href="#[2155f44]">&gt;&gt;</a>&nbsp;&nbsp;&nbsp;delay
<LI><a href="#[2156ebc]">&gt;&gt;</a>&nbsp;&nbsp;&nbsp;led
</UL>
<BR>[Called By]<UL><LI><a href="#[2152254]">&gt;&gt;</a>&nbsp;&nbsp;&nbsp;tc_write_seq
<LI><a href="#[2152290]">&gt;&gt;</a>&nbsp;&nbsp;&nbsp;tc_write_rand
<LI><a href="#[2152e84]">&gt;&gt;</a>&nbsp;&nbsp;&nbsp;start_timer
<LI><a href="#[2152ec0]">&gt;&gt;</a>&nbsp;&nbsp;&nbsp;start_interval_measurement
<LI><a href="#[21537e4]">&gt;&gt;</a>&nbsp;&nbsp;&nbsp;uart_init
<LI><a href="#[2153be0]">&gt;&gt;</a>&nbsp;&nbsp;&nbsp;nand_block_erase_sync
<LI><a href="#[2153c1c]">&gt;&gt;</a>&nbsp;&nbsp;&nbsp;nand_page_modified_copyback
<LI><a href="#[2153c58]">&gt;&gt;</a>&nbsp;&nbsp;&nbsp;nand_page_copyback
<LI><a href="#[2153c94]">&gt;&gt;</a>&nbsp;&nbsp;&nbsp;nand_page_ptprogram_from_host
<LI><a href="#[2153cd0]">&gt;&gt;</a>&nbsp;&nbsp;&nbsp;nand_page_program_from_host
<LI><a href="#[2153d0c]">&gt;&gt;</a>&nbsp;&nbsp;&nbsp;nand_page_program
<LI><a href="#[2153d48]">&gt;&gt;</a>&nbsp;&nbsp;&nbsp;nand_page_ptread_to_host
<LI><a href="#[2153d84]">&gt;&gt;</a>&nbsp;&nbsp;&nbsp;nand_page_read_to_host
<LI><a href="#[2153dc0]">&gt;&gt;</a>&nbsp;&nbsp;&nbsp;nand_page_read
<LI><a href="#[21541bc]">&gt;&gt;</a>&nbsp;&nbsp;&nbsp;flash_erase
<LI><a href="#[21548c4]">&gt;&gt;</a>&nbsp;&nbsp;&nbsp;_mem_cmp_dram
<LI><a href="#[2154900]">&gt;&gt;</a>&nbsp;&nbsp;&nbsp;_mem_cmp_sram
<LI><a href="#[215493c]">&gt;&gt;</a>&nbsp;&nbsp;&nbsp;_read_dram_8
<LI><a href="#[2154978]">&gt;&gt;</a>&nbsp;&nbsp;&nbsp;_tst_bit_dram
<LI><a href="#[21549b4]">&gt;&gt;</a>&nbsp;&nbsp;&nbsp;_clr_bit_dram
<LI><a href="#[21549f0]">&gt;&gt;</a>&nbsp;&nbsp;&nbsp;_set_bit_dram
<LI><a href="#[2154a2c]">&gt;&gt;</a>&nbsp;&nbsp;&nbsp;_write_dram_8
<LI><a href="#[2154a68]">&gt;&gt;</a>&nbsp;&nbsp;&nbsp;_mem_bmp_find_dram
<LI><a href="#[2154aa4]">&gt;&gt;</a>&nbsp;&nbsp;&nbsp;_mem_bmp_find_sram
<LI><a href="#[2155404]">&gt;&gt;</a>&nbsp;&nbsp;&nbsp;_mem_set_sram
<LI><a href="#[2156dcc]">&gt;&gt;</a>&nbsp;&nbsp;&nbsp;nand_page_ptread
<LI><a href="#[2156e08]">&gt;&gt;</a>&nbsp;&nbsp;&nbsp;nand_page_ptprogram
<LI><a href="#[2156e44]">&gt;&gt;</a>&nbsp;&nbsp;&nbsp;nand_block_erase
<LI><a href="#[2156fe8]">&gt;&gt;</a>&nbsp;&nbsp;&nbsp;_write_dram_32
<LI><a href="#[2157024]">&gt;&gt;</a>&nbsp;&nbsp;&nbsp;_write_dram_16
<LI><a href="#[2157060]">&gt;&gt;</a>&nbsp;&nbsp;&nbsp;_read_dram_32
<LI><a href="#[215709c]">&gt;&gt;</a>&nbsp;&nbsp;&nbsp;_read_dram_16
<LI><a href="#[21570d8]">&gt;&gt;</a>&nbsp;&nbsp;&nbsp;_mem_set_dram
<LI><a href="#[2157114]">&gt;&gt;</a>&nbsp;&nbsp;&nbsp;_mem_search_min_max
<LI><a href="#[2157150]">&gt;&gt;</a>&nbsp;&nbsp;&nbsp;_mem_search_equ
<LI><a href="#[215718c]">&gt;&gt;</a>&nbsp;&nbsp;&nbsp;_mem_copy
<LI><a href="#[21572b8]">&gt;&gt;</a>&nbsp;&nbsp;&nbsp;ftl_isr
<LI><a href="#[2158cf8]">&gt;&gt;</a>&nbsp;&nbsp;&nbsp;loading_misc_meta
<LI><a href="#[2158d34]">&gt;&gt;</a>&nbsp;&nbsp;&nbsp;logging_misc_meta
<LI><a href="#[21591a8]">&gt;&gt;</a>&nbsp;&nbsp;&nbsp;irq_handler
<LI><a href="#[2159220]">&gt;&gt;</a>&nbsp;&nbsp;&nbsp;fiq_handler
</UL>

<P><STRONG><a name="[2152f38]"></a>swi_handler</STRONG> (ARM, 84 bytes, Stack size 24 bytes, misc.o(.text), UNUSED)
<BR><BR>[Calls]<UL><LI><a href="#[2155f44]">&gt;&gt;</a>&nbsp;&nbsp;&nbsp;delay
<LI><a href="#[2156ebc]">&gt;&gt;</a>&nbsp;&nbsp;&nbsp;led
</UL>

<P><STRONG><a name="[21591a8]"></a>irq_handler</STRONG> (ARM, 228 bytes, Stack size 32 bytes, misc.o(.text), UNUSED)
<BR><BR>[Calls]<UL><LI><a href="#[2156d90]">&gt;&gt;</a>&nbsp;&nbsp;&nbsp;uart_printf
<LI><a href="#[2156e80]">&gt;&gt;</a>&nbsp;&nbsp;&nbsp;led_blink
<LI><a href="#[21572b8]">&gt;&gt;</a>&nbsp;&nbsp;&nbsp;ftl_isr
</UL>

<P><STRONG><a name="[2152efc]"></a>test_nand_blocks</STRONG> (ARM, 1116 bytes, Stack size 32 bytes, misc.o(.text), UNUSED)
<BR><BR>[Calls]<UL><LI><a href="#[214f914]">&gt;&gt;</a>&nbsp;&nbsp;&nbsp;rand (via Veneer)
<LI><a href="#[214f98c]">&gt;&gt;</a>&nbsp;&nbsp;&nbsp;srand (via Veneer)
<LI><a href="#[2155404]">&gt;&gt;</a>&nbsp;&nbsp;&nbsp;_mem_set_sram
<LI><a href="#[2156f70]">&gt;&gt;</a>&nbsp;&nbsp;&nbsp;flash_clear_irq
<LI><a href="#[21570d8]">&gt;&gt;</a>&nbsp;&nbsp;&nbsp;_mem_set_dram
</UL>

<P><STRONG><a name="[2152ec0]"></a>start_interval_measurement</STRONG> (ARM, 204 bytes, Stack size 16 bytes, misc.o(.text), UNUSED)
<BR><BR>[Calls]<UL><LI><a href="#[2156d90]">&gt;&gt;</a>&nbsp;&nbsp;&nbsp;uart_printf
<LI><a href="#[2156e80]">&gt;&gt;</a>&nbsp;&nbsp;&nbsp;led_blink
</UL>
<BR>[Called By]<UL><LI><a href="#[2152e48]">&gt;&gt;</a>&nbsp;&nbsp;&nbsp;ptimer_start
</UL>

<P><STRONG><a name="[2152e84]"></a>start_timer</STRONG> (ARM, 204 bytes, Stack size 16 bytes, misc.o(.text), UNUSED)
<BR><BR>[Calls]<UL><LI><a href="#[2156d90]">&gt;&gt;</a>&nbsp;&nbsp;&nbsp;uart_printf
<LI><a href="#[2156e80]">&gt;&gt;</a>&nbsp;&nbsp;&nbsp;led_blink
</UL>

<P><STRONG><a name="[2152e48]"></a>ptimer_start</STRONG> (ARM, 24 bytes, Stack size 8 bytes, misc.o(.text), UNUSED)
<BR><BR>[Calls]<UL><LI><a href="#[2152ec0]">&gt;&gt;</a>&nbsp;&nbsp;&nbsp;start_interval_measurement
</UL>

<P><STRONG><a name="[2152e0c]"></a>ptimer_stop_and_uart_print</STRONG> (ARM, 268 bytes, Stack size 64 bytes, misc.o(.text), UNUSED)
<BR><BR>[Calls]<UL><LI><a href="#[21511ec]">&gt;&gt;</a>&nbsp;&nbsp;&nbsp;__2sprintf (via Veneer)
<LI><a href="#[2151da4]">&gt;&gt;</a>&nbsp;&nbsp;&nbsp;_ll_udiv
<LI><a href="#[21537a8]">&gt;&gt;</a>&nbsp;&nbsp;&nbsp;uart_print
</UL>
<BR>[Called By]<UL><LI><a href="#[21521a0]">&gt;&gt;</a>&nbsp;&nbsp;&nbsp;tc_read
</UL>

<P><STRONG><a name="[2152dd0]"></a>_sbrk</STRONG> (ARM, 60 bytes, Stack size 0 bytes, misc.o(.text), UNUSED)

<P><STRONG><a name="[21537a8]"></a>uart_print</STRONG> (ARM, 72 bytes, Stack size 8 bytes, uart.o(.text))
<BR><BR>[Stack]<UL><LI>Max Depth = 8<LI>Call Chain = uart_print
</UL>
<BR>[Calls]<UL><LI><a href="#[2152998]">&gt;&gt;</a>&nbsp;&nbsp;&nbsp;uart_txbyte
</UL>
<BR>[Called By]<UL><LI><a href="#[2152254]">&gt;&gt;</a>&nbsp;&nbsp;&nbsp;tc_write_seq
<LI><a href="#[2152614]">&gt;&gt;</a>&nbsp;&nbsp;&nbsp;uart_print_32
<LI><a href="#[2152e0c]">&gt;&gt;</a>&nbsp;&nbsp;&nbsp;ptimer_stop_and_uart_print
<LI><a href="#[2153820]">&gt;&gt;</a>&nbsp;&nbsp;&nbsp;ftl_test
<LI><a href="#[2156d90]">&gt;&gt;</a>&nbsp;&nbsp;&nbsp;uart_printf
<LI><a href="#[21591e4]">&gt;&gt;</a>&nbsp;&nbsp;&nbsp;init_jasmine
</UL>

<P><STRONG><a name="[2156d90]"></a>uart_printf</STRONG> (ARM, 88 bytes, Stack size 288 bytes, uart.o(.text))
<BR><BR>[Stack]<UL><LI>Max Depth = 416 + Unknown Stack Size
<LI>Call Chain = uart_printf &rArr; vsnprintf &rArr; _printf_char_common &rArr; __printf
</UL>
<BR>[Calls]<UL><LI><a href="#[21501fc]">&gt;&gt;</a>&nbsp;&nbsp;&nbsp;fflush (via Veneer)
<LI><a href="#[2151c3c]">&gt;&gt;</a>&nbsp;&nbsp;&nbsp;vsnprintf (via Veneer)
<LI><a href="#[21537a8]">&gt;&gt;</a>&nbsp;&nbsp;&nbsp;uart_print
</UL>
<BR>[Called By]<UL><LI><a href="#[21521dc]">&gt;&gt;</a>&nbsp;&nbsp;&nbsp;fillup_dataspace
<LI><a href="#[2152218]">&gt;&gt;</a>&nbsp;&nbsp;&nbsp;aging_with_rw
<LI><a href="#[2152254]">&gt;&gt;</a>&nbsp;&nbsp;&nbsp;tc_write_seq
<LI><a href="#[2152290]">&gt;&gt;</a>&nbsp;&nbsp;&nbsp;tc_write_rand
<LI><a href="#[2152e84]">&gt;&gt;</a>&nbsp;&nbsp;&nbsp;start_timer
<LI><a href="#[2152ec0]">&gt;&gt;</a>&nbsp;&nbsp;&nbsp;start_interval_measurement
<LI><a href="#[21537e4]">&gt;&gt;</a>&nbsp;&nbsp;&nbsp;uart_init
<LI><a href="#[2153be0]">&gt;&gt;</a>&nbsp;&nbsp;&nbsp;nand_block_erase_sync
<LI><a href="#[2153c1c]">&gt;&gt;</a>&nbsp;&nbsp;&nbsp;nand_page_modified_copyback
<LI><a href="#[2153c58]">&gt;&gt;</a>&nbsp;&nbsp;&nbsp;nand_page_copyback
<LI><a href="#[2153c94]">&gt;&gt;</a>&nbsp;&nbsp;&nbsp;nand_page_ptprogram_from_host
<LI><a href="#[2153cd0]">&gt;&gt;</a>&nbsp;&nbsp;&nbsp;nand_page_program_from_host
<LI><a href="#[2153d0c]">&gt;&gt;</a>&nbsp;&nbsp;&nbsp;nand_page_program
<LI><a href="#[2153d48]">&gt;&gt;</a>&nbsp;&nbsp;&nbsp;nand_page_ptread_to_host
<LI><a href="#[2153d84]">&gt;&gt;</a>&nbsp;&nbsp;&nbsp;nand_page_read_to_host
<LI><a href="#[2153dc0]">&gt;&gt;</a>&nbsp;&nbsp;&nbsp;nand_page_read
<LI><a href="#[21541bc]">&gt;&gt;</a>&nbsp;&nbsp;&nbsp;flash_erase
<LI><a href="#[21548c4]">&gt;&gt;</a>&nbsp;&nbsp;&nbsp;_mem_cmp_dram
<LI><a href="#[2154900]">&gt;&gt;</a>&nbsp;&nbsp;&nbsp;_mem_cmp_sram
<LI><a href="#[215493c]">&gt;&gt;</a>&nbsp;&nbsp;&nbsp;_read_dram_8
<LI><a href="#[2154978]">&gt;&gt;</a>&nbsp;&nbsp;&nbsp;_tst_bit_dram
<LI><a href="#[21549b4]">&gt;&gt;</a>&nbsp;&nbsp;&nbsp;_clr_bit_dram
<LI><a href="#[21549f0]">&gt;&gt;</a>&nbsp;&nbsp;&nbsp;_set_bit_dram
<LI><a href="#[2154a2c]">&gt;&gt;</a>&nbsp;&nbsp;&nbsp;_write_dram_8
<LI><a href="#[2154a68]">&gt;&gt;</a>&nbsp;&nbsp;&nbsp;_mem_bmp_find_dram
<LI><a href="#[2154aa4]">&gt;&gt;</a>&nbsp;&nbsp;&nbsp;_mem_bmp_find_sram
<LI><a href="#[2155404]">&gt;&gt;</a>&nbsp;&nbsp;&nbsp;_mem_set_sram
<LI><a href="#[2156dcc]">&gt;&gt;</a>&nbsp;&nbsp;&nbsp;nand_page_ptread
<LI><a href="#[2156e08]">&gt;&gt;</a>&nbsp;&nbsp;&nbsp;nand_page_ptprogram
<LI><a href="#[2156e44]">&gt;&gt;</a>&nbsp;&nbsp;&nbsp;nand_block_erase
<LI><a href="#[2156fe8]">&gt;&gt;</a>&nbsp;&nbsp;&nbsp;_write_dram_32
<LI><a href="#[2157024]">&gt;&gt;</a>&nbsp;&nbsp;&nbsp;_write_dram_16
<LI><a href="#[2157060]">&gt;&gt;</a>&nbsp;&nbsp;&nbsp;_read_dram_32
<LI><a href="#[215709c]">&gt;&gt;</a>&nbsp;&nbsp;&nbsp;_read_dram_16
<LI><a href="#[21570d8]">&gt;&gt;</a>&nbsp;&nbsp;&nbsp;_mem_set_dram
<LI><a href="#[2157114]">&gt;&gt;</a>&nbsp;&nbsp;&nbsp;_mem_search_min_max
<LI><a href="#[2157150]">&gt;&gt;</a>&nbsp;&nbsp;&nbsp;_mem_search_equ
<LI><a href="#[215718c]">&gt;&gt;</a>&nbsp;&nbsp;&nbsp;_mem_copy
<LI><a href="#[21572b8]">&gt;&gt;</a>&nbsp;&nbsp;&nbsp;ftl_isr
<LI><a href="#[2158cf8]">&gt;&gt;</a>&nbsp;&nbsp;&nbsp;loading_misc_meta
<LI><a href="#[2158d34]">&gt;&gt;</a>&nbsp;&nbsp;&nbsp;logging_misc_meta
<LI><a href="#[21591a8]">&gt;&gt;</a>&nbsp;&nbsp;&nbsp;irq_handler
</UL>

<P><STRONG><a name="[21537e4]"></a>uart_init</STRONG> (ARM, 132 bytes, Stack size 16 bytes, uart.o(.text), UNUSED, KEPT)
<BR><BR>[Stack]<UL><LI>Max Depth = 432 + Unknown Stack Size
<LI>Call Chain = uart_init &rArr; uart_printf &rArr; vsnprintf &rArr; _printf_char_common &rArr; __printf
</UL>
<BR>[Calls]<UL><LI><a href="#[2156d90]">&gt;&gt;</a>&nbsp;&nbsp;&nbsp;uart_printf
<LI><a href="#[2156e80]">&gt;&gt;</a>&nbsp;&nbsp;&nbsp;led_blink
</UL>
<BR>[Called By]<UL><LI><a href="#[21591e4]">&gt;&gt;</a>&nbsp;&nbsp;&nbsp;init_jasmine
</UL>

<P><STRONG><a name="[2152614]"></a>uart_print_32</STRONG> (ARM, 48 bytes, Stack size 32 bytes, uart.o(.text), UNUSED, KEPT)
<BR><BR>[Stack]<UL><LI>Max Depth = 168 + Unknown Stack Size
<LI>Call Chain = uart_print_32 &rArr; __2sprintf &rArr; _printf_char_common &rArr; __printf
</UL>
<BR>[Calls]<UL><LI><a href="#[21511ec]">&gt;&gt;</a>&nbsp;&nbsp;&nbsp;__2sprintf (via Veneer)
<LI><a href="#[21537a8]">&gt;&gt;</a>&nbsp;&nbsp;&nbsp;uart_print
</UL>
<BR>[Called By]<UL><LI><a href="#[2152254]">&gt;&gt;</a>&nbsp;&nbsp;&nbsp;tc_write_seq
</UL>

<P><STRONG><a name="[21525d8]"></a>uart_print_hex</STRONG> (ARM, 168 bytes, Stack size 24 bytes, uart.o(.text), UNUSED)
<BR><BR>[Calls]<UL><LI><a href="#[2152998]">&gt;&gt;</a>&nbsp;&nbsp;&nbsp;uart_txbyte
</UL>

<P><STRONG><a name="[2153820]"></a>ftl_test</STRONG> (ARM, 76 bytes, Stack size 8 bytes, tc_synth.o(.text), UNUSED, KEPT)
<BR><BR>[Stack]<UL><LI>Max Depth = 1008 + Unknown Stack Size
<LI>Call Chain = ftl_test &rArr; tc_write_seq &rArr; ftl_write &rArr; ftl_write_sector &rArr; get_free_page &rArr; garbage_collection &rArr; get_psn &rArr; load_smt_piece &rArr; flush_smt_piece &rArr; nand_block_erase &rArr; uart_printf &rArr; vsnprintf &rArr; _printf_char_common &rArr; __printf
</UL>
<BR>[Calls]<UL><LI><a href="#[2152254]">&gt;&gt;</a>&nbsp;&nbsp;&nbsp;tc_write_seq
<LI><a href="#[2152290]">&gt;&gt;</a>&nbsp;&nbsp;&nbsp;tc_write_rand
<LI><a href="#[21537a8]">&gt;&gt;</a>&nbsp;&nbsp;&nbsp;uart_print
</UL>
<BR>[Called By]<UL><LI><a href="#[21591e4]">&gt;&gt;</a>&nbsp;&nbsp;&nbsp;init_jasmine
</UL>

<P><STRONG><a name="[2151de0]"></a>__aeabi_uldivmod</STRONG> (ARM, 0 bytes, Stack size 24 bytes, lludiv.o(.text), UNUSED)

<P><STRONG><a name="[2151da4]"></a>_ll_udiv</STRONG> (ARM, 720 bytes, Stack size 24 bytes, lludiv.o(.text), UNUSED)
<BR><BR>[Called By]<UL><LI><a href="#[2152e0c]">&gt;&gt;</a>&nbsp;&nbsp;&nbsp;ptimer_stop_and_uart_print
</UL>

<P><STRONG><a name="[2151d68]"></a>_ll_udiv_donemoving</STRONG> (ARM, 0 bytes, Stack size unknown bytes, lludiv.o(.text), UNUSED)

<P><STRONG><a name="[2151c3c]"></a>vsnprintf</STRONG> (Thumb, 52 bytes, Stack size 24 bytes, vsnprintf.o(.text))
<BR><BR>[Stack]<UL><LI>Max Depth = 128 + Unknown Stack Size
<LI>Call Chain = vsnprintf &rArr; _printf_char_common &rArr; __printf
</UL>
<BR>[Calls]<UL><LI><a href="#[214e294]">&gt;&gt;</a>&nbsp;&nbsp;&nbsp;_sputc
<LI><a href="#[214e3c0]">&gt;&gt;</a>&nbsp;&nbsp;&nbsp;_printf_char_common
</UL>
<BR>[Called By]<UL><LI><a href="#[2156d90]">&gt;&gt;</a>&nbsp;&nbsp;&nbsp;uart_printf (via Veneer)
</UL>

<P><STRONG><a name="[21511ec]"></a>__2sprintf</STRONG> (Thumb, 40 bytes, Stack size 32 bytes, __2sprintf.o(.text), UNUSED, KEPT)
<BR><BR>[Stack]<UL><LI>Max Depth = 136 + Unknown Stack Size
<LI>Call Chain = __2sprintf &rArr; _printf_char_common &rArr; __printf
</UL>
<BR>[Calls]<UL><LI><a href="#[214e294]">&gt;&gt;</a>&nbsp;&nbsp;&nbsp;_sputc
<LI><a href="#[214e3c0]">&gt;&gt;</a>&nbsp;&nbsp;&nbsp;_printf_char_common
</UL>
<BR>[Called By]<UL><LI><a href="#[2152614]">&gt;&gt;</a>&nbsp;&nbsp;&nbsp;uart_print_32 (via Veneer)
<LI><a href="#[2152e0c]">&gt;&gt;</a>&nbsp;&nbsp;&nbsp;ptimer_stop_and_uart_print (via Veneer)
</UL>

<P><STRONG><a name="[2150db4]"></a>_printf_int_dec</STRONG> (Thumb, 94 bytes, Stack size 32 bytes, _printf_dec.o(.text), UNUSED)
<BR><BR>[Calls]<UL><LI><a href="#[214e5dc]">&gt;&gt;</a>&nbsp;&nbsp;&nbsp;_printf_int_common
<LI><a href="#[214e7f8]">&gt;&gt;</a>&nbsp;&nbsp;&nbsp;_printf_truncate_unsigned
<LI><a href="#[214e834]">&gt;&gt;</a>&nbsp;&nbsp;&nbsp;_printf_truncate_signed
<LI><a href="#[37936d0]">&gt;&gt;</a>&nbsp;&nbsp;&nbsp;__rt_udiv10 (via Veneer)
</UL>
<BR>[Called By]<UL><LI><a href="#[214c368]">&gt;&gt;</a>&nbsp;&nbsp;&nbsp;_printf_d (via Veneer)
<LI><a href="#[214c41c]">&gt;&gt;</a>&nbsp;&nbsp;&nbsp;_printf_i (via Veneer)
<LI><a href="#[2150418]">&gt;&gt;</a>&nbsp;&nbsp;&nbsp;_printf_u (via Veneer)
</UL>

<P><STRONG><a name="[21504cc]"></a>__printf</STRONG> (Thumb, 422 bytes, Stack size 32 bytes, __printf_flags_ss_wp.o(.text))
<BR><BR>[Stack]<UL><LI>Max Depth = 32 + Unknown Stack Size
<LI>Call Chain = __printf
</UL>
<BR>[Calls]<UL><LI><a href="#[214df88]">&gt;&gt;</a>&nbsp;&nbsp;&nbsp;__ARM_common_call_via_r2
<LI><a href="#[2150364]">&gt;&gt;</a>&nbsp;&nbsp;&nbsp;_printf_percent (via Veneer)
<LI><a href="#[2150ee0]">&gt;&gt;</a>&nbsp;&nbsp;&nbsp;__ARM_common_call_via_r1
</UL>
<BR>[Called By]<UL><LI><a href="#[214e3c0]">&gt;&gt;</a>&nbsp;&nbsp;&nbsp;_printf_char_common
</UL>

<P><STRONG><a name="[2150238]"></a>_do_fflush</STRONG> (Thumb, 58 bytes, Stack size 16 bytes, fflush.o(.text))
<BR><BR>[Stack]<UL><LI>Max Depth = 88<LI>Call Chain = _do_fflush &rArr; _fflush &rArr; _writebuf &rArr; _sys_write
</UL>
<BR>[Calls]<UL><LI><a href="#[214b51c]">&gt;&gt;</a>&nbsp;&nbsp;&nbsp;_fflush
<LI><a href="#[214b7b0]">&gt;&gt;</a>&nbsp;&nbsp;&nbsp;_fseek
</UL>
<BR>[Called By]<UL><LI><a href="#[21501fc]">&gt;&gt;</a>&nbsp;&nbsp;&nbsp;fflush
</UL>

<P><STRONG><a name="[21501fc]"></a>fflush</STRONG> (Thumb, 42 bytes, Stack size 16 bytes, fflush.o(.text))
<BR><BR>[Stack]<UL><LI>Max Depth = 104<LI>Call Chain = fflush &rArr; _do_fflush &rArr; _fflush &rArr; _writebuf &rArr; _sys_write
</UL>
<BR>[Calls]<UL><LI><a href="#[2150238]">&gt;&gt;</a>&nbsp;&nbsp;&nbsp;_do_fflush
</UL>
<BR>[Called By]<UL><LI><a href="#[2156d90]">&gt;&gt;</a>&nbsp;&nbsp;&nbsp;uart_printf (via Veneer)
</UL>

<P><STRONG><a name="[214f98c]"></a>srand</STRONG> (Thumb, 42 bytes, Stack size 8 bytes, rand.o(.text), UNUSED, KEPT)
<BR><BR>[Stack]<UL><LI>Max Depth = 8<LI>Call Chain = srand
</UL>
<BR>[Called By]<UL><LI><a href="#[214f950]">&gt;&gt;</a>&nbsp;&nbsp;&nbsp;_rand_init
<LI><a href="#[2152218]">&gt;&gt;</a>&nbsp;&nbsp;&nbsp;aging_with_rw (via Veneer)
<LI><a href="#[2152290]">&gt;&gt;</a>&nbsp;&nbsp;&nbsp;tc_write_rand (via Veneer)
<LI><a href="#[2152efc]">&gt;&gt;</a>&nbsp;&nbsp;&nbsp;test_nand_blocks (via Veneer)
</UL>

<P><STRONG><a name="[214f950]"></a>_rand_init</STRONG> (Thumb, 4 bytes, Stack size 0 bytes, rand.o(.text), UNUSED)
<BR><BR>[Calls]<UL><LI><a href="#[214f98c]">&gt;&gt;</a>&nbsp;&nbsp;&nbsp;srand
</UL>

<P><STRONG><a name="[214f914]"></a>rand</STRONG> (Thumb, 56 bytes, Stack size 12 bytes, rand.o(.text), UNUSED, KEPT)
<BR><BR>[Stack]<UL><LI>Max Depth = 12<LI>Call Chain = rand
</UL>
<BR>[Called By]<UL><LI><a href="#[2152218]">&gt;&gt;</a>&nbsp;&nbsp;&nbsp;aging_with_rw (via Veneer)
<LI><a href="#[2152290]">&gt;&gt;</a>&nbsp;&nbsp;&nbsp;tc_write_rand (via Veneer)
<LI><a href="#[2152efc]">&gt;&gt;</a>&nbsp;&nbsp;&nbsp;test_nand_blocks (via Veneer)
</UL>

<P><STRONG><a name="[214f6bc]"></a>__aeabi_idiv</STRONG> (ARM, 0 bytes, Stack size 8 bytes, aeabi_sdiv.o(.text), UNUSED)

<P><STRONG><a name="[214f680]"></a>__aeabi_idivmod</STRONG> (ARM, 384 bytes, Stack size 8 bytes, aeabi_sdiv.o(.text))
<BR><BR>[Stack]<UL><LI>Max Depth = 8<LI>Call Chain = __aeabi_idivmod
</UL>
<BR>[Called By]<UL><LI><a href="#[2152218]">&gt;&gt;</a>&nbsp;&nbsp;&nbsp;aging_with_rw
<LI><a href="#[2152290]">&gt;&gt;</a>&nbsp;&nbsp;&nbsp;tc_write_rand
<LI><a href="#[21560ac]">&gt;&gt;</a>&nbsp;&nbsp;&nbsp;ata_initialize_device_parameters
</UL>

<P><STRONG><a name="[214e960]"></a>_printf_pre_padding</STRONG> (Thumb, 48 bytes, Stack size 16 bytes, _printf_pad.o(.text), UNUSED)
<BR><BR>[Calls]<UL><LI><a href="#[214df88]">&gt;&gt;</a>&nbsp;&nbsp;&nbsp;__ARM_common_call_via_r2
</UL>
<BR>[Called By]<UL><LI><a href="#[214dfc4]">&gt;&gt;</a>&nbsp;&nbsp;&nbsp;_printf_wctomb
<LI><a href="#[214e5dc]">&gt;&gt;</a>&nbsp;&nbsp;&nbsp;_printf_int_common
<LI><a href="#[214e708]">&gt;&gt;</a>&nbsp;&nbsp;&nbsp;_printf_str
</UL>

<P><STRONG><a name="[214e924]"></a>_printf_post_padding</STRONG> (Thumb, 36 bytes, Stack size 16 bytes, _printf_pad.o(.text), UNUSED)
<BR><BR>[Calls]<UL><LI><a href="#[214df88]">&gt;&gt;</a>&nbsp;&nbsp;&nbsp;__ARM_common_call_via_r2
</UL>
<BR>[Called By]<UL><LI><a href="#[214dfc4]">&gt;&gt;</a>&nbsp;&nbsp;&nbsp;_printf_wctomb
<LI><a href="#[214e5dc]">&gt;&gt;</a>&nbsp;&nbsp;&nbsp;_printf_int_common
<LI><a href="#[214e708]">&gt;&gt;</a>&nbsp;&nbsp;&nbsp;_printf_str
</UL>

<P><STRONG><a name="[214e834]"></a>_printf_truncate_signed</STRONG> (Thumb, 22 bytes, Stack size 0 bytes, _printf_truncate.o(.text), UNUSED)
<BR><BR>[Called By]<UL><LI><a href="#[2150db4]">&gt;&gt;</a>&nbsp;&nbsp;&nbsp;_printf_int_dec
</UL>

<P><STRONG><a name="[214e7f8]"></a>_printf_truncate_unsigned</STRONG> (Thumb, 22 bytes, Stack size 0 bytes, _printf_truncate.o(.text), UNUSED)
<BR><BR>[Called By]<UL><LI><a href="#[214caac]">&gt;&gt;</a>&nbsp;&nbsp;&nbsp;_printf_int_hex
<LI><a href="#[214d9e8]">&gt;&gt;</a>&nbsp;&nbsp;&nbsp;_printf_int_oct
<LI><a href="#[2150db4]">&gt;&gt;</a>&nbsp;&nbsp;&nbsp;_printf_int_dec
</UL>

<P><STRONG><a name="[214e708]"></a>_printf_str</STRONG> (Thumb, 88 bytes, Stack size 16 bytes, _printf_str.o(.text), UNUSED)
<BR><BR>[Calls]<UL><LI><a href="#[214df88]">&gt;&gt;</a>&nbsp;&nbsp;&nbsp;__ARM_common_call_via_r2
<LI><a href="#[214e924]">&gt;&gt;</a>&nbsp;&nbsp;&nbsp;_printf_post_padding
<LI><a href="#[214e960]">&gt;&gt;</a>&nbsp;&nbsp;&nbsp;_printf_pre_padding
</UL>
<BR>[Called By]<UL><LI><a href="#[378f800]">&gt;&gt;</a>&nbsp;&nbsp;&nbsp;_printf_cs_common
</UL>

<P><STRONG><a name="[214e5dc]"></a>_printf_int_common</STRONG> (Thumb, 182 bytes, Stack size 40 bytes, _printf_intcommon.o(.text), UNUSED)
<BR><BR>[Calls]<UL><LI><a href="#[214df88]">&gt;&gt;</a>&nbsp;&nbsp;&nbsp;__ARM_common_call_via_r2
<LI><a href="#[214e924]">&gt;&gt;</a>&nbsp;&nbsp;&nbsp;_printf_post_padding
<LI><a href="#[214e960]">&gt;&gt;</a>&nbsp;&nbsp;&nbsp;_printf_pre_padding
</UL>
<BR>[Called By]<UL><LI><a href="#[214cae8]">&gt;&gt;</a>&nbsp;&nbsp;&nbsp;_printf_longlong_hex
<LI><a href="#[214da24]">&gt;&gt;</a>&nbsp;&nbsp;&nbsp;_printf_longlong_oct
<LI><a href="#[214de20]">&gt;&gt;</a>&nbsp;&nbsp;&nbsp;_printf_longlong_dec
<LI><a href="#[2150db4]">&gt;&gt;</a>&nbsp;&nbsp;&nbsp;_printf_int_dec
</UL>

<P><STRONG><a name="[214e4ec]"></a>_printf_charcount</STRONG> (Thumb, 40 bytes, Stack size 0 bytes, _printf_charcount.o(.text), UNUSED)
<BR><BR>[Called By]<UL><LI><a href="#[214c7a0]">&gt;&gt;</a>&nbsp;&nbsp;&nbsp;_printf_n (via Veneer)
</UL>

<P><STRONG><a name="[214e3c0]"></a>_printf_char_common</STRONG> (Thumb, 38 bytes, Stack size 72 bytes, _printf_char_common.o(.text))
<BR><BR>[Stack]<UL><LI>Max Depth = 104 + Unknown Stack Size
<LI>Call Chain = _printf_char_common &rArr; __printf
</UL>
<BR>[Calls]<UL><LI><a href="#[21504cc]">&gt;&gt;</a>&nbsp;&nbsp;&nbsp;__printf
</UL>
<BR>[Called By]<UL><LI><a href="#[21511ec]">&gt;&gt;</a>&nbsp;&nbsp;&nbsp;__2sprintf
<LI><a href="#[2151c3c]">&gt;&gt;</a>&nbsp;&nbsp;&nbsp;vsnprintf
</UL>

<P><STRONG><a name="[214e294]"></a>_sputc</STRONG> (Thumb, 10 bytes, Stack size 0 bytes, _sputc.o(.text))
<BR><BR>[Called By]<UL><LI><a href="#[21511ec]">&gt;&gt;</a>&nbsp;&nbsp;&nbsp;__2sprintf
<LI><a href="#[2151c3c]">&gt;&gt;</a>&nbsp;&nbsp;&nbsp;vsnprintf
</UL>
<BR>[Address Reference Count : 1]<UL><LI> __2sprintf.o(.text)
</UL>
<P><STRONG><a name="[214e1a4]"></a>_snputc</STRONG> (Thumb, 16 bytes, Stack size 0 bytes, _snputc.o(.text))
<BR>[Address Reference Count : 1]<UL><LI> vsnprintf.o(.text)
</UL>
<P><STRONG><a name="[214dfc4]"></a>_printf_wctomb</STRONG> (Thumb, 188 bytes, Stack size 56 bytes, _printf_wctomb.o(.text), UNUSED)
<BR><BR>[Calls]<UL><LI><a href="#[214df88]">&gt;&gt;</a>&nbsp;&nbsp;&nbsp;__ARM_common_call_via_r2
<LI><a href="#[214e924]">&gt;&gt;</a>&nbsp;&nbsp;&nbsp;_printf_post_padding
<LI><a href="#[214e960]">&gt;&gt;</a>&nbsp;&nbsp;&nbsp;_printf_pre_padding
<LI><a href="#[378ebd0]">&gt;&gt;</a>&nbsp;&nbsp;&nbsp;_wcrtomb
</UL>
<BR>[Called By]<UL><LI><a href="#[378f65c]">&gt;&gt;</a>&nbsp;&nbsp;&nbsp;_printf_lcs_common
</UL>

<P><STRONG><a name="[214de20]"></a>_printf_longlong_dec</STRONG> (Thumb, 128 bytes, Stack size 40 bytes, _printf_longlong_dec.o(.text), UNUSED)
<BR><BR>[Calls]<UL><LI><a href="#[214e5dc]">&gt;&gt;</a>&nbsp;&nbsp;&nbsp;_printf_int_common
<LI><a href="#[378f9e0]">&gt;&gt;</a>&nbsp;&nbsp;&nbsp;_ll_udiv10 (via Veneer)
</UL>
<BR>[Called By]<UL><LI><a href="#[214bdc8]">&gt;&gt;</a>&nbsp;&nbsp;&nbsp;_printf_llu (via Veneer)
<LI><a href="#[214be7c]">&gt;&gt;</a>&nbsp;&nbsp;&nbsp;_printf_lld (via Veneer)
<LI><a href="#[214bf30]">&gt;&gt;</a>&nbsp;&nbsp;&nbsp;_printf_lli (via Veneer)
</UL>

<P><STRONG><a name="[214da24]"></a>_printf_longlong_oct</STRONG> (Thumb, 90 bytes, Stack size 24 bytes, _printf_oct_int_ll.o(.text), UNUSED)
<BR><BR>[Calls]<UL><LI><a href="#[214e5dc]">&gt;&gt;</a>&nbsp;&nbsp;&nbsp;_printf_int_common
</UL>
<BR>[Called By]<UL><LI><a href="#[214d9ac]">&gt;&gt;</a>&nbsp;&nbsp;&nbsp;_printf_ll_oct
<LI><a href="#[214d9e8]">&gt;&gt;</a>&nbsp;&nbsp;&nbsp;_printf_int_oct
</UL>

<P><STRONG><a name="[214d9e8]"></a>_printf_int_oct</STRONG> (Thumb, 28 bytes, Stack size 8 bytes, _printf_oct_int_ll.o(.text), UNUSED)
<BR><BR>[Calls]<UL><LI><a href="#[214da24]">&gt;&gt;</a>&nbsp;&nbsp;&nbsp;_printf_longlong_oct
<LI><a href="#[214e7f8]">&gt;&gt;</a>&nbsp;&nbsp;&nbsp;_printf_truncate_unsigned
</UL>
<BR>[Called By]<UL><LI><a href="#[214c50c]">&gt;&gt;</a>&nbsp;&nbsp;&nbsp;_printf_o (via Veneer)
</UL>

<P><STRONG><a name="[214d9ac]"></a>_printf_ll_oct</STRONG> (Thumb, 10 bytes, Stack size 0 bytes, _printf_oct_int_ll.o(.text), UNUSED)
<BR><BR>[Calls]<UL><LI><a href="#[214da24]">&gt;&gt;</a>&nbsp;&nbsp;&nbsp;_printf_longlong_oct
</UL>
<BR>[Called By]<UL><LI><a href="#[214b9cc]">&gt;&gt;</a>&nbsp;&nbsp;&nbsp;_printf_llo (via Veneer)
</UL>

<P><STRONG><a name="[214cae8]"></a>_printf_longlong_hex</STRONG> (Thumb, 120 bytes, Stack size 48 bytes, _printf_hex_int_ll_ptr.o(.text), UNUSED)
<BR><BR>[Calls]<UL><LI><a href="#[214e5dc]">&gt;&gt;</a>&nbsp;&nbsp;&nbsp;_printf_int_common
</UL>
<BR>[Called By]<UL><LI><a href="#[214ca34]">&gt;&gt;</a>&nbsp;&nbsp;&nbsp;_printf_hex_ptr
<LI><a href="#[214ca70]">&gt;&gt;</a>&nbsp;&nbsp;&nbsp;_printf_ll_hex
<LI><a href="#[214caac]">&gt;&gt;</a>&nbsp;&nbsp;&nbsp;_printf_int_hex
</UL>

[...]
<LI><a href="#[214e960]">&gt;&gt;</a>&nbsp;&nbsp;&nbsp;_printf_pre_padding
<LI><a href="#[21504cc]">&gt;&gt;</a>&nbsp;&nbsp;&nbsp;__printf
</UL>

<P><STRONG><a name="[378eb94]"></a>__ARM_common_call_via_r3</STRONG> (Thumb, 2 bytes, Stack size 0 bytes, _wcrtomb.o(i.__ARM_common_call_via_r3), UNUSED)
<BR><BR>[Called By]<UL><LI><a href="#[378ebd0]">&gt;&gt;</a>&nbsp;&nbsp;&nbsp;_wcrtomb
</UL>

<P><STRONG><a name="[378ad00]"></a>_get_lc_ctype</STRONG> (ARM, 80 bytes, Stack size 8 bytes, lc_ctype_c.o(locale$$code))
<BR><BR>[Stack]<UL><LI>Max Depth = 12<LI>Call Chain = _get_lc_ctype &rArr; strcmp
</UL>
<BR>[Calls]<UL><LI><a href="#[37897ac]">&gt;&gt;</a>&nbsp;&nbsp;&nbsp;strcmp
</UL>
<BR>[Address Reference Count : 1]<UL><LI> rt_ctype_table.o(.text)
</UL>
<P><STRONG><a name="[3791c54]"></a>_printf_fp_dec</STRONG> (ARM, 4 bytes, Stack size 0 bytes, printf1.o(x$fpl$printf1), UNUSED)
<BR><BR>[Called By]<UL><LI><a href="#[214c14c]">&gt;&gt;</a>&nbsp;&nbsp;&nbsp;_printf_g
<LI><a href="#[214c200]">&gt;&gt;</a>&nbsp;&nbsp;&nbsp;_printf_e
<LI><a href="#[214c2b4]">&gt;&gt;</a>&nbsp;&nbsp;&nbsp;_printf_f
</UL>

<P><STRONG><a name="[3791b64]"></a>_printf_fp_hex</STRONG> (ARM, 4 bytes, Stack size 0 bytes, printf2.o(x$fpl$printf2), UNUSED)
<BR><BR>[Called By]<UL><LI><a href="#[214c098]">&gt;&gt;</a>&nbsp;&nbsp;&nbsp;_printf_a
</UL>
<P>
<H3>
Local Symbols
</H3>
<P><STRONG><a name="[215970c]"></a>reset_handler</STRONG> (ARM, 0 bytes, Stack size unknown bytes, init.o(init), UNUSED, KEPT)
<BR><BR>[Stack]<UL><LI>Max Depth = 1024 + Unknown Stack Size
<LI>Call Chain = reset_handler &rArr; init_jasmine &rArr; ftl_test &rArr; tc_write_seq &rArr; ftl_write &rArr; ftl_write_sector &rArr; get_free_page &rArr; garbage_collection &rArr; get_psn &rArr; load_smt_piece &rArr; flush_smt_piece &rArr; nand_block_erase &rArr; uart_printf &rArr; vsnprintf &rArr; _printf_char_common &rArr; __printf
</UL>
<BR>[Calls]<UL><LI><a href="#[21591e4]">&gt;&gt;</a>&nbsp;&nbsp;&nbsp;init_jasmine
<LI><a href="#[215925c]">&gt;&gt;</a>&nbsp;&nbsp;&nbsp;Main
</UL>

<P><STRONG><a name="[2158d34]"></a>logging_misc_meta</STRONG> (ARM, 208 bytes, Stack size 16 bytes, ftl.o(.text))
<BR><BR>[Stack]<UL><LI>Max Depth = 496 + Unknown Stack Size
 + In Cycle
<LI>Call Chain = logging_misc_meta &rArr;  logging_misc_meta (Cycle)
</UL>
<BR>[Calls]<UL><LI><a href="#[214f608]">&gt;&gt;</a>&nbsp;&nbsp;&nbsp;__aeabi_uidivmod
<LI><a href="#[2156d90]">&gt;&gt;</a>&nbsp;&nbsp;&nbsp;uart_printf
<LI><a href="#[2156dcc]">&gt;&gt;</a>&nbsp;&nbsp;&nbsp;nand_page_ptread
<LI><a href="#[2156e08]">&gt;&gt;</a>&nbsp;&nbsp;&nbsp;nand_page_ptprogram
<LI><a href="#[2156e44]">&gt;&gt;</a>&nbsp;&nbsp;&nbsp;nand_block_erase
<LI><a href="#[2156e80]">&gt;&gt;</a>&nbsp;&nbsp;&nbsp;led_blink
<LI><a href="#[2156ebc]">&gt;&gt;</a>&nbsp;&nbsp;&nbsp;led
<LI><a href="#[2156ef8]">&gt;&gt;</a>&nbsp;&nbsp;&nbsp;flash_issue_cmd
<LI><a href="#[2156f34]">&gt;&gt;</a>&nbsp;&nbsp;&nbsp;flash_finish
<LI><a href="#[2156f70]">&gt;&gt;</a>&nbsp;&nbsp;&nbsp;flash_clear_irq
<LI><a href="#[2156fe8]">&gt;&gt;</a>&nbsp;&nbsp;&nbsp;_write_dram_32
<LI><a href="#[2157024]">&gt;&gt;</a>&nbsp;&nbsp;&nbsp;_write_dram_16
<LI><a href="#[2157060]">&gt;&gt;</a>&nbsp;&nbsp;&nbsp;_read_dram_32
<LI><a href="#[215709c]">&gt;&gt;</a>&nbsp;&nbsp;&nbsp;_read_dram_16
<LI><a href="#[21570d8]">&gt;&gt;</a>&nbsp;&nbsp;&nbsp;_mem_set_dram
<LI><a href="#[2157114]">&gt;&gt;</a>&nbsp;&nbsp;&nbsp;_mem_search_min_max
<LI><a href="#[2157150]">&gt;&gt;</a>&nbsp;&nbsp;&nbsp;_mem_search_equ
<LI><a href="#[215718c]">&gt;&gt;</a>&nbsp;&nbsp;&nbsp;_mem_copy
<LI><a href="#[2158d34]">&gt;&gt;</a>&nbsp;&nbsp;&nbsp;logging_misc_meta
</UL>
<BR>[Called By]<UL><LI><a href="#[2157420]">&gt;&gt;</a>&nbsp;&nbsp;&nbsp;ftl_flush
<LI><a href="#[2158d34]">&gt;&gt;</a>&nbsp;&nbsp;&nbsp;logging_misc_meta
</UL>

<P><STRONG><a name="[2158cf8]"></a>loading_misc_meta</STRONG> (ARM, 332 bytes, Stack size 32 bytes, ftl.o(.text), UNUSED)
<BR><BR>[Calls]<UL><LI><a href="#[2156d90]">&gt;&gt;</a>&nbsp;&nbsp;&nbsp;uart_printf
<LI><a href="#[2156dcc]">&gt;&gt;</a>&nbsp;&nbsp;&nbsp;nand_page_ptread
<LI><a href="#[2156e80]">&gt;&gt;</a>&nbsp;&nbsp;&nbsp;led_blink
<LI><a href="#[2156f34]">&gt;&gt;</a>&nbsp;&nbsp;&nbsp;flash_finish
<LI><a href="#[2156f70]">&gt;&gt;</a>&nbsp;&nbsp;&nbsp;flash_clear_irq
<LI><a href="#[215718c]">&gt;&gt;</a>&nbsp;&nbsp;&nbsp;_mem_copy
</UL>
<BR>[Called By]<UL><LI><a href="#[215727c]">&gt;&gt;</a>&nbsp;&nbsp;&nbsp;ftl_por_test
</UL>

<P><STRONG><a name="[2158cbc]"></a>flush_smt_piece</STRONG> (ARM, 344 bytes, Stack size 24 bytes, ftl.o(.text))
<BR><BR>[Stack]<UL><LI>Max Depth = 456 + Unknown Stack Size
<LI>Call Chain = flush_smt_piece &rArr; nand_block_erase &rArr; uart_printf &rArr; vsnprintf &rArr; _printf_char_common &rArr; __printf
</UL>
<BR>[Calls]<UL><LI><a href="#[2156e44]">&gt;&gt;</a>&nbsp;&nbsp;&nbsp;nand_block_erase
<LI><a href="#[2156ef8]">&gt;&gt;</a>&nbsp;&nbsp;&nbsp;flash_issue_cmd
</UL>
<BR>[Called By]<UL><LI><a href="#[2158c44]">&gt;&gt;</a>&nbsp;&nbsp;&nbsp;logging_map_table
<LI><a href="#[2158c80]">&gt;&gt;</a>&nbsp;&nbsp;&nbsp;load_smt_piece
</UL>

<P><STRONG><a name="[2158c80]"></a>load_smt_piece</STRONG> (ARM, 556 bytes, Stack size 24 bytes, ftl.o(.text))
<BR><BR>[Stack]<UL><LI>Max Depth = 480 + Unknown Stack Size
<LI>Call Chain = load_smt_piece &rArr; flush_smt_piece &rArr; nand_block_erase &rArr; uart_printf &rArr; vsnprintf &rArr; _printf_char_common &rArr; __printf
</UL>
<BR>[Calls]<UL><LI><a href="#[2156ef8]">&gt;&gt;</a>&nbsp;&nbsp;&nbsp;flash_issue_cmd
<LI><a href="#[21570d8]">&gt;&gt;</a>&nbsp;&nbsp;&nbsp;_mem_set_dram
<LI><a href="#[2158cbc]">&gt;&gt;</a>&nbsp;&nbsp;&nbsp;flush_smt_piece
</UL>
<BR>[Called By]<UL><LI><a href="#[2158b18]">&gt;&gt;</a>&nbsp;&nbsp;&nbsp;get_psn
<LI><a href="#[2158b90]">&gt;&gt;</a>&nbsp;&nbsp;&nbsp;set_psn
</UL>

<P><STRONG><a name="[2158c44]"></a>logging_map_table</STRONG> (ARM, 72 bytes, Stack size 8 bytes, ftl.o(.text))
<BR><BR>[Stack]<UL><LI>Max Depth = 464 + Unknown Stack Size
<LI>Call Chain = logging_map_table &rArr; flush_smt_piece &rArr; nand_block_erase &rArr; uart_printf &rArr; vsnprintf &rArr; _printf_char_common &rArr; __printf
</UL>
<BR>[Calls]<UL><LI><a href="#[2156f34]">&gt;&gt;</a>&nbsp;&nbsp;&nbsp;flash_finish
<LI><a href="#[2158cbc]">&gt;&gt;</a>&nbsp;&nbsp;&nbsp;flush_smt_piece
</UL>
<BR>[Called By]<UL><LI><a href="#[2157420]">&gt;&gt;</a>&nbsp;&nbsp;&nbsp;ftl_flush
</UL>

<P><STRONG><a name="[2158c08]"></a>init_meta_data</STRONG> (ARM, 232 bytes, Stack size 0 bytes, ftl.o(.text), UNUSED, KEPT)
<BR><BR>[Called By]<UL><LI><a href="#[215727c]">&gt;&gt;</a>&nbsp;&nbsp;&nbsp;ftl_por_test
<LI><a href="#[21573e4]">&gt;&gt;</a>&nbsp;&nbsp;&nbsp;ftl_open
<LI><a href="#[2158a28]">&gt;&gt;</a>&nbsp;&nbsp;&nbsp;format
</UL>

<P><STRONG><a name="[2158bcc]"></a>write_format_mark</STRONG> (ARM, 200 bytes, Stack size 16 bytes, ftl.o(.text), UNUSED, KEPT)
<BR><BR>[Stack]<UL><LI>Max Depth = 456 + Unknown Stack Size
<LI>Call Chain = write_format_mark &rArr; _mem_set_dram &rArr; uart_printf &rArr; vsnprintf &rArr; _printf_char_common &rArr; __printf
</UL>
<BR>[Calls]<UL><LI><a href="#[21570d8]">&gt;&gt;</a>&nbsp;&nbsp;&nbsp;_mem_set_dram
</UL>
<BR>[Called By]<UL><LI><a href="#[2158a28]">&gt;&gt;</a>&nbsp;&nbsp;&nbsp;format
</UL>

<P><STRONG><a name="[2158b90]"></a>set_psn</STRONG> (ARM, 168 bytes, Stack size 32 bytes, ftl.o(.text))
<BR><BR>[Stack]<UL><LI>Max Depth = 512 + Unknown Stack Size
<LI>Call Chain = set_psn &rArr; load_smt_piece &rArr; flush_smt_piece &rArr; nand_block_erase &rArr; uart_printf &rArr; vsnprintf &rArr; _printf_char_common &rArr; __printf
</UL>
<BR>[Calls]<UL><LI><a href="#[214f608]">&gt;&gt;</a>&nbsp;&nbsp;&nbsp;__aeabi_uidivmod
<LI><a href="#[2156fe8]">&gt;&gt;</a>&nbsp;&nbsp;&nbsp;_write_dram_32
<LI><a href="#[2158c80]">&gt;&gt;</a>&nbsp;&nbsp;&nbsp;load_smt_piece
</UL>
<BR>[Called By]<UL><LI><a href="#[2157330]">&gt;&gt;</a>&nbsp;&nbsp;&nbsp;ftl_write_sector
<LI><a href="#[215745c]">&gt;&gt;</a>&nbsp;&nbsp;&nbsp;flush_merge_buffer
<LI><a href="#[2158aa0]">&gt;&gt;</a>&nbsp;&nbsp;&nbsp;garbage_collection
</UL>

<P><STRONG><a name="[2158b54]"></a>is_bad_block</STRONG> (ARM, 200 bytes, Stack size 24 bytes, ftl.o(.text))
<BR><BR>[Stack]<UL><LI>Max Depth = 472 + Unknown Stack Size
<LI>Call Chain = is_bad_block &rArr; _mem_search_equ &rArr; uart_printf &rArr; vsnprintf &rArr; _printf_char_common &rArr; __printf
</UL>
<BR>[Calls]<UL><LI><a href="#[2157150]">&gt;&gt;</a>&nbsp;&nbsp;&nbsp;_mem_search_equ
</UL>
<BR>[Called By]<UL><LI><a href="#[21573e4]">&gt;&gt;</a>&nbsp;&nbsp;&nbsp;ftl_open
<LI><a href="#[2158a28]">&gt;&gt;</a>&nbsp;&nbsp;&nbsp;format
<LI><a href="#[2158a64]">&gt;&gt;</a>&nbsp;&nbsp;&nbsp;get_free_page
</UL>

<P><STRONG><a name="[2158b18]"></a>get_psn</STRONG> (ARM, 136 bytes, Stack size 32 bytes, ftl.o(.text))
<BR><BR>[Stack]<UL><LI>Max Depth = 512 + Unknown Stack Size
<LI>Call Chain = get_psn &rArr; load_smt_piece &rArr; flush_smt_piece &rArr; nand_block_erase &rArr; uart_printf &rArr; vsnprintf &rArr; _printf_char_common &rArr; __printf
</UL>
<BR>[Calls]<UL><LI><a href="#[214f608]">&gt;&gt;</a>&nbsp;&nbsp;&nbsp;__aeabi_uidivmod
<LI><a href="#[2157060]">&gt;&gt;</a>&nbsp;&nbsp;&nbsp;_read_dram_32
<LI><a href="#[2158c80]">&gt;&gt;</a>&nbsp;&nbsp;&nbsp;load_smt_piece
</UL>
<BR>[Called By]<UL><LI><a href="#[2157330]">&gt;&gt;</a>&nbsp;&nbsp;&nbsp;ftl_write_sector
<LI><a href="#[21573a8]">&gt;&gt;</a>&nbsp;&nbsp;&nbsp;ftl_read_sector
<LI><a href="#[2158aa0]">&gt;&gt;</a>&nbsp;&nbsp;&nbsp;garbage_collection
</UL>

<P><STRONG><a name="[2158adc]"></a>get_victim_blk</STRONG> (ARM, 80 bytes, Stack size 16 bytes, ftl.o(.text))
<BR><BR>[Stack]<UL><LI>Max Depth = 456 + Unknown Stack Size
<LI>Call Chain = get_victim_blk &rArr; _mem_search_min_max &rArr; uart_printf &rArr; vsnprintf &rArr; _printf_char_common &rArr; __printf
</UL>
<BR>[Calls]<UL><LI><a href="#[2157114]">&gt;&gt;</a>&nbsp;&nbsp;&nbsp;_mem_search_min_max
</UL>
<BR>[Called By]<UL><LI><a href="#[2158aa0]">&gt;&gt;</a>&nbsp;&nbsp;&nbsp;garbage_collection
</UL>

<P><STRONG><a name="[2158aa0]"></a>garbage_collection</STRONG> (ARM, 760 bytes, Stack size 304 bytes, ftl.o(.text))
<BR><BR>[Stack]<UL><LI>Max Depth = 816 + Unknown Stack Size
<LI>Call Chain = garbage_collection &rArr; get_psn &rArr; load_smt_piece &rArr; flush_smt_piece &rArr; nand_block_erase &rArr; uart_printf &rArr; vsnprintf &rArr; _printf_char_common &rArr; __printf
</UL>
<BR>[Calls]<UL><LI><a href="#[2156dcc]">&gt;&gt;</a>&nbsp;&nbsp;&nbsp;nand_page_ptread
<LI><a href="#[2156e08]">&gt;&gt;</a>&nbsp;&nbsp;&nbsp;nand_page_ptprogram
<LI><a href="#[2156e44]">&gt;&gt;</a>&nbsp;&nbsp;&nbsp;nand_block_erase
<LI><a href="#[2157060]">&gt;&gt;</a>&nbsp;&nbsp;&nbsp;_read_dram_32
<LI><a href="#[215718c]">&gt;&gt;</a>&nbsp;&nbsp;&nbsp;_mem_copy
<LI><a href="#[2158adc]">&gt;&gt;</a>&nbsp;&nbsp;&nbsp;get_victim_blk
<LI><a href="#[2158b18]">&gt;&gt;</a>&nbsp;&nbsp;&nbsp;get_psn
<LI><a href="#[2158b90]">&gt;&gt;</a>&nbsp;&nbsp;&nbsp;set_psn
</UL>
<BR>[Called By]<UL><LI><a href="#[2158a64]">&gt;&gt;</a>&nbsp;&nbsp;&nbsp;get_free_page
</UL>

<P><STRONG><a name="[2158a64]"></a>get_free_page</STRONG> (ARM, 288 bytes, Stack size 24 bytes, ftl.o(.text))
<BR><BR>[Stack]<UL><LI>Max Depth = 840 + Unknown Stack Size
<LI>Call Chain = get_free_page &rArr; garbage_collection &rArr; get_psn &rArr; load_smt_piece &rArr; flush_smt_piece &rArr; nand_block_erase &rArr; uart_printf &rArr; vsnprintf &rArr; _printf_char_common &rArr; __printf
</UL>
<BR>[Calls]<UL><LI><a href="#[2156ebc]">&gt;&gt;</a>&nbsp;&nbsp;&nbsp;led
<LI><a href="#[2158aa0]">&gt;&gt;</a>&nbsp;&nbsp;&nbsp;garbage_collection
<LI><a href="#[2158b54]">&gt;&gt;</a>&nbsp;&nbsp;&nbsp;is_bad_block
</UL>
<BR>[Called By]<UL><LI><a href="#[2157330]">&gt;&gt;</a>&nbsp;&nbsp;&nbsp;ftl_write_sector
<LI><a href="#[215745c]">&gt;&gt;</a>&nbsp;&nbsp;&nbsp;flush_merge_buffer
</UL>

<P><STRONG><a name="[2158a28]"></a>format</STRONG> (ARM, 460 bytes, Stack size 16 bytes, ftl.o(.text), UNUSED, KEPT)
<BR><BR>[Stack]<UL><LI>Max Depth = 888 + Unknown Stack Size
<LI>Call Chain = format &rArr; ftl_flush &rArr; flush_merge_buffer &rArr; get_free_page &rArr; garbage_collection &rArr; get_psn &rArr; load_smt_piece &rArr; flush_smt_piece &rArr; nand_block_erase &rArr; uart_printf &rArr; vsnprintf &rArr; _printf_char_common &rArr; __printf
</UL>
<BR>[Calls]<UL><LI><a href="#[2156ebc]">&gt;&gt;</a>&nbsp;&nbsp;&nbsp;led
<LI><a href="#[2156fe8]">&gt;&gt;</a>&nbsp;&nbsp;&nbsp;_write_dram_32
<LI><a href="#[2157420]">&gt;&gt;</a>&nbsp;&nbsp;&nbsp;ftl_flush
<LI><a href="#[2158b54]">&gt;&gt;</a>&nbsp;&nbsp;&nbsp;is_bad_block
<LI><a href="#[2158bcc]">&gt;&gt;</a>&nbsp;&nbsp;&nbsp;write_format_mark
<LI><a href="#[2158c08]">&gt;&gt;</a>&nbsp;&nbsp;&nbsp;init_meta_data
</UL>
<BR>[Called By]<UL><LI><a href="#[21573e4]">&gt;&gt;</a>&nbsp;&nbsp;&nbsp;ftl_open
</UL>

<P><STRONG><a name="[21589ec]"></a>sanity_check</STRONG> (ARM, 28 bytes, Stack size 0 bytes, ftl.o(.text), UNUSED, KEPT)
<BR><BR>[Called By]<UL><LI><a href="#[21573e4]">&gt;&gt;</a>&nbsp;&nbsp;&nbsp;ftl_open
</UL>

<P><STRONG><a name="[21589b0]"></a>check_format_mark</STRONG> (ARM, 284 bytes, Stack size 24 bytes, ftl.o(.text), UNUSED)
<BR><BR>[Calls]<UL><LI><a href="#[2156f70]">&gt;&gt;</a>&nbsp;&nbsp;&nbsp;flash_clear_irq
</UL>

<P><STRONG><a name="[2156a48]"></a>get_integrity_word</STRONG> (ARM, 80 bytes, Stack size 0 bytes, sata_identify.o(.text))
<BR><BR>[Called By]<UL><LI><a href="#[21568a4]">&gt;&gt;</a>&nbsp;&nbsp;&nbsp;ata_identify_device
</UL>

<P><STRONG><a name="[2156a0c]"></a>set_string_data</STRONG> (ARM, 172 bytes, Stack size 8 bytes, sata_identify.o(.text))
<BR><BR>[Stack]<UL><LI>Max Depth = 8<LI>Call Chain = set_string_data
</UL>
<BR>[Called By]<UL><LI><a href="#[21568a4]">&gt;&gt;</a>&nbsp;&nbsp;&nbsp;ata_identify_device
</UL>

<P><STRONG><a name="[21557c4]"></a>eventq_get_count</STRONG> (ARM, 20 bytes, Stack size 0 bytes, sata_main.o(.text), UNUSED, KEPT)
<BR><BR>[Called By]<UL><LI><a href="#[215925c]">&gt;&gt;</a>&nbsp;&nbsp;&nbsp;Main
</UL>

<P><STRONG><a name="[2155788]"></a>eventq_get</STRONG> (ARM, 188 bytes, Stack size 0 bytes, sata_main.o(.text), UNUSED, KEPT)
<BR><BR>[Called By]<UL><LI><a href="#[215925c]">&gt;&gt;</a>&nbsp;&nbsp;&nbsp;Main
</UL>

<P><STRONG><a name="[2152998]"></a>uart_txbyte</STRONG> (ARM, 36 bytes, Stack size 0 bytes, uart.o(.text))
<BR><BR>[Called By]<UL><LI><a href="#[21525d8]">&gt;&gt;</a>&nbsp;&nbsp;&nbsp;uart_print_hex
<LI><a href="#[21537a8]">&gt;&gt;</a>&nbsp;&nbsp;&nbsp;uart_print
</UL>

<P><STRONG><a name="[2152290]"></a>tc_write_rand</STRONG> (ARM, 460 bytes, Stack size 56 bytes, tc_synth.o(.text), UNUSED, KEPT)
<BR><BR>[Stack]<UL><LI>Max Depth = 984 + Unknown Stack Size
<LI>Call Chain = tc_write_rand &rArr; ftl_write &rArr; ftl_write_sector &rArr; get_free_page &rArr; garbage_collection &rArr; get_psn &rArr; load_smt_piece &rArr; flush_smt_piece &rArr; nand_block_erase &rArr; uart_printf &rArr; vsnprintf &rArr; _printf_char_common &rArr; __printf
</UL>
<BR>[Calls]<UL><LI><a href="#[214f680]">&gt;&gt;</a>&nbsp;&nbsp;&nbsp;__aeabi_idivmod
<LI><a href="#[214f914]">&gt;&gt;</a>&nbsp;&nbsp;&nbsp;rand (via Veneer)
<LI><a href="#[214f98c]">&gt;&gt;</a>&nbsp;&nbsp;&nbsp;srand (via Veneer)
<LI><a href="#[2156d90]">&gt;&gt;</a>&nbsp;&nbsp;&nbsp;uart_printf
<LI><a href="#[2156e80]">&gt;&gt;</a>&nbsp;&nbsp;&nbsp;led_blink
<LI><a href="#[2156ebc]">&gt;&gt;</a>&nbsp;&nbsp;&nbsp;led
<LI><a href="#[2156f34]">&gt;&gt;</a>&nbsp;&nbsp;&nbsp;flash_finish
<LI><a href="#[2157060]">&gt;&gt;</a>&nbsp;&nbsp;&nbsp;_read_dram_32
<LI><a href="#[21570d8]">&gt;&gt;</a>&nbsp;&nbsp;&nbsp;_mem_set_dram
<LI><a href="#[21572f4]">&gt;&gt;</a>&nbsp;&nbsp;&nbsp;ftl_write
<LI><a href="#[215736c]">&gt;&gt;</a>&nbsp;&nbsp;&nbsp;ftl_read
<LI><a href="#[2157420]">&gt;&gt;</a>&nbsp;&nbsp;&nbsp;ftl_flush
</UL>
<BR>[Called By]<UL><LI><a href="#[2153820]">&gt;&gt;</a>&nbsp;&nbsp;&nbsp;ftl_test
</UL>

<P><STRONG><a name="[2152254]"></a>tc_write_seq</STRONG> (ARM, 624 bytes, Stack size 72 bytes, tc_synth.o(.text), UNUSED, KEPT)
<BR><BR>[Stack]<UL><LI>Max Depth = 1000 + Unknown Stack Size
<LI>Call Chain = tc_write_seq &rArr; ftl_write &rArr; ftl_write_sector &rArr; get_free_page &rArr; garbage_collection &rArr; get_psn &rArr; load_smt_piece &rArr; flush_smt_piece &rArr; nand_block_erase &rArr; uart_printf &rArr; vsnprintf &rArr; _printf_char_common &rArr; __printf
</UL>
<BR>[Calls]<UL><LI><a href="#[2152614]">&gt;&gt;</a>&nbsp;&nbsp;&nbsp;uart_print_32
<LI><a href="#[21537a8]">&gt;&gt;</a>&nbsp;&nbsp;&nbsp;uart_print
<LI><a href="#[2156d90]">&gt;&gt;</a>&nbsp;&nbsp;&nbsp;uart_printf
<LI><a href="#[2156e80]">&gt;&gt;</a>&nbsp;&nbsp;&nbsp;led_blink
<LI><a href="#[2156ebc]">&gt;&gt;</a>&nbsp;&nbsp;&nbsp;led
<LI><a href="#[2156f34]">&gt;&gt;</a>&nbsp;&nbsp;&nbsp;flash_finish
<LI><a href="#[2157060]">&gt;&gt;</a>&nbsp;&nbsp;&nbsp;_read_dram_32
<LI><a href="#[21570d8]">&gt;&gt;</a>&nbsp;&nbsp;&nbsp;_mem_set_dram
<LI><a href="#[21572f4]">&gt;&gt;</a>&nbsp;&nbsp;&nbsp;ftl_write
<LI><a href="#[215736c]">&gt;&gt;</a>&nbsp;&nbsp;&nbsp;ftl_read
<LI><a href="#[2157420]">&gt;&gt;</a>&nbsp;&nbsp;&nbsp;ftl_flush
</UL>
<BR>[Called By]<UL><LI><a href="#[2153820]">&gt;&gt;</a>&nbsp;&nbsp;&nbsp;ftl_test
</UL>

<P><STRONG><a name="[2152218]"></a>aging_with_rw</STRONG> (ARM, 124 bytes, Stack size 24 bytes, tc_synth.o(.text), UNUSED)
<BR><BR>[Calls]<UL><LI><a href="#[214f680]">&gt;&gt;</a>&nbsp;&nbsp;&nbsp;__aeabi_idivmod
<LI><a href="#[214f914]">&gt;&gt;</a>&nbsp;&nbsp;&nbsp;rand (via Veneer)
<LI><a href="#[214f98c]">&gt;&gt;</a>&nbsp;&nbsp;&nbsp;srand (via Veneer)
<LI><a href="#[2156d90]">&gt;&gt;</a>&nbsp;&nbsp;&nbsp;uart_printf
<LI><a href="#[21572f4]">&gt;&gt;</a>&nbsp;&nbsp;&nbsp;ftl_write
</UL>

<P><STRONG><a name="[21521dc]"></a>fillup_dataspace</STRONG> (ARM, 68 bytes, Stack size 16 bytes, tc_synth.o(.text), UNUSED)
<BR><BR>[Calls]<UL><LI><a href="#[2156d90]">&gt;&gt;</a>&nbsp;&nbsp;&nbsp;uart_printf
<LI><a href="#[21572f4]">&gt;&gt;</a>&nbsp;&nbsp;&nbsp;ftl_write
</UL>

<P><STRONG><a name="[21521a0]"></a>tc_read</STRONG> (ARM, 92 bytes, Stack size 32 bytes, tc_synth.o(.text), UNUSED)
<BR><BR>[Calls]<UL><LI><a href="#[2152e0c]">&gt;&gt;</a>&nbsp;&nbsp;&nbsp;ptimer_stop_and_uart_print
<LI><a href="#[215736c]">&gt;&gt;</a>&nbsp;&nbsp;&nbsp;ftl_read
</UL>

<P><STRONG><a name="[214f770]"></a>__arm_div8</STRONG> (ARM, 0 bytes, Stack size unknown bytes, aeabi_sdiv.o(.text))
<BR><BR>[Called By]<UL><LI><a href="#[214f608]">&gt;&gt;</a>&nbsp;&nbsp;&nbsp;__aeabi_uidivmod
</UL>

<P><STRONG><a name="[214f734]"></a>__arm_div4</STRONG> (ARM, 0 bytes, Stack size unknown bytes, aeabi_sdiv.o(.text))
<BR><BR>[Called By]<UL><LI><a href="#[214f608]">&gt;&gt;</a>&nbsp;&nbsp;&nbsp;__aeabi_uidivmod
</UL>

<P><STRONG><a name="[214f6f8]"></a>__arm_div_large</STRONG> (ARM, 0 bytes, Stack size unknown bytes, aeabi_sdiv.o(.text))
<BR><BR>[Called By]<UL><LI><a href="#[214f608]">&gt;&gt;</a>&nbsp;&nbsp;&nbsp;__aeabi_uidivmod
</UL>

<P><STRONG><a name="[214e3fc]"></a>_printf_input_char</STRONG> (Thumb, 10 bytes, Stack size 0 bytes, _printf_char_common.o(.text))
<BR>[Address Reference Count : 1]<UL><LI> _printf_char_common.o(.text)
</UL><P>
<H3>
Undefined Global Symbols
</H3>
<P><STRONG><a name="[378f74c]"></a>_printf_mbtowc</STRONG> (ARM, 0 bytes, Stack size 0 bytes, UNDEFINED, UNUSED)
<BR><BR>[Called By]<UL><LI><a href="#[378f800]">&gt;&gt;</a>&nbsp;&nbsp;&nbsp;_printf_cs_common
</UL>

<P><STRONG><a name="[378f5a8]"></a>_printf_wc</STRONG> (ARM, 0 bytes, Stack size 0 bytes, UNDEFINED, UNUSED)
<BR><BR>[Called By]<UL><LI><a href="#[378f65c]">&gt;&gt;</a>&nbsp;&nbsp;&nbsp;_printf_lcs_common
</UL>
<HR></body></html>
