<!doctype html public "-//w3c//dtd html 4.0 transitional//en">
<html><head>
<title>Static Call Graph - [C:\Users\Jeff\Desktop\skku_internship\tutorial2_dev\branches\redcarrot\build_rvds\firmware.axf]</title></head>
<body><HR>
<H1>Static Call Graph for image C:\Users\Jeff\Desktop\skku_internship\tutorial2_dev\branches\redcarrot\build_rvds\firmware.axf</H1><HR>
<BR><P>#&#060CALLGRAPH&#062# ARM Linker, RVCT4.0 [Build 400]: Last Updated: Fri Jan 20 01:09:24 2012
<BR><P>
<H3>Maximum Stack Usage =         72 bytes + Unknown(Functions without stacksize, Cycles, Untraceable Function Pointers)</H3><H3>
Call chain for Maximum Stack Depth:</H3>
ata_flush_cache &rArr; ftl_flush &rArr; logging_pmap_table &rArr; nand_page_ptprogram
<P>
<H3>
Functions with no stack information
</H3><UL>
 <LI><a href="#[2159694]">disable_interrupt</a>
 <LI><a href="#[2159658]">enable_interrupt</a>
 <LI><a href="#[215970c]">reset_handler</a>
</UL>
</UL>
<P>
<H3>
Mutually Recursive functions
</H3> <LI><a href="#[2158d70]">sanity_check</a>&nbsp;&nbsp;&nbsp;&rArr;&nbsp;&nbsp;&nbsp;<a href="#[2158d70]">sanity_check</a><BR>
</UL>
<P>
<H3>
Function Pointers
</H3><UL>
 <LI><a href="#[21564a8]">ata_not_supported</a>
 <LI><a href="#[214e870]">_snputc</a>
 <LI><a href="#[214e960]">_sputc</a>
 <LI><a href="#[214eac8]">_printf_input_char</a>
 <LI><a href="#[37e33cc]">_get_lc_ctype</a>
 <LI><a href="#[37e6324]">__I$use$semihosting</a>
 <LI><a href="#[215655c]">ata_nop</a>
 <LI><a href="#[21564e4]">ata_recalibrate</a>
 <LI><a href="#[2156598]">ata_read_native_max_address</a>
 <LI><a href="#[215682c]">ata_read_verify_sectors</a>
 <LI><a href="#[215682c]">ata_read_verify_sectors</a>
 <LI><a href="#[21567b4]">ata_seek</a>
 <LI><a href="#[2156430]">ata_execute_drive_diagnostics</a>
 <LI><a href="#[2156520]">ata_initialize_device_parameters</a>
 <LI><a href="#[2156688]">ata_standby_immediate</a>
 <LI><a href="#[2156610]">ata_idle_immediate</a>
 <LI><a href="#[21566c4]">ata_standby</a>
 <LI><a href="#[215664c]">ata_idle</a>
 <LI><a href="#[21568e0]">ata_check_power_mode</a>
 <LI><a href="#[21565d4]">ata_sleep</a>
 <LI><a href="#[2156778]">ata_set_multiple_mode</a>
 <LI><a href="#[2156688]">ata_standby_immediate</a>
 <LI><a href="#[2156610]">ata_idle_immediate</a>
 <LI><a href="#[21566c4]">ata_standby</a>
 <LI><a href="#[215664c]">ata_idle</a>
 <LI><a href="#[215673c]">ata_read_buffer</a>
 <LI><a href="#[21568e0]">ata_check_power_mode</a>
 <LI><a href="#[21565d4]">ata_sleep</a>
 <LI><a href="#[2156868]">ata_flush_cache</a>
 <LI><a href="#[2156700]">ata_write_buffer</a>
 <LI><a href="#[2156868]">ata_flush_cache</a>
 <LI><a href="#[2156d18]">ata_identify_device</a>
 <LI><a href="#[21567f0]">ata_set_features</a>
 <LI><a href="#[2156598]">ata_read_native_max_address</a>
 <LI><a href="#[215646c]">ata_srst</a>
</UL>
<P>
<H3>
Global Symbols
</H3>
<P><STRONG><a name="[2159694]"></a>disable_interrupt</STRONG> (ARM, 0 bytes, Stack size unknown bytes, init.o(init), UNUSED, KEPT)
<BR><BR>[Called By]<UL><LI><a href="#[21558b4]">&gt;&gt;</a>&nbsp;&nbsp;&nbsp;sata_reset
</UL>

<P><STRONG><a name="[2159658]"></a>enable_interrupt</STRONG> (ARM, 0 bytes, Stack size unknown bytes, init.o(init), UNUSED, KEPT)
<BR><BR>[Called By]<UL><LI><a href="#[21558b4]">&gt;&gt;</a>&nbsp;&nbsp;&nbsp;sata_reset
</UL>

<P><STRONG><a name="[214ce6c]"></a>_printf_n</STRONG> (ARM, 0 bytes, Stack size unknown bytes, _printf_n.o(.ARM.Collect$$_printf_percent$$00000001), UNUSED)
<BR><BR>[Calls]<UL><LI><a href="#[214ebb8]">&gt;&gt;</a>&nbsp;&nbsp;&nbsp;_printf_charcount (via Veneer)
</UL>

<P><STRONG><a name="[2150a30]"></a>_printf_percent</STRONG> (ARM, 0 bytes, Stack size unknown bytes, _printf_percent.o(.ARM.Collect$$_printf_percent$$00000000), UNUSED, KEPT)
<BR><BR>[Called By]<UL><LI><a href="#[2150b98]">&gt;&gt;</a>&nbsp;&nbsp;&nbsp;__printf (via Veneer)
</UL>

<P><STRONG><a name="[214ccc8]"></a>_printf_p</STRONG> (ARM, 0 bytes, Stack size unknown bytes, _printf_p.o(.ARM.Collect$$_printf_percent$$00000002), UNUSED)
<BR><BR>[Calls]<UL><LI><a href="#[214d100]">&gt;&gt;</a>&nbsp;&nbsp;&nbsp;_printf_hex_ptr (via Veneer)
</UL>

<P><STRONG><a name="[214c980]"></a>_printf_f</STRONG> (ARM, 0 bytes, Stack size unknown bytes, _printf_f.o(.ARM.Collect$$_printf_percent$$00000003), UNUSED)
<BR><BR>[Calls]<UL><LI><a href="#[37ea320]">&gt;&gt;</a>&nbsp;&nbsp;&nbsp;_printf_fp_dec
</UL>

<P><STRONG><a name="[214c8cc]"></a>_printf_e</STRONG> (ARM, 0 bytes, Stack size unknown bytes, _printf_e.o(.ARM.Collect$$_printf_percent$$00000004), UNUSED)
<BR><BR>[Calls]<UL><LI><a href="#[37ea320]">&gt;&gt;</a>&nbsp;&nbsp;&nbsp;_printf_fp_dec
</UL>

<P><STRONG><a name="[214c818]"></a>_printf_g</STRONG> (ARM, 0 bytes, Stack size unknown bytes, _printf_g.o(.ARM.Collect$$_printf_percent$$00000005), UNUSED)
<BR><BR>[Calls]<UL><LI><a href="#[37ea320]">&gt;&gt;</a>&nbsp;&nbsp;&nbsp;_printf_fp_dec
</UL>

<P><STRONG><a name="[214c764]"></a>_printf_a</STRONG> (ARM, 0 bytes, Stack size unknown bytes, _printf_a.o(.ARM.Collect$$_printf_percent$$00000006), UNUSED)
<BR><BR>[Calls]<UL><LI><a href="#[37ea230]">&gt;&gt;</a>&nbsp;&nbsp;&nbsp;_printf_fp_hex
</UL>

<P><STRONG><a name="[214c3e0]"></a>_printf_ll</STRONG> (ARM, 0 bytes, Stack size unknown bytes, _printf_ll.o(.ARM.Collect$$_printf_percent$$00000007), UNUSED)

<P><STRONG><a name="[214cae8]"></a>_printf_i</STRONG> (ARM, 0 bytes, Stack size unknown bytes, _printf_i.o(.ARM.Collect$$_printf_percent$$00000008), UNUSED)
<BR><BR>[Calls]<UL><LI><a href="#[2151480]">&gt;&gt;</a>&nbsp;&nbsp;&nbsp;_printf_int_dec (via Veneer)
</UL>

<P><STRONG><a name="[214ca34]"></a>_printf_d</STRONG> (ARM, 0 bytes, Stack size unknown bytes, _printf_d.o(.ARM.Collect$$_printf_percent$$00000009), UNUSED)
<BR><BR>[Calls]<UL><LI><a href="#[2151480]">&gt;&gt;</a>&nbsp;&nbsp;&nbsp;_printf_int_dec (via Veneer)
</UL>

<P><STRONG><a name="[2150ae4]"></a>_printf_u</STRONG> (ARM, 0 bytes, Stack size unknown bytes, _printf_u.o(.ARM.Collect$$_printf_percent$$0000000A), UNUSED)
<BR><BR>[Calls]<UL><LI><a href="#[2151480]">&gt;&gt;</a>&nbsp;&nbsp;&nbsp;_printf_int_dec (via Veneer)
</UL>

<P><STRONG><a name="[214cbd8]"></a>_printf_o</STRONG> (ARM, 0 bytes, Stack size unknown bytes, _printf_o.o(.ARM.Collect$$_printf_percent$$0000000B), UNUSED)
<BR><BR>[Calls]<UL><LI><a href="#[214e0b4]">&gt;&gt;</a>&nbsp;&nbsp;&nbsp;_printf_int_oct (via Veneer)
</UL>

<P><STRONG><a name="[214cdb8]"></a>_printf_x</STRONG> (ARM, 0 bytes, Stack size unknown bytes, _printf_x.o(.ARM.Collect$$_printf_percent$$0000000C), UNUSED)
<BR><BR>[Calls]<UL><LI><a href="#[214d178]">&gt;&gt;</a>&nbsp;&nbsp;&nbsp;_printf_int_hex (via Veneer)
</UL>

<P><STRONG><a name="[214c5fc]"></a>_printf_lli</STRONG> (ARM, 0 bytes, Stack size unknown bytes, _printf_lli.o(.ARM.Collect$$_printf_percent$$0000000D), UNUSED)
<BR><BR>[Calls]<UL><LI><a href="#[214e4ec]">&gt;&gt;</a>&nbsp;&nbsp;&nbsp;_printf_longlong_dec (via Veneer)
</UL>

<P><STRONG><a name="[214c548]"></a>_printf_lld</STRONG> (ARM, 0 bytes, Stack size unknown bytes, _printf_lld.o(.ARM.Collect$$_printf_percent$$0000000E), UNUSED)
<BR><BR>[Calls]<UL><LI><a href="#[214e4ec]">&gt;&gt;</a>&nbsp;&nbsp;&nbsp;_printf_longlong_dec (via Veneer)
</UL>

<P><STRONG><a name="[214c494]"></a>_printf_llu</STRONG> (ARM, 0 bytes, Stack size unknown bytes, _printf_llu.o(.ARM.Collect$$_printf_percent$$0000000F), UNUSED)
<BR><BR>[Calls]<UL><LI><a href="#[214e4ec]">&gt;&gt;</a>&nbsp;&nbsp;&nbsp;_printf_longlong_dec (via Veneer)
</UL>

<P><STRONG><a name="[214c098]"></a>_printf_llo</STRONG> (ARM, 0 bytes, Stack size unknown bytes, _printf_llo.o(.ARM.Collect$$_printf_percent$$00000010), UNUSED)
<BR><BR>[Calls]<UL><LI><a href="#[214e078]">&gt;&gt;</a>&nbsp;&nbsp;&nbsp;_printf_ll_oct (via Veneer)
</UL>

<P><STRONG><a name="[214bfa8]"></a>_printf_llx</STRONG> (ARM, 0 bytes, Stack size unknown bytes, _printf_llx.o(.ARM.Collect$$_printf_percent$$00000011), UNUSED)
<BR><BR>[Calls]<UL><LI><a href="#[214d13c]">&gt;&gt;</a>&nbsp;&nbsp;&nbsp;_printf_ll_hex (via Veneer)
</UL>

<P><STRONG><a name="[214c32c]"></a>_printf_l</STRONG> (ARM, 0 bytes, Stack size unknown bytes, _printf_l.o(.ARM.Collect$$_printf_percent$$00000012), UNUSED)

<P><STRONG><a name="[214d04c]"></a>_printf_c</STRONG> (ARM, 0 bytes, Stack size unknown bytes, _printf_c.o(.ARM.Collect$$_printf_percent$$00000013), UNUSED)
<BR><BR>[Calls]<UL><LI><a href="#[37e7e90]">&gt;&gt;</a>&nbsp;&nbsp;&nbsp;_printf_char (via Veneer)
</UL>

<P><STRONG><a name="[214cf5c]"></a>_printf_s</STRONG> (ARM, 0 bytes, Stack size unknown bytes, _printf_s.o(.ARM.Collect$$_printf_percent$$00000014), UNUSED)
<BR><BR>[Calls]<UL><LI><a href="#[37e7e54]">&gt;&gt;</a>&nbsp;&nbsp;&nbsp;_printf_string (via Veneer)
</UL>

<P><STRONG><a name="[214c278]"></a>_printf_lc</STRONG> (ARM, 0 bytes, Stack size unknown bytes, _printf_lc.o(.ARM.Collect$$_printf_percent$$00000015), UNUSED)
<BR><BR>[Calls]<UL><LI><a href="#[37e7cec]">&gt;&gt;</a>&nbsp;&nbsp;&nbsp;_printf_wchar (via Veneer)
</UL>

<P><STRONG><a name="[214c188]"></a>_printf_ls</STRONG> (ARM, 0 bytes, Stack size unknown bytes, _printf_ls.o(.ARM.Collect$$_printf_percent$$00000016), UNUSED)
<BR><BR>[Calls]<UL><LI><a href="#[37e7cb0]">&gt;&gt;</a>&nbsp;&nbsp;&nbsp;_printf_wstring (via Veneer)
</UL>

<P><STRONG><a name="[214c6b0]"></a>_printf_percent_end</STRONG> (ARM, 0 bytes, Stack size unknown bytes, _printf_percent_end.o(.ARM.Collect$$_printf_percent$$00000017), UNUSED)

<P><STRONG><a name="[37eb2d4]"></a>__rt_lib_init_heap_2</STRONG> (Thumb, 0 bytes, Stack size 0 bytes, libinit2.o(.ARM.Collect$$libinit$$00000006), UNUSED)

<P><STRONG><a name="[37eb0b8]"></a>__rt_lib_init_lc_ctype_2</STRONG> (Thumb, 0 bytes, Stack size 0 bytes, libinit2.o(.ARM.Collect$$libinit$$0000000F), UNUSED)

<P><STRONG><a name="[37eb1e4]"></a>__rt_lib_init_rand_2</STRONG> (Thumb, 0 bytes, Stack size 0 bytes, libinit2.o(.ARM.Collect$$libinit$$0000000A), UNUSED)

<P><STRONG><a name="[37eac80]"></a>__rt_lib_init_stdio_2</STRONG> (Thumb, 0 bytes, Stack size 0 bytes, libinit2.o(.ARM.Collect$$libinit$$00000021), UNUSED)

<P><STRONG><a name="[37e6810]"></a>__rt_lib_shutdown_stdio_2</STRONG> (Thumb, 0 bytes, Stack size 0 bytes, libshutdown2.o(.ARM.Collect$$libshutdown$$00000003), UNUSED)

<P><STRONG><a name="[37e3b4c]"></a>_maybe_terminate_alloc</STRONG> (Thumb, 0 bytes, Stack size 0 bytes, maybetermalloc1.o(.emb_text), UNUSED)

<P><STRONG><a name="[2157984]"></a>ftl_open</STRONG> (ARM, 96 bytes, Stack size 8 bytes, ftl.o(.text), UNUSED, KEPT)
<BR><BR>[Stack]<UL><LI>Max Depth = 440 + Unknown Stack Size
<LI>Call Chain = ftl_open &rArr; format &rArr; uart_printf &rArr; vsnprintf &rArr; _printf_char_common &rArr; __printf
</UL>
<BR>[Calls]<UL><LI><a href="#[2157240]">&gt;&gt;</a>&nbsp;&nbsp;&nbsp;uart_print
<LI><a href="#[2157420]">&gt;&gt;</a>&nbsp;&nbsp;&nbsp;led
<LI><a href="#[2157498]">&gt;&gt;</a>&nbsp;&nbsp;&nbsp;flash_clear_irq
<LI><a href="#[2158bcc]">&gt;&gt;</a>&nbsp;&nbsp;&nbsp;format
<LI><a href="#[2158d34]">&gt;&gt;</a>&nbsp;&nbsp;&nbsp;build_bad_blk_list
<LI><a href="#[2158d70]">&gt;&gt;</a>&nbsp;&nbsp;&nbsp;sanity_check
</UL>
<BR>[Called By]<UL><LI><a href="#[21591e4]">&gt;&gt;</a>&nbsp;&nbsp;&nbsp;init_jasmine
</UL>

<P><STRONG><a name="[2157948]"></a>ftl_flush</STRONG> (ARM, 16 bytes, Stack size 8 bytes, ftl.o(.text))
<BR><BR>[Stack]<UL><LI>Max Depth = 64<LI>Call Chain = ftl_flush &rArr; logging_pmap_table &rArr; nand_page_ptprogram
</UL>
<BR>[Calls]<UL><LI><a href="#[2158c80]">&gt;&gt;</a>&nbsp;&nbsp;&nbsp;logging_pmap_table
<LI><a href="#[2158cbc]">&gt;&gt;</a>&nbsp;&nbsp;&nbsp;logging_misc_metadata
</UL>
<BR>[Called By]<UL><LI><a href="#[21528a8]">&gt;&gt;</a>&nbsp;&nbsp;&nbsp;tc_write_rand
<LI><a href="#[2156610]">&gt;&gt;</a>&nbsp;&nbsp;&nbsp;ata_idle_immediate
<LI><a href="#[215664c]">&gt;&gt;</a>&nbsp;&nbsp;&nbsp;ata_idle
<LI><a href="#[2156688]">&gt;&gt;</a>&nbsp;&nbsp;&nbsp;ata_standby_immediate
<LI><a href="#[21566c4]">&gt;&gt;</a>&nbsp;&nbsp;&nbsp;ata_standby
<LI><a href="#[2156868]">&gt;&gt;</a>&nbsp;&nbsp;&nbsp;ata_flush_cache
</UL>

<P><STRONG><a name="[215790c]"></a>ftl_write</STRONG> (ARM, 84 bytes, Stack size 16 bytes, ftl.o(.text), UNUSED, KEPT)
<BR><BR>[Stack]<UL><LI>Max Depth = 184 + Unknown Stack Size
<LI>Call Chain = ftl_write &rArr; write_page &rArr; assign_new_write_vpn &rArr; garbage_collection &rArr; nand_page_ptread
</UL>
<BR>[Calls]<UL><LI><a href="#[21589ec]">&gt;&gt;</a>&nbsp;&nbsp;&nbsp;write_page
</UL>
<BR>[Called By]<UL><LI><a href="#[21528a8]">&gt;&gt;</a>&nbsp;&nbsp;&nbsp;tc_write_rand
<LI><a href="#[21578d0]">&gt;&gt;</a>&nbsp;&nbsp;&nbsp;ftl_test_write
<LI><a href="#[215925c]">&gt;&gt;</a>&nbsp;&nbsp;&nbsp;Main
</UL>

<P><STRONG><a name="[21578d0]"></a>ftl_test_write</STRONG> (ARM, 4 bytes, Stack size 0 bytes, ftl.o(.text), UNUSED)
<BR><BR>[Calls]<UL><LI><a href="#[215790c]">&gt;&gt;</a>&nbsp;&nbsp;&nbsp;ftl_write
</UL>

<P><STRONG><a name="[2157894]"></a>ftl_read</STRONG> (ARM, 200 bytes, Stack size 40 bytes, ftl.o(.text), UNUSED, KEPT)
<BR><BR>[Stack]<UL><LI>Max Depth = 56 + Unknown Stack Size
<LI>Call Chain = ftl_read &rArr; nand_page_ptread_to_host
</UL>
<BR>[Calls]<UL><LI><a href="#[214fcd4]">&gt;&gt;</a>&nbsp;&nbsp;&nbsp;__aeabi_uidivmod
<LI><a href="#[21572b8]">&gt;&gt;</a>&nbsp;&nbsp;&nbsp;nand_page_ptread_to_host
<LI><a href="#[215745c]">&gt;&gt;</a>&nbsp;&nbsp;&nbsp;flash_finish
<LI><a href="#[21576b4]">&gt;&gt;</a>&nbsp;&nbsp;&nbsp;_mem_set_dram
<LI><a href="#[2158adc]">&gt;&gt;</a>&nbsp;&nbsp;&nbsp;get_vpn
</UL>
<BR>[Called By]<UL><LI><a href="#[21528a8]">&gt;&gt;</a>&nbsp;&nbsp;&nbsp;tc_write_rand
<LI><a href="#[215925c]">&gt;&gt;</a>&nbsp;&nbsp;&nbsp;Main
</UL>

<P><STRONG><a name="[2157858]"></a>ftl_isr</STRONG> (ARM, 244 bytes, Stack size 24 bytes, ftl.o(.text), UNUSED)
<BR><BR>[Calls]<UL><LI><a href="#[2157204]">&gt;&gt;</a>&nbsp;&nbsp;&nbsp;uart_printf
<LI><a href="#[2157240]">&gt;&gt;</a>&nbsp;&nbsp;&nbsp;uart_print
</UL>
<BR>[Called By]<UL><LI><a href="#[21591a8]">&gt;&gt;</a>&nbsp;&nbsp;&nbsp;irq_handler
</UL>

<P><STRONG><a name="[2156d18]"></a>ata_identify_device</STRONG> (ARM, 216 bytes, Stack size 8 bytes, sata_identify.o(.text))
<BR><BR>[Stack]<UL><LI>Max Depth = 20<LI>Call Chain = ata_identify_device &rArr; set_string_data
</UL>
<BR>[Calls]<UL><LI><a href="#[2156c64]">&gt;&gt;</a>&nbsp;&nbsp;&nbsp;pio_sector_transfer
<LI><a href="#[2156e80]">&gt;&gt;</a>&nbsp;&nbsp;&nbsp;set_string_data
<LI><a href="#[2156ebc]">&gt;&gt;</a>&nbsp;&nbsp;&nbsp;get_integrity_word
<LI><a href="#[2157768]">&gt;&gt;</a>&nbsp;&nbsp;&nbsp;_mem_copy
</UL>
<BR>[Address Reference Count : 1]<UL><LI> sata_table.o(.constdata)
</UL>
<P><STRONG><a name="[21568e0]"></a>ata_check_power_mode</STRONG> (ARM, 92 bytes, Stack size 0 bytes, sata_cmd.o(.text))
<BR>[Address Reference Count : 1]<UL><LI> sata_table.o(.constdata)
</UL>
<P><STRONG><a name="[21568a4]"></a>send_status_to_host</STRONG> (ARM, 128 bytes, Stack size 0 bytes, sata_cmd.o(.text))
<BR><BR>[Called By]<UL><LI><a href="#[21564a8]">&gt;&gt;</a>&nbsp;&nbsp;&nbsp;ata_not_supported
<LI><a href="#[21564e4]">&gt;&gt;</a>&nbsp;&nbsp;&nbsp;ata_recalibrate
<LI><a href="#[2156520]">&gt;&gt;</a>&nbsp;&nbsp;&nbsp;ata_initialize_device_parameters
<LI><a href="#[215655c]">&gt;&gt;</a>&nbsp;&nbsp;&nbsp;ata_nop
<LI><a href="#[21565d4]">&gt;&gt;</a>&nbsp;&nbsp;&nbsp;ata_sleep
<LI><a href="#[2156610]">&gt;&gt;</a>&nbsp;&nbsp;&nbsp;ata_idle_immediate
<LI><a href="#[215664c]">&gt;&gt;</a>&nbsp;&nbsp;&nbsp;ata_idle
<LI><a href="#[2156688]">&gt;&gt;</a>&nbsp;&nbsp;&nbsp;ata_standby_immediate
<LI><a href="#[21566c4]">&gt;&gt;</a>&nbsp;&nbsp;&nbsp;ata_standby
<LI><a href="#[2156778]">&gt;&gt;</a>&nbsp;&nbsp;&nbsp;ata_set_multiple_mode
<LI><a href="#[21567b4]">&gt;&gt;</a>&nbsp;&nbsp;&nbsp;ata_seek
<LI><a href="#[21567f0]">&gt;&gt;</a>&nbsp;&nbsp;&nbsp;ata_set_features
<LI><a href="#[215682c]">&gt;&gt;</a>&nbsp;&nbsp;&nbsp;ata_read_verify_sectors
<LI><a href="#[2156868]">&gt;&gt;</a>&nbsp;&nbsp;&nbsp;ata_flush_cache
<LI><a href="#[2156c64]">&gt;&gt;</a>&nbsp;&nbsp;&nbsp;pio_sector_transfer
<LI><a href="#[2159220]">&gt;&gt;</a>&nbsp;&nbsp;&nbsp;fiq_handler
</UL>

<P><STRONG><a name="[2156868]"></a>ata_flush_cache</STRONG> (ARM, 20 bytes, Stack size 8 bytes, sata_cmd.o(.text))
<BR><BR>[Stack]<UL><LI>Max Depth = 72<LI>Call Chain = ata_flush_cache &rArr; ftl_flush &rArr; logging_pmap_table &rArr; nand_page_ptprogram
</UL>
<BR>[Calls]<UL><LI><a href="#[21568a4]">&gt;&gt;</a>&nbsp;&nbsp;&nbsp;send_status_to_host
<LI><a href="#[2157948]">&gt;&gt;</a>&nbsp;&nbsp;&nbsp;ftl_flush
</UL>
<BR>[Address Reference Count : 1]<UL><LI> sata_table.o(.constdata)
</UL>
<P><STRONG><a name="[215682c]"></a>ata_read_verify_sectors</STRONG> (ARM, 8 bytes, Stack size 0 bytes, sata_cmd.o(.text))
<BR><BR>[Calls]<UL><LI><a href="#[21568a4]">&gt;&gt;</a>&nbsp;&nbsp;&nbsp;send_status_to_host
</UL>
<BR>[Address Reference Count : 1]<UL><LI> sata_table.o(.constdata)
</UL>
<P><STRONG><a name="[21567f0]"></a>ata_set_features</STRONG> (ARM, 196 bytes, Stack size 4 bytes, sata_cmd.o(.text))
<BR><BR>[Stack]<UL><LI>Max Depth = 4<LI>Call Chain = ata_set_features
</UL>
<BR>[Calls]<UL><LI><a href="#[21568a4]">&gt;&gt;</a>&nbsp;&nbsp;&nbsp;send_status_to_host
</UL>
<BR>[Address Reference Count : 1]<UL><LI> sata_table.o(.constdata)
</UL>
<P><STRONG><a name="[21567b4]"></a>ata_seek</STRONG> (ARM, 28 bytes, Stack size 0 bytes, sata_cmd.o(.text))
<BR><BR>[Calls]<UL><LI><a href="#[21568a4]">&gt;&gt;</a>&nbsp;&nbsp;&nbsp;send_status_to_host
</UL>
<BR>[Address Reference Count : 1]<UL><LI> sata_table.o(.constdata)
</UL>
<P><STRONG><a name="[2156778]"></a>ata_set_multiple_mode</STRONG> (ARM, 8 bytes, Stack size 0 bytes, sata_cmd.o(.text))
<BR><BR>[Calls]<UL><LI><a href="#[21568a4]">&gt;&gt;</a>&nbsp;&nbsp;&nbsp;send_status_to_host
</UL>
<BR>[Address Reference Count : 1]<UL><LI> sata_table.o(.constdata)
</UL>
<P><STRONG><a name="[2156c64]"></a>pio_sector_transfer</STRONG> (ARM, 220 bytes, Stack size 0 bytes, sata_cmd.o(.text))
<BR><BR>[Calls]<UL><LI><a href="#[21568a4]">&gt;&gt;</a>&nbsp;&nbsp;&nbsp;send_status_to_host
</UL>
<BR>[Called By]<UL><LI><a href="#[2156700]">&gt;&gt;</a>&nbsp;&nbsp;&nbsp;ata_write_buffer
<LI><a href="#[215673c]">&gt;&gt;</a>&nbsp;&nbsp;&nbsp;ata_read_buffer
<LI><a href="#[2156d18]">&gt;&gt;</a>&nbsp;&nbsp;&nbsp;ata_identify_device
</UL>

<P><STRONG><a name="[215673c]"></a>ata_read_buffer</STRONG> (ARM, 12 bytes, Stack size 0 bytes, sata_cmd.o(.text))
<BR><BR>[Calls]<UL><LI><a href="#[2156c64]">&gt;&gt;</a>&nbsp;&nbsp;&nbsp;pio_sector_transfer
</UL>
<BR>[Address Reference Count : 1]<UL><LI> sata_table.o(.constdata)
</UL>
<P><STRONG><a name="[2156700]"></a>ata_write_buffer</STRONG> (ARM, 12 bytes, Stack size 0 bytes, sata_cmd.o(.text))
<BR><BR>[Calls]<UL><LI><a href="#[2156c64]">&gt;&gt;</a>&nbsp;&nbsp;&nbsp;pio_sector_transfer
</UL>
<BR>[Address Reference Count : 1]<UL><LI> sata_table.o(.constdata)
</UL>
<P><STRONG><a name="[21566c4]"></a>ata_standby</STRONG> (ARM, 20 bytes, Stack size 8 bytes, sata_cmd.o(.text))
<BR><BR>[Stack]<UL><LI>Max Depth = 72<LI>Call Chain = ata_standby &rArr; ftl_flush &rArr; logging_pmap_table &rArr; nand_page_ptprogram
</UL>
<BR>[Calls]<UL><LI><a href="#[21568a4]">&gt;&gt;</a>&nbsp;&nbsp;&nbsp;send_status_to_host
<LI><a href="#[2157948]">&gt;&gt;</a>&nbsp;&nbsp;&nbsp;ftl_flush
</UL>
<BR>[Address Reference Count : 1]<UL><LI> sata_table.o(.constdata)
</UL>
<P><STRONG><a name="[2156688]"></a>ata_standby_immediate</STRONG> (ARM, 20 bytes, Stack size 8 bytes, sata_cmd.o(.text))
<BR><BR>[Stack]<UL><LI>Max Depth = 72<LI>Call Chain = ata_standby_immediate &rArr; ftl_flush &rArr; logging_pmap_table &rArr; nand_page_ptprogram
</UL>
<BR>[Calls]<UL><LI><a href="#[21568a4]">&gt;&gt;</a>&nbsp;&nbsp;&nbsp;send_status_to_host
<LI><a href="#[2157948]">&gt;&gt;</a>&nbsp;&nbsp;&nbsp;ftl_flush
</UL>
<BR>[Address Reference Count : 1]<UL><LI> sata_table.o(.constdata)
</UL>
<P><STRONG><a name="[215664c]"></a>ata_idle</STRONG> (ARM, 20 bytes, Stack size 8 bytes, sata_cmd.o(.text))
<BR><BR>[Stack]<UL><LI>Max Depth = 72<LI>Call Chain = ata_idle &rArr; ftl_flush &rArr; logging_pmap_table &rArr; nand_page_ptprogram
</UL>
<BR>[Calls]<UL><LI><a href="#[21568a4]">&gt;&gt;</a>&nbsp;&nbsp;&nbsp;send_status_to_host
<LI><a href="#[2157948]">&gt;&gt;</a>&nbsp;&nbsp;&nbsp;ftl_flush
</UL>
<BR>[Address Reference Count : 1]<UL><LI> sata_table.o(.constdata)
</UL>
<P><STRONG><a name="[2156610]"></a>ata_idle_immediate</STRONG> (ARM, 20 bytes, Stack size 8 bytes, sata_cmd.o(.text))
<BR><BR>[Stack]<UL><LI>Max Depth = 72<LI>Call Chain = ata_idle_immediate &rArr; ftl_flush &rArr; logging_pmap_table &rArr; nand_page_ptprogram
</UL>
<BR>[Calls]<UL><LI><a href="#[21568a4]">&gt;&gt;</a>&nbsp;&nbsp;&nbsp;send_status_to_host
<LI><a href="#[2157948]">&gt;&gt;</a>&nbsp;&nbsp;&nbsp;ftl_flush
</UL>
<BR>[Address Reference Count : 1]<UL><LI> sata_table.o(.constdata)
</UL>
<P><STRONG><a name="[21565d4]"></a>ata_sleep</STRONG> (ARM, 8 bytes, Stack size 0 bytes, sata_cmd.o(.text))
<BR><BR>[Calls]<UL><LI><a href="#[21568a4]">&gt;&gt;</a>&nbsp;&nbsp;&nbsp;send_status_to_host
</UL>
<BR>[Address Reference Count : 1]<UL><LI> sata_table.o(.constdata)
</UL>
<P><STRONG><a name="[2156598]"></a>ata_read_native_max_address</STRONG> (ARM, 164 bytes, Stack size 0 bytes, sata_cmd.o(.text))
<BR>[Address Reference Count : 1]<UL><LI> sata_table.o(.constdata)
</UL>
<P><STRONG><a name="[215655c]"></a>ata_nop</STRONG> (ARM, 8 bytes, Stack size 0 bytes, sata_cmd.o(.text))
<BR><BR>[Calls]<UL><LI><a href="#[21568a4]">&gt;&gt;</a>&nbsp;&nbsp;&nbsp;send_status_to_host
</UL>
<BR>[Address Reference Count : 1]<UL><LI> sata_table.o(.constdata)
</UL>
<P><STRONG><a name="[2156520]"></a>ata_initialize_device_parameters</STRONG> (ARM, 104 bytes, Stack size 8 bytes, sata_cmd.o(.text))
<BR><BR>[Stack]<UL><LI>Max Depth = 8 + Unknown Stack Size
<LI>Call Chain = ata_initialize_device_parameters
</UL>
<BR>[Calls]<UL><LI><a href="#[214fcd4]">&gt;&gt;</a>&nbsp;&nbsp;&nbsp;__aeabi_uidivmod
<LI><a href="#[21568a4]">&gt;&gt;</a>&nbsp;&nbsp;&nbsp;send_status_to_host
</UL>
<BR>[Address Reference Count : 1]<UL><LI> sata_table.o(.constdata)
</UL>
<P><STRONG><a name="[21564e4]"></a>ata_recalibrate</STRONG> (ARM, 8 bytes, Stack size 0 bytes, sata_cmd.o(.text))
<BR><BR>[Calls]<UL><LI><a href="#[21568a4]">&gt;&gt;</a>&nbsp;&nbsp;&nbsp;send_status_to_host
</UL>
<BR>[Address Reference Count : 1]<UL><LI> sata_table.o(.constdata)
</UL>
<P><STRONG><a name="[21564a8]"></a>ata_not_supported</STRONG> (ARM, 8 bytes, Stack size 0 bytes, sata_cmd.o(.text))
<BR><BR>[Calls]<UL><LI><a href="#[21568a4]">&gt;&gt;</a>&nbsp;&nbsp;&nbsp;send_status_to_host
</UL>
<BR>[Address Reference Count : 1]<UL><LI> sata_main.o(.text)
</UL>
<P><STRONG><a name="[215646c]"></a>ata_srst</STRONG> (ARM, 108 bytes, Stack size 16 bytes, sata_cmd.o(.text))
<BR><BR>[Stack]<UL><LI>Max Depth = 16<LI>Call Chain = ata_srst
</UL>
<BR>[Calls]<UL><LI><a href="#[21563f4]">&gt;&gt;</a>&nbsp;&nbsp;&nbsp;delay
</UL>
<BR>[Called By]<UL><LI><a href="#[2156430]">&gt;&gt;</a>&nbsp;&nbsp;&nbsp;ata_execute_drive_diagnostics
</UL>
<BR>[Address Reference Count : 1]<UL><LI> sata_table.o(.constdata)
</UL>
<P><STRONG><a name="[2156430]"></a>ata_execute_drive_diagnostics</STRONG> (ARM, 12 bytes, Stack size 0 bytes, sata_cmd.o(.text))
<BR><BR>[Stack]<UL><LI>Max Depth = 16<LI>Call Chain = ata_execute_drive_diagnostics &rArr; ata_srst
</UL>
<BR>[Calls]<UL><LI><a href="#[215646c]">&gt;&gt;</a>&nbsp;&nbsp;&nbsp;ata_srst
</UL>
<BR>[Address Reference Count : 1]<UL><LI> sata_table.o(.constdata)
</UL>
<P><STRONG><a name="[2159220]"></a>fiq_handler</STRONG> (ARM, 1152 bytes, Stack size 56 bytes, sata_isr.o(.text), UNUSED)
<BR><BR>[Calls]<UL><LI><a href="#[2155ff8]">&gt;&gt;</a>&nbsp;&nbsp;&nbsp;led_blink
<LI><a href="#[21568a4]">&gt;&gt;</a>&nbsp;&nbsp;&nbsp;send_status_to_host
</UL>

<P><STRONG><a name="[215925c]"></a>Main</STRONG> (ARM, 184 bytes, Stack size 24 bytes, sata_main.o(.text), UNUSED, KEPT)
<BR><BR>[Stack]<UL><LI>Max Depth = 208 + Unknown Stack Size
<LI>Call Chain = Main &rArr; ftl_write &rArr; write_page &rArr; assign_new_write_vpn &rArr; garbage_collection &rArr; nand_page_ptread
</UL>
<BR>[Calls]<UL><LI><a href="#[2155bfc]">&gt;&gt;</a>&nbsp;&nbsp;&nbsp;eventq_get
<LI><a href="#[2155c38]">&gt;&gt;</a>&nbsp;&nbsp;&nbsp;eventq_get_count
<LI><a href="#[215772c]">&gt;&gt;</a>&nbsp;&nbsp;&nbsp;_mem_search_equ
<LI><a href="#[2157894]">&gt;&gt;</a>&nbsp;&nbsp;&nbsp;ftl_read
<LI><a href="#[215790c]">&gt;&gt;</a>&nbsp;&nbsp;&nbsp;ftl_write
</UL>
<BR>[Called By]<UL><LI><a href="#[215970c]">&gt;&gt;</a>&nbsp;&nbsp;&nbsp;reset_handler
</UL>

<P><STRONG><a name="[21563f4]"></a>delay</STRONG> (ARM, 32 bytes, Stack size 0 bytes, sata_main.o(.text))
<BR><BR>[Called By]<UL><LI><a href="#[21558b4]">&gt;&gt;</a>&nbsp;&nbsp;&nbsp;sata_reset
<LI><a href="#[2155ff8]">&gt;&gt;</a>&nbsp;&nbsp;&nbsp;led_blink
<LI><a href="#[215646c]">&gt;&gt;</a>&nbsp;&nbsp;&nbsp;ata_srst
<LI><a href="#[21591e4]">&gt;&gt;</a>&nbsp;&nbsp;&nbsp;init_jasmine
</UL>

<P><STRONG><a name="[21558b4]"></a>sata_reset</STRONG> (ARM, 272 bytes, Stack size 8 bytes, sata_main.o(.text), UNUSED)
<BR><BR>[Calls]<UL><LI><a href="#[21563f4]">&gt;&gt;</a>&nbsp;&nbsp;&nbsp;delay
<LI><a href="#[2157678]">&gt;&gt;</a>&nbsp;&nbsp;&nbsp;_mem_set_sram
<LI><a href="#[2159658]">&gt;&gt;</a>&nbsp;&nbsp;&nbsp;enable_interrupt
<LI><a href="#[2159694]">&gt;&gt;</a>&nbsp;&nbsp;&nbsp;disable_interrupt
</UL>

<P><STRONG><a name="[2157768]"></a>_mem_copy</STRONG> (ARM, 76 bytes, Stack size 0 bytes, mem_util.o(.text))
<BR><BR>[Called By]<UL><LI><a href="#[2154e28]">&gt;&gt;</a>&nbsp;&nbsp;&nbsp;_clr_bit_dram
<LI><a href="#[2154e64]">&gt;&gt;</a>&nbsp;&nbsp;&nbsp;_write_dram_8
<LI><a href="#[2156d18]">&gt;&gt;</a>&nbsp;&nbsp;&nbsp;ata_identify_device
<LI><a href="#[2157510]">&gt;&gt;</a>&nbsp;&nbsp;&nbsp;_write_dram_32
<LI><a href="#[215754c]">&gt;&gt;</a>&nbsp;&nbsp;&nbsp;_write_dram_16
<LI><a href="#[21575c4]">&gt;&gt;</a>&nbsp;&nbsp;&nbsp;_set_bit_dram
<LI><a href="#[21589ec]">&gt;&gt;</a>&nbsp;&nbsp;&nbsp;write_page
<LI><a href="#[2158a28]">&gt;&gt;</a>&nbsp;&nbsp;&nbsp;assign_new_write_vpn
<LI><a href="#[2158a64]">&gt;&gt;</a>&nbsp;&nbsp;&nbsp;garbage_collection
<LI><a href="#[2158c80]">&gt;&gt;</a>&nbsp;&nbsp;&nbsp;logging_pmap_table
<LI><a href="#[2158cbc]">&gt;&gt;</a>&nbsp;&nbsp;&nbsp;logging_misc_metadata
<LI><a href="#[2158d70]">&gt;&gt;</a>&nbsp;&nbsp;&nbsp;sanity_check
</UL>

<P><STRONG><a name="[2154edc]"></a>_mem_bmp_find_sram</STRONG> (ARM, 76 bytes, Stack size 0 bytes, mem_util.o(.text), UNUSED)

<P><STRONG><a name="[2154ea0]"></a>_mem_bmp_find_dram</STRONG> (ARM, 76 bytes, Stack size 0 bytes, mem_util.o(.text), UNUSED)

<P><STRONG><a name="[2157678]"></a>_mem_set_sram</STRONG> (ARM, 76 bytes, Stack size 0 bytes, mem_util.o(.text), UNUSED, KEPT)
<BR><BR>[Called By]<UL><LI><a href="#[21534d8]">&gt;&gt;</a>&nbsp;&nbsp;&nbsp;test_nand_blocks
<LI><a href="#[21558b4]">&gt;&gt;</a>&nbsp;&nbsp;&nbsp;sata_reset
<LI><a href="#[2158a28]">&gt;&gt;</a>&nbsp;&nbsp;&nbsp;assign_new_write_vpn
<LI><a href="#[2158d70]">&gt;&gt;</a>&nbsp;&nbsp;&nbsp;sanity_check
<LI><a href="#[21591e4]">&gt;&gt;</a>&nbsp;&nbsp;&nbsp;init_jasmine
</UL>

<P><STRONG><a name="[21576b4]"></a>_mem_set_dram</STRONG> (ARM, 76 bytes, Stack size 0 bytes, mem_util.o(.text), UNUSED, KEPT)
<BR><BR>[Called By]<UL><LI><a href="#[21528a8]">&gt;&gt;</a>&nbsp;&nbsp;&nbsp;tc_write_rand
<LI><a href="#[21534d8]">&gt;&gt;</a>&nbsp;&nbsp;&nbsp;test_nand_blocks
<LI><a href="#[2157894]">&gt;&gt;</a>&nbsp;&nbsp;&nbsp;ftl_read
<LI><a href="#[2158bcc]">&gt;&gt;</a>&nbsp;&nbsp;&nbsp;format
<LI><a href="#[2158cf8]">&gt;&gt;</a>&nbsp;&nbsp;&nbsp;write_format_mark
<LI><a href="#[2158d34]">&gt;&gt;</a>&nbsp;&nbsp;&nbsp;build_bad_blk_list
<LI><a href="#[2158d70]">&gt;&gt;</a>&nbsp;&nbsp;&nbsp;sanity_check
<LI><a href="#[21591e4]">&gt;&gt;</a>&nbsp;&nbsp;&nbsp;init_jasmine
</UL>

<P><STRONG><a name="[21576f0]"></a>_mem_search_min_max</STRONG> (ARM, 80 bytes, Stack size 0 bytes, mem_util.o(.text), UNUSED, KEPT)
<BR><BR>[Called By]<UL><LI><a href="#[2158aa0]">&gt;&gt;</a>&nbsp;&nbsp;&nbsp;get_vt_vblock
<LI><a href="#[2158d70]">&gt;&gt;</a>&nbsp;&nbsp;&nbsp;sanity_check
</UL>

<P><STRONG><a name="[215772c]"></a>_mem_search_equ</STRONG> (ARM, 112 bytes, Stack size 4 bytes, mem_util.o(.text), UNUSED, KEPT)
<BR><BR>[Stack]<UL><LI>Max Depth = 4<LI>Call Chain = _mem_search_equ
</UL>
<BR>[Called By]<UL><LI><a href="#[2158d34]">&gt;&gt;</a>&nbsp;&nbsp;&nbsp;build_bad_blk_list
<LI><a href="#[2158d70]">&gt;&gt;</a>&nbsp;&nbsp;&nbsp;sanity_check
<LI><a href="#[215925c]">&gt;&gt;</a>&nbsp;&nbsp;&nbsp;Main
</UL>

<P><STRONG><a name="[2157510]"></a>_write_dram_32</STRONG> (ARM, 36 bytes, Stack size 12 bytes, mem_util.o(.text), UNUSED, KEPT)
<BR><BR>[Stack]<UL><LI>Max Depth = 12<LI>Call Chain = _write_dram_32
</UL>
<BR>[Calls]<UL><LI><a href="#[2157768]">&gt;&gt;</a>&nbsp;&nbsp;&nbsp;_mem_copy
</UL>
<BR>[Called By]<UL><LI><a href="#[2158b18]">&gt;&gt;</a>&nbsp;&nbsp;&nbsp;set_vpn
<LI><a href="#[2158d70]">&gt;&gt;</a>&nbsp;&nbsp;&nbsp;sanity_check
</UL>

<P><STRONG><a name="[215754c]"></a>_write_dram_16</STRONG> (ARM, 80 bytes, Stack size 8 bytes, mem_util.o(.text), UNUSED, KEPT)
<BR><BR>[Stack]<UL><LI>Max Depth = 8<LI>Call Chain = _write_dram_16
</UL>
<BR>[Calls]<UL><LI><a href="#[2157768]">&gt;&gt;</a>&nbsp;&nbsp;&nbsp;_mem_copy
</UL>
<BR>[Called By]<UL><LI><a href="#[2158b54]">&gt;&gt;</a>&nbsp;&nbsp;&nbsp;set_vcount
<LI><a href="#[2158bcc]">&gt;&gt;</a>&nbsp;&nbsp;&nbsp;format
<LI><a href="#[2158c08]">&gt;&gt;</a>&nbsp;&nbsp;&nbsp;init_metadata_sram
<LI><a href="#[2158d34]">&gt;&gt;</a>&nbsp;&nbsp;&nbsp;build_bad_blk_list
<LI><a href="#[2158d70]">&gt;&gt;</a>&nbsp;&nbsp;&nbsp;sanity_check
</UL>

<P><STRONG><a name="[2154e64]"></a>_write_dram_8</STRONG> (ARM, 80 bytes, Stack size 8 bytes, mem_util.o(.text), UNUSED)
<BR><BR>[Calls]<UL><LI><a href="#[2157768]">&gt;&gt;</a>&nbsp;&nbsp;&nbsp;_mem_copy
</UL>

<P><STRONG><a name="[21575c4]"></a>_set_bit_dram</STRONG> (ARM, 84 bytes, Stack size 8 bytes, mem_util.o(.text), UNUSED, KEPT)
<BR><BR>[Stack]<UL><LI>Max Depth = 8<LI>Call Chain = _set_bit_dram
</UL>
<BR>[Calls]<UL><LI><a href="#[2157768]">&gt;&gt;</a>&nbsp;&nbsp;&nbsp;_mem_copy
</UL>
<BR>[Called By]<UL><LI><a href="#[2158d34]">&gt;&gt;</a>&nbsp;&nbsp;&nbsp;build_bad_blk_list
<LI><a href="#[2158d70]">&gt;&gt;</a>&nbsp;&nbsp;&nbsp;sanity_check
</UL>

<P><STRONG><a name="[2154e28]"></a>_clr_bit_dram</STRONG> (ARM, 84 bytes, Stack size 8 bytes, mem_util.o(.text), UNUSED)
<BR><BR>[Calls]<UL><LI><a href="#[2157768]">&gt;&gt;</a>&nbsp;&nbsp;&nbsp;_mem_copy
</UL>

<P><STRONG><a name="[2157588]"></a>_tst_bit_dram</STRONG> (ARM, 56 bytes, Stack size 0 bytes, mem_util.o(.text), UNUSED, KEPT)
<BR><BR>[Called By]<UL><LI><a href="#[2158c44]">&gt;&gt;</a>&nbsp;&nbsp;&nbsp;is_bad_block
<LI><a href="#[2158d70]">&gt;&gt;</a>&nbsp;&nbsp;&nbsp;sanity_check
</UL>

<P><STRONG><a name="[2154dec]"></a>_read_dram_8</STRONG> (ARM, 52 bytes, Stack size 0 bytes, mem_util.o(.text), UNUSED)
<BR><BR>[Called By]<UL><LI><a href="#[2154d74]">&gt;&gt;</a>&nbsp;&nbsp;&nbsp;_mem_cmp_dram
</UL>

<P><STRONG><a name="[215763c]"></a>_read_dram_16</STRONG> (ARM, 56 bytes, Stack size 0 bytes, mem_util.o(.text), UNUSED, KEPT)
<BR><BR>[Called By]<UL><LI><a href="#[2158b90]">&gt;&gt;</a>&nbsp;&nbsp;&nbsp;get_vcount
<LI><a href="#[2158d34]">&gt;&gt;</a>&nbsp;&nbsp;&nbsp;build_bad_blk_list
<LI><a href="#[2158d70]">&gt;&gt;</a>&nbsp;&nbsp;&nbsp;sanity_check
</UL>

<P><STRONG><a name="[2157600]"></a>_read_dram_32</STRONG> (ARM, 32 bytes, Stack size 0 bytes, mem_util.o(.text), UNUSED, KEPT)
<BR><BR>[Called By]<UL><LI><a href="#[21528a8]">&gt;&gt;</a>&nbsp;&nbsp;&nbsp;tc_write_rand
<LI><a href="#[2158adc]">&gt;&gt;</a>&nbsp;&nbsp;&nbsp;get_vpn
<LI><a href="#[2158d70]">&gt;&gt;</a>&nbsp;&nbsp;&nbsp;sanity_check
</UL>

<P><STRONG><a name="[2154db0]"></a>_mem_cmp_sram</STRONG> (ARM, 76 bytes, Stack size 4 bytes, mem_util.o(.text), UNUSED)

<P><STRONG><a name="[2154d74]"></a>_mem_cmp_dram</STRONG> (ARM, 108 bytes, Stack size 20 bytes, mem_util.o(.text), UNUSED)
<BR><BR>[Calls]<UL><LI><a href="#[2154dec]">&gt;&gt;</a>&nbsp;&nbsp;&nbsp;_read_dram_8
</UL>

<P><STRONG><a name="[21546e4]"></a>flash_issue_cmd</STRONG> (ARM, 84 bytes, Stack size 0 bytes, flash.o(.text))
<BR><BR>[Called By]<UL><LI><a href="#[2154144]">&gt;&gt;</a>&nbsp;&nbsp;&nbsp;nand_block_erase_sync
<LI><a href="#[2154180]">&gt;&gt;</a>&nbsp;&nbsp;&nbsp;nand_page_modified_copyback
<LI><a href="#[21541bc]">&gt;&gt;</a>&nbsp;&nbsp;&nbsp;nand_page_program_from_host
<LI><a href="#[21541f8]">&gt;&gt;</a>&nbsp;&nbsp;&nbsp;nand_page_program
<LI><a href="#[2154234]">&gt;&gt;</a>&nbsp;&nbsp;&nbsp;nand_page_read_to_host
<LI><a href="#[21545f4]">&gt;&gt;</a>&nbsp;&nbsp;&nbsp;flash_reset
<LI><a href="#[215727c]">&gt;&gt;</a>&nbsp;&nbsp;&nbsp;nand_page_read
<LI><a href="#[21572b8]">&gt;&gt;</a>&nbsp;&nbsp;&nbsp;nand_page_ptread_to_host
<LI><a href="#[21572f4]">&gt;&gt;</a>&nbsp;&nbsp;&nbsp;nand_page_ptread
<LI><a href="#[2157330]">&gt;&gt;</a>&nbsp;&nbsp;&nbsp;nand_page_ptprogram_from_host
<LI><a href="#[215736c]">&gt;&gt;</a>&nbsp;&nbsp;&nbsp;nand_page_ptprogram
<LI><a href="#[21573a8]">&gt;&gt;</a>&nbsp;&nbsp;&nbsp;nand_page_copyback
<LI><a href="#[21573e4]">&gt;&gt;</a>&nbsp;&nbsp;&nbsp;nand_block_erase
<LI><a href="#[21591e4]">&gt;&gt;</a>&nbsp;&nbsp;&nbsp;init_jasmine
</UL>

<P><STRONG><a name="[21546a8]"></a>flash_copy</STRONG> (ARM, 100 bytes, Stack size 8 bytes, flash.o(.text), UNUSED)

<P><STRONG><a name="[215466c]"></a>flash_modify_copy</STRONG> (ARM, 124 bytes, Stack size 20 bytes, flash.o(.text), UNUSED)

<P><STRONG><a name="[2154630]"></a>flash_erase</STRONG> (ARM, 88 bytes, Stack size 4 bytes, flash.o(.text), UNUSED)

<P><STRONG><a name="[215745c]"></a>flash_finish</STRONG> (ARM, 20 bytes, Stack size 0 bytes, flash.o(.text))
<BR><BR>[Called By]<UL><LI><a href="#[21528a8]">&gt;&gt;</a>&nbsp;&nbsp;&nbsp;tc_write_rand
<LI><a href="#[21545f4]">&gt;&gt;</a>&nbsp;&nbsp;&nbsp;flash_reset
<LI><a href="#[2157894]">&gt;&gt;</a>&nbsp;&nbsp;&nbsp;ftl_read
<LI><a href="#[2158c80]">&gt;&gt;</a>&nbsp;&nbsp;&nbsp;logging_pmap_table
<LI><a href="#[2158cbc]">&gt;&gt;</a>&nbsp;&nbsp;&nbsp;logging_misc_metadata
<LI><a href="#[2158d70]">&gt;&gt;</a>&nbsp;&nbsp;&nbsp;sanity_check
</UL>

<P><STRONG><a name="[2157498]"></a>flash_clear_irq</STRONG> (ARM, 44 bytes, Stack size 0 bytes, flash.o(.text), UNUSED, KEPT)
<BR><BR>[Called By]<UL><LI><a href="#[21534d8]">&gt;&gt;</a>&nbsp;&nbsp;&nbsp;test_nand_blocks
<LI><a href="#[21545f4]">&gt;&gt;</a>&nbsp;&nbsp;&nbsp;flash_reset
<LI><a href="#[2157984]">&gt;&gt;</a>&nbsp;&nbsp;&nbsp;ftl_open
<LI><a href="#[2158d34]">&gt;&gt;</a>&nbsp;&nbsp;&nbsp;build_bad_blk_list
<LI><a href="#[2158d70]">&gt;&gt;</a>&nbsp;&nbsp;&nbsp;sanity_check
<LI><a href="#[21591e4]">&gt;&gt;</a>&nbsp;&nbsp;&nbsp;init_jasmine
</UL>

<P><STRONG><a name="[21545f4]"></a>flash_reset</STRONG> (ARM, 260 bytes, Stack size 24 bytes, flash.o(.text), UNUSED, KEPT)
<BR><BR>[Stack]<UL><LI>Max Depth = 24<LI>Call Chain = flash_reset
</UL>
<BR>[Calls]<UL><LI><a href="#[21546e4]">&gt;&gt;</a>&nbsp;&nbsp;&nbsp;flash_issue_cmd
<LI><a href="#[215745c]">&gt;&gt;</a>&nbsp;&nbsp;&nbsp;flash_finish
<LI><a href="#[2157498]">&gt;&gt;</a>&nbsp;&nbsp;&nbsp;flash_clear_irq
</UL>
<BR>[Called By]<UL><LI><a href="#[21591e4]">&gt;&gt;</a>&nbsp;&nbsp;&nbsp;init_jasmine
</UL>

<P><STRONG><a name="[215727c]"></a>nand_page_read</STRONG> (ARM, 80 bytes, Stack size 0 bytes, flash_wrapper.o(.text), UNUSED, KEPT)
<BR><BR>[Calls]<UL><LI><a href="#[21546e4]">&gt;&gt;</a>&nbsp;&nbsp;&nbsp;flash_issue_cmd
</UL>
<BR>[Called By]<UL><LI><a href="#[21589ec]">&gt;&gt;</a>&nbsp;&nbsp;&nbsp;write_page
<LI><a href="#[2158d70]">&gt;&gt;</a>&nbsp;&nbsp;&nbsp;sanity_check
</UL>

<P><STRONG><a name="[21572f4]"></a>nand_page_ptread</STRONG> (ARM, 96 bytes, Stack size 16 bytes, flash_wrapper.o(.text), UNUSED, KEPT)
<BR><BR>[Stack]<UL><LI>Max Depth = 16<LI>Call Chain = nand_page_ptread
</UL>
<BR>[Calls]<UL><LI><a href="#[21546e4]">&gt;&gt;</a>&nbsp;&nbsp;&nbsp;flash_issue_cmd
</UL>
<BR>[Called By]<UL><LI><a href="#[21589ec]">&gt;&gt;</a>&nbsp;&nbsp;&nbsp;write_page
<LI><a href="#[2158a64]">&gt;&gt;</a>&nbsp;&nbsp;&nbsp;garbage_collection
<LI><a href="#[2158d70]">&gt;&gt;</a>&nbsp;&nbsp;&nbsp;sanity_check
</UL>

<P><STRONG><a name="[2154234]"></a>nand_page_read_to_host</STRONG> (ARM, 132 bytes, Stack size 16 bytes, flash_wrapper.o(.text), UNUSED)
<BR><BR>[Calls]<UL><LI><a href="#[214fcd4]">&gt;&gt;</a>&nbsp;&nbsp;&nbsp;__aeabi_uidivmod
<LI><a href="#[21546e4]">&gt;&gt;</a>&nbsp;&nbsp;&nbsp;flash_issue_cmd
</UL>

<P><STRONG><a name="[21572b8]"></a>nand_page_ptread_to_host</STRONG> (ARM, 132 bytes, Stack size 16 bytes, flash_wrapper.o(.text), UNUSED, KEPT)
<BR><BR>[Stack]<UL><LI>Max Depth = 16 + Unknown Stack Size
<LI>Call Chain = nand_page_ptread_to_host
</UL>
<BR>[Calls]<UL><LI><a href="#[214fcd4]">&gt;&gt;</a>&nbsp;&nbsp;&nbsp;__aeabi_uidivmod
<LI><a href="#[21546e4]">&gt;&gt;</a>&nbsp;&nbsp;&nbsp;flash_issue_cmd
</UL>
<BR>[Called By]<UL><LI><a href="#[2157894]">&gt;&gt;</a>&nbsp;&nbsp;&nbsp;ftl_read
<LI><a href="#[2158d70]">&gt;&gt;</a>&nbsp;&nbsp;&nbsp;sanity_check
</UL>

<P><STRONG><a name="[21541f8]"></a>nand_page_program</STRONG> (ARM, 80 bytes, Stack size 0 bytes, flash_wrapper.o(.text), UNUSED)
<BR><BR>[Calls]<UL><LI><a href="#[21546e4]">&gt;&gt;</a>&nbsp;&nbsp;&nbsp;flash_issue_cmd
</UL>

<P><STRONG><a name="[215736c]"></a>nand_page_ptprogram</STRONG> (ARM, 92 bytes, Stack size 8 bytes, flash_wrapper.o(.text))
<BR><BR>[Stack]<UL><LI>Max Depth = 8<LI>Call Chain = nand_page_ptprogram
</UL>
<BR>[Calls]<UL><LI><a href="#[21546e4]">&gt;&gt;</a>&nbsp;&nbsp;&nbsp;flash_issue_cmd
</UL>
<BR>[Called By]<UL><LI><a href="#[2158a28]">&gt;&gt;</a>&nbsp;&nbsp;&nbsp;assign_new_write_vpn
<LI><a href="#[2158c80]">&gt;&gt;</a>&nbsp;&nbsp;&nbsp;logging_pmap_table
<LI><a href="#[2158cbc]">&gt;&gt;</a>&nbsp;&nbsp;&nbsp;logging_misc_metadata
<LI><a href="#[2158d70]">&gt;&gt;</a>&nbsp;&nbsp;&nbsp;sanity_check
</UL>

<P><STRONG><a name="[21541bc]"></a>nand_page_program_from_host</STRONG> (ARM, 128 bytes, Stack size 8 bytes, flash_wrapper.o(.text), UNUSED)
<BR><BR>[Calls]<UL><LI><a href="#[214fcd4]">&gt;&gt;</a>&nbsp;&nbsp;&nbsp;__aeabi_uidivmod
<LI><a href="#[21546e4]">&gt;&gt;</a>&nbsp;&nbsp;&nbsp;flash_issue_cmd
</UL>

<P><STRONG><a name="[2157330]"></a>nand_page_ptprogram_from_host</STRONG> (ARM, 128 bytes, Stack size 16 bytes, flash_wrapper.o(.text), UNUSED, KEPT)
<BR><BR>[Stack]<UL><LI>Max Depth = 16 + Unknown Stack Size
<LI>Call Chain = nand_page_ptprogram_from_host
</UL>
<BR>[Calls]<UL><LI><a href="#[214fcd4]">&gt;&gt;</a>&nbsp;&nbsp;&nbsp;__aeabi_uidivmod
<LI><a href="#[21546e4]">&gt;&gt;</a>&nbsp;&nbsp;&nbsp;flash_issue_cmd
</UL>
<BR>[Called By]<UL><LI><a href="#[21589ec]">&gt;&gt;</a>&nbsp;&nbsp;&nbsp;write_page
<LI><a href="#[2158d70]">&gt;&gt;</a>&nbsp;&nbsp;&nbsp;sanity_check
</UL>

<P><STRONG><a name="[21573a8]"></a>nand_page_copyback</STRONG> (ARM, 96 bytes, Stack size 8 bytes, flash_wrapper.o(.text), UNUSED, KEPT)
<BR><BR>[Stack]<UL><LI>Max Depth = 8<LI>Call Chain = nand_page_copyback
</UL>
<BR>[Calls]<UL><LI><a href="#[21546e4]">&gt;&gt;</a>&nbsp;&nbsp;&nbsp;flash_issue_cmd
</UL>
<BR>[Called By]<UL><LI><a href="#[2158a64]">&gt;&gt;</a>&nbsp;&nbsp;&nbsp;garbage_collection
<LI><a href="#[2158d70]">&gt;&gt;</a>&nbsp;&nbsp;&nbsp;sanity_check
</UL>

<P><STRONG><a name="[2154180]"></a>nand_page_modified_copyback</STRONG> (ARM, 280 bytes, Stack size 40 bytes, flash_wrapper.o(.text), UNUSED)
<BR><BR>[Calls]<UL><LI><a href="#[21546e4]">&gt;&gt;</a>&nbsp;&nbsp;&nbsp;flash_issue_cmd
</UL>

<P><STRONG><a name="[21573e4]"></a>nand_block_erase</STRONG> (ARM, 72 bytes, Stack size 8 bytes, flash_wrapper.o(.text))
<BR><BR>[Stack]<UL><LI>Max Depth = 8<LI>Call Chain = nand_block_erase
</UL>
<BR>[Calls]<UL><LI><a href="#[21546e4]">&gt;&gt;</a>&nbsp;&nbsp;&nbsp;flash_issue_cmd
</UL>
<BR>[Called By]<UL><LI><a href="#[2158a64]">&gt;&gt;</a>&nbsp;&nbsp;&nbsp;garbage_collection
<LI><a href="#[2158bcc]">&gt;&gt;</a>&nbsp;&nbsp;&nbsp;format
<LI><a href="#[2158c80]">&gt;&gt;</a>&nbsp;&nbsp;&nbsp;logging_pmap_table
<LI><a href="#[2158cbc]">&gt;&gt;</a>&nbsp;&nbsp;&nbsp;logging_misc_metadata
<LI><a href="#[2158d70]">&gt;&gt;</a>&nbsp;&nbsp;&nbsp;sanity_check
</UL>

<P><STRONG><a name="[2154144]"></a>nand_block_erase_sync</STRONG> (ARM, 72 bytes, Stack size 8 bytes, flash_wrapper.o(.text), UNUSED)
<BR><BR>[Calls]<UL><LI><a href="#[21546e4]">&gt;&gt;</a>&nbsp;&nbsp;&nbsp;flash_issue_cmd
</UL>

<P><STRONG><a name="[21591e4]"></a>init_jasmine</STRONG> (ARM, 432 bytes, Stack size 40 bytes, initialize.o(.text), UNUSED, KEPT)
<BR><BR>[Stack]<UL><LI>Max Depth = 504 + Unknown Stack Size
<LI>Call Chain = init_jasmine &rArr; ftl_test &rArr; tc_write_rand &rArr; uart_printf &rArr; vsnprintf &rArr; _printf_char_common &rArr; __printf
</UL>
<BR>[Calls]<UL><LI><a href="#[2153d48]">&gt;&gt;</a>&nbsp;&nbsp;&nbsp;uart_init
<LI><a href="#[2153d84]">&gt;&gt;</a>&nbsp;&nbsp;&nbsp;ftl_test
<LI><a href="#[21545f4]">&gt;&gt;</a>&nbsp;&nbsp;&nbsp;flash_reset
<LI><a href="#[21546e4]">&gt;&gt;</a>&nbsp;&nbsp;&nbsp;flash_issue_cmd
<LI><a href="#[21563f4]">&gt;&gt;</a>&nbsp;&nbsp;&nbsp;delay
<LI><a href="#[2157240]">&gt;&gt;</a>&nbsp;&nbsp;&nbsp;uart_print
<LI><a href="#[2157420]">&gt;&gt;</a>&nbsp;&nbsp;&nbsp;led
<LI><a href="#[2157498]">&gt;&gt;</a>&nbsp;&nbsp;&nbsp;flash_clear_irq
<LI><a href="#[2157678]">&gt;&gt;</a>&nbsp;&nbsp;&nbsp;_mem_set_sram
<LI><a href="#[21576b4]">&gt;&gt;</a>&nbsp;&nbsp;&nbsp;_mem_set_dram
<LI><a href="#[2157984]">&gt;&gt;</a>&nbsp;&nbsp;&nbsp;ftl_open
</UL>
<BR>[Called By]<UL><LI><a href="#[215970c]">&gt;&gt;</a>&nbsp;&nbsp;&nbsp;reset_handler
</UL>

<P><STRONG><a name="[2157420]"></a>led</STRONG> (ARM, 36 bytes, Stack size 0 bytes, misc.o(.text), UNUSED, KEPT)
<BR><BR>[Called By]<UL><LI><a href="#[21528a8]">&gt;&gt;</a>&nbsp;&nbsp;&nbsp;tc_write_rand
<LI><a href="#[2155ff8]">&gt;&gt;</a>&nbsp;&nbsp;&nbsp;led_blink
<LI><a href="#[2157984]">&gt;&gt;</a>&nbsp;&nbsp;&nbsp;ftl_open
<LI><a href="#[2158bcc]">&gt;&gt;</a>&nbsp;&nbsp;&nbsp;format
<LI><a href="#[2158d70]">&gt;&gt;</a>&nbsp;&nbsp;&nbsp;sanity_check
<LI><a href="#[21591e4]">&gt;&gt;</a>&nbsp;&nbsp;&nbsp;init_jasmine
</UL>

<P><STRONG><a name="[2155ff8]"></a>led_blink</STRONG> (ARM, 44 bytes, Stack size 8 bytes, misc.o(.text), UNUSED, KEPT)
<BR><BR>[Stack]<UL><LI>Max Depth = 8<LI>Call Chain = led_blink
</UL>
<BR>[Calls]<UL><LI><a href="#[21563f4]">&gt;&gt;</a>&nbsp;&nbsp;&nbsp;delay
<LI><a href="#[2157420]">&gt;&gt;</a>&nbsp;&nbsp;&nbsp;led
</UL>
<BR>[Called By]<UL><LI><a href="#[21528a8]">&gt;&gt;</a>&nbsp;&nbsp;&nbsp;tc_write_rand
<LI><a href="#[21591a8]">&gt;&gt;</a>&nbsp;&nbsp;&nbsp;irq_handler
<LI><a href="#[2159220]">&gt;&gt;</a>&nbsp;&nbsp;&nbsp;fiq_handler
</UL>

<P><STRONG><a name="[2153514]"></a>swi_handler</STRONG> (ARM, 4 bytes, Stack size 0 bytes, misc.o(.text), UNUSED)

<P><STRONG><a name="[21591a8]"></a>irq_handler</STRONG> (ARM, 192 bytes, Stack size 24 bytes, misc.o(.text), UNUSED)
<BR><BR>[Calls]<UL><LI><a href="#[2155ff8]">&gt;&gt;</a>&nbsp;&nbsp;&nbsp;led_blink
<LI><a href="#[2157204]">&gt;&gt;</a>&nbsp;&nbsp;&nbsp;uart_printf
<LI><a href="#[2157858]">&gt;&gt;</a>&nbsp;&nbsp;&nbsp;ftl_isr
</UL>

<P><STRONG><a name="[21534d8]"></a>test_nand_blocks</STRONG> (ARM, 740 bytes, Stack size 40 bytes, misc.o(.text), UNUSED)
<BR><BR>[Calls]<UL><LI><a href="#[214ffe0]">&gt;&gt;</a>&nbsp;&nbsp;&nbsp;rand (via Veneer)
<LI><a href="#[2150058]">&gt;&gt;</a>&nbsp;&nbsp;&nbsp;srand (via Veneer)
<LI><a href="#[2157498]">&gt;&gt;</a>&nbsp;&nbsp;&nbsp;flash_clear_irq
<LI><a href="#[2157678]">&gt;&gt;</a>&nbsp;&nbsp;&nbsp;_mem_set_sram
<LI><a href="#[21576b4]">&gt;&gt;</a>&nbsp;&nbsp;&nbsp;_mem_set_dram
</UL>

<P><STRONG><a name="[215349c]"></a>start_interval_measurement</STRONG> (ARM, 48 bytes, Stack size 0 bytes, misc.o(.text), UNUSED)
<BR><BR>[Called By]<UL><LI><a href="#[2153424]">&gt;&gt;</a>&nbsp;&nbsp;&nbsp;ptimer_start
</UL>

<P><STRONG><a name="[2153460]"></a>start_timer</STRONG> (ARM, 44 bytes, Stack size 0 bytes, misc.o(.text), UNUSED)

<P><STRONG><a name="[2153424]"></a>ptimer_start</STRONG> (ARM, 12 bytes, Stack size 0 bytes, misc.o(.text), UNUSED)
<BR><BR>[Calls]<UL><LI><a href="#[215349c]">&gt;&gt;</a>&nbsp;&nbsp;&nbsp;start_interval_measurement
</UL>

<P><STRONG><a name="[21533e8]"></a>ptimer_stop_and_uart_print</STRONG> (ARM, 120 bytes, Stack size 72 bytes, misc.o(.text), UNUSED)
<BR><BR>[Calls]<UL><LI><a href="#[21518b8]">&gt;&gt;</a>&nbsp;&nbsp;&nbsp;__2sprintf (via Veneer)
<LI><a href="#[2152470]">&gt;&gt;</a>&nbsp;&nbsp;&nbsp;_ll_udiv
<LI><a href="#[2157240]">&gt;&gt;</a>&nbsp;&nbsp;&nbsp;uart_print
</UL>

<P><STRONG><a name="[21533ac]"></a>_sbrk</STRONG> (ARM, 44 bytes, Stack size 0 bytes, misc.o(.text), UNUSED)

<P><STRONG><a name="[2153d48]"></a>uart_init</STRONG> (ARM, 60 bytes, Stack size 0 bytes, uart.o(.text), UNUSED, KEPT)
<BR><BR>[Called By]<UL><LI><a href="#[21591e4]">&gt;&gt;</a>&nbsp;&nbsp;&nbsp;init_jasmine
</UL>

<P><STRONG><a name="[2157240]"></a>uart_print</STRONG> (ARM, 56 bytes, Stack size 8 bytes, uart.o(.text), UNUSED, KEPT)
<BR><BR>[Stack]<UL><LI>Max Depth = 8<LI>Call Chain = uart_print
</UL>
<BR>[Calls]<UL><LI><a href="#[2152f74]">&gt;&gt;</a>&nbsp;&nbsp;&nbsp;uart_txbyte
</UL>
<BR>[Called By]<UL><LI><a href="#[2152c2c]">&gt;&gt;</a>&nbsp;&nbsp;&nbsp;uart_print_32
<LI><a href="#[21533e8]">&gt;&gt;</a>&nbsp;&nbsp;&nbsp;ptimer_stop_and_uart_print
<LI><a href="#[2153d84]">&gt;&gt;</a>&nbsp;&nbsp;&nbsp;ftl_test
<LI><a href="#[2157204]">&gt;&gt;</a>&nbsp;&nbsp;&nbsp;uart_printf
<LI><a href="#[2157858]">&gt;&gt;</a>&nbsp;&nbsp;&nbsp;ftl_isr
<LI><a href="#[2157984]">&gt;&gt;</a>&nbsp;&nbsp;&nbsp;ftl_open
<LI><a href="#[2158bcc]">&gt;&gt;</a>&nbsp;&nbsp;&nbsp;format
<LI><a href="#[2158d70]">&gt;&gt;</a>&nbsp;&nbsp;&nbsp;sanity_check
<LI><a href="#[21591e4]">&gt;&gt;</a>&nbsp;&nbsp;&nbsp;init_jasmine
</UL>

<P><STRONG><a name="[2152c2c]"></a>uart_print_32</STRONG> (ARM, 44 bytes, Stack size 32 bytes, uart.o(.text), UNUSED)
<BR><BR>[Calls]<UL><LI><a href="#[21518b8]">&gt;&gt;</a>&nbsp;&nbsp;&nbsp;__2sprintf (via Veneer)
<LI><a href="#[2157240]">&gt;&gt;</a>&nbsp;&nbsp;&nbsp;uart_print
</UL>

<P><STRONG><a name="[2152bf0]"></a>uart_print_hex</STRONG> (ARM, 144 bytes, Stack size 24 bytes, uart.o(.text), UNUSED)
<BR><BR>[Calls]<UL><LI><a href="#[2152f74]">&gt;&gt;</a>&nbsp;&nbsp;&nbsp;uart_txbyte
</UL>

<P><STRONG><a name="[2157204]"></a>uart_printf</STRONG> (ARM, 72 bytes, Stack size 280 bytes, uart.o(.text), UNUSED, KEPT)
<BR><BR>[Stack]<UL><LI>Max Depth = 408 + Unknown Stack Size
<LI>Call Chain = uart_printf &rArr; vsnprintf &rArr; _printf_char_common &rArr; __printf
</UL>
<BR>[Calls]<UL><LI><a href="#[21508c8]">&gt;&gt;</a>&nbsp;&nbsp;&nbsp;fflush (via Veneer)
<LI><a href="#[2152308]">&gt;&gt;</a>&nbsp;&nbsp;&nbsp;vsnprintf (via Veneer)
<LI><a href="#[2157240]">&gt;&gt;</a>&nbsp;&nbsp;&nbsp;uart_print
</UL>
<BR>[Called By]<UL><LI><a href="#[21528a8]">&gt;&gt;</a>&nbsp;&nbsp;&nbsp;tc_write_rand
<LI><a href="#[2157858]">&gt;&gt;</a>&nbsp;&nbsp;&nbsp;ftl_isr
<LI><a href="#[2158bcc]">&gt;&gt;</a>&nbsp;&nbsp;&nbsp;format
<LI><a href="#[2158d70]">&gt;&gt;</a>&nbsp;&nbsp;&nbsp;sanity_check
<LI><a href="#[21591a8]">&gt;&gt;</a>&nbsp;&nbsp;&nbsp;irq_handler
</UL>

<P><STRONG><a name="[2153d84]"></a>ftl_test</STRONG> (ARM, 40 bytes, Stack size 8 bytes, tc_synth.o(.text), UNUSED, KEPT)
<BR><BR>[Stack]<UL><LI>Max Depth = 464 + Unknown Stack Size
<LI>Call Chain = ftl_test &rArr; tc_write_rand &rArr; uart_printf &rArr; vsnprintf &rArr; _printf_char_common &rArr; __printf
</UL>
<BR>[Calls]<UL><LI><a href="#[21528a8]">&gt;&gt;</a>&nbsp;&nbsp;&nbsp;tc_write_rand
<LI><a href="#[2157240]">&gt;&gt;</a>&nbsp;&nbsp;&nbsp;uart_print
</UL>
<BR>[Called By]<UL><LI><a href="#[21591e4]">&gt;&gt;</a>&nbsp;&nbsp;&nbsp;init_jasmine
</UL>

<P><STRONG><a name="[21524ac]"></a>__aeabi_uldivmod</STRONG> (ARM, 0 bytes, Stack size 24 bytes, lludiv.o(.text), UNUSED)

<P><STRONG><a name="[2152470]"></a>_ll_udiv</STRONG> (ARM, 720 bytes, Stack size 24 bytes, lludiv.o(.text), UNUSED)
<BR><BR>[Called By]<UL><LI><a href="#[21533e8]">&gt;&gt;</a>&nbsp;&nbsp;&nbsp;ptimer_stop_and_uart_print
</UL>

<P><STRONG><a name="[2152434]"></a>_ll_udiv_donemoving</STRONG> (ARM, 0 bytes, Stack size unknown bytes, lludiv.o(.text), UNUSED)

<P><STRONG><a name="[2152308]"></a>vsnprintf</STRONG> (Thumb, 52 bytes, Stack size 24 bytes, vsnprintf.o(.text), UNUSED, KEPT)
<BR><BR>[Stack]<UL><LI>Max Depth = 128 + Unknown Stack Size
<LI>Call Chain = vsnprintf &rArr; _printf_char_common &rArr; __printf
</UL>
<BR>[Calls]<UL><LI><a href="#[214e960]">&gt;&gt;</a>&nbsp;&nbsp;&nbsp;_sputc
<LI><a href="#[214ea8c]">&gt;&gt;</a>&nbsp;&nbsp;&nbsp;_printf_char_common
</UL>
<BR>[Called By]<UL><LI><a href="#[2157204]">&gt;&gt;</a>&nbsp;&nbsp;&nbsp;uart_printf (via Veneer)
</UL>

<P><STRONG><a name="[21518b8]"></a>__2sprintf</STRONG> (Thumb, 40 bytes, Stack size 32 bytes, __2sprintf.o(.text), UNUSED)
<BR><BR>[Calls]<UL><LI><a href="#[214e960]">&gt;&gt;</a>&nbsp;&nbsp;&nbsp;_sputc
<LI><a href="#[214ea8c]">&gt;&gt;</a>&nbsp;&nbsp;&nbsp;_printf_char_common
</UL>
<BR>[Called By]<UL><LI><a href="#[2152c2c]">&gt;&gt;</a>&nbsp;&nbsp;&nbsp;uart_print_32 (via Veneer)
<LI><a href="#[21533e8]">&gt;&gt;</a>&nbsp;&nbsp;&nbsp;ptimer_stop_and_uart_print (via Veneer)
</UL>

<P><STRONG><a name="[2151480]"></a>_printf_int_dec</STRONG> (Thumb, 94 bytes, Stack size 32 bytes, _printf_dec.o(.text), UNUSED)
<BR><BR>[Calls]<UL><LI><a href="#[214b33c]">&gt;&gt;</a>&nbsp;&nbsp;&nbsp;__rt_udiv10 (via Veneer)
<LI><a href="#[214eca8]">&gt;&gt;</a>&nbsp;&nbsp;&nbsp;_printf_int_common
<LI><a href="#[214eec4]">&gt;&gt;</a>&nbsp;&nbsp;&nbsp;_printf_truncate_unsigned
<LI><a href="#[214ef00]">&gt;&gt;</a>&nbsp;&nbsp;&nbsp;_printf_truncate_signed
</UL>
<BR>[Called By]<UL><LI><a href="#[214ca34]">&gt;&gt;</a>&nbsp;&nbsp;&nbsp;_printf_d (via Veneer)
<LI><a href="#[214cae8]">&gt;&gt;</a>&nbsp;&nbsp;&nbsp;_printf_i (via Veneer)
<LI><a href="#[2150ae4]">&gt;&gt;</a>&nbsp;&nbsp;&nbsp;_printf_u (via Veneer)
</UL>

<P><STRONG><a name="[2150b98]"></a>__printf</STRONG> (Thumb, 422 bytes, Stack size 32 bytes, __printf_flags_ss_wp.o(.text), UNUSED, KEPT)
<BR><BR>[Stack]<UL><LI>Max Depth = 32 + Unknown Stack Size
<LI>Call Chain = __printf
</UL>
<BR>[Calls]<UL><LI><a href="#[214e654]">&gt;&gt;</a>&nbsp;&nbsp;&nbsp;__ARM_common_call_via_r2
<LI><a href="#[2150a30]">&gt;&gt;</a>&nbsp;&nbsp;&nbsp;_printf_percent (via Veneer)
<LI><a href="#[21515ac]">&gt;&gt;</a>&nbsp;&nbsp;&nbsp;__ARM_common_call_via_r1
</UL>
<BR>[Called By]<UL><LI><a href="#[214ea8c]">&gt;&gt;</a>&nbsp;&nbsp;&nbsp;_printf_char_common
</UL>

<P><STRONG><a name="[2150904]"></a>_do_fflush</STRONG> (Thumb, 58 bytes, Stack size 16 bytes, fflush.o(.text), UNUSED, KEPT)
<BR><BR>[Stack]<UL><LI>Max Depth = 88<LI>Call Chain = _do_fflush &rArr; _fflush &rArr; _writebuf &rArr; _sys_write
</UL>
<BR>[Calls]<UL><LI><a href="#[214bbe8]">&gt;&gt;</a>&nbsp;&nbsp;&nbsp;_fflush
<LI><a href="#[214be7c]">&gt;&gt;</a>&nbsp;&nbsp;&nbsp;_fseek
</UL>
<BR>[Called By]<UL><LI><a href="#[21508c8]">&gt;&gt;</a>&nbsp;&nbsp;&nbsp;fflush
</UL>

<P><STRONG><a name="[21508c8]"></a>fflush</STRONG> (Thumb, 42 bytes, Stack size 16 bytes, fflush.o(.text), UNUSED, KEPT)
<BR><BR>[Stack]<UL><LI>Max Depth = 104<LI>Call Chain = fflush &rArr; _do_fflush &rArr; _fflush &rArr; _writebuf &rArr; _sys_write
</UL>
<BR>[Calls]<UL><LI><a href="#[2150904]">&gt;&gt;</a>&nbsp;&nbsp;&nbsp;_do_fflush
</UL>
<BR>[Called By]<UL><LI><a href="#[2157204]">&gt;&gt;</a>&nbsp;&nbsp;&nbsp;uart_printf (via Veneer)
</UL>

<P><STRONG><a name="[2150058]"></a>srand</STRONG> (Thumb, 42 bytes, Stack size 8 bytes, rand.o(.text), UNUSED, KEPT)
<BR><BR>[Stack]<UL><LI>Max Depth = 8<LI>Call Chain = srand
</UL>
<BR>[Called By]<UL><LI><a href="#[215001c]">&gt;&gt;</a>&nbsp;&nbsp;&nbsp;_rand_init
<LI><a href="#[21528a8]">&gt;&gt;</a>&nbsp;&nbsp;&nbsp;tc_write_rand (via Veneer)
<LI><a href="#[21534d8]">&gt;&gt;</a>&nbsp;&nbsp;&nbsp;test_nand_blocks (via Veneer)
</UL>

<P><STRONG><a name="[215001c]"></a>_rand_init</STRONG> (Thumb, 4 bytes, Stack size 0 bytes, rand.o(.text), UNUSED)
<BR><BR>[Calls]<UL><LI><a href="#[2150058]">&gt;&gt;</a>&nbsp;&nbsp;&nbsp;srand
</UL>

<P><STRONG><a name="[214ffe0]"></a>rand</STRONG> (Thumb, 56 bytes, Stack size 12 bytes, rand.o(.text), UNUSED, KEPT)
<BR><BR>[Stack]<UL><LI>Max Depth = 12<LI>Call Chain = rand
</UL>
<BR>[Called By]<UL><LI><a href="#[21528a8]">&gt;&gt;</a>&nbsp;&nbsp;&nbsp;tc_write_rand (via Veneer)
<LI><a href="#[21534d8]">&gt;&gt;</a>&nbsp;&nbsp;&nbsp;test_nand_blocks (via Veneer)
</UL>

<P><STRONG><a name="[214fd88]"></a>__aeabi_idiv</STRONG> (ARM, 0 bytes, Stack size 8 bytes, aeabi_sdiv.o(.text), UNUSED)

<P><STRONG><a name="[214fd4c]"></a>__aeabi_idivmod</STRONG> (ARM, 384 bytes, Stack size 8 bytes, aeabi_sdiv.o(.text), UNUSED, KEPT)
<BR><BR>[Stack]<UL><LI>Max Depth = 8<LI>Call Chain = __aeabi_idivmod
</UL>
<BR>[Called By]<UL><LI><a href="#[21528a8]">&gt;&gt;</a>&nbsp;&nbsp;&nbsp;tc_write_rand
</UL>

<P><STRONG><a name="[214f02c]"></a>_printf_pre_padding</STRONG> (Thumb, 48 bytes, Stack size 16 bytes, _printf_pad.o(.text), UNUSED)
<BR><BR>[Calls]<UL><LI><a href="#[214e654]">&gt;&gt;</a>&nbsp;&nbsp;&nbsp;__ARM_common_call_via_r2
</UL>
<BR>[Called By]<UL><LI><a href="#[214e690]">&gt;&gt;</a>&nbsp;&nbsp;&nbsp;_printf_wctomb
<LI><a href="#[214eca8]">&gt;&gt;</a>&nbsp;&nbsp;&nbsp;_printf_int_common
<LI><a href="#[214edd4]">&gt;&gt;</a>&nbsp;&nbsp;&nbsp;_printf_str
</UL>

<P><STRONG><a name="[214eff0]"></a>_printf_post_padding</STRONG> (Thumb, 36 bytes, Stack size 16 bytes, _printf_pad.o(.text), UNUSED)
<BR><BR>[Calls]<UL><LI><a href="#[214e654]">&gt;&gt;</a>&nbsp;&nbsp;&nbsp;__ARM_common_call_via_r2
</UL>
<BR>[Called By]<UL><LI><a href="#[214e690]">&gt;&gt;</a>&nbsp;&nbsp;&nbsp;_printf_wctomb
<LI><a href="#[214eca8]">&gt;&gt;</a>&nbsp;&nbsp;&nbsp;_printf_int_common
<LI><a href="#[214edd4]">&gt;&gt;</a>&nbsp;&nbsp;&nbsp;_printf_str
</UL>

<P><STRONG><a name="[214ef00]"></a>_printf_truncate_signed</STRONG> (Thumb, 22 bytes, Stack size 0 bytes, _printf_truncate.o(.text), UNUSED)
<BR><BR>[Called By]<UL><LI><a href="#[2151480]">&gt;&gt;</a>&nbsp;&nbsp;&nbsp;_printf_int_dec
</UL>

<P><STRONG><a name="[214eec4]"></a>_printf_truncate_unsigned</STRONG> (Thumb, 22 bytes, Stack size 0 bytes, _printf_truncate.o(.text), UNUSED)
<BR><BR>[Called By]<UL><LI><a href="#[214d178]">&gt;&gt;</a>&nbsp;&nbsp;&nbsp;_printf_int_hex
<LI><a href="#[214e0b4]">&gt;&gt;</a>&nbsp;&nbsp;&nbsp;_printf_int_oct
<LI><a href="#[2151480]">&gt;&gt;</a>&nbsp;&nbsp;&nbsp;_printf_int_dec
</UL>

<P><STRONG><a name="[214edd4]"></a>_printf_str</STRONG> (Thumb, 88 bytes, Stack size 16 bytes, _printf_str.o(.text), UNUSED)
<BR><BR>[Calls]<UL><LI><a href="#[214e654]">&gt;&gt;</a>&nbsp;&nbsp;&nbsp;__ARM_common_call_via_r2
<LI><a href="#[214eff0]">&gt;&gt;</a>&nbsp;&nbsp;&nbsp;_printf_post_padding
<LI><a href="#[214f02c]">&gt;&gt;</a>&nbsp;&nbsp;&nbsp;_printf_pre_padding
</UL>
<BR>[Called By]<UL><LI><a href="#[37e7ecc]">&gt;&gt;</a>&nbsp;&nbsp;&nbsp;_printf_cs_common
</UL>

<P><STRONG><a name="[214eca8]"></a>_printf_int_common</STRONG> (Thumb, 182 bytes, Stack size 40 bytes, _printf_intcommon.o(.text), UNUSED)
<BR><BR>[Calls]<UL><LI><a href="#[214e654]">&gt;&gt;</a>&nbsp;&nbsp;&nbsp;__ARM_common_call_via_r2
<LI><a href="#[214eff0]">&gt;&gt;</a>&nbsp;&nbsp;&nbsp;_printf_post_padding
<LI><a href="#[214f02c]">&gt;&gt;</a>&nbsp;&nbsp;&nbsp;_printf_pre_padding
</UL>
<BR>[Called By]<UL><LI><a href="#[214d1b4]">&gt;&gt;</a>&nbsp;&nbsp;&nbsp;_printf_longlong_hex
<LI><a href="#[214e0f0]">&gt;&gt;</a>&nbsp;&nbsp;&nbsp;_printf_longlong_oct
<LI><a href="#[214e4ec]">&gt;&gt;</a>&nbsp;&nbsp;&nbsp;_printf_longlong_dec
<LI><a href="#[2151480]">&gt;&gt;</a>&nbsp;&nbsp;&nbsp;_printf_int_dec
</UL>

<P><STRONG><a name="[214ebb8]"></a>_printf_charcount</STRONG> (Thumb, 40 bytes, Stack size 0 bytes, _printf_charcount.o(.text), UNUSED)
<BR><BR>[Called By]<UL><LI><a href="#[214ce6c]">&gt;&gt;</a>&nbsp;&nbsp;&nbsp;_printf_n (via Veneer)
</UL>

<P><STRONG><a name="[214ea8c]"></a>_printf_char_common</STRONG> (Thumb, 38 bytes, Stack size 72 bytes, _printf_char_common.o(.text), UNUSED, KEPT)
<BR><BR>[Stack]<UL><LI>Max Depth = 104 + Unknown Stack Size
<LI>Call Chain = _printf_char_common &rArr; __printf
</UL>
<BR>[Calls]<UL><LI><a href="#[2150b98]">&gt;&gt;</a>&nbsp;&nbsp;&nbsp;__printf
</UL>
<BR>[Called By]<UL><LI><a href="#[21518b8]">&gt;&gt;</a>&nbsp;&nbsp;&nbsp;__2sprintf
<LI><a href="#[2152308]">&gt;&gt;</a>&nbsp;&nbsp;&nbsp;vsnprintf
</UL>

<P><STRONG><a name="[214e960]"></a>_sputc</STRONG> (Thumb, 10 bytes, Stack size 0 bytes, _sputc.o(.text))
<BR><BR>[Called By]<UL><LI><a href="#[21518b8]">&gt;&gt;</a>&nbsp;&nbsp;&nbsp;__2sprintf
<LI><a href="#[2152308]">&gt;&gt;</a>&nbsp;&nbsp;&nbsp;vsnprintf
</UL>
<BR>[Address Reference Count : 1]<UL><LI> __2sprintf.o(.text)
</UL>
<P><STRONG><a name="[214e870]"></a>_snputc</STRONG> (Thumb, 16 bytes, Stack size 0 bytes, _snputc.o(.text))
<BR>[Address Reference Count : 1]<UL><LI> vsnprintf.o(.text)
</UL>
<P><STRONG><a name="[214e690]"></a>_printf_wctomb</STRONG> (Thumb, 188 bytes, Stack size 56 bytes, _printf_wctomb.o(.text), UNUSED)
<BR><BR>[Calls]<UL><LI><a href="#[214e654]">&gt;&gt;</a>&nbsp;&nbsp;&nbsp;__ARM_common_call_via_r2
<LI><a href="#[214eff0]">&gt;&gt;</a>&nbsp;&nbsp;&nbsp;_printf_post_padding
<LI><a href="#[214f02c]">&gt;&gt;</a>&nbsp;&nbsp;&nbsp;_printf_pre_padding
<LI><a href="#[37e729c]">&gt;&gt;</a>&nbsp;&nbsp;&nbsp;_wcrtomb
</UL>
<BR>[Called By]<UL><LI><a href="#[37e7d28]">&gt;&gt;</a>&nbsp;&nbsp;&nbsp;_printf_lcs_common
</UL>

<P><STRONG><a name="[214e4ec]"></a>_printf_longlong_dec</STRONG> (Thumb, 128 bytes, Stack size 40 bytes, _printf_longlong_dec.o(.text), UNUSED)
<BR><BR>[Calls]<UL><LI><a href="#[214eca8]">&gt;&gt;</a>&nbsp;&nbsp;&nbsp;_printf_int_common
<LI><a href="#[37e80ac]">&gt;&gt;</a>&nbsp;&nbsp;&nbsp;_ll_udiv10 (via Veneer)
</UL>
<BR>[Called By]<UL><LI><a href="#[214c494]">&gt;&gt;</a>&nbsp;&nbsp;&nbsp;_printf_llu (via Veneer)
<LI><a href="#[214c548]">&gt;&gt;</a>&nbsp;&nbsp;&nbsp;_printf_lld (via Veneer)
<LI><a href="#[214c5fc]">&gt;&gt;</a>&nbsp;&nbsp;&nbsp;_printf_lli (via Veneer)
</UL>

<P><STRONG><a name="[214e0f0]"></a>_printf_longlong_oct</STRONG> (Thumb, 90 bytes, Stack size 24 bytes, _printf_oct_int_ll.o(.text), UNUSED)
<BR><BR>[Calls]<UL><LI><a href="#[214eca8]">&gt;&gt;</a>&nbsp;&nbsp;&nbsp;_printf_int_common
</UL>
<BR>[Called By]<UL><LI><a href="#[214e078]">&gt;&gt;</a>&nbsp;&nbsp;&nbsp;_printf_ll_oct
<LI><a href="#[214e0b4]">&gt;&gt;</a>&nbsp;&nbsp;&nbsp;_printf_int_oct
</UL>

<P><STRONG><a name="[214e0b4]"></a>_printf_int_oct</STRONG> (Thumb, 28 bytes, Stack size 8 bytes, _printf_oct_int_ll.o(.text), UNUSED)
<BR><BR>[Calls]<UL><LI><a href="#[214e0f0]">&gt;&gt;</a>&nbsp;&nbsp;&nbsp;_printf_longlong_oct
<LI><a href="#[214eec4]">&gt;&gt;</a>&nbsp;&nbsp;&nbsp;_printf_truncate_unsigned
</UL>
<BR>[Called By]<UL><LI><a href="#[214cbd8]">&gt;&gt;</a>&nbsp;&nbsp;&nbsp;_printf_o (via Veneer)
</UL>

<P><STRONG><a name="[214e078]"></a>_printf_ll_oct</STRONG> (Thumb, 10 bytes, Stack size 0 bytes, _printf_oct_int_ll.o(.text), UNUSED)
<BR><BR>[Calls]<UL><LI><a href="#[214e0f0]">&gt;&gt;</a>&nbsp;&nbsp;&nbsp;_printf_longlong_oct
</UL>
<BR>[Called By]<UL><LI><a href="#[214c098]">&gt;&gt;</a>&nbsp;&nbsp;&nbsp;_printf_llo (via Veneer)
</UL>

<P><STRONG><a name="[214d1b4]"></a>_printf_longlong_hex</STRONG> (Thumb, 120 bytes, Stack size 48 bytes, _printf_hex_int_ll_ptr.o(.text), UNUSED)
<BR><BR>[Calls]<UL><LI><a href="#[214eca8]">&gt;&gt;</a>&nbsp;&nbsp;&nbsp;_printf_int_common
</UL>
<BR>[Called By]<UL><LI><a href="#[214d100]">&gt;&gt;</a>&nbsp;&nbsp;&nbsp;_printf_hex_ptr
<LI><a href="#[214d13c]">&gt;&gt;</a>&nbsp;&nbsp;&nbsp;_printf_ll_hex
<LI><a href="#[214d178]">&gt;&gt;</a>&nbsp;&nbsp;&nbsp;_printf_int_hex
</UL>

<P><STRONG><a name="[214d178]"></a>_printf_int_hex</STRONG> (Thumb, 32 bytes, Stack size 16 bytes, _printf_hex_int_ll_ptr.o(.text), UNUSED)
<BR><BR>[Calls]<UL><LI><a href="#[214d1b4]">&gt;&gt;</a>&nbsp;&nbsp;&nbsp;_printf_longlong_hex
<LI><a href="#[214eec4]">&gt;&gt;</a>&nbsp;&nbsp;&nbsp;_printf_truncate_unsigned
</UL>
<BR>[Called By]<UL><LI><a href="#[214cdb8]">&gt;&gt;</a>&nbsp;&nbsp;&nbsp;_printf_x (via Veneer)
</UL>

<P><STRONG><a name="[214d13c]"></a>_printf_ll_hex</STRONG> (Thumb, 10 bytes, Stack size 0 bytes, _printf_hex_int_ll_ptr.o(.text), UNUSED)
<BR><BR>[Calls]<UL><LI><a href="#[214d1b4]">&gt;&gt;</a>&nbsp;&nbsp;&nbsp;_printf_longlong_hex
</UL>
<BR>[Called By]<UL><LI><a href="#[214bfa8]">&gt;&gt;</a>&nbsp;&nbsp;&nbsp;_printf_llx (via Veneer)
</UL>

<P><STRONG><a name="[214d100]"></a>_printf_hex_ptr</STRONG> (Thumb, 22 bytes, Stack size 8 bytes, _printf_hex_int_ll_ptr.o(.text), UNUSED)
<BR><BR>[Calls]<UL><LI><a href="#[214d1b4]">&gt;&gt;</a>&nbsp;&nbsp;&nbsp;_printf_longlong_hex
</UL>
<BR>[Called By]<UL><LI><a href="#[214ccc8]">&gt;&gt;</a>&nbsp;&nbsp;&nbsp;_printf_p (via Veneer)
</UL>

<P><STRONG><a name="[214be7c]"></a>_fseek</STRONG> (Thumb, 242 bytes, Stack size 24 bytes, fseek.o(.text), UNUSED, KEPT)
<BR><BR>[Stack]<UL><LI>Max Depth = 32<LI>Call Chain = _fseek &rArr; _ftell_internal
</UL>
<BR>[Calls]<UL><LI><a href="#[214bc60]">&gt;&gt;</a>&nbsp;&nbsp;&nbsp;_seterr
<LI><a href="#[37e7b84]">&gt;&gt;</a>&nbsp;&nbsp;&nbsp;_ftell_internal
<LI><a href="#[37e9c54]">&gt;&gt;</a>&nbsp;&nbsp;&nbsp;_sys_flen
<LI><a href="#[37e9d08]">&gt;&gt;</a>&nbsp;&nbsp;&nbsp;_sys_istty
</UL>
<BR>[Called By]<UL><LI><a href="#[2150904]">&gt;&gt;</a>&nbsp;&nbsp;&nbsp;_do_fflush
<LI><a href="#[37e792c]">&gt;&gt;</a>&nbsp;&nbsp;&nbsp;freopen
</UL>

<P><STRONG><a name="[214be40]"></a>fseek</STRONG> (Thumb, 0 bytes, Stack size 24 bytes, fseek.o(.text), UNUSED)

<P><STRONG><a name="[214bc60]"></a>_seterr</STRONG> (Thumb, 20 bytes, Stack size 0 bytes, stdio.o(.text), UNUSED, KEPT)
<BR><BR>[Called By]<UL><LI><a href="#[214bc24]">&gt;&gt;</a>&nbsp;&nbsp;&nbsp;_writebuf
<LI><a href="#[214be7c]">&gt;&gt;</a>&nbsp;&nbsp;&nbsp;_fseek
</UL>

<P><STRONG><a name="[214bc24]"></a>_writebuf</STRONG> (Thumb, 90 bytes, Stack size 32 bytes, stdio.o(.text), UNUSED, KEPT)
<BR><BR>[Stack]<UL><LI>Max Depth = 56<LI>Call Chain = _writebuf &rArr; _sys_write
</UL>
<BR>[Calls]<UL><LI><a href="#[214bc60]">&gt;&gt;</a>&nbsp;&nbsp;&nbsp;_seterr
<LI><a href="#[37e9ccc]">&gt;&gt;</a>&nbsp;&nbsp;&nbsp;_sys_seek
<LI><a href="#[37e9d80]">&gt;&gt;</a>&nbsp;&nbsp;&nbsp;_sys_write
</UL>
<BR>[Called By]<UL><LI><a href="#[214bbe8]">&gt;&gt;</a>&nbsp;&nbsp;&nbsp;_fflush
</UL>

<P><STRONG><a name="[214bbe8]"></a>_fflush</STRONG> (Thumb, 80 bytes, Stack size 16 bytes, stdio.o(.text), UNUSED, KEPT)
<BR><BR>[Stack]<UL><LI>Max Depth = 72<LI>Call Chain = _fflush &rArr; _writebuf &rArr; _sys_write
</UL>
<BR>[Calls]<UL><LI><a href="#[214bc24]">&gt;&gt;</a>&nbsp;&nbsp;&nbsp;_writebuf
</UL>
<BR>[Called By]<UL><LI><a href="#[214bbac]">&gt;&gt;</a>&nbsp;&nbsp;&nbsp;_deferredlazyseek
<LI><a href="#[2150904]">&gt;&gt;</a>&nbsp;&nbsp;&nbsp;_do_fflush
<LI><a href="#[37e7788]">&gt;&gt;</a>&nbsp;&nbsp;&nbsp;_fclose_internal
</UL>

<P><STRONG><a name="[214bbac]"></a>_deferredlazyseek</STRONG> (Thumb, 64 bytes, Stack size 8 bytes, stdio.o(.text), UNUSED)
<BR><BR>[Calls]<UL><LI><a href="#[214bbe8]">&gt;&gt;</a>&nbsp;&nbsp;&nbsp;_fflush
</UL>

<P><STRONG><a name="[214b990]"></a>_initio</STRONG> (Thumb, 214 bytes, Stack size 8 bytes, initio.o(.text), UNUSED)
<BR><BR>[Calls]<UL><LI><a href="#[37e6ea0]">&gt;&gt;</a>&nbsp;&nbsp;&nbsp;__aeabi_memclr4 (via Veneer)
<LI><a href="#[37e7134]">&gt;&gt;</a>&nbsp;&nbsp;&nbsp;__rt_SIGRTRED
<LI><a href="#[37e792c]">&gt;&gt;</a>&nbsp;&nbsp;&nbsp;freopen
<LI><a href="#[37e7a1c]">&gt;&gt;</a>&nbsp;&nbsp;&nbsp;setvbuf
</UL>

<P><STRONG><a name="[214b954]"></a>_terminateio</STRONG> (Thumb, 52 bytes, Stack size 16 bytes, initio.o(.text), UNUSED)
<BR><BR>[Calls]<UL><LI><a href="#[37e7788]">&gt;&gt;</a>&nbsp;&nbsp;&nbsp;_fclose_internal
<LI><a href="#[37e972c]">&gt;&gt;</a>&nbsp;&nbsp;&nbsp;free
</UL>

<P><STRONG><a name="[214b33c]"></a>__rt_udiv10</STRONG> (ARM, 44 bytes, Stack size 0 bytes, rtudiv10.o(.text), UNUSED)
<BR><BR>[Called By]<UL><LI><a href="#[2151480]">&gt;&gt;</a>&nbsp;&nbsp;&nbsp;_printf_int_dec (via Veneer)
</UL>

<P><STRONG><a name="[37e9df8]"></a>_sys_open</STRONG> (Thumb, 24 bytes, Stack size 16 bytes, sys_io.o(.text), UNUSED)
<BR><BR>[Calls]<UL><LI><a href="#[37e486c]">&gt;&gt;</a>&nbsp;&nbsp;&nbsp;strlen
</UL>
<BR>[Called By]<UL><LI><a href="#[37e792c]">&gt;&gt;</a>&nbsp;&nbsp;&nbsp;freopen
</UL>

<P><STRONG><a name="[37e9dbc]"></a>_sys_close</STRONG> (Thumb, 14 bytes, Stack size 8 bytes, sys_io.o(.text), UNUSED)
<BR><BR>[Called By]<UL><LI><a href="#[37e7788]">&gt;&gt;</a>&nbsp;&nbsp;&nbsp;_fclose_internal
</UL>

<P><STRONG><a name="[37e9d80]"></a>_sys_write</STRONG> (Thumb, 20 bytes, Stack size 24 bytes, sys_io.o(.text), UNUSED, KEPT)
<BR><BR>[Stack]<UL><LI>Max Depth = 24<LI>Call Chain = _sys_write
</UL>
<BR>[Called By]<UL><LI><a href="#[214bc24]">&gt;&gt;</a>&nbsp;&nbsp;&nbsp;_writebuf
</UL>

<P><STRONG><a name="[37e9d44]"></a>_sys_read</STRONG> (Thumb, 14 bytes, Stack size 24 bytes, sys_io.o(.text), UNUSED)

<P><STRONG><a name="[37e9d08]"></a>_sys_istty</STRONG> (Thumb, 12 bytes, Stack size 8 bytes, sys_io.o(.text), UNUSED, KEPT)
<BR><BR>[Stack]<UL><LI>Max Depth = 8<LI>Call Chain = _sys_istty
</UL>
<BR>[Called By]<UL><LI><a href="#[214be7c]">&gt;&gt;</a>&nbsp;&nbsp;&nbsp;_fseek
</UL>

<P><STRONG><a name="[37e9ccc]"></a>_sys_seek</STRONG> (Thumb, 18 bytes, Stack size 16 bytes, sys_io.o(.text), UNUSED, KEPT)
<BR><BR>[Stack]<UL><LI>Max Depth = 16<LI>Call Chain = _sys_seek
</UL>
<BR>[Called By]<UL><LI><a href="#[214bc24]">&gt;&gt;</a>&nbsp;&nbsp;&nbsp;_writebuf
</UL>

<P><STRONG><a name="[37e9c90]"></a>_sys_ensure</STRONG> (Thumb, 4 bytes, Stack size 0 bytes, sys_io.o(.text), UNUSED)

<P><STRONG><a name="[37e9c54]"></a>_sys_flen</STRONG> (Thumb, 12 bytes, Stack size 8 bytes, sys_io.o(.text), UNUSED, KEPT)
<BR><BR>[Stack]<UL><LI>Max Depth = 8<LI>Call Chain = _sys_flen
</UL>
<BR>[Called By]<UL><LI><a href="#[214be7c]">&gt;&gt;</a>&nbsp;&nbsp;&nbsp;_fseek
</UL>

<P><STRONG><a name="[37e972c]"></a>free</STRONG> (Thumb, 84 bytes, Stack size 16 bytes, h1_free.o(.text), UNUSED)
<BR><BR>[Calls]<UL><LI><a href="#[37e5f28]">&gt;&gt;</a>&nbsp;&nbsp;&nbsp;__rt_heap_descriptor (via Veneer)
</UL>
<BR>[Called By]<UL><LI><a href="#[214b954]">&gt;&gt;</a>&nbsp;&nbsp;&nbsp;_terminateio
<LI><a href="#[37e3804]">&gt;&gt;</a>&nbsp;&nbsp;&nbsp;__Heap_ProvideMemory
<LI><a href="#[37e7788]">&gt;&gt;</a>&nbsp;&nbsp;&nbsp;_fclose_internal
</UL>

<P><STRONG><a name="[37e80ac]"></a>_ll_udiv10</STRONG> (ARM, 160 bytes, Stack size 12 bytes, lludiv10.o(.text), UNUSED)
<BR><BR>[Called By]<UL><LI><a href="#[214e4ec]">&gt;&gt;</a>&nbsp;&nbsp;&nbsp;_printf_longlong_dec (via Veneer)
</UL>

<P><STRONG><a name="[37e7ecc]"></a>_printf_cs_common</STRONG> (Thumb, 26 bytes, Stack size 8 bytes, _printf_char.o(.text), UNUSED)
<BR><BR>[Calls]<UL><LI><a href="#[214edd4]">&gt;&gt;</a>&nbsp;&nbsp;&nbsp;_printf_str
<LI><a href="#[37e7e18]">&gt;&gt;</a>&nbsp;&nbsp;&nbsp;_printf_mbtowc (Weak Reference)
</UL>
<BR>[Called By]<UL><LI><a href="#[37e7e54]">&gt;&gt;</a>&nbsp;&nbsp;&nbsp;_printf_string
<LI><a href="#[37e7e90]">&gt;&gt;</a>&nbsp;&nbsp;&nbsp;_printf_char
</UL>

<P><STRONG><a name="[37e7e90]"></a>_printf_char</STRONG> (Thumb, 16 bytes, Stack size 0 bytes, _printf_char.o(.text), UNUSED)
<BR><BR>[Calls]<UL><LI><a href="#[37e7ecc]">&gt;&gt;</a>&nbsp;&nbsp;&nbsp;_printf_cs_common
</UL>
<BR>[Called By]<UL><LI><a href="#[214d04c]">&gt;&gt;</a>&nbsp;&nbsp;&nbsp;_printf_c (via Veneer)
</UL>

<P><STRONG><a name="[37e7e54]"></a>_printf_string</STRONG> (Thumb, 8 bytes, Stack size 0 bytes, _printf_char.o(.text), UNUSED)
<BR><BR>[Calls]<UL><LI><a href="#[37e7ecc]">&gt;&gt;</a>&nbsp;&nbsp;&nbsp;_printf_cs_common
</UL>
<BR>[Called By]<UL><LI><a href="#[214cf5c]">&gt;&gt;</a>&nbsp;&nbsp;&nbsp;_printf_s (via Veneer)
</UL>

<P><STRONG><a name="[37e7d28]"></a>_printf_lcs_common</STRONG> (Thumb, 26 bytes, Stack size 8 bytes, _printf_wchar.o(.text), UNUSED)
<BR><BR>[Calls]<UL><LI><a href="#[214e690]">&gt;&gt;</a>&nbsp;&nbsp;&nbsp;_printf_wctomb
<LI><a href="#[37e7c74]">&gt;&gt;</a>&nbsp;&nbsp;&nbsp;_printf_wc (Weak Reference)
</UL>
<BR>[Called By]<UL><LI><a href="#[37e7cb0]">&gt;&gt;</a>&nbsp;&nbsp;&nbsp;_printf_wstring
<LI><a href="#[37e7cec]">&gt;&gt;</a>&nbsp;&nbsp;&nbsp;_printf_wchar
</UL>

<P><STRONG><a name="[37e7cec]"></a>_printf_wchar</STRONG> (Thumb, 16 bytes, Stack size 0 bytes, _printf_wchar.o(.text), UNUSED)
<BR><BR>[Calls]<UL><LI><a href="#[37e7d28]">&gt;&gt;</a>&nbsp;&nbsp;&nbsp;_printf_lcs_common
</UL>
<BR>[Called By]<UL><LI><a href="#[214c278]">&gt;&gt;</a>&nbsp;&nbsp;&nbsp;_printf_lc (via Veneer)
</UL>

<P><STRONG><a name="[37e7cb0]"></a>_printf_wstring</STRONG> (Thumb, 8 bytes, Stack size 0 bytes, _printf_wchar.o(.text), UNUSED)
<BR><BR>[Calls]<UL><LI><a href="#[37e7d28]">&gt;&gt;</a>&nbsp;&nbsp;&nbsp;_printf_lcs_common
</UL>
<BR>[Called By]<UL><LI><a href="#[214c188]">&gt;&gt;</a>&nbsp;&nbsp;&nbsp;_printf_ls (via Veneer)
</UL>

<P><STRONG><a name="[37e7b84]"></a>_ftell_internal</STRONG> (Thumb, 70 bytes, Stack size 8 bytes, ftell.o(.text), UNUSED, KEPT)
<BR><BR>[Stack]<UL><LI>Max Depth = 8<LI>Call Chain = _ftell_internal
</UL>
<BR>[Calls]<UL><LI><a href="#[37e5c94]">&gt;&gt;</a>&nbsp;&nbsp;&nbsp;__aeabi_errno_addr (via Veneer)
</UL>
<BR>[Called By]<UL><LI><a href="#[214be7c]">&gt;&gt;</a>&nbsp;&nbsp;&nbsp;_fseek
</UL>

<P><STRONG><a name="[37e7b48]"></a>ftell</STRONG> (Thumb, 0 bytes, Stack size 8 bytes, ftell.o(.text), UNUSED)

<P><STRONG><a name="[37e7a1c]"></a>setvbuf</STRONG> (Thumb, 74 bytes, Stack size 12 bytes, setvbuf.o(.text), UNUSED)
<BR><BR>[Called By]<UL><LI><a href="#[214b990]">&gt;&gt;</a>&nbsp;&nbsp;&nbsp;_initio
</UL>

<P><STRONG><a name="[37e792c]"></a>freopen</STRONG> (Thumb, 142 bytes, Stack size 32 bytes, fopen.o(.text), UNUSED)
<BR><BR>[Calls]<UL><LI><a href="#[214be7c]">&gt;&gt;</a>&nbsp;&nbsp;&nbsp;_fseek
<LI><a href="#[37e7788]">&gt;&gt;</a>&nbsp;&nbsp;&nbsp;_fclose_internal
<LI><a href="#[37e9df8]">&gt;&gt;</a>&nbsp;&nbsp;&nbsp;_sys_open
</UL>
<BR>[Called By]<UL><LI><a href="#[214b990]">&gt;&gt;</a>&nbsp;&nbsp;&nbsp;_initio
<LI><a href="#[37e78f0]">&gt;&gt;</a>&nbsp;&nbsp;&nbsp;fopen
</UL>

<P><STRONG><a name="[37e78f0]"></a>fopen</STRONG> (Thumb, 60 bytes, Stack size 24 bytes, fopen.o(.text), UNUSED)
<BR><BR>[Calls]<UL><LI><a href="#[37e52bc]">&gt;&gt;</a>&nbsp;&nbsp;&nbsp;malloc
<LI><a href="#[37e6ea0]">&gt;&gt;</a>&nbsp;&nbsp;&nbsp;__aeabi_memclr4 (via Veneer)
<LI><a href="#[37e792c]">&gt;&gt;</a>&nbsp;&nbsp;&nbsp;freopen
</UL>

<P><STRONG><a name="[37e7788]"></a>_fclose_internal</STRONG> (Thumb, 68 bytes, Stack size 32 bytes, fclose.o(.text), UNUSED)
<BR><BR>[Calls]<UL><LI><a href="#[214bbe8]">&gt;&gt;</a>&nbsp;&nbsp;&nbsp;_fflush
<LI><a href="#[37e6ea0]">&gt;&gt;</a>&nbsp;&nbsp;&nbsp;__aeabi_memclr4 (via Veneer)
<LI><a href="#[37e972c]">&gt;&gt;</a>&nbsp;&nbsp;&nbsp;free
<LI><a href="#[37e9dbc]">&gt;&gt;</a>&nbsp;&nbsp;&nbsp;_sys_close
</UL>
<BR>[Called By]<UL><LI><a href="#[214b954]">&gt;&gt;</a>&nbsp;&nbsp;&nbsp;_terminateio
<LI><a href="#[37e792c]">&gt;&gt;</a>&nbsp;&nbsp;&nbsp;freopen
</UL>

<P><STRONG><a name="[37e774c]"></a>fclose</STRONG> (Thumb, 0 bytes, Stack size 32 bytes, fclose.o(.text), UNUSED)

<P><STRONG><a name="[37e729c]"></a>_wcrtomb</STRONG> (Thumb, 74 bytes, Stack size 16 bytes, _wcrtomb.o(.text), UNUSED)
<BR><BR>[Calls]<UL><LI><a href="#[37e61f8]">&gt;&gt;</a>&nbsp;&nbsp;&nbsp;__rt_ctype_table (via Veneer)
<LI><a href="#[37e7260]">&gt;&gt;</a>&nbsp;&nbsp;&nbsp;__ARM_common_call_via_r3
</UL>
<BR>[Called By]<UL><LI><a href="#[214e690]">&gt;&gt;</a>&nbsp;&nbsp;&nbsp;_printf_wctomb
</UL>

<P><STRONG><a name="[37e7134]"></a>__rt_SIGRTRED</STRONG> (Thumb, 16 bytes, Stack size 8 bytes, defsig_rtred_outer.o(.text), UNUSED)
<BR><BR>[Calls]<UL><LI><a href="#[37e4998]">&gt;&gt;</a>&nbsp;&nbsp;&nbsp;__rt_SIGRTRED_inner
<LI><a href="#[37e4ca4]">&gt;&gt;</a>&nbsp;&nbsp;&nbsp;__sig_exit
</UL>
<BR>[Called By]<UL><LI><a href="#[214b990]">&gt;&gt;</a>&nbsp;&nbsp;&nbsp;_initio
</UL>

<P><STRONG><a name="[37e6ea0]"></a>__aeabi_memclr4</STRONG> (ARM, 0 bytes, Stack size 4 bytes, rt_memclr_w.o(.text), UNUSED)
<BR><BR>[Called By]<UL><LI><a href="#[214b990]">&gt;&gt;</a>&nbsp;&nbsp;&nbsp;_initio (via Veneer)
<LI><a href="#[37e7788]">&gt;&gt;</a>&nbsp;&nbsp;&nbsp;_fclose_internal (via Veneer)
<LI><a href="#[37e78f0]">&gt;&gt;</a>&nbsp;&nbsp;&nbsp;fopen (via Veneer)
</UL>

<P><STRONG><a name="[37e6e64]"></a>__aeabi_memclr8</STRONG> (ARM, 0 bytes, Stack size 4 bytes, rt_memclr_w.o(.text), UNUSED)

<P><STRONG><a name="[37e6e28]"></a>__rt_memclr_w</STRONG> (ARM, 84 bytes, Stack size 4 bytes, rt_memclr_w.o(.text), UNUSED)

<P><STRONG><a name="[37e6dec]"></a>_memset_w</STRONG> (ARM, 0 bytes, Stack size unknown bytes, rt_memclr_w.o(.text), UNUSED)

<P><STRONG><a name="[37e6324]"></a>__I$use$semihosting</STRONG> (ARM, 0 bytes, Stack size 0 bytes, use_no_semi.o(.text))
<BR>[Address Reference Count : 1]<UL><LI> sys_exit.o(.text)
</UL>
<P><STRONG><a name="[37e62e8]"></a>__use_no_semihosting_swi</STRONG> (ARM, 4 bytes, Stack size 0 bytes, use_no_semi.o(.text), UNUSED)

<P><STRONG><a name="[37e61f8]"></a>__rt_ctype_table</STRONG> (ARM, 24 bytes, Stack size 8 bytes, rt_ctype_table.o(.text), UNUSED)
<BR><BR>[Calls]<UL><LI><a href="#[37e3e94]">&gt;&gt;</a>&nbsp;&nbsp;&nbsp;__rt_locale
</UL>
<BR>[Called By]<UL><LI><a href="#[37e729c]">&gt;&gt;</a>&nbsp;&nbsp;&nbsp;_wcrtomb (via Veneer)
</UL>

<P><STRONG><a name="[37e5f28]"></a>__rt_heap_descriptor</STRONG> (ARM, 16 bytes, Stack size 0 bytes, rt_heap_descriptor.o(.text), UNUSED)
<BR><BR>[Called By]<UL><LI><a href="#[37e52bc]">&gt;&gt;</a>&nbsp;&nbsp;&nbsp;malloc (via Veneer)
<LI><a href="#[37e5820]">&gt;&gt;</a>&nbsp;&nbsp;&nbsp;_init_alloc (via Veneer)
<LI><a href="#[37e972c]">&gt;&gt;</a>&nbsp;&nbsp;&nbsp;free (via Veneer)
</UL>

<P><STRONG><a name="[37e5c94]"></a>__aeabi_errno_addr</STRONG> (ARM, 16 bytes, Stack size 0 bytes, rt_errno_addr.o(.text), UNUSED, KEPT)
<BR><BR>[Called By]<UL><LI><a href="#[37e7b84]">&gt;&gt;</a>&nbsp;&nbsp;&nbsp;_ftell_internal (via Veneer)
</UL>

<P><STRONG><a name="[37e5c58]"></a>__rt_errno_addr</STRONG> (ARM, 0 bytes, Stack size 0 bytes, rt_errno_addr.o(.text), UNUSED)

<P><STRONG><a name="[37e5a3c]"></a>__use_no_heap</STRONG> (Thumb, 2 bytes, Stack size 0 bytes, hguard.o(.text), UNUSED)

<P><STRONG><a name="[37e5a00]"></a>__heap$guard</STRONG> (Thumb, 2 bytes, Stack size 0 bytes, hguard.o(.text), UNUSED)

<P><STRONG><a name="[37e5910]"></a>_terminate_user_alloc</STRONG> (Thumb, 2 bytes, Stack size 0 bytes, init_alloc.o(.text), UNUSED)

<P><STRONG><a name="[37e58d4]"></a>_init_user_alloc</STRONG> (Thumb, 2 bytes, Stack size 0 bytes, init_alloc.o(.text), UNUSED)

<P><STRONG><a name="[37e5898]"></a>__Heap_Full</STRONG> (Thumb, 36 bytes, Stack size 16 bytes, init_alloc.o(.text), UNUSED)
<BR><BR>[Calls]<UL><LI><a href="#[37e2bd4]">&gt;&gt;</a>&nbsp;&nbsp;&nbsp;__rt_heap_expand
<LI><a href="#[37e3804]">&gt;&gt;</a>&nbsp;&nbsp;&nbsp;__Heap_ProvideMemory
</UL>
<BR>[Called By]<UL><LI><a href="#[37e52bc]">&gt;&gt;</a>&nbsp;&nbsp;&nbsp;malloc
</UL>

<P><STRONG><a name="[37e585c]"></a>__Heap_Broken</STRONG> (Thumb, 14 bytes, Stack size 8 bytes, init_alloc.o(.text), UNUSED)
<BR><BR>[Calls]<UL><LI><a href="#[37e2ea4]">&gt;&gt;</a>&nbsp;&nbsp;&nbsp;__rt_SIGRTMEM
</UL>

<P><STRONG><a name="[37e5820]"></a>_init_alloc</STRONG> (Thumb, 94 bytes, Stack size 24 bytes, init_alloc.o(.text), UNUSED)
<BR><BR>[Calls]<UL><LI><a href="#[37e2bd4]">&gt;&gt;</a>&nbsp;&nbsp;&nbsp;__rt_heap_expand
<LI><a href="#[37e2c10]">&gt;&gt;</a>&nbsp;&nbsp;&nbsp;__rt_heap_escrow
<LI><a href="#[37e2ea4]">&gt;&gt;</a>&nbsp;&nbsp;&nbsp;__rt_SIGRTMEM
<LI><a href="#[37e3804]">&gt;&gt;</a>&nbsp;&nbsp;&nbsp;__Heap_ProvideMemory
<LI><a href="#[37e3930]">&gt;&gt;</a>&nbsp;&nbsp;&nbsp;__Heap_Initialize
<LI><a href="#[37e5f28]">&gt;&gt;</a>&nbsp;&nbsp;&nbsp;__rt_heap_descriptor (via Veneer)
</UL>

<P><STRONG><a name="[37e52bc]"></a>malloc</STRONG> (Thumb, 110 bytes, Stack size 16 bytes, h1_alloc.o(.text), UNUSED)
<BR><BR>[Calls]<UL><LI><a href="#[37e5898]">&gt;&gt;</a>&nbsp;&nbsp;&nbsp;__Heap_Full
<LI><a href="#[37e5f28]">&gt;&gt;</a>&nbsp;&nbsp;&nbsp;__rt_heap_descriptor (via Veneer)
</UL>
<BR>[Called By]<UL><LI><a href="#[37e78f0]">&gt;&gt;</a>&nbsp;&nbsp;&nbsp;fopen
</UL>

<P><STRONG><a name="[37e4ca4]"></a>__sig_exit</STRONG> (Thumb, 16 bytes, Stack size 8 bytes, defsig_exit.o(.text), UNUSED)
<BR><BR>[Calls]<UL><LI><a href="#[37e4218]">&gt;&gt;</a>&nbsp;&nbsp;&nbsp;_sys_exit (via Veneer)
</UL>
<BR>[Called By]<UL><LI><a href="#[37e2ea4]">&gt;&gt;</a>&nbsp;&nbsp;&nbsp;__rt_SIGRTMEM
<LI><a href="#[37e7134]">&gt;&gt;</a>&nbsp;&nbsp;&nbsp;__rt_SIGRTRED
</UL>

<P><STRONG><a name="[37e4998]"></a>__rt_SIGRTRED_inner</STRONG> (Thumb, 18 bytes, Stack size 8 bytes, defsig_rtred_inner.o(.text), UNUSED)
<BR><BR>[Calls]<UL><LI><a href="#[37e30c0]">&gt;&gt;</a>&nbsp;&nbsp;&nbsp;__default_signal_display
</UL>
<BR>[Called By]<UL><LI><a href="#[37e7134]">&gt;&gt;</a>&nbsp;&nbsp;&nbsp;__rt_SIGRTRED
</UL>

<P><STRONG><a name="[37e486c]"></a>strlen</STRONG> (Thumb, 64 bytes, Stack size 8 bytes, strlen.o(.text), UNUSED)
<BR><BR>[Called By]<UL><LI><a href="#[37e9df8]">&gt;&gt;</a>&nbsp;&nbsp;&nbsp;_sys_open
</UL>

<P><STRONG><a name="[37e4218]"></a>_sys_exit</STRONG> (ARM, 20 bytes, Stack size 0 bytes, sys_exit.o(.text), UNUSED)
<BR><BR>[Called By]<UL><LI><a href="#[37e4ca4]">&gt;&gt;</a>&nbsp;&nbsp;&nbsp;__sig_exit (via Veneer)
</UL>

<P><STRONG><a name="[37e3e94]"></a>__rt_locale</STRONG> (ARM, 16 bytes, Stack size 0 bytes, rt_locale.o(.text), UNUSED)
<BR><BR>[Called By]<UL><LI><a href="#[37e61f8]">&gt;&gt;</a>&nbsp;&nbsp;&nbsp;__rt_ctype_table
</UL>

<P><STRONG><a name="[37e3930]"></a>__Heap_Initialize</STRONG> (Thumb, 10 bytes, Stack size 0 bytes, h1_init.o(.text), UNUSED)
<BR><BR>[Called By]<UL><LI><a href="#[37e5820]">&gt;&gt;</a>&nbsp;&nbsp;&nbsp;_init_alloc
</UL>

<P><STRONG><a name="[37e38f4]"></a>__Heap_DescSize</STRONG> (Thumb, 4 bytes, Stack size 0 bytes, h1_init.o(.text), UNUSED)

<P><STRONG><a name="[37e3804]"></a>__Heap_ProvideMemory</STRONG> (Thumb, 54 bytes, Stack size 8 bytes, h1_extend.o(.text), UNUSED)
<BR><BR>[Calls]<UL><LI><a href="#[37e972c]">&gt;&gt;</a>&nbsp;&nbsp;&nbsp;free
</UL>
<BR>[Called By]<UL><LI><a href="#[37e5820]">&gt;&gt;</a>&nbsp;&nbsp;&nbsp;_init_alloc
<LI><a href="#[37e5898]">&gt;&gt;</a>&nbsp;&nbsp;&nbsp;__Heap_Full
</UL>

<P><STRONG><a name="[37e30c0]"></a>__default_signal_display</STRONG> (Thumb, 56 bytes, Stack size 16 bytes, defsig_general.o(.text), UNUSED)
[...]
<BR><BR>[Calls]<UL><LI><a href="#[37e30c0]">&gt;&gt;</a>&nbsp;&nbsp;&nbsp;__default_signal_display
</UL>
<BR>[Called By]<UL><LI><a href="#[37e2ea4]">&gt;&gt;</a>&nbsp;&nbsp;&nbsp;__rt_SIGRTMEM
</UL>

<P><STRONG><a name="[37e1e78]"></a>strcmp</STRONG> (ARM, 156 bytes, Stack size 4 bytes, strcmp.o(.text))
<BR><BR>[Stack]<UL><LI>Max Depth = 4<LI>Call Chain = strcmp
</UL>
<BR>[Called By]<UL><LI><a href="#[37e33cc]">&gt;&gt;</a>&nbsp;&nbsp;&nbsp;_get_lc_ctype
</UL>

<P><STRONG><a name="[214fd10]"></a>__aeabi_uidiv</STRONG> (ARM, 0 bytes, Stack size 0 bytes, aeabi_sdiv.o(.text_udiv), UNUSED)

<P><STRONG><a name="[214fcd4]"></a>__aeabi_uidivmod</STRONG> (ARM, 28 bytes, Stack size 0 bytes, aeabi_sdiv.o(.text_udiv))
<BR><BR>[Calls]<UL><LI><a href="#[214fdc4]">&gt;&gt;</a>&nbsp;&nbsp;&nbsp;__arm_div_large
<LI><a href="#[214fe00]">&gt;&gt;</a>&nbsp;&nbsp;&nbsp;__arm_div4
<LI><a href="#[214fe3c]">&gt;&gt;</a>&nbsp;&nbsp;&nbsp;__arm_div8
</UL>
<BR>[Called By]<UL><LI><a href="#[21541bc]">&gt;&gt;</a>&nbsp;&nbsp;&nbsp;nand_page_program_from_host
<LI><a href="#[2154234]">&gt;&gt;</a>&nbsp;&nbsp;&nbsp;nand_page_read_to_host
<LI><a href="#[2156520]">&gt;&gt;</a>&nbsp;&nbsp;&nbsp;ata_initialize_device_parameters
<LI><a href="#[21572b8]">&gt;&gt;</a>&nbsp;&nbsp;&nbsp;nand_page_ptread_to_host
<LI><a href="#[2157330]">&gt;&gt;</a>&nbsp;&nbsp;&nbsp;nand_page_ptprogram_from_host
<LI><a href="#[2157894]">&gt;&gt;</a>&nbsp;&nbsp;&nbsp;ftl_read
<LI><a href="#[2158d70]">&gt;&gt;</a>&nbsp;&nbsp;&nbsp;sanity_check
</UL>

<P><STRONG><a name="[21515ac]"></a>__ARM_common_call_via_r1</STRONG> (Thumb, 2 bytes, Stack size 0 bytes, __printf.o(i.__ARM_common_call_via_r1), UNUSED, KEPT)
<BR><BR>[Called By]<UL><LI><a href="#[2150b98]">&gt;&gt;</a>&nbsp;&nbsp;&nbsp;__printf
</UL>

<P><STRONG><a name="[214e654]"></a>__ARM_common_call_via_r2</STRONG> (Thumb, 2 bytes, Stack size 0 bytes, _printf_wctomb.o(i.__ARM_common_call_via_r2), UNUSED, KEPT)
<BR><BR>[Called By]<UL><LI><a href="#[214e690]">&gt;&gt;</a>&nbsp;&nbsp;&nbsp;_printf_wctomb
<LI><a href="#[214eca8]">&gt;&gt;</a>&nbsp;&nbsp;&nbsp;_printf_int_common
<LI><a href="#[214edd4]">&gt;&gt;</a>&nbsp;&nbsp;&nbsp;_printf_str
<LI><a href="#[214eff0]">&gt;&gt;</a>&nbsp;&nbsp;&nbsp;_printf_post_padding
<LI><a href="#[214f02c]">&gt;&gt;</a>&nbsp;&nbsp;&nbsp;_printf_pre_padding
<LI><a href="#[2150b98]">&gt;&gt;</a>&nbsp;&nbsp;&nbsp;__printf
</UL>

<P><STRONG><a name="[37e7260]"></a>__ARM_common_call_via_r3</STRONG> (Thumb, 2 bytes, Stack size 0 bytes, _wcrtomb.o(i.__ARM_common_call_via_r3), UNUSED)
<BR><BR>[Called By]<UL><LI><a href="#[37e729c]">&gt;&gt;</a>&nbsp;&nbsp;&nbsp;_wcrtomb
</UL>

<P><STRONG><a name="[37e33cc]"></a>_get_lc_ctype</STRONG> (ARM, 80 bytes, Stack size 8 bytes, lc_ctype_c.o(locale$$code))
<BR><BR>[Stack]<UL><LI>Max Depth = 12<LI>Call Chain = _get_lc_ctype &rArr; strcmp
</UL>
<BR>[Calls]<UL><LI><a href="#[37e1e78]">&gt;&gt;</a>&nbsp;&nbsp;&nbsp;strcmp
</UL>
<BR>[Address Reference Count : 1]<UL><LI> rt_ctype_table.o(.text)
</UL>
<P><STRONG><a name="[37ea320]"></a>_printf_fp_dec</STRONG> (ARM, 4 bytes, Stack size 0 bytes, printf1.o(x$fpl$printf1), UNUSED)
<BR><BR>[Called By]<UL><LI><a href="#[214c818]">&gt;&gt;</a>&nbsp;&nbsp;&nbsp;_printf_g
<LI><a href="#[214c8cc]">&gt;&gt;</a>&nbsp;&nbsp;&nbsp;_printf_e
<LI><a href="#[214c980]">&gt;&gt;</a>&nbsp;&nbsp;&nbsp;_printf_f
</UL>

<P><STRONG><a name="[37ea230]"></a>_printf_fp_hex</STRONG> (ARM, 4 bytes, Stack size 0 bytes, printf2.o(x$fpl$printf2), UNUSED)
<BR><BR>[Called By]<UL><LI><a href="#[214c764]">&gt;&gt;</a>&nbsp;&nbsp;&nbsp;_printf_a
</UL>
<P>
<H3>
Local Symbols
</H3>
<P><STRONG><a name="[215970c]"></a>reset_handler</STRONG> (ARM, 0 bytes, Stack size unknown bytes, init.o(init), UNUSED, KEPT)
<BR><BR>[Stack]<UL><LI>Max Depth = 504 + Unknown Stack Size
<LI>Call Chain = reset_handler &rArr; init_jasmine &rArr; ftl_test &rArr; tc_write_rand &rArr; uart_printf &rArr; vsnprintf &rArr; _printf_char_common &rArr; __printf
</UL>
<BR>[Calls]<UL><LI><a href="#[21591e4]">&gt;&gt;</a>&nbsp;&nbsp;&nbsp;init_jasmine
<LI><a href="#[215925c]">&gt;&gt;</a>&nbsp;&nbsp;&nbsp;Main
</UL>

<P><STRONG><a name="[2158d70]"></a>sanity_check</STRONG> (ARM, 4 bytes, Stack size 0 bytes, ftl.o(.text), UNUSED, KEPT)
<BR><BR>[Stack]<UL><LI>Max Depth = 408 + Unknown Stack Size
 + In Cycle
<LI>Call Chain = sanity_check &rArr;  sanity_check (Cycle)
</UL>
<BR>[Calls]<UL><LI><a href="#[214fcd4]">&gt;&gt;</a>&nbsp;&nbsp;&nbsp;__aeabi_uidivmod
<LI><a href="#[2157204]">&gt;&gt;</a>&nbsp;&nbsp;&nbsp;uart_printf
<LI><a href="#[2157240]">&gt;&gt;</a>&nbsp;&nbsp;&nbsp;uart_print
<LI><a href="#[215727c]">&gt;&gt;</a>&nbsp;&nbsp;&nbsp;nand_page_read
<LI><a href="#[21572b8]">&gt;&gt;</a>&nbsp;&nbsp;&nbsp;nand_page_ptread_to_host
<LI><a href="#[21572f4]">&gt;&gt;</a>&nbsp;&nbsp;&nbsp;nand_page_ptread
<LI><a href="#[2157330]">&gt;&gt;</a>&nbsp;&nbsp;&nbsp;nand_page_ptprogram_from_host
<LI><a href="#[215736c]">&gt;&gt;</a>&nbsp;&nbsp;&nbsp;nand_page_ptprogram
<LI><a href="#[21573a8]">&gt;&gt;</a>&nbsp;&nbsp;&nbsp;nand_page_copyback
<LI><a href="#[21573e4]">&gt;&gt;</a>&nbsp;&nbsp;&nbsp;nand_block_erase
<LI><a href="#[2157420]">&gt;&gt;</a>&nbsp;&nbsp;&nbsp;led
<LI><a href="#[215745c]">&gt;&gt;</a>&nbsp;&nbsp;&nbsp;flash_finish
<LI><a href="#[2157498]">&gt;&gt;</a>&nbsp;&nbsp;&nbsp;flash_clear_irq
<LI><a href="#[2157510]">&gt;&gt;</a>&nbsp;&nbsp;&nbsp;_write_dram_32
<LI><a href="#[215754c]">&gt;&gt;</a>&nbsp;&nbsp;&nbsp;_write_dram_16
<LI><a href="#[2157588]">&gt;&gt;</a>&nbsp;&nbsp;&nbsp;_tst_bit_dram
<LI><a href="#[21575c4]">&gt;&gt;</a>&nbsp;&nbsp;&nbsp;_set_bit_dram
<LI><a href="#[2157600]">&gt;&gt;</a>&nbsp;&nbsp;&nbsp;_read_dram_32
<LI><a href="#[215763c]">&gt;&gt;</a>&nbsp;&nbsp;&nbsp;_read_dram_16
<LI><a href="#[2157678]">&gt;&gt;</a>&nbsp;&nbsp;&nbsp;_mem_set_sram
<LI><a href="#[21576b4]">&gt;&gt;</a>&nbsp;&nbsp;&nbsp;_mem_set_dram
<LI><a href="#[21576f0]">&gt;&gt;</a>&nbsp;&nbsp;&nbsp;_mem_search_min_max
<LI><a href="#[215772c]">&gt;&gt;</a>&nbsp;&nbsp;&nbsp;_mem_search_equ
<LI><a href="#[2157768]">&gt;&gt;</a>&nbsp;&nbsp;&nbsp;_mem_copy
<LI><a href="#[2158d70]">&gt;&gt;</a>&nbsp;&nbsp;&nbsp;sanity_check
</UL>
<BR>[Called By]<UL><LI><a href="#[2157984]">&gt;&gt;</a>&nbsp;&nbsp;&nbsp;ftl_open
<LI><a href="#[2158d70]">&gt;&gt;</a>&nbsp;&nbsp;&nbsp;sanity_check
</UL>

<P><STRONG><a name="[2158d34]"></a>build_bad_blk_list</STRONG> (ARM, 480 bytes, Stack size 40 bytes, ftl.o(.text), UNUSED, KEPT)
<BR><BR>[Stack]<UL><LI>Max Depth = 48<LI>Call Chain = build_bad_blk_list &rArr; _write_dram_16
</UL>
<BR>[Calls]<UL><LI><a href="#[2157498]">&gt;&gt;</a>&nbsp;&nbsp;&nbsp;flash_clear_irq
<LI><a href="#[215754c]">&gt;&gt;</a>&nbsp;&nbsp;&nbsp;_write_dram_16
<LI><a href="#[21575c4]">&gt;&gt;</a>&nbsp;&nbsp;&nbsp;_set_bit_dram
<LI><a href="#[215763c]">&gt;&gt;</a>&nbsp;&nbsp;&nbsp;_read_dram_16
<LI><a href="#[21576b4]">&gt;&gt;</a>&nbsp;&nbsp;&nbsp;_mem_set_dram
<LI><a href="#[215772c]">&gt;&gt;</a>&nbsp;&nbsp;&nbsp;_mem_search_equ
</UL>
<BR>[Called By]<UL><LI><a href="#[2157984]">&gt;&gt;</a>&nbsp;&nbsp;&nbsp;ftl_open
</UL>

<P><STRONG><a name="[2158cf8]"></a>write_format_mark</STRONG> (ARM, 164 bytes, Stack size 16 bytes, ftl.o(.text), UNUSED, KEPT)
<BR><BR>[Stack]<UL><LI>Max Depth = 16<LI>Call Chain = write_format_mark
</UL>
<BR>[Calls]<UL><LI><a href="#[21576b4]">&gt;&gt;</a>&nbsp;&nbsp;&nbsp;_mem_set_dram
</UL>
<BR>[Called By]<UL><LI><a href="#[2158bcc]">&gt;&gt;</a>&nbsp;&nbsp;&nbsp;format
</UL>

<P><STRONG><a name="[2158cbc]"></a>logging_misc_metadata</STRONG> (ARM, 252 bytes, Stack size 48 bytes, ftl.o(.text))
<BR><BR>[Stack]<UL><LI>Max Depth = 56<LI>Call Chain = logging_misc_metadata &rArr; nand_page_ptprogram
</UL>
<BR>[Calls]<UL><LI><a href="#[215736c]">&gt;&gt;</a>&nbsp;&nbsp;&nbsp;nand_page_ptprogram
<LI><a href="#[21573e4]">&gt;&gt;</a>&nbsp;&nbsp;&nbsp;nand_block_erase
<LI><a href="#[215745c]">&gt;&gt;</a>&nbsp;&nbsp;&nbsp;flash_finish
<LI><a href="#[2157768]">&gt;&gt;</a>&nbsp;&nbsp;&nbsp;_mem_copy
</UL>
<BR>[Called By]<UL><LI><a href="#[2157948]">&gt;&gt;</a>&nbsp;&nbsp;&nbsp;ftl_flush
<LI><a href="#[2158bcc]">&gt;&gt;</a>&nbsp;&nbsp;&nbsp;format
</UL>

<P><STRONG><a name="[2158c80]"></a>logging_pmap_table</STRONG> (ARM, 276 bytes, Stack size 48 bytes, ftl.o(.text))
<BR><BR>[Stack]<UL><LI>Max Depth = 56<LI>Call Chain = logging_pmap_table &rArr; nand_page_ptprogram
</UL>
<BR>[Calls]<UL><LI><a href="#[215736c]">&gt;&gt;</a>&nbsp;&nbsp;&nbsp;nand_page_ptprogram
<LI><a href="#[21573e4]">&gt;&gt;</a>&nbsp;&nbsp;&nbsp;nand_block_erase
<LI><a href="#[215745c]">&gt;&gt;</a>&nbsp;&nbsp;&nbsp;flash_finish
<LI><a href="#[2157768]">&gt;&gt;</a>&nbsp;&nbsp;&nbsp;_mem_copy
</UL>
<BR>[Called By]<UL><LI><a href="#[2157948]">&gt;&gt;</a>&nbsp;&nbsp;&nbsp;ftl_flush
<LI><a href="#[2158bcc]">&gt;&gt;</a>&nbsp;&nbsp;&nbsp;format
</UL>

<P><STRONG><a name="[2158c44]"></a>is_bad_block</STRONG> (ARM, 48 bytes, Stack size 8 bytes, ftl.o(.text), UNUSED, KEPT)
<BR><BR>[Stack]<UL><LI>Max Depth = 8<LI>Call Chain = is_bad_block
</UL>
<BR>[Calls]<UL><LI><a href="#[2157588]">&gt;&gt;</a>&nbsp;&nbsp;&nbsp;_tst_bit_dram
</UL>
<BR>[Called By]<UL><LI><a href="#[2158bcc]">&gt;&gt;</a>&nbsp;&nbsp;&nbsp;format
<LI><a href="#[2158c08]">&gt;&gt;</a>&nbsp;&nbsp;&nbsp;init_metadata_sram
</UL>

<P><STRONG><a name="[2158c08]"></a>init_metadata_sram</STRONG> (ARM, 264 bytes, Stack size 40 bytes, ftl.o(.text), UNUSED, KEPT)
<BR><BR>[Stack]<UL><LI>Max Depth = 48<LI>Call Chain = init_metadata_sram &rArr; _write_dram_16
</UL>
<BR>[Calls]<UL><LI><a href="#[215754c]">&gt;&gt;</a>&nbsp;&nbsp;&nbsp;_write_dram_16
<LI><a href="#[2158c44]">&gt;&gt;</a>&nbsp;&nbsp;&nbsp;is_bad_block
</UL>
<BR>[Called By]<UL><LI><a href="#[2158bcc]">&gt;&gt;</a>&nbsp;&nbsp;&nbsp;format
</UL>

<P><STRONG><a name="[2158bcc]"></a>format</STRONG> (ARM, 228 bytes, Stack size 24 bytes, ftl.o(.text), UNUSED, KEPT)
<BR><BR>[Stack]<UL><LI>Max Depth = 432 + Unknown Stack Size
<LI>Call Chain = format &rArr; uart_printf &rArr; vsnprintf &rArr; _printf_char_common &rArr; __printf
</UL>
<BR>[Calls]<UL><LI><a href="#[2157204]">&gt;&gt;</a>&nbsp;&nbsp;&nbsp;uart_printf
<LI><a href="#[2157240]">&gt;&gt;</a>&nbsp;&nbsp;&nbsp;uart_print
<LI><a href="#[21573e4]">&gt;&gt;</a>&nbsp;&nbsp;&nbsp;nand_block_erase
<LI><a href="#[2157420]">&gt;&gt;</a>&nbsp;&nbsp;&nbsp;led
<LI><a href="#[215754c]">&gt;&gt;</a>&nbsp;&nbsp;&nbsp;_write_dram_16
<LI><a href="#[21576b4]">&gt;&gt;</a>&nbsp;&nbsp;&nbsp;_mem_set_dram
<LI><a href="#[2158c08]">&gt;&gt;</a>&nbsp;&nbsp;&nbsp;init_metadata_sram
<LI><a href="#[2158c44]">&gt;&gt;</a>&nbsp;&nbsp;&nbsp;is_bad_block
<LI><a href="#[2158c80]">&gt;&gt;</a>&nbsp;&nbsp;&nbsp;logging_pmap_table
<LI><a href="#[2158cbc]">&gt;&gt;</a>&nbsp;&nbsp;&nbsp;logging_misc_metadata
<LI><a href="#[2158cf8]">&gt;&gt;</a>&nbsp;&nbsp;&nbsp;write_format_mark
</UL>
<BR>[Called By]<UL><LI><a href="#[2157984]">&gt;&gt;</a>&nbsp;&nbsp;&nbsp;ftl_open
</UL>

<P><STRONG><a name="[2158b90]"></a>get_vcount</STRONG> (ARM, 16 bytes, Stack size 0 bytes, ftl.o(.text), UNUSED, KEPT)
<BR><BR>[Calls]<UL><LI><a href="#[215763c]">&gt;&gt;</a>&nbsp;&nbsp;&nbsp;_read_dram_16
</UL>
<BR>[Called By]<UL><LI><a href="#[21589ec]">&gt;&gt;</a>&nbsp;&nbsp;&nbsp;write_page
<LI><a href="#[2158a28]">&gt;&gt;</a>&nbsp;&nbsp;&nbsp;assign_new_write_vpn
<LI><a href="#[2158a64]">&gt;&gt;</a>&nbsp;&nbsp;&nbsp;garbage_collection
</UL>

<P><STRONG><a name="[2158b54]"></a>set_vcount</STRONG> (ARM, 28 bytes, Stack size 0 bytes, ftl.o(.text), UNUSED, KEPT)
<BR><BR>[Stack]<UL><LI>Max Depth = 8<LI>Call Chain = set_vcount &rArr; _write_dram_16
</UL>
<BR>[Calls]<UL><LI><a href="#[215754c]">&gt;&gt;</a>&nbsp;&nbsp;&nbsp;_write_dram_16
</UL>
<BR>[Called By]<UL><LI><a href="#[21589ec]">&gt;&gt;</a>&nbsp;&nbsp;&nbsp;write_page
<LI><a href="#[2158a64]">&gt;&gt;</a>&nbsp;&nbsp;&nbsp;garbage_collection
</UL>

<P><STRONG><a name="[2158b18]"></a>set_vpn</STRONG> (ARM, 12 bytes, Stack size 0 bytes, ftl.o(.text), UNUSED, KEPT)
<BR><BR>[Stack]<UL><LI>Max Depth = 12<LI>Call Chain = set_vpn &rArr; _write_dram_32
</UL>
<BR>[Calls]<UL><LI><a href="#[2157510]">&gt;&gt;</a>&nbsp;&nbsp;&nbsp;_write_dram_32
</UL>
<BR>[Called By]<UL><LI><a href="#[21589ec]">&gt;&gt;</a>&nbsp;&nbsp;&nbsp;write_page
<LI><a href="#[2158a64]">&gt;&gt;</a>&nbsp;&nbsp;&nbsp;garbage_collection
</UL>

<P><STRONG><a name="[2158adc]"></a>get_vpn</STRONG> (ARM, 200 bytes, Stack size 0 bytes, ftl.o(.text), UNUSED, KEPT)
<BR><BR>[Calls]<UL><LI><a href="#[2157600]">&gt;&gt;</a>&nbsp;&nbsp;&nbsp;_read_dram_32
</UL>
<BR>[Called By]<UL><LI><a href="#[2157894]">&gt;&gt;</a>&nbsp;&nbsp;&nbsp;ftl_read
<LI><a href="#[21589ec]">&gt;&gt;</a>&nbsp;&nbsp;&nbsp;write_page
<LI><a href="#[2158a64]">&gt;&gt;</a>&nbsp;&nbsp;&nbsp;garbage_collection
</UL>

<P><STRONG><a name="[2158aa0]"></a>get_vt_vblock</STRONG> (ARM, 24 bytes, Stack size 0 bytes, ftl.o(.text), UNUSED, KEPT)
<BR><BR>[Calls]<UL><LI><a href="#[21576f0]">&gt;&gt;</a>&nbsp;&nbsp;&nbsp;_mem_search_min_max
</UL>
<BR>[Called By]<UL><LI><a href="#[2158a64]">&gt;&gt;</a>&nbsp;&nbsp;&nbsp;garbage_collection
</UL>

<P><STRONG><a name="[2158a64]"></a>garbage_collection</STRONG> (ARM, 344 bytes, Stack size 56 bytes, ftl.o(.text), UNUSED, KEPT)
<BR><BR>[Stack]<UL><LI>Max Depth = 72<LI>Call Chain = garbage_collection &rArr; nand_page_ptread
</UL>
<BR>[Calls]<UL><LI><a href="#[21572f4]">&gt;&gt;</a>&nbsp;&nbsp;&nbsp;nand_page_ptread
<LI><a href="#[21573a8]">&gt;&gt;</a>&nbsp;&nbsp;&nbsp;nand_page_copyback
<LI><a href="#[21573e4]">&gt;&gt;</a>&nbsp;&nbsp;&nbsp;nand_block_erase
<LI><a href="#[2157768]">&gt;&gt;</a>&nbsp;&nbsp;&nbsp;_mem_copy
<LI><a href="#[2158aa0]">&gt;&gt;</a>&nbsp;&nbsp;&nbsp;get_vt_vblock
<LI><a href="#[2158adc]">&gt;&gt;</a>&nbsp;&nbsp;&nbsp;get_vpn
<LI><a href="#[2158b18]">&gt;&gt;</a>&nbsp;&nbsp;&nbsp;set_vpn
<LI><a href="#[2158b54]">&gt;&gt;</a>&nbsp;&nbsp;&nbsp;set_vcount
<LI><a href="#[2158b90]">&gt;&gt;</a>&nbsp;&nbsp;&nbsp;get_vcount
</UL>
<BR>[Called By]<UL><LI><a href="#[2158a28]">&gt;&gt;</a>&nbsp;&nbsp;&nbsp;assign_new_write_vpn
</UL>

<P><STRONG><a name="[2158a28]"></a>assign_new_write_vpn</STRONG> (ARM, 224 bytes, Stack size 40 bytes, ftl.o(.text), UNUSED, KEPT)
<BR><BR>[Stack]<UL><LI>Max Depth = 112<LI>Call Chain = assign_new_write_vpn &rArr; garbage_collection &rArr; nand_page_ptread
</UL>
<BR>[Calls]<UL><LI><a href="#[215736c]">&gt;&gt;</a>&nbsp;&nbsp;&nbsp;nand_page_ptprogram
<LI><a href="#[2157678]">&gt;&gt;</a>&nbsp;&nbsp;&nbsp;_mem_set_sram
<LI><a href="#[2157768]">&gt;&gt;</a>&nbsp;&nbsp;&nbsp;_mem_copy
<LI><a href="#[2158a64]">&gt;&gt;</a>&nbsp;&nbsp;&nbsp;garbage_collection
<LI><a href="#[2158b90]">&gt;&gt;</a>&nbsp;&nbsp;&nbsp;get_vcount
</UL>
<BR>[Called By]<UL><LI><a href="#[21589ec]">&gt;&gt;</a>&nbsp;&nbsp;&nbsp;write_page
</UL>

<P><STRONG><a name="[21589ec]"></a>write_page</STRONG> (ARM, 476 bytes, Stack size 56 bytes, ftl.o(.text), UNUSED, KEPT)
<BR><BR>[Stack]<UL><LI>Max Depth = 168 + Unknown Stack Size
<LI>Call Chain = write_page &rArr; assign_new_write_vpn &rArr; garbage_collection &rArr; nand_page_ptread
</UL>
<BR>[Calls]<UL><LI><a href="#[215727c]">&gt;&gt;</a>&nbsp;&nbsp;&nbsp;nand_page_read
<LI><a href="#[21572f4]">&gt;&gt;</a>&nbsp;&nbsp;&nbsp;nand_page_ptread
<LI><a href="#[2157330]">&gt;&gt;</a>&nbsp;&nbsp;&nbsp;nand_page_ptprogram_from_host
<LI><a href="#[2157768]">&gt;&gt;</a>&nbsp;&nbsp;&nbsp;_mem_copy
<LI><a href="#[2158a28]">&gt;&gt;</a>&nbsp;&nbsp;&nbsp;assign_new_write_vpn
<LI><a href="#[2158adc]">&gt;&gt;</a>&nbsp;&nbsp;&nbsp;get_vpn
<LI><a href="#[2158b18]">&gt;&gt;</a>&nbsp;&nbsp;&nbsp;set_vpn
<LI><a href="#[2158b54]">&gt;&gt;</a>&nbsp;&nbsp;&nbsp;set_vcount
<LI><a href="#[2158b90]">&gt;&gt;</a>&nbsp;&nbsp;&nbsp;get_vcount
</UL>
<BR>[Called By]<UL><LI><a href="#[215790c]">&gt;&gt;</a>&nbsp;&nbsp;&nbsp;ftl_write
</UL>

<P><STRONG><a name="[2156ebc]"></a>get_integrity_word</STRONG> (ARM, 80 bytes, Stack size 0 bytes, sata_identify.o(.text))
<BR><BR>[Called By]<UL><LI><a href="#[2156d18]">&gt;&gt;</a>&nbsp;&nbsp;&nbsp;ata_identify_device
</UL>

<P><STRONG><a name="[2156e80]"></a>set_string_data</STRONG> (ARM, 140 bytes, Stack size 12 bytes, sata_identify.o(.text))
<BR><BR>[Stack]<UL><LI>Max Depth = 12<LI>Call Chain = set_string_data
</UL>
<BR>[Called By]<UL><LI><a href="#[2156d18]">&gt;&gt;</a>&nbsp;&nbsp;&nbsp;ata_identify_device
</UL>

<P><STRONG><a name="[2155c38]"></a>eventq_get_count</STRONG> (ARM, 20 bytes, Stack size 0 bytes, sata_main.o(.text), UNUSED, KEPT)
<BR><BR>[Called By]<UL><LI><a href="#[215925c]">&gt;&gt;</a>&nbsp;&nbsp;&nbsp;Main
</UL>

<P><STRONG><a name="[2155bfc]"></a>eventq_get</STRONG> (ARM, 160 bytes, Stack size 0 bytes, sata_main.o(.text), UNUSED, KEPT)
<BR><BR>[Called By]<UL><LI><a href="#[215925c]">&gt;&gt;</a>&nbsp;&nbsp;&nbsp;Main
</UL>

<P><STRONG><a name="[2152f74]"></a>uart_txbyte</STRONG> (ARM, 28 bytes, Stack size 0 bytes, uart.o(.text), UNUSED, KEPT)
<BR><BR>[Called By]<UL><LI><a href="#[2152bf0]">&gt;&gt;</a>&nbsp;&nbsp;&nbsp;uart_print_hex
<LI><a href="#[2157240]">&gt;&gt;</a>&nbsp;&nbsp;&nbsp;uart_print
</UL>

<P><STRONG><a name="[21528a8]"></a>tc_write_rand</STRONG> (ARM, 408 bytes, Stack size 48 bytes, tc_synth.o(.text), UNUSED, KEPT)
<BR><BR>[Stack]<UL><LI>Max Depth = 456 + Unknown Stack Size
<LI>Call Chain = tc_write_rand &rArr; uart_printf &rArr; vsnprintf &rArr; _printf_char_common &rArr; __printf
</UL>
<BR>[Calls]<UL><LI><a href="#[214fd4c]">&gt;&gt;</a>&nbsp;&nbsp;&nbsp;__aeabi_idivmod
<LI><a href="#[214ffe0]">&gt;&gt;</a>&nbsp;&nbsp;&nbsp;rand (via Veneer)
<LI><a href="#[2150058]">&gt;&gt;</a>&nbsp;&nbsp;&nbsp;srand (via Veneer)
<LI><a href="#[2155ff8]">&gt;&gt;</a>&nbsp;&nbsp;&nbsp;led_blink
<LI><a href="#[2157204]">&gt;&gt;</a>&nbsp;&nbsp;&nbsp;uart_printf
<LI><a href="#[2157420]">&gt;&gt;</a>&nbsp;&nbsp;&nbsp;led
<LI><a href="#[215745c]">&gt;&gt;</a>&nbsp;&nbsp;&nbsp;flash_finish
<LI><a href="#[2157600]">&gt;&gt;</a>&nbsp;&nbsp;&nbsp;_read_dram_32
<LI><a href="#[21576b4]">&gt;&gt;</a>&nbsp;&nbsp;&nbsp;_mem_set_dram
<LI><a href="#[2157894]">&gt;&gt;</a>&nbsp;&nbsp;&nbsp;ftl_read
<LI><a href="#[215790c]">&gt;&gt;</a>&nbsp;&nbsp;&nbsp;ftl_write
<LI><a href="#[2157948]">&gt;&gt;</a>&nbsp;&nbsp;&nbsp;ftl_flush
</UL>
<BR>[Called By]<UL><LI><a href="#[2153d84]">&gt;&gt;</a>&nbsp;&nbsp;&nbsp;ftl_test
</UL>

<P><STRONG><a name="[214fe3c]"></a>__arm_div8</STRONG> (ARM, 0 bytes, Stack size unknown bytes, aeabi_sdiv.o(.text))
<BR><BR>[Called By]<UL><LI><a href="#[214fcd4]">&gt;&gt;</a>&nbsp;&nbsp;&nbsp;__aeabi_uidivmod
</UL>

<P><STRONG><a name="[214fe00]"></a>__arm_div4</STRONG> (ARM, 0 bytes, Stack size unknown bytes, aeabi_sdiv.o(.text))
<BR><BR>[Called By]<UL><LI><a href="#[214fcd4]">&gt;&gt;</a>&nbsp;&nbsp;&nbsp;__aeabi_uidivmod
</UL>

<P><STRONG><a name="[214fdc4]"></a>__arm_div_large</STRONG> (ARM, 0 bytes, Stack size unknown bytes, aeabi_sdiv.o(.text))
<BR><BR>[Called By]<UL><LI><a href="#[214fcd4]">&gt;&gt;</a>&nbsp;&nbsp;&nbsp;__aeabi_uidivmod
</UL>

<P><STRONG><a name="[214eac8]"></a>_printf_input_char</STRONG> (Thumb, 10 bytes, Stack size 0 bytes, _printf_char_common.o(.text))
<BR>[Address Reference Count : 1]<UL><LI> _printf_char_common.o(.text)
</UL><P>
<H3>
Undefined Global Symbols
</H3>
<P><STRONG><a name="[37e7e18]"></a>_printf_mbtowc</STRONG> (ARM, 0 bytes, Stack size 0 bytes, UNDEFINED, UNUSED)
<BR><BR>[Called By]<UL><LI><a href="#[37e7ecc]">&gt;&gt;</a>&nbsp;&nbsp;&nbsp;_printf_cs_common
</UL>

<P><STRONG><a name="[37e7c74]"></a>_printf_wc</STRONG> (ARM, 0 bytes, Stack size 0 bytes, UNDEFINED, UNUSED)
<BR><BR>[Called By]<UL><LI><a href="#[37e7d28]">&gt;&gt;</a>&nbsp;&nbsp;&nbsp;_printf_lcs_common
</UL>
<HR></body></html>
