<!doctype html public "-//w3c//dtd html 4.0 transitional//en">
<html><head>
<title>Static Call Graph - [C:\Users\Jeff\Desktop\skku_internship\tutorial2-dev\branches\redcarrot\build_rvds\firmware.axf]</title></head>
<body><HR>
<H1>Static Call Graph for image C:\Users\Jeff\Desktop\skku_internship\tutorial2-dev\branches\redcarrot\build_rvds\firmware.axf</H1><HR>
<BR><P>#&#060CALLGRAPH&#062# ARM Linker, RVCT4.0 [Build 591]: Last Updated: Fri Jan 27 07:15:32 2012
<BR><P>
<H3>Maximum Stack Usage =        568 bytes + Unknown(Functions without stacksize, Cycles, Untraceable Function Pointers)</H3><H3>
Call chain for Maximum Stack Depth:</H3>
ata_flush_cache &rArr; ftl_flush &rArr; flush_merge_buffer &rArr; set_psn &rArr; load_smt_bundle &rArr; evict_smt_bundle &rArr; update_bundle_lives &rArr;  update_bundle_lives (Cycle)
<P>
<H3>
Functions with no stack information
</H3><UL>
 <LI><a href="#[1ff9694]">disable_interrupt</a>
 <LI><a href="#[1ff9658]">enable_interrupt</a>
 <LI><a href="#[1ff970c]">reset_handler</a>
</UL>
</UL>
<P>
<H3>
Mutually Recursive functions
</H3> <LI><a href="#[1ff8c80]">update_bundle_lives</a>&nbsp;&nbsp;&nbsp;&rArr;&nbsp;&nbsp;&nbsp;<a href="#[1ff8c80]">update_bundle_lives</a><BR>
</UL>
<P>
<H3>
Function Pointers
</H3><UL>
 <LI><a href="#[1ff63f4]">ata_not_supported</a>
 <LI><a href="#[1fee834]">_snputc</a>
 <LI><a href="#[1fee924]">_sputc</a>
 <LI><a href="#[1feea8c]">_printf_input_char</a>
 <LI><a href="#[38162a0]">_get_lc_ctype</a>
 <LI><a href="#[3819270]">__I$use$semihosting</a>
 <LI><a href="#[1ff64a8]">ata_nop</a>
 <LI><a href="#[1ff6430]">ata_recalibrate</a>
 <LI><a href="#[1ff64e4]">ata_read_native_max_address</a>
 <LI><a href="#[1ff6778]">ata_read_verify_sectors</a>
 <LI><a href="#[1ff6778]">ata_read_verify_sectors</a>
 <LI><a href="#[1ff6700]">ata_seek</a>
 <LI><a href="#[1ff637c]">ata_execute_drive_diagnostics</a>
 <LI><a href="#[1ff646c]">ata_initialize_device_parameters</a>
 <LI><a href="#[1ff65d4]">ata_standby_immediate</a>
 <LI><a href="#[1ff655c]">ata_idle_immediate</a>
 <LI><a href="#[1ff6610]">ata_standby</a>
 <LI><a href="#[1ff6598]">ata_idle</a>
 <LI><a href="#[1ff682c]">ata_check_power_mode</a>
 <LI><a href="#[1ff6520]">ata_sleep</a>
 <LI><a href="#[1ff66c4]">ata_set_multiple_mode</a>
 <LI><a href="#[1ff65d4]">ata_standby_immediate</a>
 <LI><a href="#[1ff655c]">ata_idle_immediate</a>
 <LI><a href="#[1ff6610]">ata_standby</a>
 <LI><a href="#[1ff6598]">ata_idle</a>
 <LI><a href="#[1ff6688]">ata_read_buffer</a>
 <LI><a href="#[1ff682c]">ata_check_power_mode</a>
 <LI><a href="#[1ff6520]">ata_sleep</a>
 <LI><a href="#[1ff67b4]">ata_flush_cache</a>
 <LI><a href="#[1ff664c]">ata_write_buffer</a>
 <LI><a href="#[1ff67b4]">ata_flush_cache</a>
 <LI><a href="#[1ff6c64]">ata_identify_device</a>
 <LI><a href="#[1ff673c]">ata_set_features</a>
 <LI><a href="#[1ff64e4]">ata_read_native_max_address</a>
 <LI><a href="#[1ff63b8]">ata_srst</a>
</UL>
<P>
<H3>
Global Symbols
</H3>
<P><STRONG><a name="[1ff9694]"></a>disable_interrupt</STRONG> (ARM, 0 bytes, Stack size unknown bytes, init.o(init), UNUSED, KEPT)
<BR><BR>[Called By]<UL><LI><a href="#[1ff583c]">&gt;&gt;</a>&nbsp;&nbsp;&nbsp;sata_reset
</UL>

<P><STRONG><a name="[1ff9658]"></a>enable_interrupt</STRONG> (ARM, 0 bytes, Stack size unknown bytes, init.o(init), UNUSED, KEPT)
<BR><BR>[Called By]<UL><LI><a href="#[1ff583c]">&gt;&gt;</a>&nbsp;&nbsp;&nbsp;sata_reset
</UL>

<P><STRONG><a name="[1fece30]"></a>_printf_n</STRONG> (ARM, 0 bytes, Stack size unknown bytes, _printf_n.o(.ARM.Collect$$_printf_percent$$00000001))
<BR><BR>[Calls]<UL><LI><a href="#[1feeb7c]">&gt;&gt;</a>&nbsp;&nbsp;&nbsp;_printf_charcount (via Veneer)
</UL>

<P><STRONG><a name="[1ff09f4]"></a>_printf_percent</STRONG> (ARM, 0 bytes, Stack size unknown bytes, _printf_percent.o(.ARM.Collect$$_printf_percent$$00000000))
<BR><BR>[Called By]<UL><LI><a href="#[1ff0b5c]">&gt;&gt;</a>&nbsp;&nbsp;&nbsp;__printf (via Veneer)
</UL>

<P><STRONG><a name="[1fecc8c]"></a>_printf_p</STRONG> (ARM, 0 bytes, Stack size unknown bytes, _printf_p.o(.ARM.Collect$$_printf_percent$$00000002))
<BR><BR>[Stack]<UL><LI>Max Depth = 112 + Unknown Stack Size
<LI>Call Chain = _printf_p &rArr; _printf_hex_ptr &rArr; _printf_longlong_hex &rArr; _printf_int_common &rArr; _printf_post_padding
</UL>
<BR>[Calls]<UL><LI><a href="#[1fed0c4]">&gt;&gt;</a>&nbsp;&nbsp;&nbsp;_printf_hex_ptr (via Veneer)
</UL>

<P><STRONG><a name="[1fec944]"></a>_printf_f</STRONG> (ARM, 0 bytes, Stack size unknown bytes, _printf_f.o(.ARM.Collect$$_printf_percent$$00000003))
<BR><BR>[Calls]<UL><LI><a href="#[381d2e4]">&gt;&gt;</a>&nbsp;&nbsp;&nbsp;_printf_fp_dec
</UL>

<P><STRONG><a name="[1fec890]"></a>_printf_e</STRONG> (ARM, 0 bytes, Stack size unknown bytes, _printf_e.o(.ARM.Collect$$_printf_percent$$00000004))
<BR><BR>[Calls]<UL><LI><a href="#[381d2e4]">&gt;&gt;</a>&nbsp;&nbsp;&nbsp;_printf_fp_dec
</UL>

<P><STRONG><a name="[1fec7dc]"></a>_printf_g</STRONG> (ARM, 0 bytes, Stack size unknown bytes, _printf_g.o(.ARM.Collect$$_printf_percent$$00000005))
<BR><BR>[Calls]<UL><LI><a href="#[381d2e4]">&gt;&gt;</a>&nbsp;&nbsp;&nbsp;_printf_fp_dec
</UL>

<P><STRONG><a name="[1fec728]"></a>_printf_a</STRONG> (ARM, 0 bytes, Stack size unknown bytes, _printf_a.o(.ARM.Collect$$_printf_percent$$00000006))
<BR><BR>[Calls]<UL><LI><a href="#[381d1f4]">&gt;&gt;</a>&nbsp;&nbsp;&nbsp;_printf_fp_hex
</UL>

<P><STRONG><a name="[1fec3a4]"></a>_printf_ll</STRONG> (ARM, 0 bytes, Stack size unknown bytes, _printf_ll.o(.ARM.Collect$$_printf_percent$$00000007))

<P><STRONG><a name="[1fecaac]"></a>_printf_i</STRONG> (ARM, 0 bytes, Stack size unknown bytes, _printf_i.o(.ARM.Collect$$_printf_percent$$00000008))
<BR><BR>[Stack]<UL><LI>Max Depth = 88 + Unknown Stack Size
<LI>Call Chain = _printf_i &rArr; _printf_int_dec &rArr; _printf_int_common &rArr; _printf_post_padding
</UL>
<BR>[Calls]<UL><LI><a href="#[1ff1444]">&gt;&gt;</a>&nbsp;&nbsp;&nbsp;_printf_int_dec (via Veneer)
</UL>

<P><STRONG><a name="[1fec9f8]"></a>_printf_d</STRONG> (ARM, 0 bytes, Stack size unknown bytes, _printf_d.o(.ARM.Collect$$_printf_percent$$00000009))
<BR><BR>[Stack]<UL><LI>Max Depth = 88 + Unknown Stack Size
<LI>Call Chain = _printf_d &rArr; _printf_int_dec &rArr; _printf_int_common &rArr; _printf_post_padding
</UL>
<BR>[Calls]<UL><LI><a href="#[1ff1444]">&gt;&gt;</a>&nbsp;&nbsp;&nbsp;_printf_int_dec (via Veneer)
</UL>

<P><STRONG><a name="[1ff0aa8]"></a>_printf_u</STRONG> (ARM, 0 bytes, Stack size unknown bytes, _printf_u.o(.ARM.Collect$$_printf_percent$$0000000A))
<BR><BR>[Stack]<UL><LI>Max Depth = 88 + Unknown Stack Size
<LI>Call Chain = _printf_u &rArr; _printf_int_dec &rArr; _printf_int_common &rArr; _printf_post_padding
</UL>
<BR>[Calls]<UL><LI><a href="#[1ff1444]">&gt;&gt;</a>&nbsp;&nbsp;&nbsp;_printf_int_dec (via Veneer)
</UL>

<P><STRONG><a name="[1fecb9c]"></a>_printf_o</STRONG> (ARM, 0 bytes, Stack size unknown bytes, _printf_o.o(.ARM.Collect$$_printf_percent$$0000000B))
<BR><BR>[Stack]<UL><LI>Max Depth = 88 + Unknown Stack Size
<LI>Call Chain = _printf_o &rArr; _printf_int_oct &rArr; _printf_longlong_oct &rArr; _printf_int_common &rArr; _printf_post_padding
</UL>
<BR>[Calls]<UL><LI><a href="#[1fee078]">&gt;&gt;</a>&nbsp;&nbsp;&nbsp;_printf_int_oct (via Veneer)
</UL>

<P><STRONG><a name="[1fecd7c]"></a>_printf_x</STRONG> (ARM, 0 bytes, Stack size unknown bytes, _printf_x.o(.ARM.Collect$$_printf_percent$$0000000C))
<BR><BR>[Stack]<UL><LI>Max Depth = 120 + Unknown Stack Size
<LI>Call Chain = _printf_x &rArr; _printf_int_hex &rArr; _printf_longlong_hex &rArr; _printf_int_common &rArr; _printf_post_padding
</UL>
<BR>[Calls]<UL><LI><a href="#[1fed13c]">&gt;&gt;</a>&nbsp;&nbsp;&nbsp;_printf_int_hex (via Veneer)
</UL>

<P><STRONG><a name="[1fec5c0]"></a>_printf_lli</STRONG> (ARM, 0 bytes, Stack size unknown bytes, _printf_lli.o(.ARM.Collect$$_printf_percent$$0000000D))
<BR><BR>[Stack]<UL><LI>Max Depth = 96 + Unknown Stack Size
<LI>Call Chain = _printf_lli &rArr; _printf_longlong_dec &rArr; _printf_int_common &rArr; _printf_post_padding
</UL>
<BR>[Calls]<UL><LI><a href="#[1fee4b0]">&gt;&gt;</a>&nbsp;&nbsp;&nbsp;_printf_longlong_dec (via Veneer)
</UL>

<P><STRONG><a name="[1fec50c]"></a>_printf_lld</STRONG> (ARM, 0 bytes, Stack size unknown bytes, _printf_lld.o(.ARM.Collect$$_printf_percent$$0000000E))
<BR><BR>[Stack]<UL><LI>Max Depth = 96 + Unknown Stack Size
<LI>Call Chain = _printf_lld &rArr; _printf_longlong_dec &rArr; _printf_int_common &rArr; _printf_post_padding
</UL>
<BR>[Calls]<UL><LI><a href="#[1fee4b0]">&gt;&gt;</a>&nbsp;&nbsp;&nbsp;_printf_longlong_dec (via Veneer)
</UL>

<P><STRONG><a name="[1fec458]"></a>_printf_llu</STRONG> (ARM, 0 bytes, Stack size unknown bytes, _printf_llu.o(.ARM.Collect$$_printf_percent$$0000000F))
<BR><BR>[Stack]<UL><LI>Max Depth = 96 + Unknown Stack Size
<LI>Call Chain = _printf_llu &rArr; _printf_longlong_dec &rArr; _printf_int_common &rArr; _printf_post_padding
</UL>
<BR>[Calls]<UL><LI><a href="#[1fee4b0]">&gt;&gt;</a>&nbsp;&nbsp;&nbsp;_printf_longlong_dec (via Veneer)
</UL>

<P><STRONG><a name="[1fec05c]"></a>_printf_llo</STRONG> (ARM, 0 bytes, Stack size unknown bytes, _printf_llo.o(.ARM.Collect$$_printf_percent$$00000010))
<BR><BR>[Stack]<UL><LI>Max Depth = 80 + Unknown Stack Size
<LI>Call Chain = _printf_llo &rArr; _printf_ll_oct &rArr; _printf_longlong_oct &rArr; _printf_int_common &rArr; _printf_post_padding
</UL>
<BR>[Calls]<UL><LI><a href="#[1fee03c]">&gt;&gt;</a>&nbsp;&nbsp;&nbsp;_printf_ll_oct (via Veneer)
</UL>

<P><STRONG><a name="[1febf6c]"></a>_printf_llx</STRONG> (ARM, 0 bytes, Stack size unknown bytes, _printf_llx.o(.ARM.Collect$$_printf_percent$$00000011))
<BR><BR>[Stack]<UL><LI>Max Depth = 104 + Unknown Stack Size
<LI>Call Chain = _printf_llx &rArr; _printf_ll_hex &rArr; _printf_longlong_hex &rArr; _printf_int_common &rArr; _printf_post_padding
</UL>
<BR>[Calls]<UL><LI><a href="#[1fed100]">&gt;&gt;</a>&nbsp;&nbsp;&nbsp;_printf_ll_hex (via Veneer)
</UL>

<P><STRONG><a name="[1fec2f0]"></a>_printf_l</STRONG> (ARM, 0 bytes, Stack size unknown bytes, _printf_l.o(.ARM.Collect$$_printf_percent$$00000012))

<P><STRONG><a name="[1fed010]"></a>_printf_c</STRONG> (ARM, 0 bytes, Stack size unknown bytes, _printf_c.o(.ARM.Collect$$_printf_percent$$00000013))
<BR><BR>[Stack]<UL><LI>Max Depth = 40 + Unknown Stack Size
<LI>Call Chain = _printf_c &rArr; _printf_char &rArr; _printf_cs_common &rArr; _printf_str &rArr; _printf_post_padding
</UL>
<BR>[Calls]<UL><LI><a href="#[381ae54]">&gt;&gt;</a>&nbsp;&nbsp;&nbsp;_printf_char (via Veneer)
</UL>

<P><STRONG><a name="[1fecf20]"></a>_printf_s</STRONG> (ARM, 0 bytes, Stack size unknown bytes, _printf_s.o(.ARM.Collect$$_printf_percent$$00000014))
<BR><BR>[Stack]<UL><LI>Max Depth = 40 + Unknown Stack Size
<LI>Call Chain = _printf_s &rArr; _printf_string &rArr; _printf_cs_common &rArr; _printf_str &rArr; _printf_post_padding
</UL>
<BR>[Calls]<UL><LI><a href="#[381ae18]">&gt;&gt;</a>&nbsp;&nbsp;&nbsp;_printf_string (via Veneer)
</UL>

<P><STRONG><a name="[1fec23c]"></a>_printf_lc</STRONG> (ARM, 0 bytes, Stack size unknown bytes, _printf_lc.o(.ARM.Collect$$_printf_percent$$00000015))
<BR><BR>[Stack]<UL><LI>Max Depth = 88 + Unknown Stack Size
<LI>Call Chain = _printf_lc &rArr; _printf_wchar &rArr; _printf_lcs_common &rArr; _printf_wctomb &rArr; _wcrtomb &rArr; __rt_ctype_table
</UL>
<BR>[Calls]<UL><LI><a href="#[381acb0]">&gt;&gt;</a>&nbsp;&nbsp;&nbsp;_printf_wchar (via Veneer)
</UL>

<P><STRONG><a name="[1fec14c]"></a>_printf_ls</STRONG> (ARM, 0 bytes, Stack size unknown bytes, _printf_ls.o(.ARM.Collect$$_printf_percent$$00000016))
<BR><BR>[Stack]<UL><LI>Max Depth = 88 + Unknown Stack Size
<LI>Call Chain = _printf_ls &rArr; _printf_wstring &rArr; _printf_lcs_common &rArr; _printf_wctomb &rArr; _wcrtomb &rArr; __rt_ctype_table
</UL>
<BR>[Calls]<UL><LI><a href="#[381ac74]">&gt;&gt;</a>&nbsp;&nbsp;&nbsp;_printf_wstring (via Veneer)
</UL>

<P><STRONG><a name="[1fec674]"></a>_printf_percent_end</STRONG> (ARM, 0 bytes, Stack size unknown bytes, _printf_percent_end.o(.ARM.Collect$$_printf_percent$$00000017))

<P><STRONG><a name="[381e298]"></a>__rt_lib_init_heap_2</STRONG> (Thumb, 0 bytes, Stack size 0 bytes, libinit2.o(.ARM.Collect$$libinit$$00000006))

<P><STRONG><a name="[381e07c]"></a>__rt_lib_init_lc_ctype_2</STRONG> (Thumb, 0 bytes, Stack size 0 bytes, libinit2.o(.ARM.Collect$$libinit$$0000000F))

<P><STRONG><a name="[381e1a8]"></a>__rt_lib_init_rand_2</STRONG> (Thumb, 0 bytes, Stack size 0 bytes, libinit2.o(.ARM.Collect$$libinit$$0000000A))

<P><STRONG><a name="[381dc44]"></a>__rt_lib_init_stdio_2</STRONG> (Thumb, 0 bytes, Stack size 0 bytes, libinit2.o(.ARM.Collect$$libinit$$00000021))

<P><STRONG><a name="[381975c]"></a>__rt_lib_shutdown_stdio_2</STRONG> (Thumb, 0 bytes, Stack size 0 bytes, libshutdown2.o(.ARM.Collect$$libshutdown$$00000003))

<P><STRONG><a name="[3816a20]"></a>_maybe_terminate_alloc</STRONG> (Thumb, 0 bytes, Stack size 0 bytes, maybetermalloc1.o(.emb_text), UNUSED)

<P><STRONG><a name="[1ff77a4]"></a>flush_merge_buffer</STRONG> (ARM, 192 bytes, Stack size 24 bytes, ftl.o(.text))
<BR><BR>[Stack]<UL><LI>Max Depth = 552 + Unknown Stack Size
<LI>Call Chain = flush_merge_buffer &rArr; set_psn &rArr; load_smt_bundle &rArr; evict_smt_bundle &rArr; update_bundle_lives &rArr;  update_bundle_lives (Cycle)
</UL>
<BR>[Calls]<UL><LI><a href="#[1ff72b8]">&gt;&gt;</a>&nbsp;&nbsp;&nbsp;flash_issue_cmd
<LI><a href="#[1ff8a28]">&gt;&gt;</a>&nbsp;&nbsp;&nbsp;get_free_page
<LI><a href="#[1ff8aa0]">&gt;&gt;</a>&nbsp;&nbsp;&nbsp;set_psn
</UL>
<BR>[Called By]<UL><LI><a href="#[1ff7768]">&gt;&gt;</a>&nbsp;&nbsp;&nbsp;ftl_flush
</UL>

<P><STRONG><a name="[1ff7768]"></a>ftl_flush</STRONG> (ARM, 20 bytes, Stack size 8 bytes, ftl.o(.text))
<BR><BR>[Stack]<UL><LI>Max Depth = 560 + Unknown Stack Size
<LI>Call Chain = ftl_flush &rArr; flush_merge_buffer &rArr; set_psn &rArr; load_smt_bundle &rArr; evict_smt_bundle &rArr; update_bundle_lives &rArr;  update_bundle_lives (Cycle)
</UL>
<BR>[Calls]<UL><LI><a href="#[1ff77a4]">&gt;&gt;</a>&nbsp;&nbsp;&nbsp;flush_merge_buffer
<LI><a href="#[1ff8c08]">&gt;&gt;</a>&nbsp;&nbsp;&nbsp;logging_misc_metadata
<LI><a href="#[1ff8c44]">&gt;&gt;</a>&nbsp;&nbsp;&nbsp;logging_smt_cache
</UL>
<BR>[Called By]<UL><LI><a href="#[1ff655c]">&gt;&gt;</a>&nbsp;&nbsp;&nbsp;ata_idle_immediate
<LI><a href="#[1ff6598]">&gt;&gt;</a>&nbsp;&nbsp;&nbsp;ata_idle
<LI><a href="#[1ff65d4]">&gt;&gt;</a>&nbsp;&nbsp;&nbsp;ata_standby_immediate
<LI><a href="#[1ff6610]">&gt;&gt;</a>&nbsp;&nbsp;&nbsp;ata_standby
<LI><a href="#[1ff67b4]">&gt;&gt;</a>&nbsp;&nbsp;&nbsp;ata_flush_cache
<LI><a href="#[1ff772c]">&gt;&gt;</a>&nbsp;&nbsp;&nbsp;ftl_open
</UL>

<P><STRONG><a name="[1ff772c]"></a>ftl_open</STRONG> (ARM, 544 bytes, Stack size 40 bytes, ftl.o(.text), UNUSED, KEPT)
<BR><BR>[Stack]<UL><LI>Max Depth = 600 + Unknown Stack Size
<LI>Call Chain = ftl_open &rArr; ftl_flush &rArr; flush_merge_buffer &rArr; set_psn &rArr; load_smt_bundle &rArr; evict_smt_bundle &rArr; update_bundle_lives &rArr;  update_bundle_lives (Cycle)
</UL>
<BR>[Calls]<UL><LI><a href="#[1ff72b8]">&gt;&gt;</a>&nbsp;&nbsp;&nbsp;flash_issue_cmd
<LI><a href="#[1ff7330]">&gt;&gt;</a>&nbsp;&nbsp;&nbsp;flash_clear_irq
<LI><a href="#[1ff73e4]">&gt;&gt;</a>&nbsp;&nbsp;&nbsp;_write_dram_16
<LI><a href="#[1ff745c]">&gt;&gt;</a>&nbsp;&nbsp;&nbsp;_read_dram_16
<LI><a href="#[1ff7498]">&gt;&gt;</a>&nbsp;&nbsp;&nbsp;_mem_set_dram
<LI><a href="#[1ff7768]">&gt;&gt;</a>&nbsp;&nbsp;&nbsp;ftl_flush
<LI><a href="#[1ff88fc]">&gt;&gt;</a>&nbsp;&nbsp;&nbsp;sanity_check
<LI><a href="#[1ff8938]">&gt;&gt;</a>&nbsp;&nbsp;&nbsp;init_metadata
<LI><a href="#[1ff8974]">&gt;&gt;</a>&nbsp;&nbsp;&nbsp;format
<LI><a href="#[1ff89ec]">&gt;&gt;</a>&nbsp;&nbsp;&nbsp;init_smt_metadata
<LI><a href="#[1ff8c08]">&gt;&gt;</a>&nbsp;&nbsp;&nbsp;logging_misc_metadata
</UL>
<BR>[Called By]<UL><LI><a href="#[1ff91e4]">&gt;&gt;</a>&nbsp;&nbsp;&nbsp;init_jasmine
</UL>

<P><STRONG><a name="[1ff76f0]"></a>ftl_read_sector</STRONG> (ARM, 236 bytes, Stack size 8 bytes, ftl.o(.text), UNUSED, KEPT)
<BR><BR>[Stack]<UL><LI>Max Depth = 528 + Unknown Stack Size
<LI>Call Chain = ftl_read_sector &rArr; get_psn &rArr; load_smt_bundle &rArr; evict_smt_bundle &rArr; update_bundle_lives &rArr;  update_bundle_lives (Cycle)
</UL>
<BR>[Calls]<UL><LI><a href="#[1ff72b8]">&gt;&gt;</a>&nbsp;&nbsp;&nbsp;flash_issue_cmd
<LI><a href="#[1ff7498]">&gt;&gt;</a>&nbsp;&nbsp;&nbsp;_mem_set_dram
<LI><a href="#[1ff7510]">&gt;&gt;</a>&nbsp;&nbsp;&nbsp;_mem_copy
<LI><a href="#[1ff88c0]">&gt;&gt;</a>&nbsp;&nbsp;&nbsp;get_psn
</UL>
<BR>[Called By]<UL><LI><a href="#[1ff76b4]">&gt;&gt;</a>&nbsp;&nbsp;&nbsp;ftl_read
</UL>

<P><STRONG><a name="[1ff76b4]"></a>ftl_read</STRONG> (ARM, 228 bytes, Stack size 48 bytes, ftl.o(.text), UNUSED, KEPT)
<BR><BR>[Stack]<UL><LI>Max Depth = 576 + Unknown Stack Size
<LI>Call Chain = ftl_read &rArr; ftl_read_sector &rArr; get_psn &rArr; load_smt_bundle &rArr; evict_smt_bundle &rArr; update_bundle_lives &rArr;  update_bundle_lives (Cycle)
</UL>
<BR>[Calls]<UL><LI><a href="#[1fefc98]">&gt;&gt;</a>&nbsp;&nbsp;&nbsp;__aeabi_uidivmod
<LI><a href="#[1ff76f0]">&gt;&gt;</a>&nbsp;&nbsp;&nbsp;ftl_read_sector
</UL>
<BR>[Called By]<UL><LI><a href="#[1ff925c]">&gt;&gt;</a>&nbsp;&nbsp;&nbsp;Main
</UL>

<P><STRONG><a name="[1ff7678]"></a>ftl_write_sector</STRONG> (ARM, 368 bytes, Stack size 24 bytes, ftl.o(.text), UNUSED, KEPT)
<BR><BR>[Stack]<UL><LI>Max Depth = 552 + Unknown Stack Size
<LI>Call Chain = ftl_write_sector &rArr; set_psn &rArr; load_smt_bundle &rArr; evict_smt_bundle &rArr; update_bundle_lives &rArr;  update_bundle_lives (Cycle)
</UL>
<BR>[Calls]<UL><LI><a href="#[1ff72b8]">&gt;&gt;</a>&nbsp;&nbsp;&nbsp;flash_issue_cmd
<LI><a href="#[1ff7510]">&gt;&gt;</a>&nbsp;&nbsp;&nbsp;_mem_copy
<LI><a href="#[1ff88c0]">&gt;&gt;</a>&nbsp;&nbsp;&nbsp;get_psn
<LI><a href="#[1ff8a28]">&gt;&gt;</a>&nbsp;&nbsp;&nbsp;get_free_page
<LI><a href="#[1ff8aa0]">&gt;&gt;</a>&nbsp;&nbsp;&nbsp;set_psn
</UL>
<BR>[Called By]<UL><LI><a href="#[1ff763c]">&gt;&gt;</a>&nbsp;&nbsp;&nbsp;ftl_write
</UL>

<P><STRONG><a name="[1ff763c]"></a>ftl_write</STRONG> (ARM, 168 bytes, Stack size 24 bytes, ftl.o(.text), UNUSED, KEPT)
<BR><BR>[Stack]<UL><LI>Max Depth = 576 + Unknown Stack Size
<LI>Call Chain = ftl_write &rArr; ftl_write_sector &rArr; set_psn &rArr; load_smt_bundle &rArr; evict_smt_bundle &rArr; update_bundle_lives &rArr;  update_bundle_lives (Cycle)
</UL>
<BR>[Calls]<UL><LI><a href="#[1fefc98]">&gt;&gt;</a>&nbsp;&nbsp;&nbsp;__aeabi_uidivmod
<LI><a href="#[1ff7678]">&gt;&gt;</a>&nbsp;&nbsp;&nbsp;ftl_write_sector
</UL>
<BR>[Called By]<UL><LI><a href="#[1ff925c]">&gt;&gt;</a>&nbsp;&nbsp;&nbsp;Main
</UL>

<P><STRONG><a name="[1ff7600]"></a>ftl_isr</STRONG> (ARM, 232 bytes, Stack size 8 bytes, ftl.o(.text), UNUSED)
<BR><BR>[Calls]<UL><LI><a href="#[1ff7150]">&gt;&gt;</a>&nbsp;&nbsp;&nbsp;uart_printf
<LI><a href="#[1ff7240]">&gt;&gt;</a>&nbsp;&nbsp;&nbsp;led_blink
</UL>
<BR>[Called By]<UL><LI><a href="#[1ff91a8]">&gt;&gt;</a>&nbsp;&nbsp;&nbsp;irq_handler
</UL>

<P><STRONG><a name="[1ff6c64]"></a>ata_identify_device</STRONG> (ARM, 216 bytes, Stack size 8 bytes, sata_identify.o(.text))
<BR><BR>[Stack]<UL><LI>Max Depth = 424 + Unknown Stack Size
<LI>Call Chain = ata_identify_device &rArr; _mem_copy &rArr; uart_printf &rArr; vsnprintf &rArr; _printf_char_common &rArr; __printf
</UL>
<BR>[Calls]<UL><LI><a href="#[1ff6bb0]">&gt;&gt;</a>&nbsp;&nbsp;&nbsp;pio_sector_transfer
<LI><a href="#[1ff6dcc]">&gt;&gt;</a>&nbsp;&nbsp;&nbsp;set_string_data
<LI><a href="#[1ff6e08]">&gt;&gt;</a>&nbsp;&nbsp;&nbsp;get_integrity_word
<LI><a href="#[1ff7510]">&gt;&gt;</a>&nbsp;&nbsp;&nbsp;_mem_copy
</UL>
<BR>[Address Reference Count : 1]<UL><LI> sata_table.o(.constdata)
</UL>
<P><STRONG><a name="[1ff682c]"></a>ata_check_power_mode</STRONG> (ARM, 92 bytes, Stack size 0 bytes, sata_cmd.o(.text))
<BR>[Address Reference Count : 1]<UL><LI> sata_table.o(.constdata)
</UL>
<P><STRONG><a name="[1ff67f0]"></a>send_status_to_host</STRONG> (ARM, 128 bytes, Stack size 0 bytes, sata_cmd.o(.text))
<BR><BR>[Called By]<UL><LI><a href="#[1ff63f4]">&gt;&gt;</a>&nbsp;&nbsp;&nbsp;ata_not_supported
<LI><a href="#[1ff6430]">&gt;&gt;</a>&nbsp;&nbsp;&nbsp;ata_recalibrate
<LI><a href="#[1ff646c]">&gt;&gt;</a>&nbsp;&nbsp;&nbsp;ata_initialize_device_parameters
<LI><a href="#[1ff64a8]">&gt;&gt;</a>&nbsp;&nbsp;&nbsp;ata_nop
<LI><a href="#[1ff6520]">&gt;&gt;</a>&nbsp;&nbsp;&nbsp;ata_sleep
<LI><a href="#[1ff655c]">&gt;&gt;</a>&nbsp;&nbsp;&nbsp;ata_idle_immediate
<LI><a href="#[1ff6598]">&gt;&gt;</a>&nbsp;&nbsp;&nbsp;ata_idle
<LI><a href="#[1ff65d4]">&gt;&gt;</a>&nbsp;&nbsp;&nbsp;ata_standby_immediate
<LI><a href="#[1ff6610]">&gt;&gt;</a>&nbsp;&nbsp;&nbsp;ata_standby
<LI><a href="#[1ff66c4]">&gt;&gt;</a>&nbsp;&nbsp;&nbsp;ata_set_multiple_mode
<LI><a href="#[1ff6700]">&gt;&gt;</a>&nbsp;&nbsp;&nbsp;ata_seek
<LI><a href="#[1ff673c]">&gt;&gt;</a>&nbsp;&nbsp;&nbsp;ata_set_features
<LI><a href="#[1ff6778]">&gt;&gt;</a>&nbsp;&nbsp;&nbsp;ata_read_verify_sectors
<LI><a href="#[1ff67b4]">&gt;&gt;</a>&nbsp;&nbsp;&nbsp;ata_flush_cache
<LI><a href="#[1ff6bb0]">&gt;&gt;</a>&nbsp;&nbsp;&nbsp;pio_sector_transfer
<LI><a href="#[1ff9220]">&gt;&gt;</a>&nbsp;&nbsp;&nbsp;fiq_handler
</UL>

<P><STRONG><a name="[1ff67b4]"></a>ata_flush_cache</STRONG> (ARM, 20 bytes, Stack size 8 bytes, sata_cmd.o(.text))
<BR><BR>[Stack]<UL><LI>Max Depth = 568 + Unknown Stack Size
<LI>Call Chain = ata_flush_cache &rArr; ftl_flush &rArr; flush_merge_buffer &rArr; set_psn &rArr; load_smt_bundle &rArr; evict_smt_bundle &rArr; update_bundle_lives &rArr;  update_bundle_lives (Cycle)
</UL>
<BR>[Calls]<UL><LI><a href="#[1ff67f0]">&gt;&gt;</a>&nbsp;&nbsp;&nbsp;send_status_to_host
<LI><a href="#[1ff7768]">&gt;&gt;</a>&nbsp;&nbsp;&nbsp;ftl_flush
</UL>
<BR>[Address Reference Count : 1]<UL><LI> sata_table.o(.constdata)
</UL>
<P><STRONG><a name="[1ff6778]"></a>ata_read_verify_sectors</STRONG> (ARM, 8 bytes, Stack size 0 bytes, sata_cmd.o(.text))
<BR><BR>[Calls]<UL><LI><a href="#[1ff67f0]">&gt;&gt;</a>&nbsp;&nbsp;&nbsp;send_status_to_host
</UL>
<BR>[Address Reference Count : 1]<UL><LI> sata_table.o(.constdata)
</UL>
<P><STRONG><a name="[1ff673c]"></a>ata_set_features</STRONG> (ARM, 196 bytes, Stack size 4 bytes, sata_cmd.o(.text))
<BR><BR>[Stack]<UL><LI>Max Depth = 4<LI>Call Chain = ata_set_features
</UL>
<BR>[Calls]<UL><LI><a href="#[1ff67f0]">&gt;&gt;</a>&nbsp;&nbsp;&nbsp;send_status_to_host
</UL>
<BR>[Address Reference Count : 1]<UL><LI> sata_table.o(.constdata)
</UL>
<P><STRONG><a name="[1ff6700]"></a>ata_seek</STRONG> (ARM, 28 bytes, Stack size 0 bytes, sata_cmd.o(.text))
<BR><BR>[Calls]<UL><LI><a href="#[1ff67f0]">&gt;&gt;</a>&nbsp;&nbsp;&nbsp;send_status_to_host
</UL>
<BR>[Address Reference Count : 1]<UL><LI> sata_table.o(.constdata)
</UL>
<P><STRONG><a name="[1ff66c4]"></a>ata_set_multiple_mode</STRONG> (ARM, 8 bytes, Stack size 0 bytes, sata_cmd.o(.text))
<BR><BR>[Calls]<UL><LI><a href="#[1ff67f0]">&gt;&gt;</a>&nbsp;&nbsp;&nbsp;send_status_to_host
</UL>
<BR>[Address Reference Count : 1]<UL><LI> sata_table.o(.constdata)
</UL>
<P><STRONG><a name="[1ff6bb0]"></a>pio_sector_transfer</STRONG> (ARM, 220 bytes, Stack size 0 bytes, sata_cmd.o(.text))
<BR><BR>[Calls]<UL><LI><a href="#[1ff67f0]">&gt;&gt;</a>&nbsp;&nbsp;&nbsp;send_status_to_host
</UL>
<BR>[Called By]<UL><LI><a href="#[1ff664c]">&gt;&gt;</a>&nbsp;&nbsp;&nbsp;ata_write_buffer
<LI><a href="#[1ff6688]">&gt;&gt;</a>&nbsp;&nbsp;&nbsp;ata_read_buffer
<LI><a href="#[1ff6c64]">&gt;&gt;</a>&nbsp;&nbsp;&nbsp;ata_identify_device
</UL>

<P><STRONG><a name="[1ff6688]"></a>ata_read_buffer</STRONG> (ARM, 12 bytes, Stack size 0 bytes, sata_cmd.o(.text))
<BR><BR>[Calls]<UL><LI><a href="#[1ff6bb0]">&gt;&gt;</a>&nbsp;&nbsp;&nbsp;pio_sector_transfer
</UL>
<BR>[Address Reference Count : 1]<UL><LI> sata_table.o(.constdata)
</UL>
<P><STRONG><a name="[1ff664c]"></a>ata_write_buffer</STRONG> (ARM, 12 bytes, Stack size 0 bytes, sata_cmd.o(.text))
<BR><BR>[Calls]<UL><LI><a href="#[1ff6bb0]">&gt;&gt;</a>&nbsp;&nbsp;&nbsp;pio_sector_transfer
</UL>
<BR>[Address Reference Count : 1]<UL><LI> sata_table.o(.constdata)
</UL>
<P><STRONG><a name="[1ff6610]"></a>ata_standby</STRONG> (ARM, 20 bytes, Stack size 8 bytes, sata_cmd.o(.text))
<BR><BR>[Stack]<UL><LI>Max Depth = 568 + Unknown Stack Size
<LI>Call Chain = ata_standby &rArr; ftl_flush &rArr; flush_merge_buffer &rArr; set_psn &rArr; load_smt_bundle &rArr; evict_smt_bundle &rArr; update_bundle_lives &rArr;  update_bundle_lives (Cycle)
</UL>
<BR>[Calls]<UL><LI><a href="#[1ff67f0]">&gt;&gt;</a>&nbsp;&nbsp;&nbsp;send_status_to_host
<LI><a href="#[1ff7768]">&gt;&gt;</a>&nbsp;&nbsp;&nbsp;ftl_flush
</UL>
<BR>[Address Reference Count : 1]<UL><LI> sata_table.o(.constdata)
</UL>
<P><STRONG><a name="[1ff65d4]"></a>ata_standby_immediate</STRONG> (ARM, 20 bytes, Stack size 8 bytes, sata_cmd.o(.text))
<BR><BR>[Stack]<UL><LI>Max Depth = 568 + Unknown Stack Size
<LI>Call Chain = ata_standby_immediate &rArr; ftl_flush &rArr; flush_merge_buffer &rArr; set_psn &rArr; load_smt_bundle &rArr; evict_smt_bundle &rArr; update_bundle_lives &rArr;  update_bundle_lives (Cycle)
</UL>
<BR>[Calls]<UL><LI><a href="#[1ff67f0]">&gt;&gt;</a>&nbsp;&nbsp;&nbsp;send_status_to_host
<LI><a href="#[1ff7768]">&gt;&gt;</a>&nbsp;&nbsp;&nbsp;ftl_flush
</UL>
<BR>[Address Reference Count : 1]<UL><LI> sata_table.o(.constdata)
</UL>
<P><STRONG><a name="[1ff6598]"></a>ata_idle</STRONG> (ARM, 20 bytes, Stack size 8 bytes, sata_cmd.o(.text))
<BR><BR>[Stack]<UL><LI>Max Depth = 568 + Unknown Stack Size
<LI>Call Chain = ata_idle &rArr; ftl_flush &rArr; flush_merge_buffer &rArr; set_psn &rArr; load_smt_bundle &rArr; evict_smt_bundle &rArr; update_bundle_lives &rArr;  update_bundle_lives (Cycle)
</UL>
<BR>[Calls]<UL><LI><a href="#[1ff67f0]">&gt;&gt;</a>&nbsp;&nbsp;&nbsp;send_status_to_host
<LI><a href="#[1ff7768]">&gt;&gt;</a>&nbsp;&nbsp;&nbsp;ftl_flush
</UL>
<BR>[Address Reference Count : 1]<UL><LI> sata_table.o(.constdata)
</UL>
<P><STRONG><a name="[1ff655c]"></a>ata_idle_immediate</STRONG> (ARM, 20 bytes, Stack size 8 bytes, sata_cmd.o(.text))
<BR><BR>[Stack]<UL><LI>Max Depth = 568 + Unknown Stack Size
<LI>Call Chain = ata_idle_immediate &rArr; ftl_flush &rArr; flush_merge_buffer &rArr; set_psn &rArr; load_smt_bundle &rArr; evict_smt_bundle &rArr; update_bundle_lives &rArr;  update_bundle_lives (Cycle)
</UL>
<BR>[Calls]<UL><LI><a href="#[1ff67f0]">&gt;&gt;</a>&nbsp;&nbsp;&nbsp;send_status_to_host
<LI><a href="#[1ff7768]">&gt;&gt;</a>&nbsp;&nbsp;&nbsp;ftl_flush
</UL>
<BR>[Address Reference Count : 1]<UL><LI> sata_table.o(.constdata)
</UL>
<P><STRONG><a name="[1ff6520]"></a>ata_sleep</STRONG> (ARM, 8 bytes, Stack size 0 bytes, sata_cmd.o(.text))
<BR><BR>[Calls]<UL><LI><a href="#[1ff67f0]">&gt;&gt;</a>&nbsp;&nbsp;&nbsp;send_status_to_host
</UL>
<BR>[Address Reference Count : 1]<UL><LI> sata_table.o(.constdata)
</UL>
<P><STRONG><a name="[1ff64e4]"></a>ata_read_native_max_address</STRONG> (ARM, 164 bytes, Stack size 0 bytes, sata_cmd.o(.text))
<BR>[Address Reference Count : 1]<UL><LI> sata_table.o(.constdata)
</UL>
<P><STRONG><a name="[1ff64a8]"></a>ata_nop</STRONG> (ARM, 8 bytes, Stack size 0 bytes, sata_cmd.o(.text))
<BR><BR>[Calls]<UL><LI><a href="#[1ff67f0]">&gt;&gt;</a>&nbsp;&nbsp;&nbsp;send_status_to_host
</UL>
<BR>[Address Reference Count : 1]<UL><LI> sata_table.o(.constdata)
</UL>
<P><STRONG><a name="[1ff646c]"></a>ata_initialize_device_parameters</STRONG> (ARM, 104 bytes, Stack size 8 bytes, sata_cmd.o(.text))
<BR><BR>[Stack]<UL><LI>Max Depth = 8 + Unknown Stack Size
<LI>Call Chain = ata_initialize_device_parameters
</UL>
<BR>[Calls]<UL><LI><a href="#[1fefc98]">&gt;&gt;</a>&nbsp;&nbsp;&nbsp;__aeabi_uidivmod
<LI><a href="#[1ff67f0]">&gt;&gt;</a>&nbsp;&nbsp;&nbsp;send_status_to_host
</UL>
<BR>[Address Reference Count : 1]<UL><LI> sata_table.o(.constdata)
</UL>
<P><STRONG><a name="[1ff6430]"></a>ata_recalibrate</STRONG> (ARM, 8 bytes, Stack size 0 bytes, sata_cmd.o(.text))
<BR><BR>[Calls]<UL><LI><a href="#[1ff67f0]">&gt;&gt;</a>&nbsp;&nbsp;&nbsp;send_status_to_host
</UL>
<BR>[Address Reference Count : 1]<UL><LI> sata_table.o(.constdata)
</UL>
<P><STRONG><a name="[1ff63f4]"></a>ata_not_supported</STRONG> (ARM, 8 bytes, Stack size 0 bytes, sata_cmd.o(.text))
<BR><BR>[Calls]<UL><LI><a href="#[1ff67f0]">&gt;&gt;</a>&nbsp;&nbsp;&nbsp;send_status_to_host
</UL>
<BR>[Address Reference Count : 1]<UL><LI> sata_main.o(.text)
</UL>
<P><STRONG><a name="[1ff63b8]"></a>ata_srst</STRONG> (ARM, 108 bytes, Stack size 16 bytes, sata_cmd.o(.text))
<BR><BR>[Stack]<UL><LI>Max Depth = 16<LI>Call Chain = ata_srst
</UL>
<BR>[Calls]<UL><LI><a href="#[1ff6340]">&gt;&gt;</a>&nbsp;&nbsp;&nbsp;delay
</UL>
<BR>[Called By]<UL><LI><a href="#[1ff637c]">&gt;&gt;</a>&nbsp;&nbsp;&nbsp;ata_execute_drive_diagnostics
</UL>
<BR>[Address Reference Count : 1]<UL><LI> sata_table.o(.constdata)
</UL>
<P><STRONG><a name="[1ff637c]"></a>ata_execute_drive_diagnostics</STRONG> (ARM, 12 bytes, Stack size 0 bytes, sata_cmd.o(.text))
<BR><BR>[Stack]<UL><LI>Max Depth = 16<LI>Call Chain = ata_execute_drive_diagnostics &rArr; ata_srst
</UL>
<BR>[Calls]<UL><LI><a href="#[1ff63b8]">&gt;&gt;</a>&nbsp;&nbsp;&nbsp;ata_srst
</UL>
<BR>[Address Reference Count : 1]<UL><LI> sata_table.o(.constdata)
</UL>
<P><STRONG><a name="[1ff9220]"></a>fiq_handler</STRONG> (ARM, 1152 bytes, Stack size 56 bytes, sata_isr.o(.text), UNUSED)
<BR><BR>[Calls]<UL><LI><a href="#[1ff67f0]">&gt;&gt;</a>&nbsp;&nbsp;&nbsp;send_status_to_host
<LI><a href="#[1ff7240]">&gt;&gt;</a>&nbsp;&nbsp;&nbsp;led_blink
</UL>

<P><STRONG><a name="[1ff925c]"></a>Main</STRONG> (ARM, 184 bytes, Stack size 24 bytes, sata_main.o(.text), UNUSED, KEPT)
<BR><BR>[Stack]<UL><LI>Max Depth = 600 + Unknown Stack Size
<LI>Call Chain = Main &rArr; ftl_write &rArr; ftl_write_sector &rArr; set_psn &rArr; load_smt_bundle &rArr; evict_smt_bundle &rArr; update_bundle_lives &rArr;  update_bundle_lives (Cycle)
</UL>
<BR>[Calls]<UL><LI><a href="#[1ff5b84]">&gt;&gt;</a>&nbsp;&nbsp;&nbsp;eventq_get
<LI><a href="#[1ff5bc0]">&gt;&gt;</a>&nbsp;&nbsp;&nbsp;eventq_get_count
<LI><a href="#[1ff74d4]">&gt;&gt;</a>&nbsp;&nbsp;&nbsp;_mem_search_equ
<LI><a href="#[1ff763c]">&gt;&gt;</a>&nbsp;&nbsp;&nbsp;ftl_write
<LI><a href="#[1ff76b4]">&gt;&gt;</a>&nbsp;&nbsp;&nbsp;ftl_read
</UL>
<BR>[Called By]<UL><LI><a href="#[1ff970c]">&gt;&gt;</a>&nbsp;&nbsp;&nbsp;reset_handler
</UL>

<P><STRONG><a name="[1ff6340]"></a>delay</STRONG> (ARM, 32 bytes, Stack size 0 bytes, sata_main.o(.text))
<BR><BR>[Called By]<UL><LI><a href="#[1ff32bc]">&gt;&gt;</a>&nbsp;&nbsp;&nbsp;swi_handler
<LI><a href="#[1ff583c]">&gt;&gt;</a>&nbsp;&nbsp;&nbsp;sata_reset
<LI><a href="#[1ff63b8]">&gt;&gt;</a>&nbsp;&nbsp;&nbsp;ata_srst
<LI><a href="#[1ff7240]">&gt;&gt;</a>&nbsp;&nbsp;&nbsp;led_blink
<LI><a href="#[1ff91e4]">&gt;&gt;</a>&nbsp;&nbsp;&nbsp;init_jasmine
</UL>

<P><STRONG><a name="[1ff583c]"></a>sata_reset</STRONG> (ARM, 272 bytes, Stack size 8 bytes, sata_main.o(.text), UNUSED, KEPT)
<BR><BR>[Stack]<UL><LI>Max Depth = 424 + Unknown Stack Size
<LI>Call Chain = sata_reset &rArr; _mem_set_sram &rArr; uart_printf &rArr; vsnprintf &rArr; _printf_char_common &rArr; __printf
</UL>
<BR>[Calls]<UL><LI><a href="#[1ff5800]">&gt;&gt;</a>&nbsp;&nbsp;&nbsp;_mem_set_sram
<LI><a href="#[1ff6340]">&gt;&gt;</a>&nbsp;&nbsp;&nbsp;delay
<LI><a href="#[1ff9658]">&gt;&gt;</a>&nbsp;&nbsp;&nbsp;enable_interrupt
<LI><a href="#[1ff9694]">&gt;&gt;</a>&nbsp;&nbsp;&nbsp;disable_interrupt
</UL>
<BR>[Called By]<UL><LI><a href="#[1ff91e4]">&gt;&gt;</a>&nbsp;&nbsp;&nbsp;init_jasmine
</UL>

<P><STRONG><a name="[1ff7510]"></a>_mem_copy</STRONG> (ARM, 260 bytes, Stack size 8 bytes, mem_util.o(.text))
<BR><BR>[Stack]<UL><LI>Max Depth = 416 + Unknown Stack Size
<LI>Call Chain = _mem_copy &rArr; uart_printf &rArr; vsnprintf &rArr; _printf_char_common &rArr; __printf
</UL>
<BR>[Calls]<UL><LI><a href="#[1ff7150]">&gt;&gt;</a>&nbsp;&nbsp;&nbsp;uart_printf
<LI><a href="#[1ff7240]">&gt;&gt;</a>&nbsp;&nbsp;&nbsp;led_blink
</UL>
<BR>[Called By]<UL><LI><a href="#[1ff4cfc]">&gt;&gt;</a>&nbsp;&nbsp;&nbsp;_clr_bit_dram
<LI><a href="#[1ff4d38]">&gt;&gt;</a>&nbsp;&nbsp;&nbsp;_set_bit_dram
<LI><a href="#[1ff4d74]">&gt;&gt;</a>&nbsp;&nbsp;&nbsp;_write_dram_8
<LI><a href="#[1ff6c64]">&gt;&gt;</a>&nbsp;&nbsp;&nbsp;ata_identify_device
<LI><a href="#[1ff73a8]">&gt;&gt;</a>&nbsp;&nbsp;&nbsp;_write_dram_32
<LI><a href="#[1ff73e4]">&gt;&gt;</a>&nbsp;&nbsp;&nbsp;_write_dram_16
<LI><a href="#[1ff7678]">&gt;&gt;</a>&nbsp;&nbsp;&nbsp;ftl_write_sector
<LI><a href="#[1ff76f0]">&gt;&gt;</a>&nbsp;&nbsp;&nbsp;ftl_read_sector
<LI><a href="#[1ff8b90]">&gt;&gt;</a>&nbsp;&nbsp;&nbsp;evict_smt_bundle
<LI><a href="#[1ff8bcc]">&gt;&gt;</a>&nbsp;&nbsp;&nbsp;fetch_smt_bundle
<LI><a href="#[1ff8c08]">&gt;&gt;</a>&nbsp;&nbsp;&nbsp;logging_misc_metadata
<LI><a href="#[1ff8c44]">&gt;&gt;</a>&nbsp;&nbsp;&nbsp;logging_smt_cache
<LI><a href="#[1ff8c80]">&gt;&gt;</a>&nbsp;&nbsp;&nbsp;update_bundle_lives
</UL>

<P><STRONG><a name="[1ff4e28]"></a>_mem_bmp_find_sram</STRONG> (ARM, 288 bytes, Stack size 8 bytes, mem_util.o(.text), UNUSED)
<BR><BR>[Calls]<UL><LI><a href="#[1ff7150]">&gt;&gt;</a>&nbsp;&nbsp;&nbsp;uart_printf
<LI><a href="#[1ff7240]">&gt;&gt;</a>&nbsp;&nbsp;&nbsp;led_blink
</UL>

<P><STRONG><a name="[1ff4dec]"></a>_mem_bmp_find_dram</STRONG> (ARM, 228 bytes, Stack size 8 bytes, mem_util.o(.text), UNUSED)
<BR><BR>[Calls]<UL><LI><a href="#[1ff7150]">&gt;&gt;</a>&nbsp;&nbsp;&nbsp;uart_printf
<LI><a href="#[1ff7240]">&gt;&gt;</a>&nbsp;&nbsp;&nbsp;led_blink
</UL>

<P><STRONG><a name="[1ff5800]"></a>_mem_set_sram</STRONG> (ARM, 184 bytes, Stack size 8 bytes, mem_util.o(.text), UNUSED, KEPT)
<BR><BR>[Stack]<UL><LI>Max Depth = 416 + Unknown Stack Size
<LI>Call Chain = _mem_set_sram &rArr; uart_printf &rArr; vsnprintf &rArr; _printf_char_common &rArr; __printf
</UL>
<BR>[Calls]<UL><LI><a href="#[1ff7150]">&gt;&gt;</a>&nbsp;&nbsp;&nbsp;uart_printf
<LI><a href="#[1ff7240]">&gt;&gt;</a>&nbsp;&nbsp;&nbsp;led_blink
</UL>
<BR>[Called By]<UL><LI><a href="#[1ff3280]">&gt;&gt;</a>&nbsp;&nbsp;&nbsp;test_nand_blocks
<LI><a href="#[1ff583c]">&gt;&gt;</a>&nbsp;&nbsp;&nbsp;sata_reset
<LI><a href="#[1ff91e4]">&gt;&gt;</a>&nbsp;&nbsp;&nbsp;init_jasmine
</UL>

<P><STRONG><a name="[1ff7498]"></a>_mem_set_dram</STRONG> (ARM, 180 bytes, Stack size 8 bytes, mem_util.o(.text))
<BR><BR>[Stack]<UL><LI>Max Depth = 416 + Unknown Stack Size
<LI>Call Chain = _mem_set_dram &rArr; uart_printf &rArr; vsnprintf &rArr; _printf_char_common &rArr; __printf
</UL>
<BR>[Calls]<UL><LI><a href="#[1ff7150]">&gt;&gt;</a>&nbsp;&nbsp;&nbsp;uart_printf
<LI><a href="#[1ff7240]">&gt;&gt;</a>&nbsp;&nbsp;&nbsp;led_blink
</UL>
<BR>[Called By]<UL><LI><a href="#[1ff3280]">&gt;&gt;</a>&nbsp;&nbsp;&nbsp;test_nand_blocks
<LI><a href="#[1ff76f0]">&gt;&gt;</a>&nbsp;&nbsp;&nbsp;ftl_read_sector
<LI><a href="#[1ff772c]">&gt;&gt;</a>&nbsp;&nbsp;&nbsp;ftl_open
<LI><a href="#[1ff8938]">&gt;&gt;</a>&nbsp;&nbsp;&nbsp;init_metadata
<LI><a href="#[1ff89b0]">&gt;&gt;</a>&nbsp;&nbsp;&nbsp;write_format_mark
<LI><a href="#[1ff89ec]">&gt;&gt;</a>&nbsp;&nbsp;&nbsp;init_smt_metadata
<LI><a href="#[1ff8c80]">&gt;&gt;</a>&nbsp;&nbsp;&nbsp;update_bundle_lives
<LI><a href="#[1ff91e4]">&gt;&gt;</a>&nbsp;&nbsp;&nbsp;init_jasmine
</UL>

<P><STRONG><a name="[1ff4db0]"></a>_mem_search_min_max</STRONG> (ARM, 164 bytes, Stack size 8 bytes, mem_util.o(.text), UNUSED)
<BR><BR>[Calls]<UL><LI><a href="#[1ff7150]">&gt;&gt;</a>&nbsp;&nbsp;&nbsp;uart_printf
<LI><a href="#[1ff7240]">&gt;&gt;</a>&nbsp;&nbsp;&nbsp;led_blink
</UL>

<P><STRONG><a name="[1ff74d4]"></a>_mem_search_equ</STRONG> (ARM, 180 bytes, Stack size 8 bytes, mem_util.o(.text))
<BR><BR>[Stack]<UL><LI>Max Depth = 416 + Unknown Stack Size
<LI>Call Chain = _mem_search_equ &rArr; uart_printf &rArr; vsnprintf &rArr; _printf_char_common &rArr; __printf
</UL>
<BR>[Calls]<UL><LI><a href="#[1ff7150]">&gt;&gt;</a>&nbsp;&nbsp;&nbsp;uart_printf
<LI><a href="#[1ff7240]">&gt;&gt;</a>&nbsp;&nbsp;&nbsp;led_blink
</UL>
<BR>[Called By]<UL><LI><a href="#[1ff8a64]">&gt;&gt;</a>&nbsp;&nbsp;&nbsp;is_bad_block
<LI><a href="#[1ff8c80]">&gt;&gt;</a>&nbsp;&nbsp;&nbsp;update_bundle_lives
<LI><a href="#[1ff925c]">&gt;&gt;</a>&nbsp;&nbsp;&nbsp;Main
</UL>

<P><STRONG><a name="[1ff73a8]"></a>_write_dram_32</STRONG> (ARM, 76 bytes, Stack size 16 bytes, mem_util.o(.text))
<BR><BR>[Stack]<UL><LI>Max Depth = 432 + Unknown Stack Size
<LI>Call Chain = _write_dram_32 &rArr; _mem_copy &rArr; uart_printf &rArr; vsnprintf &rArr; _printf_char_common &rArr; __printf
</UL>
<BR>[Calls]<UL><LI><a href="#[1ff7150]">&gt;&gt;</a>&nbsp;&nbsp;&nbsp;uart_printf
<LI><a href="#[1ff7240]">&gt;&gt;</a>&nbsp;&nbsp;&nbsp;led_blink
<LI><a href="#[1ff7510]">&gt;&gt;</a>&nbsp;&nbsp;&nbsp;_mem_copy
</UL>
<BR>[Called By]<UL><LI><a href="#[1ff8aa0]">&gt;&gt;</a>&nbsp;&nbsp;&nbsp;set_psn
<LI><a href="#[1ff8c80]">&gt;&gt;</a>&nbsp;&nbsp;&nbsp;update_bundle_lives
</UL>

<P><STRONG><a name="[1ff73e4]"></a>_write_dram_16</STRONG> (ARM, 120 bytes, Stack size 8 bytes, mem_util.o(.text))
<BR><BR>[Stack]<UL><LI>Max Depth = 424 + Unknown Stack Size
<LI>Call Chain = _write_dram_16 &rArr; _mem_copy &rArr; uart_printf &rArr; vsnprintf &rArr; _printf_char_common &rArr; __printf
</UL>
<BR>[Calls]<UL><LI><a href="#[1ff7150]">&gt;&gt;</a>&nbsp;&nbsp;&nbsp;uart_printf
<LI><a href="#[1ff7240]">&gt;&gt;</a>&nbsp;&nbsp;&nbsp;led_blink
<LI><a href="#[1ff7510]">&gt;&gt;</a>&nbsp;&nbsp;&nbsp;_mem_copy
</UL>
<BR>[Called By]<UL><LI><a href="#[1ff772c]">&gt;&gt;</a>&nbsp;&nbsp;&nbsp;ftl_open
<LI><a href="#[1ff8c80]">&gt;&gt;</a>&nbsp;&nbsp;&nbsp;update_bundle_lives
</UL>

<P><STRONG><a name="[1ff4d74]"></a>_write_dram_8</STRONG> (ARM, 120 bytes, Stack size 8 bytes, mem_util.o(.text), UNUSED)
<BR><BR>[Calls]<UL><LI><a href="#[1ff7150]">&gt;&gt;</a>&nbsp;&nbsp;&nbsp;uart_printf
<LI><a href="#[1ff7240]">&gt;&gt;</a>&nbsp;&nbsp;&nbsp;led_blink
<LI><a href="#[1ff7510]">&gt;&gt;</a>&nbsp;&nbsp;&nbsp;_mem_copy
</UL>

<P><STRONG><a name="[1ff4d38]"></a>_set_bit_dram</STRONG> (ARM, 124 bytes, Stack size 8 bytes, mem_util.o(.text), UNUSED)
<BR><BR>[Calls]<UL><LI><a href="#[1ff7150]">&gt;&gt;</a>&nbsp;&nbsp;&nbsp;uart_printf
<LI><a href="#[1ff7240]">&gt;&gt;</a>&nbsp;&nbsp;&nbsp;led_blink
<LI><a href="#[1ff7510]">&gt;&gt;</a>&nbsp;&nbsp;&nbsp;_mem_copy
</UL>

<P><STRONG><a name="[1ff4cfc]"></a>_clr_bit_dram</STRONG> (ARM, 124 bytes, Stack size 8 bytes, mem_util.o(.text), UNUSED)
<BR><BR>[Calls]<UL><LI><a href="#[1ff7150]">&gt;&gt;</a>&nbsp;&nbsp;&nbsp;uart_printf
<LI><a href="#[1ff7240]">&gt;&gt;</a>&nbsp;&nbsp;&nbsp;led_blink
<LI><a href="#[1ff7510]">&gt;&gt;</a>&nbsp;&nbsp;&nbsp;_mem_copy
</UL>

<P><STRONG><a name="[1ff4cc0]"></a>_tst_bit_dram</STRONG> (ARM, 104 bytes, Stack size 8 bytes, mem_util.o(.text), UNUSED)
<BR><BR>[Calls]<UL><LI><a href="#[1ff7150]">&gt;&gt;</a>&nbsp;&nbsp;&nbsp;uart_printf
<LI><a href="#[1ff7240]">&gt;&gt;</a>&nbsp;&nbsp;&nbsp;led_blink
</UL>

<P><STRONG><a name="[1ff4c84]"></a>_read_dram_8</STRONG> (ARM, 100 bytes, Stack size 8 bytes, mem_util.o(.text), UNUSED)
<BR><BR>[Calls]<UL><LI><a href="#[1ff7150]">&gt;&gt;</a>&nbsp;&nbsp;&nbsp;uart_printf
<LI><a href="#[1ff7240]">&gt;&gt;</a>&nbsp;&nbsp;&nbsp;led_blink
</UL>
<BR>[Called By]<UL><LI><a href="#[1ff4c0c]">&gt;&gt;</a>&nbsp;&nbsp;&nbsp;_mem_cmp_dram
</UL>

<P><STRONG><a name="[1ff745c]"></a>_read_dram_16</STRONG> (ARM, 104 bytes, Stack size 8 bytes, mem_util.o(.text))
<BR><BR>[Stack]<UL><LI>Max Depth = 416 + Unknown Stack Size
<LI>Call Chain = _read_dram_16 &rArr; uart_printf &rArr; vsnprintf &rArr; _printf_char_common &rArr; __printf
</UL>
<BR>[Calls]<UL><LI><a href="#[1ff7150]">&gt;&gt;</a>&nbsp;&nbsp;&nbsp;uart_printf
<LI><a href="#[1ff7240]">&gt;&gt;</a>&nbsp;&nbsp;&nbsp;led_blink
</UL>
<BR>[Called By]<UL><LI><a href="#[1ff772c]">&gt;&gt;</a>&nbsp;&nbsp;&nbsp;ftl_open
<LI><a href="#[1ff8c80]">&gt;&gt;</a>&nbsp;&nbsp;&nbsp;update_bundle_lives
</UL>

<P><STRONG><a name="[1ff7420]"></a>_read_dram_32</STRONG> (ARM, 108 bytes, Stack size 8 bytes, mem_util.o(.text))
<BR><BR>[Stack]<UL><LI>Max Depth = 416 + Unknown Stack Size
<LI>Call Chain = _read_dram_32 &rArr; uart_printf &rArr; vsnprintf &rArr; _printf_char_common &rArr; __printf
</UL>
<BR>[Calls]<UL><LI><a href="#[1ff7150]">&gt;&gt;</a>&nbsp;&nbsp;&nbsp;uart_printf
<LI><a href="#[1ff7240]">&gt;&gt;</a>&nbsp;&nbsp;&nbsp;led_blink
</UL>
<BR>[Called By]<UL><LI><a href="#[1ff88c0]">&gt;&gt;</a>&nbsp;&nbsp;&nbsp;get_psn
<LI><a href="#[1ff8c80]">&gt;&gt;</a>&nbsp;&nbsp;&nbsp;update_bundle_lives
</UL>

<P><STRONG><a name="[1ff4c48]"></a>_mem_cmp_sram</STRONG> (ARM, 172 bytes, Stack size 8 bytes, mem_util.o(.text), UNUSED)
<BR><BR>[Calls]<UL><LI><a href="#[1ff7150]">&gt;&gt;</a>&nbsp;&nbsp;&nbsp;uart_printf
<LI><a href="#[1ff7240]">&gt;&gt;</a>&nbsp;&nbsp;&nbsp;led_blink
</UL>

<P><STRONG><a name="[1ff4c0c]"></a>_mem_cmp_dram</STRONG> (ARM, 224 bytes, Stack size 24 bytes, mem_util.o(.text), UNUSED)
<BR><BR>[Calls]<UL><LI><a href="#[1ff4c84]">&gt;&gt;</a>&nbsp;&nbsp;&nbsp;_read_dram_8
<LI><a href="#[1ff7150]">&gt;&gt;</a>&nbsp;&nbsp;&nbsp;uart_printf
<LI><a href="#[1ff7240]">&gt;&gt;</a>&nbsp;&nbsp;&nbsp;led_blink
</UL>

<P><STRONG><a name="[1ff72b8]"></a>flash_issue_cmd</STRONG> (ARM, 84 bytes, Stack size 0 bytes, flash.o(.text))
<BR><BR>[Called By]<UL><LI><a href="#[1ff3f28]">&gt;&gt;</a>&nbsp;&nbsp;&nbsp;nand_block_erase_sync
<LI><a href="#[1ff3f64]">&gt;&gt;</a>&nbsp;&nbsp;&nbsp;nand_page_modified_copyback
<LI><a href="#[1ff3fa0]">&gt;&gt;</a>&nbsp;&nbsp;&nbsp;nand_page_copyback
<LI><a href="#[1ff3fdc]">&gt;&gt;</a>&nbsp;&nbsp;&nbsp;nand_page_ptprogram_from_host
<LI><a href="#[1ff4018]">&gt;&gt;</a>&nbsp;&nbsp;&nbsp;nand_page_program_from_host
<LI><a href="#[1ff4054]">&gt;&gt;</a>&nbsp;&nbsp;&nbsp;nand_page_program
<LI><a href="#[1ff4090]">&gt;&gt;</a>&nbsp;&nbsp;&nbsp;nand_page_ptread_to_host
<LI><a href="#[1ff40cc]">&gt;&gt;</a>&nbsp;&nbsp;&nbsp;nand_page_read_to_host
<LI><a href="#[1ff4108]">&gt;&gt;</a>&nbsp;&nbsp;&nbsp;nand_page_read
<LI><a href="#[1ff44c8]">&gt;&gt;</a>&nbsp;&nbsp;&nbsp;flash_reset
<LI><a href="#[1ff718c]">&gt;&gt;</a>&nbsp;&nbsp;&nbsp;nand_page_ptread
<LI><a href="#[1ff71c8]">&gt;&gt;</a>&nbsp;&nbsp;&nbsp;nand_page_ptprogram
<LI><a href="#[1ff7204]">&gt;&gt;</a>&nbsp;&nbsp;&nbsp;nand_block_erase
<LI><a href="#[1ff7678]">&gt;&gt;</a>&nbsp;&nbsp;&nbsp;ftl_write_sector
<LI><a href="#[1ff76f0]">&gt;&gt;</a>&nbsp;&nbsp;&nbsp;ftl_read_sector
<LI><a href="#[1ff772c]">&gt;&gt;</a>&nbsp;&nbsp;&nbsp;ftl_open
<LI><a href="#[1ff77a4]">&gt;&gt;</a>&nbsp;&nbsp;&nbsp;flush_merge_buffer
<LI><a href="#[1ff8c80]">&gt;&gt;</a>&nbsp;&nbsp;&nbsp;update_bundle_lives
<LI><a href="#[1ff91e4]">&gt;&gt;</a>&nbsp;&nbsp;&nbsp;init_jasmine
</UL>

<P><STRONG><a name="[1ff457c]"></a>flash_copy</STRONG> (ARM, 100 bytes, Stack size 8 bytes, flash.o(.text), UNUSED)

<P><STRONG><a name="[1ff4540]"></a>flash_modify_copy</STRONG> (ARM, 124 bytes, Stack size 20 bytes, flash.o(.text), UNUSED)

<P><STRONG><a name="[1ff4504]"></a>flash_erase</STRONG> (ARM, 128 bytes, Stack size 8 bytes, flash.o(.text), UNUSED)
<BR><BR>[Calls]<UL><LI><a href="#[1ff7150]">&gt;&gt;</a>&nbsp;&nbsp;&nbsp;uart_printf
<LI><a href="#[1ff7240]">&gt;&gt;</a>&nbsp;&nbsp;&nbsp;led_blink
</UL>

<P><STRONG><a name="[1ff72f4]"></a>flash_finish</STRONG> (ARM, 20 bytes, Stack size 0 bytes, flash.o(.text))
<BR><BR>[Called By]<UL><LI><a href="#[1ff44c8]">&gt;&gt;</a>&nbsp;&nbsp;&nbsp;flash_reset
<LI><a href="#[1ff89ec]">&gt;&gt;</a>&nbsp;&nbsp;&nbsp;init_smt_metadata
<LI><a href="#[1ff8b90]">&gt;&gt;</a>&nbsp;&nbsp;&nbsp;evict_smt_bundle
<LI><a href="#[1ff8bcc]">&gt;&gt;</a>&nbsp;&nbsp;&nbsp;fetch_smt_bundle
<LI><a href="#[1ff8c08]">&gt;&gt;</a>&nbsp;&nbsp;&nbsp;logging_misc_metadata
<LI><a href="#[1ff8c44]">&gt;&gt;</a>&nbsp;&nbsp;&nbsp;logging_smt_cache
<LI><a href="#[1ff8c80]">&gt;&gt;</a>&nbsp;&nbsp;&nbsp;update_bundle_lives
</UL>

<P><STRONG><a name="[1ff7330]"></a>flash_clear_irq</STRONG> (ARM, 44 bytes, Stack size 0 bytes, flash.o(.text))
<BR><BR>[Called By]<UL><LI><a href="#[1ff3280]">&gt;&gt;</a>&nbsp;&nbsp;&nbsp;test_nand_blocks
<LI><a href="#[1ff44c8]">&gt;&gt;</a>&nbsp;&nbsp;&nbsp;flash_reset
<LI><a href="#[1ff772c]">&gt;&gt;</a>&nbsp;&nbsp;&nbsp;ftl_open
<LI><a href="#[1ff8c80]">&gt;&gt;</a>&nbsp;&nbsp;&nbsp;update_bundle_lives
<LI><a href="#[1ff91e4]">&gt;&gt;</a>&nbsp;&nbsp;&nbsp;init_jasmine
</UL>

<P><STRONG><a name="[1ff44c8]"></a>flash_reset</STRONG> (ARM, 260 bytes, Stack size 24 bytes, flash.o(.text), UNUSED, KEPT)
<BR><BR>[Stack]<UL><LI>Max Depth = 24<LI>Call Chain = flash_reset
</UL>
<BR>[Calls]<UL><LI><a href="#[1ff72b8]">&gt;&gt;</a>&nbsp;&nbsp;&nbsp;flash_issue_cmd
<LI><a href="#[1ff72f4]">&gt;&gt;</a>&nbsp;&nbsp;&nbsp;flash_finish
<LI><a href="#[1ff7330]">&gt;&gt;</a>&nbsp;&nbsp;&nbsp;flash_clear_irq
</UL>
<BR>[Called By]<UL><LI><a href="#[1ff91e4]">&gt;&gt;</a>&nbsp;&nbsp;&nbsp;init_jasmine
</UL>

<P><STRONG><a name="[1ff4108]"></a>nand_page_read</STRONG> (ARM, 184 bytes, Stack size 8 bytes, flash_wrapper.o(.text), UNUSED)
<BR><BR>[Calls]<UL><LI><a href="#[1ff7150]">&gt;&gt;</a>&nbsp;&nbsp;&nbsp;uart_printf
<LI><a href="#[1ff7240]">&gt;&gt;</a>&nbsp;&nbsp;&nbsp;led_blink
<LI><a href="#[1ff72b8]">&gt;&gt;</a>&nbsp;&nbsp;&nbsp;flash_issue_cmd
</UL>

<P><STRONG><a name="[1ff718c]"></a>nand_page_ptread</STRONG> (ARM, 192 bytes, Stack size 16 bytes, flash_wrapper.o(.text))
<BR><BR>[Stack]<UL><LI>Max Depth = 424 + Unknown Stack Size
<LI>Call Chain = nand_page_ptread &rArr; uart_printf &rArr; vsnprintf &rArr; _printf_char_common &rArr; __printf
</UL>
<BR>[Calls]<UL><LI><a href="#[1ff7150]">&gt;&gt;</a>&nbsp;&nbsp;&nbsp;uart_printf
<LI><a href="#[1ff7240]">&gt;&gt;</a>&nbsp;&nbsp;&nbsp;led_blink
<LI><a href="#[1ff72b8]">&gt;&gt;</a>&nbsp;&nbsp;&nbsp;flash_issue_cmd
</UL>
<BR>[Called By]<UL><LI><a href="#[1ff8bcc]">&gt;&gt;</a>&nbsp;&nbsp;&nbsp;fetch_smt_bundle
<LI><a href="#[1ff8c80]">&gt;&gt;</a>&nbsp;&nbsp;&nbsp;update_bundle_lives
</UL>

<P><STRONG><a name="[1ff40cc]"></a>nand_page_read_to_host</STRONG> (ARM, 320 bytes, Stack size 16 bytes, flash_wrapper.o(.text), UNUSED)
<BR><BR>[Calls]<UL><LI><a href="#[1fefc98]">&gt;&gt;</a>&nbsp;&nbsp;&nbsp;__aeabi_uidivmod
<LI><a href="#[1ff7150]">&gt;&gt;</a>&nbsp;&nbsp;&nbsp;uart_printf
<LI><a href="#[1ff7240]">&gt;&gt;</a>&nbsp;&nbsp;&nbsp;led_blink
<LI><a href="#[1ff72b8]">&gt;&gt;</a>&nbsp;&nbsp;&nbsp;flash_issue_cmd
</UL>

<P><STRONG><a name="[1ff4090]"></a>nand_page_ptread_to_host</STRONG> (ARM, 244 bytes, Stack size 16 bytes, flash_wrapper.o(.text), UNUSED)
<BR><BR>[Calls]<UL><LI><a href="#[1fefc98]">&gt;&gt;</a>&nbsp;&nbsp;&nbsp;__aeabi_uidivmod
<LI><a href="#[1ff7150]">&gt;&gt;</a>&nbsp;&nbsp;&nbsp;uart_printf
<LI><a href="#[1ff7240]">&gt;&gt;</a>&nbsp;&nbsp;&nbsp;led_blink
<LI><a href="#[1ff72b8]">&gt;&gt;</a>&nbsp;&nbsp;&nbsp;flash_issue_cmd
</UL>

<P><STRONG><a name="[1ff4054]"></a>nand_page_program</STRONG> (ARM, 184 bytes, Stack size 8 bytes, flash_wrapper.o(.text), UNUSED)
<BR><BR>[Calls]<UL><LI><a href="#[1ff7150]">&gt;&gt;</a>&nbsp;&nbsp;&nbsp;uart_printf
<LI><a href="#[1ff7240]">&gt;&gt;</a>&nbsp;&nbsp;&nbsp;led_blink
<LI><a href="#[1ff72b8]">&gt;&gt;</a>&nbsp;&nbsp;&nbsp;flash_issue_cmd
</UL>

<P><STRONG><a name="[1ff71c8]"></a>nand_page_ptprogram</STRONG> (ARM, 188 bytes, Stack size 8 bytes, flash_wrapper.o(.text))
<BR><BR>[Stack]<UL><LI>Max Depth = 416 + Unknown Stack Size
<LI>Call Chain = nand_page_ptprogram &rArr; uart_printf &rArr; vsnprintf &rArr; _printf_char_common &rArr; __printf
</UL>
<BR>[Calls]<UL><LI><a href="#[1ff7150]">&gt;&gt;</a>&nbsp;&nbsp;&nbsp;uart_printf
<LI><a href="#[1ff7240]">&gt;&gt;</a>&nbsp;&nbsp;&nbsp;led_blink
<LI><a href="#[1ff72b8]">&gt;&gt;</a>&nbsp;&nbsp;&nbsp;flash_issue_cmd
</UL>
<BR>[Called By]<UL><LI><a href="#[1ff89ec]">&gt;&gt;</a>&nbsp;&nbsp;&nbsp;init_smt_metadata
<LI><a href="#[1ff8b90]">&gt;&gt;</a>&nbsp;&nbsp;&nbsp;evict_smt_bundle
<LI><a href="#[1ff8c08]">&gt;&gt;</a>&nbsp;&nbsp;&nbsp;logging_misc_metadata
<LI><a href="#[1ff8c44]">&gt;&gt;</a>&nbsp;&nbsp;&nbsp;logging_smt_cache
<LI><a href="#[1ff8c80]">&gt;&gt;</a>&nbsp;&nbsp;&nbsp;update_bundle_lives
</UL>

<P><STRONG><a name="[1ff4018]"></a>nand_page_program_from_host</STRONG> (ARM, 224 bytes, Stack size 8 bytes, flash_wrapper.o(.text), UNUSED)
<BR><BR>[Calls]<UL><LI><a href="#[1fefc98]">&gt;&gt;</a>&nbsp;&nbsp;&nbsp;__aeabi_uidivmod
<LI><a href="#[1ff7150]">&gt;&gt;</a>&nbsp;&nbsp;&nbsp;uart_printf
<LI><a href="#[1ff7240]">&gt;&gt;</a>&nbsp;&nbsp;&nbsp;led_blink
<LI><a href="#[1ff72b8]">&gt;&gt;</a>&nbsp;&nbsp;&nbsp;flash_issue_cmd
</UL>

<P><STRONG><a name="[1ff3fdc]"></a>nand_page_ptprogram_from_host</STRONG> (ARM, 224 bytes, Stack size 16 bytes, flash_wrapper.o(.text), UNUSED)
<BR><BR>[Calls]<UL><LI><a href="#[1fefc98]">&gt;&gt;</a>&nbsp;&nbsp;&nbsp;__aeabi_uidivmod
<LI><a href="#[1ff7150]">&gt;&gt;</a>&nbsp;&nbsp;&nbsp;uart_printf
<LI><a href="#[1ff7240]">&gt;&gt;</a>&nbsp;&nbsp;&nbsp;led_blink
<LI><a href="#[1ff72b8]">&gt;&gt;</a>&nbsp;&nbsp;&nbsp;flash_issue_cmd
</UL>

<P><STRONG><a name="[1ff3fa0]"></a>nand_page_copyback</STRONG> (ARM, 256 bytes, Stack size 8 bytes, flash_wrapper.o(.text), UNUSED)
<BR><BR>[Calls]<UL><LI><a href="#[1ff7150]">&gt;&gt;</a>&nbsp;&nbsp;&nbsp;uart_printf
<LI><a href="#[1ff7240]">&gt;&gt;</a>&nbsp;&nbsp;&nbsp;led_blink
<LI><a href="#[1ff72b8]">&gt;&gt;</a>&nbsp;&nbsp;&nbsp;flash_issue_cmd
</UL>

<P><STRONG><a name="[1ff3f64]"></a>nand_page_modified_copyback</STRONG> (ARM, 440 bytes, Stack size 40 bytes, flash_wrapper.o(.text), UNUSED)
<BR><BR>[Calls]<UL><LI><a href="#[1ff7150]">&gt;&gt;</a>&nbsp;&nbsp;&nbsp;uart_printf
<LI><a href="#[1ff7240]">&gt;&gt;</a>&nbsp;&nbsp;&nbsp;led_blink
<LI><a href="#[1ff72b8]">&gt;&gt;</a>&nbsp;&nbsp;&nbsp;flash_issue_cmd
</UL>

<P><STRONG><a name="[1ff7204]"></a>nand_block_erase</STRONG> (ARM, 136 bytes, Stack size 8 bytes, flash_wrapper.o(.text))
<BR><BR>[Stack]<UL><LI>Max Depth = 416 + Unknown Stack Size
<LI>Call Chain = nand_block_erase &rArr; uart_printf &rArr; vsnprintf &rArr; _printf_char_common &rArr; __printf
</UL>
<BR>[Calls]<UL><LI><a href="#[1ff7150]">&gt;&gt;</a>&nbsp;&nbsp;&nbsp;uart_printf
<LI><a href="#[1ff7240]">&gt;&gt;</a>&nbsp;&nbsp;&nbsp;led_blink
<LI><a href="#[1ff72b8]">&gt;&gt;</a>&nbsp;&nbsp;&nbsp;flash_issue_cmd
</UL>
<BR>[Called By]<UL><LI><a href="#[1ff89ec]">&gt;&gt;</a>&nbsp;&nbsp;&nbsp;init_smt_metadata
<LI><a href="#[1ff8b90]">&gt;&gt;</a>&nbsp;&nbsp;&nbsp;evict_smt_bundle
<LI><a href="#[1ff8c08]">&gt;&gt;</a>&nbsp;&nbsp;&nbsp;logging_misc_metadata
<LI><a href="#[1ff8c44]">&gt;&gt;</a>&nbsp;&nbsp;&nbsp;logging_smt_cache
<LI><a href="#[1ff8c80]">&gt;&gt;</a>&nbsp;&nbsp;&nbsp;update_bundle_lives
</UL>

<P><STRONG><a name="[1ff3f28]"></a>nand_block_erase_sync</STRONG> (ARM, 136 bytes, Stack size 8 bytes, flash_wrapper.o(.text), UNUSED)
<BR><BR>[Calls]<UL><LI><a href="#[1ff7150]">&gt;&gt;</a>&nbsp;&nbsp;&nbsp;uart_printf
<LI><a href="#[1ff7240]">&gt;&gt;</a>&nbsp;&nbsp;&nbsp;led_blink
<LI><a href="#[1ff72b8]">&gt;&gt;</a>&nbsp;&nbsp;&nbsp;flash_issue_cmd
</UL>

<P><STRONG><a name="[1ff91e4]"></a>init_jasmine</STRONG> (ARM, 428 bytes, Stack size 40 bytes, initialize.o(.text), UNUSED, KEPT)
<BR><BR>[Stack]<UL><LI>Max Depth = 640 + Unknown Stack Size
<LI>Call Chain = init_jasmine &rArr; ftl_open &rArr; ftl_flush &rArr; flush_merge_buffer &rArr; set_psn &rArr; load_smt_bundle &rArr; evict_smt_bundle &rArr; update_bundle_lives &rArr;  update_bundle_lives (Cycle)
</UL>
<BR>[Calls]<UL><LI><a href="#[1ff3b2c]">&gt;&gt;</a>&nbsp;&nbsp;&nbsp;uart_print
<LI><a href="#[1ff3b68]">&gt;&gt;</a>&nbsp;&nbsp;&nbsp;uart_init
<LI><a href="#[1ff44c8]">&gt;&gt;</a>&nbsp;&nbsp;&nbsp;flash_reset
<LI><a href="#[1ff5800]">&gt;&gt;</a>&nbsp;&nbsp;&nbsp;_mem_set_sram
<LI><a href="#[1ff583c]">&gt;&gt;</a>&nbsp;&nbsp;&nbsp;sata_reset
<LI><a href="#[1ff6340]">&gt;&gt;</a>&nbsp;&nbsp;&nbsp;delay
<LI><a href="#[1ff72b8]">&gt;&gt;</a>&nbsp;&nbsp;&nbsp;flash_issue_cmd
<LI><a href="#[1ff7330]">&gt;&gt;</a>&nbsp;&nbsp;&nbsp;flash_clear_irq
<LI><a href="#[1ff7498]">&gt;&gt;</a>&nbsp;&nbsp;&nbsp;_mem_set_dram
<LI><a href="#[1ff772c]">&gt;&gt;</a>&nbsp;&nbsp;&nbsp;ftl_open
</UL>
<BR>[Called By]<UL><LI><a href="#[1ff970c]">&gt;&gt;</a>&nbsp;&nbsp;&nbsp;reset_handler
</UL>

<P><STRONG><a name="[1ff727c]"></a>led</STRONG> (ARM, 36 bytes, Stack size 0 bytes, misc.o(.text))
<BR><BR>[Called By]<UL><LI><a href="#[1ff32bc]">&gt;&gt;</a>&nbsp;&nbsp;&nbsp;swi_handler
<LI><a href="#[1ff7240]">&gt;&gt;</a>&nbsp;&nbsp;&nbsp;led_blink
<LI><a href="#[1ff8a28]">&gt;&gt;</a>&nbsp;&nbsp;&nbsp;get_free_page
<LI><a href="#[1ff8c80]">&gt;&gt;</a>&nbsp;&nbsp;&nbsp;update_bundle_lives
</UL>

<P><STRONG><a name="[1ff7240]"></a>led_blink</STRONG> (ARM, 44 bytes, Stack size 8 bytes, misc.o(.text))
<BR><BR>[Stack]<UL><LI>Max Depth = 8<LI>Call Chain = led_blink
</UL>
<BR>[Calls]<UL><LI><a href="#[1ff6340]">&gt;&gt;</a>&nbsp;&nbsp;&nbsp;delay
<LI><a href="#[1ff727c]">&gt;&gt;</a>&nbsp;&nbsp;&nbsp;led
</UL>
<BR>[Called By]<UL><LI><a href="#[1ff3208]">&gt;&gt;</a>&nbsp;&nbsp;&nbsp;start_timer
<LI><a href="#[1ff3244]">&gt;&gt;</a>&nbsp;&nbsp;&nbsp;start_interval_measurement
<LI><a href="#[1ff3b68]">&gt;&gt;</a>&nbsp;&nbsp;&nbsp;uart_init
<LI><a href="#[1ff3f28]">&gt;&gt;</a>&nbsp;&nbsp;&nbsp;nand_block_erase_sync
<LI><a href="#[1ff3f64]">&gt;&gt;</a>&nbsp;&nbsp;&nbsp;nand_page_modified_copyback
<LI><a href="#[1ff3fa0]">&gt;&gt;</a>&nbsp;&nbsp;&nbsp;nand_page_copyback
<LI><a href="#[1ff3fdc]">&gt;&gt;</a>&nbsp;&nbsp;&nbsp;nand_page_ptprogram_from_host
<LI><a href="#[1ff4018]">&gt;&gt;</a>&nbsp;&nbsp;&nbsp;nand_page_program_from_host
<LI><a href="#[1ff4054]">&gt;&gt;</a>&nbsp;&nbsp;&nbsp;nand_page_program
<LI><a href="#[1ff4090]">&gt;&gt;</a>&nbsp;&nbsp;&nbsp;nand_page_ptread_to_host
<LI><a href="#[1ff40cc]">&gt;&gt;</a>&nbsp;&nbsp;&nbsp;nand_page_read_to_host
<LI><a href="#[1ff4108]">&gt;&gt;</a>&nbsp;&nbsp;&nbsp;nand_page_read
<LI><a href="#[1ff4504]">&gt;&gt;</a>&nbsp;&nbsp;&nbsp;flash_erase
<LI><a href="#[1ff4c0c]">&gt;&gt;</a>&nbsp;&nbsp;&nbsp;_mem_cmp_dram
<LI><a href="#[1ff4c48]">&gt;&gt;</a>&nbsp;&nbsp;&nbsp;_mem_cmp_sram
<LI><a href="#[1ff4c84]">&gt;&gt;</a>&nbsp;&nbsp;&nbsp;_read_dram_8
<LI><a href="#[1ff4cc0]">&gt;&gt;</a>&nbsp;&nbsp;&nbsp;_tst_bit_dram
<LI><a href="#[1ff4cfc]">&gt;&gt;</a>&nbsp;&nbsp;&nbsp;_clr_bit_dram
<LI><a href="#[1ff4d38]">&gt;&gt;</a>&nbsp;&nbsp;&nbsp;_set_bit_dram
<LI><a href="#[1ff4d74]">&gt;&gt;</a>&nbsp;&nbsp;&nbsp;_write_dram_8
<LI><a href="#[1ff4db0]">&gt;&gt;</a>&nbsp;&nbsp;&nbsp;_mem_search_min_max
<LI><a href="#[1ff4dec]">&gt;&gt;</a>&nbsp;&nbsp;&nbsp;_mem_bmp_find_dram
<LI><a href="#[1ff4e28]">&gt;&gt;</a>&nbsp;&nbsp;&nbsp;_mem_bmp_find_sram
<LI><a href="#[1ff5800]">&gt;&gt;</a>&nbsp;&nbsp;&nbsp;_mem_set_sram
<LI><a href="#[1ff718c]">&gt;&gt;</a>&nbsp;&nbsp;&nbsp;nand_page_ptread
<LI><a href="#[1ff71c8]">&gt;&gt;</a>&nbsp;&nbsp;&nbsp;nand_page_ptprogram
<LI><a href="#[1ff7204]">&gt;&gt;</a>&nbsp;&nbsp;&nbsp;nand_block_erase
<LI><a href="#[1ff73a8]">&gt;&gt;</a>&nbsp;&nbsp;&nbsp;_write_dram_32
<LI><a href="#[1ff73e4]">&gt;&gt;</a>&nbsp;&nbsp;&nbsp;_write_dram_16
<LI><a href="#[1ff7420]">&gt;&gt;</a>&nbsp;&nbsp;&nbsp;_read_dram_32
<LI><a href="#[1ff745c]">&gt;&gt;</a>&nbsp;&nbsp;&nbsp;_read_dram_16
<LI><a href="#[1ff7498]">&gt;&gt;</a>&nbsp;&nbsp;&nbsp;_mem_set_dram
<LI><a href="#[1ff74d4]">&gt;&gt;</a>&nbsp;&nbsp;&nbsp;_mem_search_equ
<LI><a href="#[1ff7510]">&gt;&gt;</a>&nbsp;&nbsp;&nbsp;_mem_copy
<LI><a href="#[1ff7600]">&gt;&gt;</a>&nbsp;&nbsp;&nbsp;ftl_isr
<LI><a href="#[1ff88c0]">&gt;&gt;</a>&nbsp;&nbsp;&nbsp;get_psn
<LI><a href="#[1ff89ec]">&gt;&gt;</a>&nbsp;&nbsp;&nbsp;init_smt_metadata
<LI><a href="#[1ff8aa0]">&gt;&gt;</a>&nbsp;&nbsp;&nbsp;set_psn
<LI><a href="#[1ff8b90]">&gt;&gt;</a>&nbsp;&nbsp;&nbsp;evict_smt_bundle
<LI><a href="#[1ff8bcc]">&gt;&gt;</a>&nbsp;&nbsp;&nbsp;fetch_smt_bundle
<LI><a href="#[1ff8c80]">&gt;&gt;</a>&nbsp;&nbsp;&nbsp;update_bundle_lives
<LI><a href="#[1ff91a8]">&gt;&gt;</a>&nbsp;&nbsp;&nbsp;irq_handler
<LI><a href="#[1ff9220]">&gt;&gt;</a>&nbsp;&nbsp;&nbsp;fiq_handler
</UL>

<P><STRONG><a name="[1ff32bc]"></a>swi_handler</STRONG> (ARM, 84 bytes, Stack size 32 bytes, misc.o(.text), UNUSED)
<BR><BR>[Calls]<UL><LI><a href="#[1ff6340]">&gt;&gt;</a>&nbsp;&nbsp;&nbsp;delay
<LI><a href="#[1ff727c]">&gt;&gt;</a>&nbsp;&nbsp;&nbsp;led
</UL>

<P><STRONG><a name="[1ff91a8]"></a>irq_handler</STRONG> (ARM, 192 bytes, Stack size 24 bytes, misc.o(.text), UNUSED)
<BR><BR>[Calls]<UL><LI><a href="#[1ff7150]">&gt;&gt;</a>&nbsp;&nbsp;&nbsp;uart_printf
<LI><a href="#[1ff7240]">&gt;&gt;</a>&nbsp;&nbsp;&nbsp;led_blink
<LI><a href="#[1ff7600]">&gt;&gt;</a>&nbsp;&nbsp;&nbsp;ftl_isr
</UL>

<P><STRONG><a name="[1ff3280]"></a>test_nand_blocks</STRONG> (ARM, 740 bytes, Stack size 40 bytes, misc.o(.text), UNUSED)
<BR><BR>[Calls]<UL><LI><a href="#[1feffa4]">&gt;&gt;</a>&nbsp;&nbsp;&nbsp;rand (via Veneer)
<LI><a href="#[1ff001c]">&gt;&gt;</a>&nbsp;&nbsp;&nbsp;srand (via Veneer)
<LI><a href="#[1ff5800]">&gt;&gt;</a>&nbsp;&nbsp;&nbsp;_mem_set_sram
<LI><a href="#[1ff7330]">&gt;&gt;</a>&nbsp;&nbsp;&nbsp;flash_clear_irq
<LI><a href="#[1ff7498]">&gt;&gt;</a>&nbsp;&nbsp;&nbsp;_mem_set_dram
</UL>

<P><STRONG><a name="[1ff3244]"></a>start_interval_measurement</STRONG> (ARM, 152 bytes, Stack size 8 bytes, misc.o(.text), UNUSED)
<BR><BR>[Calls]<UL><LI><a href="#[1ff7150]">&gt;&gt;</a>&nbsp;&nbsp;&nbsp;uart_printf
<LI><a href="#[1ff7240]">&gt;&gt;</a>&nbsp;&nbsp;&nbsp;led_blink
</UL>
<BR>[Called By]<UL><LI><a href="#[1ff31cc]">&gt;&gt;</a>&nbsp;&nbsp;&nbsp;ptimer_start
</UL>

<P><STRONG><a name="[1ff3208]"></a>start_timer</STRONG> (ARM, 148 bytes, Stack size 8 bytes, misc.o(.text), UNUSED)
<BR><BR>[Calls]<UL><LI><a href="#[1ff7150]">&gt;&gt;</a>&nbsp;&nbsp;&nbsp;uart_printf
<LI><a href="#[1ff7240]">&gt;&gt;</a>&nbsp;&nbsp;&nbsp;led_blink
</UL>

<P><STRONG><a name="[1ff31cc]"></a>ptimer_start</STRONG> (ARM, 12 bytes, Stack size 0 bytes, misc.o(.text), UNUSED)
<BR><BR>[Calls]<UL><LI><a href="#[1ff3244]">&gt;&gt;</a>&nbsp;&nbsp;&nbsp;start_interval_measurement
</UL>

<P><STRONG><a name="[1ff3190]"></a>ptimer_stop_and_uart_print</STRONG> (ARM, 120 bytes, Stack size 72 bytes, misc.o(.text), UNUSED)
<BR><BR>[Calls]<UL><LI><a href="#[1ff187c]">&gt;&gt;</a>&nbsp;&nbsp;&nbsp;__2sprintf (via Veneer)
<LI><a href="#[1ff2470]">&gt;&gt;</a>&nbsp;&nbsp;&nbsp;__aeabi_uldivmod
<LI><a href="#[1ff3b2c]">&gt;&gt;</a>&nbsp;&nbsp;&nbsp;uart_print
</UL>

<P><STRONG><a name="[1ff3154]"></a>_sbrk</STRONG> (ARM, 156 bytes, Stack size 0 bytes, misc.o(.text), UNUSED)

<P><STRONG><a name="[1ff3b2c]"></a>uart_print</STRONG> (ARM, 56 bytes, Stack size 8 bytes, uart.o(.text))
<BR><BR>[Stack]<UL><LI>Max Depth = 8<LI>Call Chain = uart_print
</UL>
<BR>[Calls]<UL><LI><a href="#[1ff2d1c]">&gt;&gt;</a>&nbsp;&nbsp;&nbsp;uart_txbyte
</UL>
<BR>[Called By]<UL><LI><a href="#[1ff29d4]">&gt;&gt;</a>&nbsp;&nbsp;&nbsp;uart_print_32
<LI><a href="#[1ff3190]">&gt;&gt;</a>&nbsp;&nbsp;&nbsp;ptimer_stop_and_uart_print
<LI><a href="#[1ff7150]">&gt;&gt;</a>&nbsp;&nbsp;&nbsp;uart_printf
<LI><a href="#[1ff91e4]">&gt;&gt;</a>&nbsp;&nbsp;&nbsp;init_jasmine
</UL>

<P><STRONG><a name="[1ff7150]"></a>uart_printf</STRONG> (ARM, 72 bytes, Stack size 280 bytes, uart.o(.text))
<BR><BR>[Stack]<UL><LI>Max Depth = 408 + Unknown Stack Size
<LI>Call Chain = uart_printf &rArr; vsnprintf &rArr; _printf_char_common &rArr; __printf
</UL>
<BR>[Calls]<UL><LI><a href="#[1ff088c]">&gt;&gt;</a>&nbsp;&nbsp;&nbsp;fflush (via Veneer)
<LI><a href="#[1ff22cc]">&gt;&gt;</a>&nbsp;&nbsp;&nbsp;vsnprintf (via Veneer)
<LI><a href="#[1ff3b2c]">&gt;&gt;</a>&nbsp;&nbsp;&nbsp;uart_print
</UL>
<BR>[Called By]<UL><LI><a href="#[1ff3208]">&gt;&gt;</a>&nbsp;&nbsp;&nbsp;start_timer
<LI><a href="#[1ff3244]">&gt;&gt;</a>&nbsp;&nbsp;&nbsp;start_interval_measurement
<LI><a href="#[1ff3b68]">&gt;&gt;</a>&nbsp;&nbsp;&nbsp;uart_init
<LI><a href="#[1ff3f28]">&gt;&gt;</a>&nbsp;&nbsp;&nbsp;nand_block_erase_sync
<LI><a href="#[1ff3f64]">&gt;&gt;</a>&nbsp;&nbsp;&nbsp;nand_page_modified_copyback
<LI><a href="#[1ff3fa0]">&gt;&gt;</a>&nbsp;&nbsp;&nbsp;nand_page_copyback
<LI><a href="#[1ff3fdc]">&gt;&gt;</a>&nbsp;&nbsp;&nbsp;nand_page_ptprogram_from_host
<LI><a href="#[1ff4018]">&gt;&gt;</a>&nbsp;&nbsp;&nbsp;nand_page_program_from_host
<LI><a href="#[1ff4054]">&gt;&gt;</a>&nbsp;&nbsp;&nbsp;nand_page_program
<LI><a href="#[1ff4090]">&gt;&gt;</a>&nbsp;&nbsp;&nbsp;nand_page_ptread_to_host
<LI><a href="#[1ff40cc]">&gt;&gt;</a>&nbsp;&nbsp;&nbsp;nand_page_read_to_host
<LI><a href="#[1ff4108]">&gt;&gt;</a>&nbsp;&nbsp;&nbsp;nand_page_read
<LI><a href="#[1ff4504]">&gt;&gt;</a>&nbsp;&nbsp;&nbsp;flash_erase
<LI><a href="#[1ff4c0c]">&gt;&gt;</a>&nbsp;&nbsp;&nbsp;_mem_cmp_dram
<LI><a href="#[1ff4c48]">&gt;&gt;</a>&nbsp;&nbsp;&nbsp;_mem_cmp_sram
<LI><a href="#[1ff4c84]">&gt;&gt;</a>&nbsp;&nbsp;&nbsp;_read_dram_8
<LI><a href="#[1ff4cc0]">&gt;&gt;</a>&nbsp;&nbsp;&nbsp;_tst_bit_dram
<LI><a href="#[1ff4cfc]">&gt;&gt;</a>&nbsp;&nbsp;&nbsp;_clr_bit_dram
<LI><a href="#[1ff4d38]">&gt;&gt;</a>&nbsp;&nbsp;&nbsp;_set_bit_dram
<LI><a href="#[1ff4d74]">&gt;&gt;</a>&nbsp;&nbsp;&nbsp;_write_dram_8
<LI><a href="#[1ff4db0]">&gt;&gt;</a>&nbsp;&nbsp;&nbsp;_mem_search_min_max
<LI><a href="#[1ff4dec]">&gt;&gt;</a>&nbsp;&nbsp;&nbsp;_mem_bmp_find_dram
<LI><a href="#[1ff4e28]">&gt;&gt;</a>&nbsp;&nbsp;&nbsp;_mem_bmp_find_sram
<LI><a href="#[1ff5800]">&gt;&gt;</a>&nbsp;&nbsp;&nbsp;_mem_set_sram
<LI><a href="#[1ff718c]">&gt;&gt;</a>&nbsp;&nbsp;&nbsp;nand_page_ptread
<LI><a href="#[1ff71c8]">&gt;&gt;</a>&nbsp;&nbsp;&nbsp;nand_page_ptprogram
<LI><a href="#[1ff7204]">&gt;&gt;</a>&nbsp;&nbsp;&nbsp;nand_block_erase
<LI><a href="#[1ff73a8]">&gt;&gt;</a>&nbsp;&nbsp;&nbsp;_write_dram_32
<LI><a href="#[1ff73e4]">&gt;&gt;</a>&nbsp;&nbsp;&nbsp;_write_dram_16
<LI><a href="#[1ff7420]">&gt;&gt;</a>&nbsp;&nbsp;&nbsp;_read_dram_32
<LI><a href="#[1ff745c]">&gt;&gt;</a>&nbsp;&nbsp;&nbsp;_read_dram_16
<LI><a href="#[1ff7498]">&gt;&gt;</a>&nbsp;&nbsp;&nbsp;_mem_set_dram
<LI><a href="#[1ff74d4]">&gt;&gt;</a>&nbsp;&nbsp;&nbsp;_mem_search_equ
<LI><a href="#[1ff7510]">&gt;&gt;</a>&nbsp;&nbsp;&nbsp;_mem_copy
<LI><a href="#[1ff7600]">&gt;&gt;</a>&nbsp;&nbsp;&nbsp;ftl_isr
<LI><a href="#[1ff88c0]">&gt;&gt;</a>&nbsp;&nbsp;&nbsp;get_psn
<LI><a href="#[1ff89ec]">&gt;&gt;</a>&nbsp;&nbsp;&nbsp;init_smt_metadata
<LI><a href="#[1ff8aa0]">&gt;&gt;</a>&nbsp;&nbsp;&nbsp;set_psn
<LI><a href="#[1ff8b90]">&gt;&gt;</a>&nbsp;&nbsp;&nbsp;evict_smt_bundle
<LI><a href="#[1ff8bcc]">&gt;&gt;</a>&nbsp;&nbsp;&nbsp;fetch_smt_bundle
<LI><a href="#[1ff8c80]">&gt;&gt;</a>&nbsp;&nbsp;&nbsp;update_bundle_lives
<LI><a href="#[1ff91a8]">&gt;&gt;</a>&nbsp;&nbsp;&nbsp;irq_handler
</UL>

<P><STRONG><a name="[1ff3b68]"></a>uart_init</STRONG> (ARM, 108 bytes, Stack size 8 bytes, uart.o(.text), UNUSED, KEPT)
<BR><BR>[Stack]<UL><LI>Max Depth = 416 + Unknown Stack Size
<LI>Call Chain = uart_init &rArr; uart_printf &rArr; vsnprintf &rArr; _printf_char_common &rArr; __printf
</UL>
<BR>[Calls]<UL><LI><a href="#[1ff7150]">&gt;&gt;</a>&nbsp;&nbsp;&nbsp;uart_printf
<LI><a href="#[1ff7240]">&gt;&gt;</a>&nbsp;&nbsp;&nbsp;led_blink
</UL>
<BR>[Called By]<UL><LI><a href="#[1ff91e4]">&gt;&gt;</a>&nbsp;&nbsp;&nbsp;init_jasmine
</UL>

<P><STRONG><a name="[1ff29d4]"></a>uart_print_32</STRONG> (ARM, 44 bytes, Stack size 32 bytes, uart.o(.text), UNUSED)
<BR><BR>[Calls]<UL><LI><a href="#[1ff187c]">&gt;&gt;</a>&nbsp;&nbsp;&nbsp;__2sprintf (via Veneer)
<LI><a href="#[1ff3b2c]">&gt;&gt;</a>&nbsp;&nbsp;&nbsp;uart_print
</UL>

<P><STRONG><a name="[1ff2998]"></a>uart_print_hex</STRONG> (ARM, 144 bytes, Stack size 24 bytes, uart.o(.text), UNUSED)
<BR><BR>[Calls]<UL><LI><a href="#[1ff2d1c]">&gt;&gt;</a>&nbsp;&nbsp;&nbsp;uart_txbyte
</UL>

<P><STRONG><a name="[1ff2470]"></a>__aeabi_uldivmod</STRONG> (ARM, 0 bytes, Stack size 24 bytes, lludiv.o(.text), UNUSED)
<BR><BR>[Called By]<UL><LI><a href="#[1ff3190]">&gt;&gt;</a>&nbsp;&nbsp;&nbsp;ptimer_stop_and_uart_print
</UL>

<P><STRONG><a name="[1ff2434]"></a>_ll_udiv</STRONG> (ARM, 720 bytes, Stack size 24 bytes, lludiv.o(.text), UNUSED)

<P><STRONG><a name="[1ff23f8]"></a>_ll_udiv_donemoving</STRONG> (ARM, 0 bytes, Stack size unknown bytes, lludiv.o(.text), UNUSED)

<P><STRONG><a name="[1ff22cc]"></a>vsnprintf</STRONG> (Thumb, 52 bytes, Stack size 24 bytes, vsnprintf.o(.text))
<BR><BR>[Stack]<UL><LI>Max Depth = 128 + Unknown Stack Size
<LI>Call Chain = vsnprintf &rArr; _printf_char_common &rArr; __printf
</UL>
<BR>[Calls]<UL><LI><a href="#[1fee924]">&gt;&gt;</a>&nbsp;&nbsp;&nbsp;_sputc
<LI><a href="#[1feea50]">&gt;&gt;</a>&nbsp;&nbsp;&nbsp;_printf_char_common
</UL>
<BR>[Called By]<UL><LI><a href="#[1ff7150]">&gt;&gt;</a>&nbsp;&nbsp;&nbsp;uart_printf (via Veneer)
</UL>

<P><STRONG><a name="[1ff187c]"></a>__2sprintf</STRONG> (Thumb, 40 bytes, Stack size 32 bytes, __2sprintf.o(.text), UNUSED)
<BR><BR>[Calls]<UL><LI><a href="#[1fee924]">&gt;&gt;</a>&nbsp;&nbsp;&nbsp;_sputc
<LI><a href="#[1feea50]">&gt;&gt;</a>&nbsp;&nbsp;&nbsp;_printf_char_common
</UL>
<BR>[Called By]<UL><LI><a href="#[1ff29d4]">&gt;&gt;</a>&nbsp;&nbsp;&nbsp;uart_print_32 (via Veneer)
<LI><a href="#[1ff3190]">&gt;&gt;</a>&nbsp;&nbsp;&nbsp;ptimer_stop_and_uart_print (via Veneer)
</UL>

<P><STRONG><a name="[1ff1444]"></a>_printf_int_dec</STRONG> (Thumb, 94 bytes, Stack size 32 bytes, _printf_dec.o(.text))
<BR><BR>[Stack]<UL><LI>Max Depth = 88<LI>Call Chain = _printf_int_dec &rArr; _printf_int_common &rArr; _printf_post_padding
</UL>
<BR>[Calls]<UL><LI><a href="#[1feb300]">&gt;&gt;</a>&nbsp;&nbsp;&nbsp;__rt_udiv10 (via Veneer)
<LI><a href="#[1feec6c]">&gt;&gt;</a>&nbsp;&nbsp;&nbsp;_printf_int_common
<LI><a href="#[1feee88]">&gt;&gt;</a>&nbsp;&nbsp;&nbsp;_printf_truncate_unsigned
<LI><a href="#[1feeec4]">&gt;&gt;</a>&nbsp;&nbsp;&nbsp;_printf_truncate_signed
</UL>
<BR>[Called By]<UL><LI><a href="#[1fec9f8]">&gt;&gt;</a>&nbsp;&nbsp;&nbsp;_printf_d (via Veneer)
<LI><a href="#[1fecaac]">&gt;&gt;</a>&nbsp;&nbsp;&nbsp;_printf_i (via Veneer)
<LI><a href="#[1ff0aa8]">&gt;&gt;</a>&nbsp;&nbsp;&nbsp;_printf_u (via Veneer)
</UL>

<P><STRONG><a name="[1ff0b5c]"></a>__printf</STRONG> (Thumb, 422 bytes, Stack size 32 bytes, __printf_flags_ss_wp.o(.text))
<BR><BR>[Stack]<UL><LI>Max Depth = 32 + Unknown Stack Size
<LI>Call Chain = __printf
</UL>
<BR>[Calls]<UL><LI><a href="#[1fee618]">&gt;&gt;</a>&nbsp;&nbsp;&nbsp;__ARM_common_call_via_r2
<LI><a href="#[1ff09f4]">&gt;&gt;</a>&nbsp;&nbsp;&nbsp;_printf_percent (via Veneer)
<LI><a href="#[1ff1570]">&gt;&gt;</a>&nbsp;&nbsp;&nbsp;__ARM_common_call_via_r1
</UL>
<BR>[Called By]<UL><LI><a href="#[1feea50]">&gt;&gt;</a>&nbsp;&nbsp;&nbsp;_printf_char_common
</UL>

<P><STRONG><a name="[1ff08c8]"></a>_do_fflush</STRONG> (Thumb, 58 bytes, Stack size 16 bytes, fflush.o(.text))
<BR><BR>[Stack]<UL><LI>Max Depth = 88<LI>Call Chain = _do_fflush &rArr; _fflush &rArr; _writebuf &rArr; _sys_write
</UL>
<BR>[Calls]<UL><LI><a href="#[1febbac]">&gt;&gt;</a>&nbsp;&nbsp;&nbsp;_fflush
<LI><a href="#[1febe40]">&gt;&gt;</a>&nbsp;&nbsp;&nbsp;_fseek
</UL>
<BR>[Called By]<UL><LI><a href="#[1ff088c]">&gt;&gt;</a>&nbsp;&nbsp;&nbsp;fflush
</UL>

<P><STRONG><a name="[1ff088c]"></a>fflush</STRONG> (Thumb, 46 bytes, Stack size 16 bytes, fflush.o(.text))
<BR><BR>[Stack]<UL><LI>Max Depth = 104<LI>Call Chain = fflush &rArr; _do_fflush &rArr; _fflush &rArr; _writebuf &rArr; _sys_write
</UL>
<BR>[Calls]<UL><LI><a href="#[1ff08c8]">&gt;&gt;</a>&nbsp;&nbsp;&nbsp;_do_fflush
</UL>
<BR>[Called By]<UL><LI><a href="#[1ff7150]">&gt;&gt;</a>&nbsp;&nbsp;&nbsp;uart_printf (via Veneer)
</UL>

<P><STRONG><a name="[1ff001c]"></a>srand</STRONG> (Thumb, 42 bytes, Stack size 8 bytes, rand.o(.text), UNUSED)
<BR><BR>[Called By]<UL><LI><a href="#[1feffe0]">&gt;&gt;</a>&nbsp;&nbsp;&nbsp;_rand_init
<LI><a href="#[1ff3280]">&gt;&gt;</a>&nbsp;&nbsp;&nbsp;test_nand_blocks (via Veneer)
</UL>

<P><STRONG><a name="[1feffe0]"></a>_rand_init</STRONG> (Thumb, 4 bytes, Stack size 0 bytes, rand.o(.text), UNUSED)
<BR><BR>[Calls]<UL><LI><a href="#[1ff001c]">&gt;&gt;</a>&nbsp;&nbsp;&nbsp;srand
</UL>

<P><STRONG><a name="[1feffa4]"></a>rand</STRONG> (Thumb, 56 bytes, Stack size 12 bytes, rand.o(.text), UNUSED)
<BR><BR>[Called By]<UL><LI><a href="#[1ff3280]">&gt;&gt;</a>&nbsp;&nbsp;&nbsp;test_nand_blocks (via Veneer)
</UL>

<P><STRONG><a name="[1fefd4c]"></a>__aeabi_idiv</STRONG> (ARM, 0 bytes, Stack size 8 bytes, aeabi_sdiv.o(.text), UNUSED)

<P><STRONG><a name="[1fefd10]"></a>__aeabi_idivmod</STRONG> (ARM, 384 bytes, Stack size 8 bytes, aeabi_sdiv.o(.text), UNUSED)

<P><STRONG><a name="[1feeff0]"></a>_printf_pre_padding</STRONG> (Thumb, 48 bytes, Stack size 16 bytes, _printf_pad.o(.text))
<BR><BR>[Stack]<UL><LI>Max Depth = 16<LI>Call Chain = _printf_pre_padding
</UL>
<BR>[Calls]<UL><LI><a href="#[1fee618]">&gt;&gt;</a>&nbsp;&nbsp;&nbsp;__ARM_common_call_via_r2
</UL>
<BR>[Called By]<UL><LI><a href="#[1fee654]">&gt;&gt;</a>&nbsp;&nbsp;&nbsp;_printf_wctomb
<LI><a href="#[1feec6c]">&gt;&gt;</a>&nbsp;&nbsp;&nbsp;_printf_int_common
<LI><a href="#[1feed98]">&gt;&gt;</a>&nbsp;&nbsp;&nbsp;_printf_str
</UL>

<P><STRONG><a name="[1feefb4]"></a>_printf_post_padding</STRONG> (Thumb, 36 bytes, Stack size 16 bytes, _printf_pad.o(.text))
<BR><BR>[Stack]<UL><LI>Max Depth = 16<LI>Call Chain = _printf_post_padding
</UL>
<BR>[Calls]<UL><LI><a href="#[1fee618]">&gt;&gt;</a>&nbsp;&nbsp;&nbsp;__ARM_common_call_via_r2
</UL>
<BR>[Called By]<UL><LI><a href="#[1fee654]">&gt;&gt;</a>&nbsp;&nbsp;&nbsp;_printf_wctomb
<LI><a href="#[1feec6c]">&gt;&gt;</a>&nbsp;&nbsp;&nbsp;_printf_int_common
<LI><a href="#[1feed98]">&gt;&gt;</a>&nbsp;&nbsp;&nbsp;_printf_str
</UL>

<P><STRONG><a name="[1feeec4]"></a>_printf_truncate_signed</STRONG> (Thumb, 22 bytes, Stack size 0 bytes, _printf_truncate.o(.text))
<BR><BR>[Called By]<UL><LI><a href="#[1ff1444]">&gt;&gt;</a>&nbsp;&nbsp;&nbsp;_printf_int_dec
</UL>

<P><STRONG><a name="[1feee88]"></a>_printf_truncate_unsigned</STRONG> (Thumb, 22 bytes, Stack size 0 bytes, _printf_truncate.o(.text))
<BR><BR>[Called By]<UL><LI><a href="#[1fed13c]">&gt;&gt;</a>&nbsp;&nbsp;&nbsp;_printf_int_hex
<LI><a href="#[1fee078]">&gt;&gt;</a>&nbsp;&nbsp;&nbsp;_printf_int_oct
<LI><a href="#[1ff1444]">&gt;&gt;</a>&nbsp;&nbsp;&nbsp;_printf_int_dec
</UL>

<P><STRONG><a name="[1feed98]"></a>_printf_str</STRONG> (Thumb, 88 bytes, Stack size 16 bytes, _printf_str.o(.text))
<BR><BR>[Stack]<UL><LI>Max Depth = 32<LI>Call Chain = _printf_str &rArr; _printf_post_padding
</UL>
<BR>[Calls]<UL><LI><a href="#[1fee618]">&gt;&gt;</a>&nbsp;&nbsp;&nbsp;__ARM_common_call_via_r2
<LI><a href="#[1feefb4]">&gt;&gt;</a>&nbsp;&nbsp;&nbsp;_printf_post_padding
<LI><a href="#[1feeff0]">&gt;&gt;</a>&nbsp;&nbsp;&nbsp;_printf_pre_padding
</UL>
<BR>[Called By]<UL><LI><a href="#[381ae90]">&gt;&gt;</a>&nbsp;&nbsp;&nbsp;_printf_cs_common
</UL>

<P><STRONG><a name="[1feec6c]"></a>_printf_int_common</STRONG> (Thumb, 182 bytes, Stack size 40 bytes, _printf_intcommon.o(.text))
<BR><BR>[Stack]<UL><LI>Max Depth = 56<LI>Call Chain = _printf_int_common &rArr; _printf_post_padding
</UL>
<BR>[Calls]<UL><LI><a href="#[1fee618]">&gt;&gt;</a>&nbsp;&nbsp;&nbsp;__ARM_common_call_via_r2
<LI><a href="#[1feefb4]">&gt;&gt;</a>&nbsp;&nbsp;&nbsp;_printf_post_padding
<LI><a href="#[1feeff0]">&gt;&gt;</a>&nbsp;&nbsp;&nbsp;_printf_pre_padding
</UL>
<BR>[Called By]<UL><LI><a href="#[1fed178]">&gt;&gt;</a>&nbsp;&nbsp;&nbsp;_printf_longlong_hex
<LI><a href="#[1fee0b4]">&gt;&gt;</a>&nbsp;&nbsp;&nbsp;_printf_longlong_oct
<LI><a href="#[1fee4b0]">&gt;&gt;</a>&nbsp;&nbsp;&nbsp;_printf_longlong_dec
<LI><a href="#[1ff1444]">&gt;&gt;</a>&nbsp;&nbsp;&nbsp;_printf_int_dec
</UL>

<P><STRONG><a name="[1feeb7c]"></a>_printf_charcount</STRONG> (Thumb, 40 bytes, Stack size 0 bytes, _printf_charcount.o(.text))
<BR><BR>[Called By]<UL><LI><a href="#[1fece30]">&gt;&gt;</a>&nbsp;&nbsp;&nbsp;_printf_n (via Veneer)
</UL>

<P><STRONG><a name="[1feea50]"></a>_printf_char_common</STRONG> (Thumb, 38 bytes, Stack size 72 bytes, _printf_char_common.o(.text))
<BR><BR>[Stack]<UL><LI>Max Depth = 104 + Unknown Stack Size
<LI>Call Chain = _printf_char_common &rArr; __printf
</UL>
<BR>[Calls]<UL><LI><a href="#[1ff0b5c]">&gt;&gt;</a>&nbsp;&nbsp;&nbsp;__printf
</UL>
<BR>[Called By]<UL><LI><a href="#[1ff187c]">&gt;&gt;</a>&nbsp;&nbsp;&nbsp;__2sprintf
<LI><a href="#[1ff22cc]">&gt;&gt;</a>&nbsp;&nbsp;&nbsp;vsnprintf
</UL>

<P><STRONG><a name="[1fee924]"></a>_sputc</STRONG> (Thumb, 10 bytes, Stack size 0 bytes, _sputc.o(.text))
<BR><BR>[Called By]<UL><LI><a href="#[1ff187c]">&gt;&gt;</a>&nbsp;&nbsp;&nbsp;__2sprintf
<LI><a href="#[1ff22cc]">&gt;&gt;</a>&nbsp;&nbsp;&nbsp;vsnprintf
</UL>
<BR>[Address Reference Count : 1]<UL><LI> __2sprintf.o(.text)
</UL>
<P><STRONG><a name="[1fee834]"></a>_snputc</STRONG> (Thumb, 16 bytes, Stack size 0 bytes, _snputc.o(.text))
<BR>[Address Reference Count : 1]<UL><LI> vsnprintf.o(.text)
</UL>
<P><STRONG><a name="[1fee654]"></a>_printf_wctomb</STRONG> (Thumb, 188 bytes, Stack size 56 bytes, _printf_wctomb.o(.text))
<BR><BR>[Stack]<UL><LI>Max Depth = 80<LI>Call Chain = _printf_wctomb &rArr; _wcrtomb &rArr; __rt_ctype_table
</UL>
<BR>[Calls]<UL><LI><a href="#[1fee618]">&gt;&gt;</a>&nbsp;&nbsp;&nbsp;__ARM_common_call_via_r2
<LI><a href="#[1feefb4]">&gt;&gt;</a>&nbsp;&nbsp;&nbsp;_printf_post_padding
<LI><a href="#[1feeff0]">&gt;&gt;</a>&nbsp;&nbsp;&nbsp;_printf_pre_padding
<LI><a href="#[381a1e8]">&gt;&gt;</a>&nbsp;&nbsp;&nbsp;_wcrtomb
</UL>
<BR>[Called By]<UL><LI><a href="#[381acec]">&gt;&gt;</a>&nbsp;&nbsp;&nbsp;_printf_lcs_common
</UL>

<P><STRONG><a name="[1fee4b0]"></a>_printf_longlong_dec</STRONG> (Thumb, 128 bytes, Stack size 40 bytes, _printf_longlong_dec.o(.text))
<BR><BR>[Stack]<UL><LI>Max Depth = 96<LI>Call Chain = _printf_longlong_dec &rArr; _printf_int_common &rArr; _printf_post_padding
</UL>
<BR>[Calls]<UL><LI><a href="#[1feec6c]">&gt;&gt;</a>&nbsp;&nbsp;&nbsp;_printf_int_common
<LI><a href="#[381b070]">&gt;&gt;</a>&nbsp;&nbsp;&nbsp;_ll_udiv10 (via Veneer)
</UL>
<BR>[Called By]<UL><LI><a href="#[1fec458]">&gt;&gt;</a>&nbsp;&nbsp;&nbsp;_printf_llu (via Veneer)
<LI><a href="#[1fec50c]">&gt;&gt;</a>&nbsp;&nbsp;&nbsp;_printf_lld (via Veneer)
<LI><a href="#[1fec5c0]">&gt;&gt;</a>&nbsp;&nbsp;&nbsp;_printf_lli (via Veneer)
</UL>

<P><STRONG><a name="[1fee0b4]"></a>_printf_longlong_oct</STRONG> (Thumb, 90 bytes, Stack size 24 bytes, _printf_oct_int_ll.o(.text))
<BR><BR>[Stack]<UL><LI>Max Depth = 80<LI>Call Chain = _printf_longlong_oct &rArr; _printf_int_common &rArr; _printf_post_padding
</UL>
<BR>[Calls]<UL><LI><a href="#[1feec6c]">&gt;&gt;</a>&nbsp;&nbsp;&nbsp;_printf_int_common
</UL>
<BR>[Called By]<UL><LI><a href="#[1fee03c]">&gt;&gt;</a>&nbsp;&nbsp;&nbsp;_printf_ll_oct
<LI><a href="#[1fee078]">&gt;&gt;</a>&nbsp;&nbsp;&nbsp;_printf_int_oct
</UL>

<P><STRONG><a name="[1fee078]"></a>_printf_int_oct</STRONG> (Thumb, 28 bytes, Stack size 8 bytes, _printf_oct_int_ll.o(.text))
<BR><BR>[Stack]<UL><LI>Max Depth = 88<LI>Call Chain = _printf_int_oct &rArr; _printf_longlong_oct &rArr; _printf_int_common &rArr; _printf_post_padding
</UL>
<BR>[Calls]<UL><LI><a href="#[1fee0b4]">&gt;&gt;</a>&nbsp;&nbsp;&nbsp;_printf_longlong_oct
<LI><a href="#[1feee88]">&gt;&gt;</a>&nbsp;&nbsp;&nbsp;_printf_truncate_unsigned
</UL>
<BR>[Called By]<UL><LI><a href="#[1fecb9c]">&gt;&gt;</a>&nbsp;&nbsp;&nbsp;_printf_o (via Veneer)
</UL>

<P><STRONG><a name="[1fee03c]"></a>_printf_ll_oct</STRONG> (Thumb, 10 bytes, Stack size 0 bytes, _printf_oct_int_ll.o(.text))
<BR><BR>[Stack]<UL><LI>Max Depth = 80<LI>Call Chain = _printf_ll_oct &rArr; _printf_longlong_oct &rArr; _printf_int_common &rArr; _printf_post_padding
</UL>
<BR>[Calls]<UL><LI><a href="#[1fee0b4]">&gt;&gt;</a>&nbsp;&nbsp;&nbsp;_printf_longlong_oct
</UL>
<BR>[Called By]<UL><LI><a href="#[1fec05c]">&gt;&gt;</a>&nbsp;&nbsp;&nbsp;_printf_llo (via Veneer)
</UL>

<P><STRONG><a name="[1fed178]"></a>_printf_longlong_hex</STRONG> (Thumb, 120 bytes, Stack size 48 bytes, _printf_hex_int_ll_ptr.o(.text))
<BR><BR>[Stack]<UL><LI>Max Depth = 104<LI>Call Chain = _printf_longlong_hex &rArr; _printf_int_common &rArr; _printf_post_padding
</UL>
<BR>[Calls]<UL><LI><a href="#[1feec6c]">&gt;&gt;</a>&nbsp;&nbsp;&nbsp;_printf_int_common
</UL>
<BR>[Called By]<UL><LI><a href="#[1fed0c4]">&gt;&gt;</a>&nbsp;&nbsp;&nbsp;_printf_hex_ptr
<LI><a href="#[1fed100]">&gt;&gt;</a>&nbsp;&nbsp;&nbsp;_printf_ll_hex
<LI><a href="#[1fed13c]">&gt;&gt;</a>&nbsp;&nbsp;&nbsp;_printf_int_hex
</UL>

<P><STRONG><a name="[1fed13c]"></a>_printf_int_hex</STRONG> (Thumb, 32 bytes, Stack size 16 bytes, _printf_hex_int_ll_ptr.o(.text))
<BR><BR>[Stack]<UL><LI>Max Depth = 120<LI>Call Chain = _printf_int_hex &rArr; _printf_longlong_hex &rArr; _printf_int_common &rArr; _printf_post_padding
</UL>
<BR>[Calls]<UL><LI><a href="#[1fed178]">&gt;&gt;</a>&nbsp;&nbsp;&nbsp;_printf_longlong_hex
<LI><a href="#[1feee88]">&gt;&gt;</a>&nbsp;&nbsp;&nbsp;_printf_truncate_unsigned
</UL>
<BR>[Called By]<UL><LI><a href="#[1fecd7c]">&gt;&gt;</a>&nbsp;&nbsp;&nbsp;_printf_x (via Veneer)
</UL>

<P><STRONG><a name="[1fed100]"></a>_printf_ll_hex</STRONG> (Thumb, 10 bytes, Stack size 0 bytes, _printf_hex_int_ll_ptr.o(.text))
<BR><BR>[Stack]<UL><LI>Max Depth = 104<LI>Call Chain = _printf_ll_hex &rArr; _printf_longlong_hex &rArr; _printf_int_common &rArr; _printf_post_padding
</UL>
<BR>[Calls]<UL><LI><a href="#[1fed178]">&gt;&gt;</a>&nbsp;&nbsp;&nbsp;_printf_longlong_hex
</UL>
<BR>[Called By]<UL><LI><a href="#[1febf6c]">&gt;&gt;</a>&nbsp;&nbsp;&nbsp;_printf_llx (via Veneer)
</UL>

<P><STRONG><a name="[1fed0c4]"></a>_printf_hex_ptr</STRONG> (Thumb, 22 bytes, Stack size 8 bytes, _printf_hex_int_ll_ptr.o(.text))
<BR><BR>[Stack]<UL><LI>Max Depth = 112<LI>Call Chain = _printf_hex_ptr &rArr; _printf_longlong_hex &rArr; _printf_int_common &rArr; _printf_post_padding
</UL>
<BR>[Calls]<UL><LI><a href="#[1fed178]">&gt;&gt;</a>&nbsp;&nbsp;&nbsp;_printf_longlong_hex
</UL>
<BR>[Called By]<UL><LI><a href="#[1fecc8c]">&gt;&gt;</a>&nbsp;&nbsp;&nbsp;_printf_p (via Veneer)
</UL>

<P><STRONG><a name="[1febe40]"></a>_fseek</STRONG> (Thumb, 242 bytes, Stack size 24 bytes, fseek.o(.text))
<BR><BR>[Stack]<UL><LI>Max Depth = 32<LI>Call Chain = _fseek &rArr; _ftell_internal
</UL>
<BR>[Calls]<UL><LI><a href="#[1febc24]">&gt;&gt;</a>&nbsp;&nbsp;&nbsp;_seterr
<LI><a href="#[381ab48]">&gt;&gt;</a>&nbsp;&nbsp;&nbsp;_ftell_internal
<LI><a href="#[381cc18]">&gt;&gt;</a>&nbsp;&nbsp;&nbsp;_sys_flen
<LI><a href="#[381cccc]">&gt;&gt;</a>&nbsp;&nbsp;&nbsp;_sys_istty
</UL>
<BR>[Called By]<UL><LI><a href="#[1ff08c8]">&gt;&gt;</a>&nbsp;&nbsp;&nbsp;_do_fflush
<LI><a href="#[381a8b4]">&gt;&gt;</a>&nbsp;&nbsp;&nbsp;freopen
</UL>

<P><STRONG><a name="[1febe04]"></a>fseek</STRONG> (Thumb, 0 bytes, Stack size 24 bytes, fseek.o(.text), UNUSED)

<P><STRONG><a name="[1febc24]"></a>_seterr</STRONG> (Thumb, 20 bytes, Stack size 0 bytes, stdio.o(.text))
[...]
<BR><BR>[Called By]<UL><LI><a href="#[38186f4]">&gt;&gt;</a>&nbsp;&nbsp;&nbsp;_init_alloc
<LI><a href="#[381876c]">&gt;&gt;</a>&nbsp;&nbsp;&nbsp;__Heap_Full
</UL>

<P><STRONG><a name="[3815760]"></a>_ttywrch</STRONG> (Thumb, 16 bytes, Stack size 8 bytes, sys_wrch.o(.text), UNUSED)
<BR><BR>[Called By]<UL><LI><a href="#[3815f94]">&gt;&gt;</a>&nbsp;&nbsp;&nbsp;__default_signal_display
</UL>

<P><STRONG><a name="[3815508]"></a>__rt_SIGRTMEM_inner</STRONG> (Thumb, 24 bytes, Stack size 8 bytes, defsig_rtmem_inner.o(.text), UNUSED)
<BR><BR>[Calls]<UL><LI><a href="#[3815f94]">&gt;&gt;</a>&nbsp;&nbsp;&nbsp;__default_signal_display
</UL>
<BR>[Called By]<UL><LI><a href="#[3815d78]">&gt;&gt;</a>&nbsp;&nbsp;&nbsp;__rt_SIGRTMEM
</UL>

<P><STRONG><a name="[3814d4c]"></a>strcmp</STRONG> (ARM, 156 bytes, Stack size 4 bytes, strcmp.o(.text))
<BR><BR>[Stack]<UL><LI>Max Depth = 4<LI>Call Chain = strcmp
</UL>
<BR>[Called By]<UL><LI><a href="#[38162a0]">&gt;&gt;</a>&nbsp;&nbsp;&nbsp;_get_lc_ctype
</UL>

<P><STRONG><a name="[1fefcd4]"></a>__aeabi_uidiv</STRONG> (ARM, 0 bytes, Stack size 0 bytes, aeabi_sdiv.o(.text_udiv), UNUSED)

<P><STRONG><a name="[1fefc98]"></a>__aeabi_uidivmod</STRONG> (ARM, 28 bytes, Stack size 0 bytes, aeabi_sdiv.o(.text_udiv))
<BR><BR>[Calls]<UL><LI><a href="#[1fefd88]">&gt;&gt;</a>&nbsp;&nbsp;&nbsp;__arm_div_large
<LI><a href="#[1fefdc4]">&gt;&gt;</a>&nbsp;&nbsp;&nbsp;__arm_div4
<LI><a href="#[1fefe00]">&gt;&gt;</a>&nbsp;&nbsp;&nbsp;__arm_div8
</UL>
<BR>[Called By]<UL><LI><a href="#[1ff3fdc]">&gt;&gt;</a>&nbsp;&nbsp;&nbsp;nand_page_ptprogram_from_host
<LI><a href="#[1ff4018]">&gt;&gt;</a>&nbsp;&nbsp;&nbsp;nand_page_program_from_host
<LI><a href="#[1ff4090]">&gt;&gt;</a>&nbsp;&nbsp;&nbsp;nand_page_ptread_to_host
<LI><a href="#[1ff40cc]">&gt;&gt;</a>&nbsp;&nbsp;&nbsp;nand_page_read_to_host
<LI><a href="#[1ff646c]">&gt;&gt;</a>&nbsp;&nbsp;&nbsp;ata_initialize_device_parameters
<LI><a href="#[1ff763c]">&gt;&gt;</a>&nbsp;&nbsp;&nbsp;ftl_write
<LI><a href="#[1ff76b4]">&gt;&gt;</a>&nbsp;&nbsp;&nbsp;ftl_read
<LI><a href="#[1ff8c80]">&gt;&gt;</a>&nbsp;&nbsp;&nbsp;update_bundle_lives
</UL>

<P><STRONG><a name="[1ff1570]"></a>__ARM_common_call_via_r1</STRONG> (Thumb, 2 bytes, Stack size 0 bytes, __printf.o(i.__ARM_common_call_via_r1))
<BR><BR>[Called By]<UL><LI><a href="#[1ff0b5c]">&gt;&gt;</a>&nbsp;&nbsp;&nbsp;__printf
</UL>

<P><STRONG><a name="[1fee618]"></a>__ARM_common_call_via_r2</STRONG> (Thumb, 2 bytes, Stack size 0 bytes, _printf_wctomb.o(i.__ARM_common_call_via_r2))
<BR><BR>[Called By]<UL><LI><a href="#[1fee654]">&gt;&gt;</a>&nbsp;&nbsp;&nbsp;_printf_wctomb
<LI><a href="#[1feec6c]">&gt;&gt;</a>&nbsp;&nbsp;&nbsp;_printf_int_common
<LI><a href="#[1feed98]">&gt;&gt;</a>&nbsp;&nbsp;&nbsp;_printf_str
<LI><a href="#[1feefb4]">&gt;&gt;</a>&nbsp;&nbsp;&nbsp;_printf_post_padding
<LI><a href="#[1feeff0]">&gt;&gt;</a>&nbsp;&nbsp;&nbsp;_printf_pre_padding
<LI><a href="#[1ff0b5c]">&gt;&gt;</a>&nbsp;&nbsp;&nbsp;__printf
</UL>

<P><STRONG><a name="[381a1ac]"></a>__ARM_common_call_via_r3</STRONG> (Thumb, 2 bytes, Stack size 0 bytes, _wcrtomb.o(i.__ARM_common_call_via_r3))
<BR><BR>[Called By]<UL><LI><a href="#[381a1e8]">&gt;&gt;</a>&nbsp;&nbsp;&nbsp;_wcrtomb
</UL>

<P><STRONG><a name="[38162a0]"></a>_get_lc_ctype</STRONG> (ARM, 80 bytes, Stack size 8 bytes, lc_ctype_c.o(locale$$code))
<BR><BR>[Stack]<UL><LI>Max Depth = 12<LI>Call Chain = _get_lc_ctype &rArr; strcmp
</UL>
<BR>[Calls]<UL><LI><a href="#[3814d4c]">&gt;&gt;</a>&nbsp;&nbsp;&nbsp;strcmp
</UL>
<BR>[Address Reference Count : 1]<UL><LI> rt_ctype_table.o(.text)
</UL>
<P><STRONG><a name="[381d2e4]"></a>_printf_fp_dec</STRONG> (ARM, 4 bytes, Stack size 0 bytes, printf1.o(x$fpl$printf1))
<BR><BR>[Called By]<UL><LI><a href="#[1fec7dc]">&gt;&gt;</a>&nbsp;&nbsp;&nbsp;_printf_g
<LI><a href="#[1fec890]">&gt;&gt;</a>&nbsp;&nbsp;&nbsp;_printf_e
<LI><a href="#[1fec944]">&gt;&gt;</a>&nbsp;&nbsp;&nbsp;_printf_f
</UL>

<P><STRONG><a name="[381d1f4]"></a>_printf_fp_hex</STRONG> (ARM, 4 bytes, Stack size 0 bytes, printf2.o(x$fpl$printf2))
<BR><BR>[Called By]<UL><LI><a href="#[1fec728]">&gt;&gt;</a>&nbsp;&nbsp;&nbsp;_printf_a
</UL>
<P>
<H3>
Local Symbols
</H3>
<P><STRONG><a name="[1ff970c]"></a>reset_handler</STRONG> (ARM, 0 bytes, Stack size unknown bytes, init.o(init), UNUSED, KEPT)
<BR><BR>[Stack]<UL><LI>Max Depth = 640 + Unknown Stack Size
<LI>Call Chain = reset_handler &rArr; init_jasmine &rArr; ftl_open &rArr; ftl_flush &rArr; flush_merge_buffer &rArr; set_psn &rArr; load_smt_bundle &rArr; evict_smt_bundle &rArr; update_bundle_lives &rArr;  update_bundle_lives (Cycle)
</UL>
<BR>[Calls]<UL><LI><a href="#[1ff91e4]">&gt;&gt;</a>&nbsp;&nbsp;&nbsp;init_jasmine
<LI><a href="#[1ff925c]">&gt;&gt;</a>&nbsp;&nbsp;&nbsp;Main
</UL>

<P><STRONG><a name="[1ff8c80]"></a>update_bundle_lives</STRONG> (ARM, 52 bytes, Stack size 0 bytes, ftl.o(.text))
<BR><BR>[Stack]<UL><LI>Max Depth = 432 + Unknown Stack Size
 + In Cycle
<LI>Call Chain = update_bundle_lives &rArr;  update_bundle_lives (Cycle)
</UL>
<BR>[Calls]<UL><LI><a href="#[1fefc98]">&gt;&gt;</a>&nbsp;&nbsp;&nbsp;__aeabi_uidivmod
<LI><a href="#[1ff7150]">&gt;&gt;</a>&nbsp;&nbsp;&nbsp;uart_printf
<LI><a href="#[1ff718c]">&gt;&gt;</a>&nbsp;&nbsp;&nbsp;nand_page_ptread
<LI><a href="#[1ff71c8]">&gt;&gt;</a>&nbsp;&nbsp;&nbsp;nand_page_ptprogram
<LI><a href="#[1ff7204]">&gt;&gt;</a>&nbsp;&nbsp;&nbsp;nand_block_erase
<LI><a href="#[1ff7240]">&gt;&gt;</a>&nbsp;&nbsp;&nbsp;led_blink
<LI><a href="#[1ff727c]">&gt;&gt;</a>&nbsp;&nbsp;&nbsp;led
<LI><a href="#[1ff72b8]">&gt;&gt;</a>&nbsp;&nbsp;&nbsp;flash_issue_cmd
<LI><a href="#[1ff72f4]">&gt;&gt;</a>&nbsp;&nbsp;&nbsp;flash_finish
<LI><a href="#[1ff7330]">&gt;&gt;</a>&nbsp;&nbsp;&nbsp;flash_clear_irq
<LI><a href="#[1ff73a8]">&gt;&gt;</a>&nbsp;&nbsp;&nbsp;_write_dram_32
<LI><a href="#[1ff73e4]">&gt;&gt;</a>&nbsp;&nbsp;&nbsp;_write_dram_16
<LI><a href="#[1ff7420]">&gt;&gt;</a>&nbsp;&nbsp;&nbsp;_read_dram_32
<LI><a href="#[1ff745c]">&gt;&gt;</a>&nbsp;&nbsp;&nbsp;_read_dram_16
<LI><a href="#[1ff7498]">&gt;&gt;</a>&nbsp;&nbsp;&nbsp;_mem_set_dram
<LI><a href="#[1ff74d4]">&gt;&gt;</a>&nbsp;&nbsp;&nbsp;_mem_search_equ
<LI><a href="#[1ff7510]">&gt;&gt;</a>&nbsp;&nbsp;&nbsp;_mem_copy
<LI><a href="#[1ff8c80]">&gt;&gt;</a>&nbsp;&nbsp;&nbsp;update_bundle_lives
</UL>
<BR>[Called By]<UL><LI><a href="#[1ff88c0]">&gt;&gt;</a>&nbsp;&nbsp;&nbsp;get_psn
<LI><a href="#[1ff8aa0]">&gt;&gt;</a>&nbsp;&nbsp;&nbsp;set_psn
<LI><a href="#[1ff8b90]">&gt;&gt;</a>&nbsp;&nbsp;&nbsp;evict_smt_bundle
<LI><a href="#[1ff8bcc]">&gt;&gt;</a>&nbsp;&nbsp;&nbsp;fetch_smt_bundle
<LI><a href="#[1ff8c44]">&gt;&gt;</a>&nbsp;&nbsp;&nbsp;logging_smt_cache
<LI><a href="#[1ff8c80]">&gt;&gt;</a>&nbsp;&nbsp;&nbsp;update_bundle_lives
</UL>

<P><STRONG><a name="[1ff8c44]"></a>logging_smt_cache</STRONG> (ARM, 284 bytes, Stack size 48 bytes, ftl.o(.text))
<BR><BR>[Stack]<UL><LI>Max Depth = 480 + Unknown Stack Size
<LI>Call Chain = logging_smt_cache &rArr; update_bundle_lives &rArr;  update_bundle_lives (Cycle)
</UL>
<BR>[Calls]<UL><LI><a href="#[1ff71c8]">&gt;&gt;</a>&nbsp;&nbsp;&nbsp;nand_page_ptprogram
<LI><a href="#[1ff7204]">&gt;&gt;</a>&nbsp;&nbsp;&nbsp;nand_block_erase
<LI><a href="#[1ff72f4]">&gt;&gt;</a>&nbsp;&nbsp;&nbsp;flash_finish
<LI><a href="#[1ff7510]">&gt;&gt;</a>&nbsp;&nbsp;&nbsp;_mem_copy
<LI><a href="#[1ff8c80]">&gt;&gt;</a>&nbsp;&nbsp;&nbsp;update_bundle_lives
</UL>
<BR>[Called By]<UL><LI><a href="#[1ff7768]">&gt;&gt;</a>&nbsp;&nbsp;&nbsp;ftl_flush
</UL>

<P><STRONG><a name="[1ff8c08]"></a>logging_misc_metadata</STRONG> (ARM, 152 bytes, Stack size 24 bytes, ftl.o(.text))
<BR><BR>[Stack]<UL><LI>Max Depth = 440 + Unknown Stack Size
<LI>Call Chain = logging_misc_metadata &rArr; nand_page_ptprogram &rArr; uart_printf &rArr; vsnprintf &rArr; _printf_char_common &rArr; __printf
</UL>
<BR>[Calls]<UL><LI><a href="#[1ff71c8]">&gt;&gt;</a>&nbsp;&nbsp;&nbsp;nand_page_ptprogram
<LI><a href="#[1ff7204]">&gt;&gt;</a>&nbsp;&nbsp;&nbsp;nand_block_erase
<LI><a href="#[1ff72f4]">&gt;&gt;</a>&nbsp;&nbsp;&nbsp;flash_finish
<LI><a href="#[1ff7510]">&gt;&gt;</a>&nbsp;&nbsp;&nbsp;_mem_copy
</UL>
<BR>[Called By]<UL><LI><a href="#[1ff772c]">&gt;&gt;</a>&nbsp;&nbsp;&nbsp;ftl_open
<LI><a href="#[1ff7768]">&gt;&gt;</a>&nbsp;&nbsp;&nbsp;ftl_flush
</UL>

<P><STRONG><a name="[1ff8bcc]"></a>fetch_smt_bundle</STRONG> (ARM, 248 bytes, Stack size 48 bytes, ftl.o(.text))
<BR><BR>[Stack]<UL><LI>Max Depth = 480 + Unknown Stack Size
<LI>Call Chain = fetch_smt_bundle &rArr; update_bundle_lives &rArr;  update_bundle_lives (Cycle)
</UL>
<BR>[Calls]<UL><LI><a href="#[1ff7150]">&gt;&gt;</a>&nbsp;&nbsp;&nbsp;uart_printf
<LI><a href="#[1ff718c]">&gt;&gt;</a>&nbsp;&nbsp;&nbsp;nand_page_ptread
<LI><a href="#[1ff7240]">&gt;&gt;</a>&nbsp;&nbsp;&nbsp;led_blink
<LI><a href="#[1ff72f4]">&gt;&gt;</a>&nbsp;&nbsp;&nbsp;flash_finish
<LI><a href="#[1ff7510]">&gt;&gt;</a>&nbsp;&nbsp;&nbsp;_mem_copy
<LI><a href="#[1ff8c80]">&gt;&gt;</a>&nbsp;&nbsp;&nbsp;update_bundle_lives
</UL>
<BR>[Called By]<UL><LI><a href="#[1ff8b18]">&gt;&gt;</a>&nbsp;&nbsp;&nbsp;load_smt_bundle
</UL>

<P><STRONG><a name="[1ff8b90]"></a>evict_smt_bundle</STRONG> (ARM, 416 bytes, Stack size 48 bytes, ftl.o(.text))
<BR><BR>[Stack]<UL><LI>Max Depth = 480 + Unknown Stack Size
<LI>Call Chain = evict_smt_bundle &rArr; update_bundle_lives &rArr;  update_bundle_lives (Cycle)
</UL>
<BR>[Calls]<UL><LI><a href="#[1ff7150]">&gt;&gt;</a>&nbsp;&nbsp;&nbsp;uart_printf
<LI><a href="#[1ff71c8]">&gt;&gt;</a>&nbsp;&nbsp;&nbsp;nand_page_ptprogram
<LI><a href="#[1ff7204]">&gt;&gt;</a>&nbsp;&nbsp;&nbsp;nand_block_erase
<LI><a href="#[1ff7240]">&gt;&gt;</a>&nbsp;&nbsp;&nbsp;led_blink
<LI><a href="#[1ff72f4]">&gt;&gt;</a>&nbsp;&nbsp;&nbsp;flash_finish
<LI><a href="#[1ff7510]">&gt;&gt;</a>&nbsp;&nbsp;&nbsp;_mem_copy
<LI><a href="#[1ff8c80]">&gt;&gt;</a>&nbsp;&nbsp;&nbsp;update_bundle_lives
</UL>
<BR>[Called By]<UL><LI><a href="#[1ff8b18]">&gt;&gt;</a>&nbsp;&nbsp;&nbsp;load_smt_bundle
</UL>

<P><STRONG><a name="[1ff8b54]"></a>select_victim_bundle</STRONG> (ARM, 52 bytes, Stack size 0 bytes, ftl.o(.text))
<BR><BR>[Called By]<UL><LI><a href="#[1ff8b18]">&gt;&gt;</a>&nbsp;&nbsp;&nbsp;load_smt_bundle
</UL>

<P><STRONG><a name="[1ff8b18]"></a>load_smt_bundle</STRONG> (ARM, 100 bytes, Stack size 16 bytes, ftl.o(.text))
<BR><BR>[Stack]<UL><LI>Max Depth = 496 + Unknown Stack Size
<LI>Call Chain = load_smt_bundle &rArr; evict_smt_bundle &rArr; update_bundle_lives &rArr;  update_bundle_lives (Cycle)
</UL>
<BR>[Calls]<UL><LI><a href="#[1ff8b54]">&gt;&gt;</a>&nbsp;&nbsp;&nbsp;select_victim_bundle
<LI><a href="#[1ff8b90]">&gt;&gt;</a>&nbsp;&nbsp;&nbsp;evict_smt_bundle
<LI><a href="#[1ff8bcc]">&gt;&gt;</a>&nbsp;&nbsp;&nbsp;fetch_smt_bundle
</UL>
<BR>[Called By]<UL><LI><a href="#[1ff88c0]">&gt;&gt;</a>&nbsp;&nbsp;&nbsp;get_psn
<LI><a href="#[1ff8aa0]">&gt;&gt;</a>&nbsp;&nbsp;&nbsp;set_psn
</UL>

<P><STRONG><a name="[1ff8adc]"></a>where_bundle_cached</STRONG> (ARM, 44 bytes, Stack size 0 bytes, ftl.o(.text))
<BR><BR>[Called By]<UL><LI><a href="#[1ff88c0]">&gt;&gt;</a>&nbsp;&nbsp;&nbsp;get_psn
<LI><a href="#[1ff8aa0]">&gt;&gt;</a>&nbsp;&nbsp;&nbsp;set_psn
</UL>

<P><STRONG><a name="[1ff8aa0]"></a>set_psn</STRONG> (ARM, 160 bytes, Stack size 32 bytes, ftl.o(.text))
<BR><BR>[Stack]<UL><LI>Max Depth = 528 + Unknown Stack Size
<LI>Call Chain = set_psn &rArr; load_smt_bundle &rArr; evict_smt_bundle &rArr; update_bundle_lives &rArr;  update_bundle_lives (Cycle)
</UL>
<BR>[Calls]<UL><LI><a href="#[1ff7150]">&gt;&gt;</a>&nbsp;&nbsp;&nbsp;uart_printf
<LI><a href="#[1ff7240]">&gt;&gt;</a>&nbsp;&nbsp;&nbsp;led_blink
<LI><a href="#[1ff73a8]">&gt;&gt;</a>&nbsp;&nbsp;&nbsp;_write_dram_32
<LI><a href="#[1ff8adc]">&gt;&gt;</a>&nbsp;&nbsp;&nbsp;where_bundle_cached
<LI><a href="#[1ff8b18]">&gt;&gt;</a>&nbsp;&nbsp;&nbsp;load_smt_bundle
<LI><a href="#[1ff8c80]">&gt;&gt;</a>&nbsp;&nbsp;&nbsp;update_bundle_lives
</UL>
<BR>[Called By]<UL><LI><a href="#[1ff7678]">&gt;&gt;</a>&nbsp;&nbsp;&nbsp;ftl_write_sector
<LI><a href="#[1ff77a4]">&gt;&gt;</a>&nbsp;&nbsp;&nbsp;flush_merge_buffer
</UL>

<P><STRONG><a name="[1ff8a64]"></a>is_bad_block</STRONG> (ARM, 140 bytes, Stack size 24 bytes, ftl.o(.text))
<BR><BR>[Stack]<UL><LI>Max Depth = 440 + Unknown Stack Size
<LI>Call Chain = is_bad_block &rArr; _mem_search_equ &rArr; uart_printf &rArr; vsnprintf &rArr; _printf_char_common &rArr; __printf
</UL>
<BR>[Calls]<UL><LI><a href="#[1ff74d4]">&gt;&gt;</a>&nbsp;&nbsp;&nbsp;_mem_search_equ
</UL>
<BR>[Called By]<UL><LI><a href="#[1ff8974]">&gt;&gt;</a>&nbsp;&nbsp;&nbsp;format
<LI><a href="#[1ff89ec]">&gt;&gt;</a>&nbsp;&nbsp;&nbsp;init_smt_metadata
<LI><a href="#[1ff8a28]">&gt;&gt;</a>&nbsp;&nbsp;&nbsp;get_free_page
</UL>

<P><STRONG><a name="[1ff8a28]"></a>get_free_page</STRONG> (ARM, 120 bytes, Stack size 24 bytes, ftl.o(.text))
<BR><BR>[Stack]<UL><LI>Max Depth = 464 + Unknown Stack Size
<LI>Call Chain = get_free_page &rArr; is_bad_block &rArr; _mem_search_equ &rArr; uart_printf &rArr; vsnprintf &rArr; _printf_char_common &rArr; __printf
</UL>
<BR>[Calls]<UL><LI><a href="#[1ff727c]">&gt;&gt;</a>&nbsp;&nbsp;&nbsp;led
<LI><a href="#[1ff8a64]">&gt;&gt;</a>&nbsp;&nbsp;&nbsp;is_bad_block
</UL>
<BR>[Called By]<UL><LI><a href="#[1ff7678]">&gt;&gt;</a>&nbsp;&nbsp;&nbsp;ftl_write_sector
<LI><a href="#[1ff77a4]">&gt;&gt;</a>&nbsp;&nbsp;&nbsp;flush_merge_buffer
</UL>

<P><STRONG><a name="[1ff89ec]"></a>init_smt_metadata</STRONG> (ARM, 372 bytes, Stack size 40 bytes, ftl.o(.text), UNUSED, KEPT)
<BR><BR>[Stack]<UL><LI>Max Depth = 480 + Unknown Stack Size
<LI>Call Chain = init_smt_metadata &rArr; is_bad_block &rArr; _mem_search_equ &rArr; uart_printf &rArr; vsnprintf &rArr; _printf_char_common &rArr; __printf
</UL>
<BR>[Calls]<UL><LI><a href="#[1ff7150]">&gt;&gt;</a>&nbsp;&nbsp;&nbsp;uart_printf
<LI><a href="#[1ff71c8]">&gt;&gt;</a>&nbsp;&nbsp;&nbsp;nand_page_ptprogram
<LI><a href="#[1ff7204]">&gt;&gt;</a>&nbsp;&nbsp;&nbsp;nand_block_erase
<LI><a href="#[1ff7240]">&gt;&gt;</a>&nbsp;&nbsp;&nbsp;led_blink
<LI><a href="#[1ff72f4]">&gt;&gt;</a>&nbsp;&nbsp;&nbsp;flash_finish
<LI><a href="#[1ff7498]">&gt;&gt;</a>&nbsp;&nbsp;&nbsp;_mem_set_dram
<LI><a href="#[1ff8a64]">&gt;&gt;</a>&nbsp;&nbsp;&nbsp;is_bad_block
</UL>
<BR>[Called By]<UL><LI><a href="#[1ff772c]">&gt;&gt;</a>&nbsp;&nbsp;&nbsp;ftl_open
</UL>

<P><STRONG><a name="[1ff89b0]"></a>write_format_mark</STRONG> (ARM, 164 bytes, Stack size 16 bytes, ftl.o(.text), UNUSED, KEPT)
<BR><BR>[Stack]<UL><LI>Max Depth = 432 + Unknown Stack Size
<LI>Call Chain = write_format_mark &rArr; _mem_set_dram &rArr; uart_printf &rArr; vsnprintf &rArr; _printf_char_common &rArr; __printf
</UL>
<BR>[Calls]<UL><LI><a href="#[1ff7498]">&gt;&gt;</a>&nbsp;&nbsp;&nbsp;_mem_set_dram
</UL>
<BR>[Called By]<UL><LI><a href="#[1ff8974]">&gt;&gt;</a>&nbsp;&nbsp;&nbsp;format
</UL>

<P><STRONG><a name="[1ff8974]"></a>format</STRONG> (ARM, 140 bytes, Stack size 16 bytes, ftl.o(.text), UNUSED, KEPT)
<BR><BR>[Stack]<UL><LI>Max Depth = 456 + Unknown Stack Size
<LI>Call Chain = format &rArr; is_bad_block &rArr; _mem_search_equ &rArr; uart_printf &rArr; vsnprintf &rArr; _printf_char_common &rArr; __printf
</UL>
<BR>[Calls]<UL><LI><a href="#[1ff89b0]">&gt;&gt;</a>&nbsp;&nbsp;&nbsp;write_format_mark
<LI><a href="#[1ff8a64]">&gt;&gt;</a>&nbsp;&nbsp;&nbsp;is_bad_block
</UL>
<BR>[Called By]<UL><LI><a href="#[1ff772c]">&gt;&gt;</a>&nbsp;&nbsp;&nbsp;ftl_open
</UL>

<P><STRONG><a name="[1ff8938]"></a>init_metadata</STRONG> (ARM, 80 bytes, Stack size 8 bytes, ftl.o(.text), UNUSED, KEPT)
<BR><BR>[Stack]<UL><LI>Max Depth = 424 + Unknown Stack Size
<LI>Call Chain = init_metadata &rArr; _mem_set_dram &rArr; uart_printf &rArr; vsnprintf &rArr; _printf_char_common &rArr; __printf
</UL>
<BR>[Calls]<UL><LI><a href="#[1ff7498]">&gt;&gt;</a>&nbsp;&nbsp;&nbsp;_mem_set_dram
</UL>
<BR>[Called By]<UL><LI><a href="#[1ff772c]">&gt;&gt;</a>&nbsp;&nbsp;&nbsp;ftl_open
</UL>

<P><STRONG><a name="[1ff88fc]"></a>sanity_check</STRONG> (ARM, 4 bytes, Stack size 0 bytes, ftl.o(.text), UNUSED, KEPT)
<BR><BR>[Called By]<UL><LI><a href="#[1ff772c]">&gt;&gt;</a>&nbsp;&nbsp;&nbsp;ftl_open
</UL>

<P><STRONG><a name="[1ff88c0]"></a>get_psn</STRONG> (ARM, 152 bytes, Stack size 24 bytes, ftl.o(.text), UNUSED, KEPT)
<BR><BR>[Stack]<UL><LI>Max Depth = 520 + Unknown Stack Size
<LI>Call Chain = get_psn &rArr; load_smt_bundle &rArr; evict_smt_bundle &rArr; update_bundle_lives &rArr;  update_bundle_lives (Cycle)
</UL>
<BR>[Calls]<UL><LI><a href="#[1ff7150]">&gt;&gt;</a>&nbsp;&nbsp;&nbsp;uart_printf
<LI><a href="#[1ff7240]">&gt;&gt;</a>&nbsp;&nbsp;&nbsp;led_blink
<LI><a href="#[1ff7420]">&gt;&gt;</a>&nbsp;&nbsp;&nbsp;_read_dram_32
<LI><a href="#[1ff8adc]">&gt;&gt;</a>&nbsp;&nbsp;&nbsp;where_bundle_cached
<LI><a href="#[1ff8b18]">&gt;&gt;</a>&nbsp;&nbsp;&nbsp;load_smt_bundle
<LI><a href="#[1ff8c80]">&gt;&gt;</a>&nbsp;&nbsp;&nbsp;update_bundle_lives
</UL>
<BR>[Called By]<UL><LI><a href="#[1ff7678]">&gt;&gt;</a>&nbsp;&nbsp;&nbsp;ftl_write_sector
<LI><a href="#[1ff76f0]">&gt;&gt;</a>&nbsp;&nbsp;&nbsp;ftl_read_sector
</UL>

<P><STRONG><a name="[1ff6e08]"></a>get_integrity_word</STRONG> (ARM, 80 bytes, Stack size 0 bytes, sata_identify.o(.text))
<BR><BR>[Called By]<UL><LI><a href="#[1ff6c64]">&gt;&gt;</a>&nbsp;&nbsp;&nbsp;ata_identify_device
</UL>

<P><STRONG><a name="[1ff6dcc]"></a>set_string_data</STRONG> (ARM, 140 bytes, Stack size 12 bytes, sata_identify.o(.text))
<BR><BR>[Stack]<UL><LI>Max Depth = 12<LI>Call Chain = set_string_data
</UL>
<BR>[Called By]<UL><LI><a href="#[1ff6c64]">&gt;&gt;</a>&nbsp;&nbsp;&nbsp;ata_identify_device
</UL>

<P><STRONG><a name="[1ff5bc0]"></a>eventq_get_count</STRONG> (ARM, 20 bytes, Stack size 0 bytes, sata_main.o(.text), UNUSED, KEPT)
<BR><BR>[Called By]<UL><LI><a href="#[1ff925c]">&gt;&gt;</a>&nbsp;&nbsp;&nbsp;Main
</UL>

<P><STRONG><a name="[1ff5b84]"></a>eventq_get</STRONG> (ARM, 160 bytes, Stack size 0 bytes, sata_main.o(.text), UNUSED, KEPT)
<BR><BR>[Called By]<UL><LI><a href="#[1ff925c]">&gt;&gt;</a>&nbsp;&nbsp;&nbsp;Main
</UL>

<P><STRONG><a name="[1ff2d1c]"></a>uart_txbyte</STRONG> (ARM, 28 bytes, Stack size 0 bytes, uart.o(.text))
<BR><BR>[Called By]<UL><LI><a href="#[1ff2998]">&gt;&gt;</a>&nbsp;&nbsp;&nbsp;uart_print_hex
<LI><a href="#[1ff3b2c]">&gt;&gt;</a>&nbsp;&nbsp;&nbsp;uart_print
</UL>

<P><STRONG><a name="[1fefe00]"></a>__arm_div8</STRONG> (ARM, 0 bytes, Stack size unknown bytes, aeabi_sdiv.o(.text))
<BR><BR>[Called By]<UL><LI><a href="#[1fefc98]">&gt;&gt;</a>&nbsp;&nbsp;&nbsp;__aeabi_uidivmod
</UL>

<P><STRONG><a name="[1fefdc4]"></a>__arm_div4</STRONG> (ARM, 0 bytes, Stack size unknown bytes, aeabi_sdiv.o(.text))
<BR><BR>[Called By]<UL><LI><a href="#[1fefc98]">&gt;&gt;</a>&nbsp;&nbsp;&nbsp;__aeabi_uidivmod
</UL>

<P><STRONG><a name="[1fefd88]"></a>__arm_div_large</STRONG> (ARM, 0 bytes, Stack size unknown bytes, aeabi_sdiv.o(.text))
<BR><BR>[Called By]<UL><LI><a href="#[1fefc98]">&gt;&gt;</a>&nbsp;&nbsp;&nbsp;__aeabi_uidivmod
</UL>

<P><STRONG><a name="[1feea8c]"></a>_printf_input_char</STRONG> (Thumb, 10 bytes, Stack size 0 bytes, _printf_char_common.o(.text))
<BR>[Address Reference Count : 1]<UL><LI> _printf_char_common.o(.text)
</UL><P>
<H3>
Undefined Global Symbols
</H3>
<P><STRONG><a name="[381addc]"></a>_printf_mbtowc</STRONG> (ARM, 0 bytes, Stack size 0 bytes, UNDEFINED)
<BR><BR>[Called By]<UL><LI><a href="#[381ae90]">&gt;&gt;</a>&nbsp;&nbsp;&nbsp;_printf_cs_common
</UL>

<P><STRONG><a name="[381ac38]"></a>_printf_wc</STRONG> (ARM, 0 bytes, Stack size 0 bytes, UNDEFINED)
<BR><BR>[Called By]<UL><LI><a href="#[381acec]">&gt;&gt;</a>&nbsp;&nbsp;&nbsp;_printf_lcs_common
</UL>
<HR></body></html>
